[INFO] Scanning for projects...
[WARNING] 
[WARNING] Some problems were encountered while building the effective model for org.jeecgframework.boot3:jeecg-system-biz:jar:3.8.3
[WARNING] 'dependencies.dependency.(groupId:artifactId:type:classifier)' must be unique: org.jeecgframework.boot3:jeecg-boot-module-airag:jar -> duplicate declaration of version ${jeecgboot.version} @ line 76, column 21
[WARNING] 
[WARNING] It is highly recommended to fix these problems because they threaten the stability of your build.
[WARNING] 
[WARNING] For this reason, future Maven versions might no longer support building such malformed projects.
[WARNING] 
[INFO] ------------------------------------------------------------------------
[INFO] Reactor Build Order:
[INFO] 
[INFO] JEECG BOOT 3.8.3                                                   [pom]
[INFO] jeecg-boot-base-core                                               [jar]
[INFO] jeecg-module-system                                                [pom]
[INFO] jeecg-system-api                                                   [pom]
[INFO] jeecg-system-local-api                                             [jar]
[INFO] jeecg-system-cloud-api                                             [jar]
[INFO] jeecg-boot-module                                                  [pom]
[INFO] jeecg-boot-module-airag                                            [jar]
[INFO] jeecg-boot-module-celebrity                                        [jar]
[INFO] jeecg-system-biz                                                   [jar]
[INFO] jeecg-system-start                                                 [jar]
[INFO] 
[INFO] Using the MultiThreadedBuilder implementation with a thread count of 8
[INFO] 
[INFO] -------------< org.jeecgframework.boot3:jeecg-boot-parent >-------------
[INFO] Building JEECG BOOT 3.8.3 3.8.3                                   [1/11]
[INFO]   from pom.xml
[INFO] --------------------------------[ pom ]---------------------------------
[INFO] 
[INFO] -----------< org.jeecgframework.boot3:jeecg-boot-base-core >------------
[INFO] 
[INFO] ------------< org.jeecgframework.boot3:jeecg-module-system >------------
[INFO] Building jeecg-boot-base-core 3.8.3                               [2/11]
[INFO] Building jeecg-module-system 3.8.3                                [3/11]
[INFO] 
[INFO]   from jeecg-module-system\pom.xml
[INFO]   from jeecg-boot-base-core\pom.xml
[INFO] --------------------------------[ pom ]---------------------------------
[INFO] -------------< org.jeecgframework.boot3:jeecg-boot-module >-------------
[INFO] --------------------------------[ jar ]---------------------------------
[INFO] Building jeecg-boot-module 3.8.3                                  [4/11]
[INFO]   from jeecg-boot-module\pom.xml
[INFO] --------------------------------[ pom ]---------------------------------
[WARNING] Parameter 'propertiesEncoding' is unknown for plugin 'maven-resources-plugin:3.1.0:resources (default-resources)'
[INFO] 
[INFO] --- resources:3.1.0:resources (default-resources) @ jeecg-boot-base-core ---
[INFO] Using 'UTF-8' encoding to copy filtered resources.
[INFO] Copying 8 resources
[INFO] Copying 1 resource
[INFO] 
[INFO] --- compiler:3.14.0:compile (default-compile) @ jeecg-boot-base-core ---
[INFO] Recompiling the module because of changed source code.
[INFO] Compiling 262 source files with javac [debug parameters release 17] to target\classes
[WARNING] /D:/gmj/date/2026/project_kolbox/backend/jeecg-boot-base-core/src/main/java/org/jeecg/common/api/dto/message/BusMessageDTO.java:[13,1] Generating equals/hashCode implementation but without a call to superclass, even though this class does not extend java.lang.Object. If this is intentional, add '@EqualsAndHashCode(callSuper=false)' to your type.
[WARNING] /D:/gmj/date/2026/project_kolbox/backend/jeecg-boot-base-core/src/main/java/org/jeecg/common/api/dto/message/TemplateMessageDTO.java:[11,1] Generating equals/hashCode implementation but without a call to superclass, even though this class does not extend java.lang.Object. If this is intentional, add '@EqualsAndHashCode(callSuper=false)' to your type.
[WARNING] /D:/gmj/date/2026/project_kolbox/backend/jeecg-boot-base-core/src/main/java/org/jeecg/common/api/dto/message/BusTemplateMessageDTO.java:[12,1] Generating equals/hashCode implementation but without a call to superclass, even though this class does not extend java.lang.Object. If this is intentional, add '@EqualsAndHashCode(callSuper=false)' to your type.
[WARNING] /D:/gmj/date/2026/project_kolbox/backend/jeecg-boot-base-core/src/main/java/org/jeecg/common/system/vo/StoreCelebrityPrivateExcelModel.java:[21,1] Not generating equals and hashCode: A method with one of those names already exists. (Either both or none of these methods will be generated).
[WARNING] /D:/gmj/date/2026/project_kolbox/backend/jeecg-boot-base-core/src/main/java/org/jeecg/common/util/oConvertUtils.java:[227,45] java.lang.Integer 中的 Integer(java.lang.String) 已过时, 且标记为待删除
[WARNING] /D:/gmj/date/2026/project_kolbox/backend/jeecg-boot-base-core/src/main/java/org/jeecg/common/util/oConvertUtils.java:[291,29] java.lang.Long 中的 Long(long) 已过时, 且标记为待删除
[WARNING] /D:/gmj/date/2026/project_kolbox/backend/jeecg-boot-base-core/src/main/java/org/jeecg/common/util/oConvertUtils.java:[788,102] 最后一个参数使用了不准确的变量类型的 varargs 方法的非 varargs 调用; 
  对于 varargs 调用, 应使用 java.lang.Object
  对于非 varargs 调用, 应使用 java.lang.Object[], 这样也可以抑制此警告
[INFO] /D:/gmj/date/2026/project_kolbox/backend/jeecg-boot-base-core/src/main/java/org/jeecg/common/aspect/DictAspect.java: 某些输入文件使用或覆盖了已过时的 API。
[INFO] /D:/gmj/date/2026/project_kolbox/backend/jeecg-boot-base-core/src/main/java/org/jeecg/common/aspect/DictAspect.java: 有关详细信息, 请使用 -Xlint:deprecation 重新编译。
[INFO] /D:/gmj/date/2026/project_kolbox/backend/jeecg-boot-base-core/src/main/java/org/jeecg/common/api/vo/Result.java: 某些输入文件使用了未经检查或不安全的操作。
[INFO] /D:/gmj/date/2026/project_kolbox/backend/jeecg-boot-base-core/src/main/java/org/jeecg/common/api/vo/Result.java: 有关详细信息, 请使用 -Xlint:unchecked 重新编译。
[INFO] 
[INFO] -------------< org.jeecgframework.boot3:jeecg-system-api >--------------
[INFO] Building jeecg-system-api 3.8.3                                   [5/11]
[INFO]   from jeecg-module-system\jeecg-system-api\pom.xml
[INFO] --------------------------------[ pom ]---------------------------------
[INFO] 
[INFO] ----------< org.jeecgframework.boot3:jeecg-system-local-api >-----------
[INFO] Building jeecg-system-local-api 3.8.3                             [6/11]
[INFO] 
[INFO] ----------< org.jeecgframework.boot3:jeecg-system-cloud-api >-----------
[INFO] Building jeecg-system-cloud-api 3.8.3                             [7/11]
[INFO]   from jeecg-module-system\jeecg-system-api\jeecg-system-cloud-api\pom.xml
[INFO]   from jeecg-module-system\jeecg-system-api\jeecg-system-local-api\pom.xml
[INFO] --------------------------------[ jar ]---------------------------------
[INFO] --------------------------------[ jar ]---------------------------------
[WARNING] Parameter 'propertiesEncoding' is unknown for plugin 'maven-resources-plugin:3.1.0:resources (default-resources)'
[WARNING] Parameter 'propertiesEncoding' is unknown for plugin 'maven-resources-plugin:3.1.0:resources (default-resources)'
Downloading from aliyun: https://maven.aliyun.com/repository/public/org/springframework/cloud/spring-cloud-starter-openfeign/4.3.0/spring-cloud-starter-openfeign-4.3.0.pom
Downloading from aliyun: https://maven.aliyun.com/repository/public/com/microsoft/sqlserver/mssql-jdbc/12.10.1.jre11/mssql-jdbc-12.10.1.jre11.pom
Progress (1): 3.3/22 kBProgress (2): 3.3/22 kB | 3.3/5.1 kBProgress (2): 3.3/22 kB | 5.1 kB    Progress (2): 20/22 kB | 5.1 kB Progress (2): 22 kB | 5.1 kB                               Downloaded from aliyun: https://maven.aliyun.com/repository/public/com/microsoft/sqlserver/mssql-jdbc/12.10.1.jre11/mssql-jdbc-12.10.1.jre11.pom (22 kB at 20 kB/s)
Downloaded from aliyun: https://maven.aliyun.com/repository/public/org/springframework/cloud/spring-cloud-starter-openfeign/4.3.0/spring-cloud-starter-openfeign-4.3.0.pom (5.1 kB at 4.8 kB/s)
Downloading from aliyun: https://maven.aliyun.com/repository/public/org/springframework/cloud/spring-cloud-openfeign/4.3.0/spring-cloud-openfeign-4.3.0.pom
Progress (1): 4.6 kB                    Downloaded from aliyun: https://maven.aliyun.com/repository/public/org/springframework/cloud/spring-cloud-openfeign/4.3.0/spring-cloud-openfeign-4.3.0.pom (4.6 kB at 75 kB/s)
Downloading from aliyun: https://maven.aliyun.com/repository/public/org/springframework/cloud/spring-cloud-build/4.3.0/spring-cloud-build-4.3.0.pom
Progress (1): 7.2/49 kBProgress (1): 7.7/49 kBProgress (1): 11/49 kB Progress (1): 27/49 kBProgress (1): 35/49 kBProgress (1): 41/49 kBProgress (1): 43/49 kBProgress (1): 46/49 kBProgress (1): 49 kB                      Downloaded from aliyun: https://maven.aliyun.com/repository/public/org/springframework/cloud/spring-cloud-build/4.3.0/spring-cloud-build-4.3.0.pom (49 kB at 581 kB/s)
Downloading from aliyun: https://maven.aliyun.com/repository/public/org/springframework/cloud/spring-cloud-build-dependencies/4.3.0/spring-cloud-build-dependencies-4.3.0.pom
[INFO] 
[INFO] --- resources:3.1.0:resources (default-resources) @ jeecg-system-local-api ---
[INFO] Using 'UTF-8' encoding to copy filtered resources.
[INFO] skip non existing resourceDirectory D:\gmj\date\2026\project_kolbox\backend\jeecg-module-system\jeecg-system-api\jeecg-system-local-api\src\main\resources
[INFO] Copying 0 resource
[INFO] 
[INFO] --- compiler:3.14.0:compile (default-compile) @ jeecg-system-local-api ---
[INFO] Recompiling the module because of changed dependency.
[INFO] Compiling 3 source files with javac [debug parameters release 17] to target\classes
Progress (1): 3.3 kB                    Downloaded from aliyun: https://maven.aliyun.com/repository/public/org/springframework/cloud/spring-cloud-build-dependencies/4.3.0/spring-cloud-build-dependencies-4.3.0.pom (3.3 kB at 43 kB/s)
Downloading from aliyun: https://maven.aliyun.com/repository/public/org/springframework/boot/spring-boot-dependencies/3.5.0/spring-boot-dependencies-3.5.0.pom
Progress (1): 7.2/96 kBProgress (1): 15/96 kB Progress (1): 32/96 kBProgress (1): 48/96 kBProgress (1): 64/96 kBProgress (1): 81/96 kBProgress (1): 96 kB                      Downloaded from aliyun: https://maven.aliyun.com/repository/public/org/springframework/boot/spring-boot-dependencies/3.5.0/spring-boot-dependencies-3.5.0.pom (96 kB at 1.1 MB/s)
Downloading from aliyun: https://maven.aliyun.com/repository/public/org/apache/activemq/activemq-bom/6.1.6/activemq-bom-6.1.6.pom
Progress (1): 7.3/7.9 kBProgress (1): 7.7/7.9 kBProgress (1): 7.9 kB                        Downloaded from aliyun: https://maven.aliyun.com/repository/public/org/apache/activemq/activemq-bom/6.1.6/activemq-bom-6.1.6.pom (7.9 kB at 119 kB/s)
Downloading from aliyun: https://maven.aliyun.com/repository/public/org/assertj/assertj-bom/3.27.3/assertj-bom-3.27.3.pom
Progress (1): 3.7 kB                    Downloaded from aliyun: https://maven.aliyun.com/repository/public/org/assertj/assertj-bom/3.27.3/assertj-bom-3.27.3.pom (3.7 kB at 63 kB/s)
Downloading from aliyun: https://maven.aliyun.com/repository/public/io/zipkin/reporter2/zipkin-reporter-bom/3.5.0/zipkin-reporter-bom-3.5.0.pom
Progress (1): 3.3/6.3 kBProgress (1): 6.3 kB                        Downloaded from aliyun: https://maven.aliyun.com/repository/public/io/zipkin/reporter2/zipkin-reporter-bom/3.5.0/zipkin-reporter-bom-3.5.0.pom (6.3 kB at 91 kB/s)
Downloading from aliyun: https://maven.aliyun.com/repository/public/org/apache/groovy/groovy-bom/4.0.26/groovy-bom-4.0.26.pom
Progress (1): 7.2/27 kBProgress (1): 9.1/27 kBProgress (1): 26/27 kB Progress (1): 27 kB                      Downloaded from aliyun: https://maven.aliyun.com/repository/public/org/apache/groovy/groovy-bom/4.0.26/groovy-bom-4.0.26.pom (27 kB at 487 kB/s)
Downloading from aliyun: https://maven.aliyun.com/repository/public/org/infinispan/infinispan-bom/15.2.1.Final/infinispan-bom-15.2.1.Final.pom
Progress (1): 1.8/17 kBProgress (1): 17 kB                       Downloaded from aliyun: https://maven.aliyun.com/repository/public/org/infinispan/infinispan-bom/15.2.1.Final/infinispan-bom-15.2.1.Final.pom (17 kB at 272 kB/s)
Downloading from aliyun: https://maven.aliyun.com/repository/public/org/infinispan/infinispan-build-configuration-parent/15.2.1.Final/infinispan-build-configuration-parent-15.2.1.Final.pom
Progress (1): 7.3/18 kBProgress (1): 9.2/18 kBProgress (1): 18 kB                       Downloaded from aliyun: https://maven.aliyun.com/repository/public/org/infinispan/infinispan-build-configuration-parent/15.2.1.Final/infinispan-build-configuration-parent-15.2.1.Final.pom (18 kB at 281 kB/s)
Downloading from aliyun: https://maven.aliyun.com/repository/public/org/glassfish/jersey/jersey-bom/3.1.10/jersey-bom-3.1.10.pom
Progress (1): 7.3/21 kBProgress (1): 11/21 kB Progress (1): 21 kB                      Downloaded from aliyun: https://maven.aliyun.com/repository/public/org/glassfish/jersey/jersey-bom/3.1.10/jersey-bom-3.1.10.pom (21 kB at 346 kB/s)
Downloading from aliyun: https://maven.aliyun.com/repository/public/org/eclipse/jetty/ee10/jetty-ee10-bom/12.0.21/jetty-ee10-bom-12.0.21.pom
Progress (1): 1.9/9.6 kBProgress (1): 9.6 kB                        Downloaded from aliyun: https://maven.aliyun.com/repository/public/org/eclipse/jetty/ee10/jetty-ee10-bom/12.0.21/jetty-ee10-bom-12.0.21.pom (9.6 kB at 115 kB/s)
Downloading from aliyun: https://maven.aliyun.com/repository/public/org/eclipse/jetty/jetty-bom/12.0.21/jetty-bom-12.0.21.pom
Progress (1): 7.3/15 kBProgress (1): 9.2/15 kBProgress (1): 15 kB                       Downloaded from aliyun: https://maven.aliyun.com/repository/public/org/eclipse/jetty/jetty-bom/12.0.21/jetty-bom-12.0.21.pom (15 kB at 178 kB/s)
Downloading from aliyun: https://maven.aliyun.com/repository/public/io/micrometer/micrometer-bom/1.15.0/micrometer-bom-1.15.0.pom
Progress (1): 3.3/8.6 kBProgress (1): 8.6 kB                        Downloaded from aliyun: https://maven.aliyun.com/repository/public/io/micrometer/micrometer-bom/1.15.0/micrometer-bom-1.15.0.pom (8.6 kB at 82 kB/s)
Downloading from aliyun: https://maven.aliyun.com/repository/public/io/micrometer/micrometer-tracing-bom/1.5.0/micrometer-tracing-bom-1.5.0.pom
Progress (1): 4.5 kB                    Downloaded from aliyun: https://maven.aliyun.com/repository/public/io/micrometer/micrometer-tracing-bom/1.5.0/micrometer-tracing-bom-1.5.0.pom (4.5 kB at 49 kB/s)
Downloading from aliyun: https://maven.aliyun.com/repository/public/org/mongodb/mongodb-driver-bom/5.4.0/mongodb-driver-bom-5.4.0.pom
Progress (1): 4.0 kB                    Downloaded from aliyun: https://maven.aliyun.com/repository/public/org/mongodb/mongodb-driver-bom/5.4.0/mongodb-driver-bom-5.4.0.pom (4.0 kB at 68 kB/s)
Downloading from aliyun: https://maven.aliyun.com/repository/public/io/prometheus/prometheus-metrics-bom/1.3.6/prometheus-metrics-bom-1.3.6.pom
Progress (1): 5.8 kB                    Downloaded from aliyun: https://maven.aliyun.com/repository/public/io/prometheus/prometheus-metrics-bom/1.3.6/prometheus-metrics-bom-1.3.6.pom (5.8 kB at 113 kB/s)
Downloading from aliyun: https://maven.aliyun.com/repository/public/io/prometheus/client_java/1.3.6/client_java-1.3.6.pom
Progress (1): 1.9/22 kBProgress (1): 18/22 kB Progress (1): 22 kB                      Downloaded from aliyun: https://maven.aliyun.com/repository/public/io/prometheus/client_java/1.3.6/client_java-1.3.6.pom (22 kB at 384 kB/s)
Downloading from aliyun: https://maven.aliyun.com/repository/public/org/apache/pulsar/pulsar-bom/4.0.4/pulsar-bom-4.0.4.pom
Progress (1): 4.8/25 kBProgress (1): 21/25 kB Progress (1): 25 kB                      Downloaded from aliyun: https://maven.aliyun.com/repository/public/org/apache/pulsar/pulsar-bom/4.0.4/pulsar-bom-4.0.4.pom (25 kB at 435 kB/s)
Downloading from aliyun: https://maven.aliyun.com/repository/public/io/projectreactor/reactor-bom/2024.0.6/reactor-bom-2024.0.6.pom
Progress (1): 3.3/4.8 kBProgress (1): 4.8 kB                        Downloaded from aliyun: https://maven.aliyun.com/repository/public/io/projectreactor/reactor-bom/2024.0.6/reactor-bom-2024.0.6.pom (4.8 kB at 68 kB/s)
Downloading from aliyun: https://maven.aliyun.com/repository/public/io/rest-assured/rest-assured-bom/5.5.2/rest-assured-bom-5.5.2.pom
[INFO] 
[INFO] --------< org.jeecgframework.boot3:jeecg-boot-module-celebrity >--------
[INFO] Building jeecg-boot-module-celebrity 3.8.3                        [8/11]
[INFO] 
[INFO] ----------< org.jeecgframework.boot3:jeecg-boot-module-airag >----------
[INFO]   from jeecg-boot-module\jeecg-boot-module-celebrity\pom.xml
[INFO] --------------------------------[ jar ]---------------------------------
[INFO] Building jeecg-boot-module-airag 3.8.3                            [9/11]
[INFO]   from jeecg-boot-module\jeecg-boot-module-airag\pom.xml
[INFO] --------------------------------[ jar ]---------------------------------
[WARNING] Parameter 'propertiesEncoding' is unknown for plugin 'maven-resources-plugin:3.1.0:resources (default-resources)'
[WARNING] Parameter 'propertiesEncoding' is unknown for plugin 'maven-resources-plugin:3.1.0:resources (default-resources)'
Downloading from aliyun: https://maven.aliyun.com/repository/public/org/jeecgframework/boot3/jeecg-aiflow/1.2.0/jeecg-aiflow-1.2.0.pom
Downloading from aliyun: https://maven.aliyun.com/repository/public/com/larksuite/oapi/oapi-sdk/2.4.20/oapi-sdk-2.4.20.pom
Progress (1): 5.0 kB                    Downloaded from aliyun: https://maven.aliyun.com/repository/public/io/rest-assured/rest-assured-bom/5.5.2/rest-assured-bom-5.5.2.pom (5.0 kB at 59 kB/s)
Downloading from aliyun: https://maven.aliyun.com/repository/public/org/springframework/amqp/spring-amqp-bom/3.2.5/spring-amqp-bom-3.2.5.pom
Progress (1): 3.9 kB                    Downloaded from aliyun: https://maven.aliyun.com/repository/public/org/springframework/amqp/spring-amqp-bom/3.2.5/spring-amqp-bom-3.2.5.pom (3.9 kB at 59 kB/s)
Downloading from aliyun: https://maven.aliyun.com/repository/public/org/springframework/data/spring-data-bom/2025.0.0/spring-data-bom-2025.0.0.pom
Progress (1): 5.5 kB                    Downloaded from aliyun: https://maven.aliyun.com/repository/public/org/springframework/data/spring-data-bom/2025.0.0/spring-data-bom-2025.0.0.pom (5.5 kB at 72 kB/s)
Progress (1): 3.5/3.9 kBProgress (1): 3.9 kB                        Downloading from aliyun: https://maven.aliyun.com/repository/public/org/springframework/spring-framework-bom/6.2.7/spring-framework-bom-6.2.7.pom
Progress (2): 3.9 kB | 5.8 kBProgress (3): 3.9 kB | 5.8 kB | 11 kB                                     Downloaded from aliyun: https://maven.aliyun.com/repository/public/org/springframework/spring-framework-bom/6.2.7/spring-framework-bom-6.2.7.pom (5.8 kB at 95 kB/s)
Downloading from aliyun: https://maven.aliyun.com/repository/public/org/springframework/integration/spring-integration-bom/6.5.0/spring-integration-bom-6.5.0.pom
Progress (3): 3.9 kB | 11 kB | 1.9/10 kBProgress (3): 3.9 kB | 11 kB | 10 kB                                        Downloaded from aliyun: https://maven.aliyun.com/repository/public/org/springframework/integration/spring-integration-bom/6.5.0/spring-integration-bom-6.5.0.pom (10 kB at 153 kB/s)
Downloading from aliyun: https://maven.aliyun.com/repository/public/org/springframework/pulsar/spring-pulsar-bom/1.2.6/spring-pulsar-bom-1.2.6.pom
Downloaded from aliyun: https://maven.aliyun.com/repository/public/org/jeecgframework/boot3/jeecg-aiflow/1.2.0/jeecg-aiflow-1.2.0.pom (3.9 kB at 11 kB/s)
Progress (2): 11 kB | 2.9 kB                            Downloading from aliyun: https://maven.aliyun.com/repository/public/com/yomahub/liteflow-spring-boot-starter/2.15.0/liteflow-spring-boot-starter-2.15.0.pom
Downloaded from aliyun: https://maven.aliyun.com/repository/public/org/springframework/pulsar/spring-pulsar-bom/1.2.6/spring-pulsar-bom-1.2.6.pom (2.9 kB at 51 kB/s)
Downloading from aliyun: https://maven.aliyun.com/repository/public/org/springframework/security/spring-security-bom/6.5.0/spring-security-bom-6.5.0.pom
Progress (2): 11 kB | 1.6 kBProgress (3): 11 kB | 1.6 kB | 4.8/5.3 kBProgress (3): 11 kB | 1.6 kB | 5.3 kB                                         Downloaded from aliyun: https://maven.aliyun.com/repository/public/com/larksuite/oapi/oapi-sdk/2.4.20/oapi-sdk-2.4.20.pom (11 kB at 27 kB/s)
Downloading from aliyun: https://maven.aliyun.com/repository/public/org/apache/httpcomponents/httpmime/4.5.13/httpmime-4.5.13.pom
Downloaded from aliyun: https://maven.aliyun.com/repository/public/com/yomahub/liteflow-spring-boot-starter/2.15.0/liteflow-spring-boot-starter-2.15.0.pom (1.6 kB at 17 kB/s)
Progress (2): 5.3 kB | 1.9/5.2 kBProgress (2): 5.3 kB | 5.2 kB                                 Downloading from aliyun: https://maven.aliyun.com/repository/public/com/yomahub/liteflow/2.15.0/liteflow-2.15.0.pom
Downloaded from aliyun: https://maven.aliyun.com/repository/public/org/springframework/security/spring-security-bom/6.5.0/spring-security-bom-6.5.0.pom (5.3 kB at 87 kB/s)
Downloading from aliyun: https://maven.aliyun.com/repository/public/org/springframework/session/spring-session-bom/3.5.0/spring-session-bom-3.5.0.pom
Progress (2): 5.2 kB | 1.9/17 kBProgress (2): 5.2 kB | 17 kB                                Downloaded from aliyun: https://maven.aliyun.com/repository/public/org/apache/httpcomponents/httpmime/4.5.13/httpmime-4.5.13.pom (5.2 kB at 81 kB/s)
Downloading from aliyun: https://maven.aliyun.com/repository/public/com/larksuite/oapi/larksuite-oapi-shaded-protobuf/2.4.6/larksuite-oapi-shaded-protobuf-2.4.6.pom
Downloaded from aliyun: https://maven.aliyun.com/repository/public/com/yomahub/liteflow/2.15.0/liteflow-2.15.0.pom (17 kB at 245 kB/s)
Progress (1): 2.9 kB                    Downloading from aliyun: https://maven.aliyun.com/repository/public/com/yomahub/liteflow-spring/2.15.0/liteflow-spring-2.15.0.pom
Progress (2): 2.9 kB | 6.9 kBProgress (3): 2.9 kB | 6.9 kB | 1.4 kB                                      Downloaded from aliyun: https://maven.aliyun.com/repository/public/org/springframework/session/spring-session-bom/3.5.0/spring-session-bom-3.5.0.pom (2.9 kB at 27 kB/s)
Downloading from aliyun: https://maven.aliyun.com/repository/public/org/springframework/ws/spring-ws-bom/4.1.0/spring-ws-bom-4.1.0.pom
Progress (3): 6.9 kB | 1.4 kB | 1.9/2.3 kBProgress (3): 6.9 kB | 1.4 kB | 2.3 kB                                          Downloaded from aliyun: https://maven.aliyun.com/repository/public/com/yomahub/liteflow-spring/2.15.0/liteflow-spring-2.15.0.pom (1.4 kB at 18 kB/s)
Downloading from aliyun: https://maven.aliyun.com/repository/public/com/yomahub/liteflow-core/2.15.0/liteflow-core-2.15.0.pom
Downloaded from aliyun: https://maven.aliyun.com/repository/public/org/springframework/ws/spring-ws-bom/4.1.0/spring-ws-bom-4.1.0.pom (2.3 kB at 44 kB/s)
Downloading from aliyun: https://maven.aliyun.com/repository/public/org/testcontainers/testcontainers-bom/1.21.0/testcontainers-bom-1.21.0.pom
Progress (2): 6.9 kB | 0.4/12 kBProgress (2): 6.9 kB | 12 kB    Progress (3): 6.9 kB | 12 kB | 2.6 kB                                     Downloaded from aliyun: https://maven.aliyun.com/repository/public/com/larksuite/oapi/larksuite-oapi-shaded-protobuf/2.4.6/larksuite-oapi-shaded-protobuf-2.4.6.pom (6.9 kB at 35 kB/s)
Downloaded from aliyun: https://maven.aliyun.com/repository/public/org/testcontainers/testcontainers-bom/1.21.0/testcontainers-bom-1.21.0.pom (12 kB at 183 kB/s)
Downloaded from aliyun: https://maven.aliyun.com/repository/public/com/yomahub/liteflow-core/2.15.0/liteflow-core-2.15.0.pom (2.6 kB at 28 kB/s)
Downloading from aliyun: https://maven.aliyun.com/repository/public/com/google/guava/guava/32.0.0-jre/guava-32.0.0-jre.pom
Downloading from aliyun: https://maven.aliyun.com/repository/public/org/springframework/cloud/spring-cloud-starter/4.3.0/spring-cloud-starter-4.3.0.pom
Downloading from aliyun: https://maven.aliyun.com/repository/public/org/dom4j/dom4j/2.1.4/dom4j-2.1.4.pom
Progress (1): 1.9/2.7 kBProgress (1): 2.7 kB    Progress (2): 2.7 kB | 7.3/11 kBProgress (2): 2.7 kB | 11 kB    Progress (3): 2.7 kB | 11 kB | 1.9/4.4 kBProgress (3): 2.7 kB | 11 kB | 4.4 kB                                         Downloaded from aliyun: https://maven.aliyun.com/repository/public/org/dom4j/dom4j/2.1.4/dom4j-2.1.4.pom (2.7 kB at 49 kB/s)
Downloading from aliyun: https://maven.aliyun.com/repository/public/com/alibaba/transmittable-thread-local/2.14.5/transmittable-thread-local-2.14.5.pom
Progress (3): 11 kB | 4.4 kB | 7.3/41 kBProgress (3): 11 kB | 4.4 kB | 9.2/41 kBProgress (3): 11 kB | 4.4 kB | 26/41 kB Progress (3): 11 kB | 4.4 kB | 41 kB                                       Downloaded from aliyun: https://maven.aliyun.com/repository/public/org/springframework/cloud/spring-cloud-starter/4.3.0/spring-cloud-starter-4.3.0.pom (4.4 kB at 52 kB/s)
Downloading from aliyun: https://maven.aliyun.com/repository/public/org/springframework/cloud/spring-cloud-commons-parent/4.3.0/spring-cloud-commons-parent-4.3.0.pom
Progress (3): 11 kB | 41 kB | 4.5 kB                                    Downloaded from aliyun: https://maven.aliyun.com/repository/public/com/alibaba/transmittable-thread-local/2.14.5/transmittable-thread-local-2.14.5.pom (41 kB at 634 kB/s)
Downloading from aliyun: https://maven.aliyun.com/repository/public/net/bytebuddy/byte-buddy-parent/1.14.11/byte-buddy-parent-1.14.11.pom
Progress (3): 11 kB | 4.5 kB | 1.9/62 kBProgress (3): 11 kB | 4.5 kB | 4.9/62 kBProgress (3): 11 kB | 4.5 kB | 7.8/62 kBProgress (3): 11 kB | 4.5 kB | 11/62 kB Progress (3): 11 kB | 4.5 kB | 15/62 kBProgress (3): 11 kB | 4.5 kB | 19/62 kBProgress (3): 11 kB | 4.5 kB | 22/62 kBProgress (3): 11 kB | 4.5 kB | 37/62 kBProgress (3): 11 kB | 4.5 kB | 41/62 kBProgress (3): 11 kB | 4.5 kB | 58/62 kBProgress (3): 11 kB | 4.5 kB | 60/62 kBProgress (3): 11 kB | 4.5 kB | 62 kB                                       Downloaded from aliyun: https://maven.aliyun.com/repository/public/org/springframework/cloud/spring-cloud-commons-parent/4.3.0/spring-cloud-commons-parent-4.3.0.pom (4.5 kB at 55 kB/s)
Downloading from aliyun: https://maven.aliyun.com/repository/public/org/springframework/cloud/spring-cloud-context/4.3.0/spring-cloud-context-4.3.0.pom
Downloaded from aliyun: https://maven.aliyun.com/repository/public/com/google/guava/guava/32.0.0-jre/guava-32.0.0-jre.pom (11 kB at 60 kB/s)
Progress (2): 62 kB | 1.9/5.9 kBProgress (2): 62 kB | 5.9 kB                                Downloading from aliyun: https://maven.aliyun.com/repository/public/com/google/guava/guava-parent/32.0.0-jre/guava-parent-32.0.0-jre.pom
Downloaded from aliyun: https://maven.aliyun.com/repository/public/net/bytebuddy/byte-buddy-parent/1.14.11/byte-buddy-parent-1.14.11.pom (62 kB at 844 kB/s)
Downloading from aliyun: https://maven.aliyun.com/repository/public/org/jetbrains/kotlin/kotlin-bom/1.9.22/kotlin-bom-1.9.22.pom
Progress (2): 5.9 kB | 7.3/21 kBProgress (2): 5.9 kB | 12/21 kB Progress (2): 5.9 kB | 21 kB   Progress (3): 5.9 kB | 21 kB | 7.3/9.1 kBProgress (3): 5.9 kB | 21 kB | 9.1 kB                                         Downloaded from aliyun: https://maven.aliyun.com/repository/public/org/springframework/cloud/spring-cloud-context/4.3.0/spring-cloud-context-4.3.0.pom (5.9 kB at 77 kB/s)
Downloading from aliyun: https://maven.aliyun.com/repository/public/org/springframework/security/spring-security-crypto/6.5.3/spring-security-crypto-6.5.3.pom
Downloaded from aliyun: https://maven.aliyun.com/repository/public/org/jetbrains/kotlin/kotlin-bom/1.9.22/kotlin-bom-1.9.22.pom (9.1 kB at 169 kB/s)
Downloading from aliyun: https://maven.aliyun.com/repository/public/org/jetbrains/kotlinx/kotlinx-coroutines-bom/1.7.3/kotlinx-coroutines-bom-1.7.3.pom
Progress (2): 21 kB | 4.3 kB                            Downloaded from aliyun: https://maven.aliyun.com/repository/public/org/jetbrains/kotlinx/kotlinx-coroutines-bom/1.7.3/kotlinx-coroutines-bom-1.7.3.pom (4.3 kB at 91 kB/s)
Downloading from aliyun: https://maven.aliyun.com/repository/public/com/alibaba/QLExpress/3.3.4/QLExpress-3.3.4.pom
Progress (2): 21 kB | 7.3/7.9 kBProgress (2): 21 kB | 7.9 kB    Progress (3): 21 kB | 7.9 kB | 1.9 kB                                     Downloaded from aliyun: https://maven.aliyun.com/repository/public/com/google/guava/guava-parent/32.0.0-jre/guava-parent-32.0.0-jre.pom (21 kB at 116 kB/s)
Downloading from aliyun: https://maven.aliyun.com/repository/public/org/checkerframework/checker-qual/3.33.0/checker-qual-3.33.0.pom
Progress (3): 7.9 kB | 1.9 kB | 2.1 kB                                      Downloaded from aliyun: https://maven.aliyun.com/repository/public/org/springframework/security/spring-security-crypto/6.5.3/spring-security-crypto-6.5.3.pom (1.9 kB at 10 kB/s)
Downloaded from aliyun: https://maven.aliyun.com/repository/public/org/checkerframework/checker-qual/3.33.0/checker-qual-3.33.0.pom (2.1 kB at 36 kB/s)
Downloading from aliyun: https://maven.aliyun.com/repository/public/org/springframework/cloud/spring-cloud-commons/4.3.0/spring-cloud-commons-4.3.0.pom
Downloading from aliyun: https://maven.aliyun.com/repository/public/com/google/errorprone/error_prone_annotations/2.18.0/error_prone_annotations-2.18.0.pom
Progress (2): 7.9 kB | 7.2 kBProgress (3): 7.9 kB | 7.2 kB | 2.2 kB                                      Downloaded from aliyun: https://maven.aliyun.com/repository/public/com/google/errorprone/error_prone_annotations/2.18.0/error_prone_annotations-2.18.0.pom (2.2 kB at 35 kB/s)
Downloading from aliyun: https://maven.aliyun.com/repository/public/com/google/errorprone/error_prone_parent/2.18.0/error_prone_parent-2.18.0.pom
Downloaded from aliyun: https://maven.aliyun.com/repository/public/com/alibaba/QLExpress/3.3.4/QLExpress-3.3.4.pom (7.9 kB at 39 kB/s)
Progress (2): 7.2 kB | 3.4/11 kBProgress (2): 7.2 kB | 11 kB                                Downloading from aliyun: https://maven.aliyun.com/repository/public/commons-beanutils/commons-beanutils/1.9.4/commons-beanutils-1.9.4.pom
Progress (3): 7.2 kB | 11 kB | 1.9/18 kBProgress (3): 7.2 kB | 11 kB | 18 kB                                        Downloaded from aliyun: https://maven.aliyun.com/repository/public/org/springframework/cloud/spring-cloud-commons/4.3.0/spring-cloud-commons-4.3.0.pom (7.2 kB at 64 kB/s)
Downloading from aliyun: https://maven.aliyun.com/repository/public/org/springframework/cloud/spring-cloud-openfeign-core/4.3.0/spring-cloud-openfeign-core-4.3.0.pom
Downloaded from aliyun: https://maven.aliyun.com/repository/public/com/google/errorprone/error_prone_parent/2.18.0/error_prone_parent-2.18.0.pom (11 kB at 209 kB/s)
Downloaded from aliyun: https://maven.aliyun.com/repository/public/commons-beanutils/commons-beanutils/1.9.4/commons-beanutils-1.9.4.pom (18 kB at 450 kB/s)
Downloading from aliyun: https://maven.aliyun.com/repository/public/org/jetbrains/kotlin/kotlin-compiler-embeddable/2.2.0/kotlin-compiler-embeddable-2.2.0.pom
Progress (1): 1.9/9.7 kBProgress (1): 9.7 kB                        Downloading from aliyun: https://maven.aliyun.com/repository/public/commons-io/commons-io/2.14.0/commons-io-2.14.0.pom
Progress (2): 9.7 kB | 7.3/20 kBProgress (2): 9.7 kB | 7.8/20 kBProgress (2): 9.7 kB | 20 kB                                Downloaded from aliyun: https://maven.aliyun.com/repository/public/org/springframework/cloud/spring-cloud-openfeign-core/4.3.0/spring-cloud-openfeign-core-4.3.0.pom (9.7 kB at 173 kB/s)
Downloading from aliyun: https://maven.aliyun.com/repository/public/io/github/openfeign/feign-form-spring/13.6/feign-form-spring-13.6.pom
Progress (2): 20 kB | 4.4 kB                            Downloaded from aliyun: https://maven.aliyun.com/repository/public/commons-io/commons-io/2.14.0/commons-io-2.14.0.pom (20 kB at 313 kB/s)
Progress (2): 4.4 kB | 2.5 kB                             Downloading from aliyun: https://maven.aliyun.com/repository/public/org/apache/commons/commons-parent/62/commons-parent-62.pom
Progress (3): 4.4 kB | 2.5 kB | 7.3/81 kBProgress (3): 4.4 kB | 2.5 kB | 9.2/81 kBProgress (3): 4.4 kB | 2.5 kB | 26/81 kB Progress (3): 4.4 kB | 2.5 kB | 42/81 kBProgress (3): 4.4 kB | 2.5 kB | 58/81 kBProgress (3): 4.4 kB | 2.5 kB | 75/81 kBProgress (3): 4.4 kB | 2.5 kB | 81 kB                                        Downloaded from aliyun: https://maven.aliyun.com/repository/public/org/jetbrains/kotlin/kotlin-compiler-embeddable/2.2.0/kotlin-compiler-embeddable-2.2.0.pom (2.5 kB at 21 kB/s)
Downloaded from aliyun: https://maven.aliyun.com/repository/public/io/github/openfeign/feign-form-spring/13.6/feign-form-spring-13.6.pom (4.4 kB at 63 kB/s)
Downloading from aliyun: https://maven.aliyun.com/repository/public/org/jetbrains/kotlin/kotlin-script-runtime/2.2.0/kotlin-script-runtime-2.2.0.pom
Downloading from aliyun: https://maven.aliyun.com/repository/public/io/github/openfeign/parent/13.6/parent-13.6.pom
Progress (2): 81 kB | 6.3/38 kBProgress (2): 81 kB | 23/38 kB Progress (2): 81 kB | 38 kB   Progress (3): 81 kB | 38 kB | 1.2 kB                                    Downloaded from aliyun: https://maven.aliyun.com/repository/public/io/github/openfeign/parent/13.6/parent-13.6.pom (38 kB at 602 kB/s)
Downloading from aliyun: https://maven.aliyun.com/repository/public/org/apache/commons/commons-text/1.13.0/commons-text-1.13.0.pom
Downloaded from aliyun: https://maven.aliyun.com/repository/public/org/jetbrains/kotlin/kotlin-script-runtime/2.2.0/kotlin-script-runtime-2.2.0.pom (1.2 kB at 13 kB/s)
Downloading from aliyun: https://maven.aliyun.com/repository/public/org/jetbrains/kotlin/kotlin-daemon-embeddable/2.2.0/kotlin-daemon-embeddable-2.2.0.pom
Downloaded from aliyun: https://maven.aliyun.com/repository/public/org/apache/commons/commons-parent/62/commons-parent-62.pom (81 kB at 535 kB/s)
Progress (1): 1.9/23 kBProgress (1): 18/23 kB Progress (1): 23 kB                      Downloading from aliyun: https://maven.aliyun.com/repository/public/org/apache/commons/commons-text/1.14.0/commons-text-1.14.0.pom
Progress (2): 23 kB | 7.2/23 kBProgress (2): 23 kB | 7.7/23 kBProgress (2): 23 kB | 23 kB    Progress (3): 23 kB | 23 kB | 1.2 kB                                    Downloaded from aliyun: https://maven.aliyun.com/repository/public/org/apache/commons/commons-text/1.14.0/commons-text-1.14.0.pom (23 kB at 326 kB/s)
Downloaded from aliyun: https://maven.aliyun.com/repository/public/org/jetbrains/kotlin/kotlin-daemon-embeddable/2.2.0/kotlin-daemon-embeddable-2.2.0.pom (1.2 kB at 14 kB/s)
Downloading from aliyun: https://maven.aliyun.com/repository/public/org/apache/commons/commons-parent/85/commons-parent-85.pom
Downloading from aliyun: https://maven.aliyun.com/repository/public/org/jetbrains/kotlinx/kotlinx-coroutines-core-jvm/1.8.1/kotlinx-coroutines-core-jvm-1.8.1.pom
Progress (2): 23 kB | 1.8/78 kBProgress (2): 23 kB | 18/78 kB Progress (2): 23 kB | 35/78 kBProgress (3): 23 kB | 35/78 kB | 0.5/2.2 kBProgress (3): 23 kB | 35/78 kB | 2.2 kB    Progress (3): 23 kB | 51/78 kB | 2.2 kBProgress (3): 23 kB | 67/78 kB | 2.2 kBProgress (3): 23 kB | 78 kB | 2.2 kB                                       Downloaded from aliyun: https://maven.aliyun.com/repository/public/org/apache/commons/commons-parent/85/commons-parent-85.pom (78 kB at 1.7 MB/s)
Downloading from aliyun: https://maven.aliyun.com/repository/public/org/apache/apache/35/apache-35.pom
Downloaded from aliyun: https://maven.aliyun.com/repository/public/org/apache/commons/commons-text/1.13.0/commons-text-1.13.0.pom (23 kB at 134 kB/s)
Downloading from aliyun: https://maven.aliyun.com/repository/public/org/apache/commons/commons-parent/78/commons-parent-78.pom
Downloaded from aliyun: https://maven.aliyun.com/repository/public/org/jetbrains/kotlinx/kotlinx-coroutines-core-jvm/1.8.1/kotlinx-coroutines-core-jvm-1.8.1.pom (2.2 kB at 35 kB/s)
Progress (1): 7.2/24 kBProgress (1): 15/24 kB Progress (1): 24 kB                      Downloaded from aliyun: https://maven.aliyun.com/repository/public/org/apache/apache/35/apache-35.pom (24 kB at 606 kB/s)
Downloading from aliyun: https://maven.aliyun.com/repository/public/org/junit/junit-bom/5.13.1/junit-bom-5.13.1.pom
Progress (1): 7.2/78 kBProgress (1): 14/78 kB Progress (1): 30/78 kBProgress (1): 46/78 kBProgress (1): 63/78 kBProgress (2): 63/78 kB | 5.6 kBProgress (2): 78 kB | 5.6 kB                               Downloaded from aliyun: https://maven.aliyun.com/repository/public/org/junit/junit-bom/5.13.1/junit-bom-5.13.1.pom (5.6 kB at 134 kB/s)
Downloading from aliyun: https://maven.aliyun.com/repository/public/com/github/ben-manes/caffeine/caffeine/3.2.2/caffeine-3.2.2.pom
Downloaded from aliyun: https://maven.aliyun.com/repository/public/org/apache/commons/commons-parent/78/commons-parent-78.pom (78 kB at 861 kB/s)
Downloading from aliyun: https://maven.aliyun.com/repository/public/org/junit/junit-bom/5.11.2/junit-bom-5.11.2.pom
Progress (1): 2.1 kBProgress (2): 2.1 kB | 3.3/5.6 kBProgress (2): 2.1 kB | 5.6 kB                                 Downloaded from aliyun: https://maven.aliyun.com/repository/public/com/github/ben-manes/caffeine/caffeine/3.2.2/caffeine-3.2.2.pom (2.1 kB at 23 kB/s)
Downloaded from aliyun: https://maven.aliyun.com/repository/public/org/junit/junit-bom/5.11.2/junit-bom-5.11.2.pom (5.6 kB at 78 kB/s)
Downloading from aliyun: https://maven.aliyun.com/repository/public/com/google/errorprone/error_prone_annotations/2.40.0/error_prone_annotations-2.40.0.pom
Downloading from aliyun: https://maven.aliyun.com/repository/public/io/github/openfeign/feign-form/13.6/feign-form-13.6.pom
Progress (1): 4.3 kBProgress (2): 4.3 kB | 0.4/3.8 kBProgress (2): 4.3 kB | 3.8 kB                                 Downloaded from aliyun: https://maven.aliyun.com/repository/public/com/google/errorprone/error_prone_annotations/2.40.0/error_prone_annotations-2.40.0.pom (4.3 kB at 72 kB/s)
Downloading from aliyun: https://maven.aliyun.com/repository/public/com/google/errorprone/error_prone_parent/2.40.0/error_prone_parent-2.40.0.pom
Downloaded from aliyun: https://maven.aliyun.com/repository/public/io/github/openfeign/feign-form/13.6/feign-form-13.6.pom (3.8 kB at 53 kB/s)
Downloading from aliyun: https://maven.aliyun.com/repository/public/io/github/openfeign/feign-core/13.6/feign-core-13.6.pom
Progress (1): 6.2/16 kBProgress (1): 16 kB    Progress (2): 16 kB | 3.9 kB                            Downloading from aliyun: https://maven.aliyun.com/repository/public/com/larksuite/oapi/oapi-sdk/2.4.20/oapi-sdk-2.4.20.jar
Downloaded from aliyun: https://maven.aliyun.com/repository/public/com/google/errorprone/error_prone_parent/2.40.0/error_prone_parent-2.40.0.pom (16 kB at 257 kB/s)
Downloading from aliyun: https://maven.aliyun.com/repository/public/com/yomahub/liteflow-rule-sql/2.15.0/liteflow-rule-sql-2.15.0.pom
Downloaded from aliyun: https://maven.aliyun.com/repository/public/io/github/openfeign/feign-core/13.6/feign-core-13.6.pom (3.9 kB at 58 kB/s)
Downloading from aliyun: https://maven.aliyun.com/repository/public/io/github/openfeign/feign-slf4j/13.6/feign-slf4j-13.6.pom
Progress (1): 1.7 kBProgress (2): 1.7 kB | 1.8 kB                             Downloaded from aliyun: https://maven.aliyun.com/repository/public/io/github/openfeign/feign-slf4j/13.6/feign-slf4j-13.6.pom (1.8 kB at 30 kB/s)
Downloaded from aliyun: https://maven.aliyun.com/repository/public/com/yomahub/liteflow-rule-sql/2.15.0/liteflow-rule-sql-2.15.0.pom (1.7 kB at 18 kB/s)
Downloading from aliyun: https://maven.aliyun.com/repository/public/com/yomahub/liteflow-script-groovy/2.15.0/liteflow-script-groovy-2.15.0.pom
Progress (1): 1.2 kB                    Downloaded from aliyun: https://maven.aliyun.com/repository/public/com/yomahub/liteflow-script-groovy/2.15.0/liteflow-script-groovy-2.15.0.pom (1.2 kB at 14 kB/s)
Downloading from aliyun: https://maven.aliyun.com/repository/public/com/yomahub/liteflow-script-plugin/2.15.0/liteflow-script-plugin-2.15.0.pom
Progress (1): 1.3 kBProgress (2): 1.3 kB | 0/16 MBProgress (2): 1.3 kB | 0/16 MBProgress (2): 1.3 kB | 0/16 MBProgress (2): 1.3 kB | 0/16 MBProgress (2): 1.3 kB | 0.1/16 MBProgress (2): 1.3 kB | 0.1/16 MBProgress (2): 1.3 kB | 0.1/16 MBProgress (2): 1.3 kB | 0.1/16 MBProgress (2): 1.3 kB | 0.1/16 MBProgress (2): 1.3 kB | 0.1/16 MB                                Downloaded from aliyun: https://maven.aliyun.com/repository/public/com/yomahub/liteflow-script-plugin/2.15.0/liteflow-script-plugin-2.15.0.pom (1.3 kB at 7.8 kB/s)
Progress (1): 0.1/16 MBProgress (1): 0.1/16 MBProgress (1): 0.1/16 MB                       Downloading from aliyun: https://maven.aliyun.com/repository/public/org/codehaus/groovy/groovy-jsr223/3.0.25/groovy-jsr223-3.0.25.pom
Progress (1): 0.2/16 MBProgress (1): 0.2/16 MBProgress (1): 0.2/16 MBProgress (1): 0.2/16 MBProgress (1): 0.2/16 MBProgress (1): 0.2/16 MBProgress (1): 0.2/16 MBProgress (1): 0.2/16 MBProgress (1): 0.2/16 MBProgress (2): 0.2/16 MB | 3.3/22 kBProgress (2): 0.2/16 MB | 3.3/22 kBProgress (2): 0.2/16 MB | 20/22 kB Progress (2): 0.3/16 MB | 20/22 kBProgress (2): 0.3/16 MB | 20/22 kBProgress (2): 0.3/16 MB | 20/22 kBProgress (2): 0.3/16 MB | 22 kB   Progress (2): 0.3/16 MB | 22 kBProgress (2): 0.3/16 MB | 22 kBProgress (2): 0.3/16 MB | 22 kBProgress (2): 0.3/16 MB | 22 kBProgress (2): 0.4/16 MB | 22 kBProgress (2): 0.4/16 MB | 22 kBProgress (2): 0.4/16 MB | 22 kBProgress (2): 0.4/16 MB | 22 kBProgress (2): 0.4/16 MB | 22 kBProgress (2): 0.4/16 MB | 22 kBProgress (2): 0.4/16 MB | 22 kBProgress (2): 0.4/16 MB | 22 kBProgress (2): 0.4/16 MB | 22 kBProgress (2): 0.4/16 MB | 22 kBProgress (2): 0.5/16 MB | 22 kBProgress (2): 0.5/16 MB | 22 kBProgress (2): 0.5/16 MB | 22 kBProgress (2): 0.5/16 MB | 22 kB                               Downloaded from aliyun: https://maven.aliyun.com/repository/public/org/codehaus/groovy/groovy-jsr223/3.0.25/groovy-jsr223-3.0.25.pom (22 kB at 313 kB/s)
Progress (1): 0.5/16 MBProgress (1): 0.5/16 MBProgress (1): 0.5/16 MBProgress (1): 0.5/16 MBProgress (1): 0.5/16 MBProgress (1): 0.5/16 MB                       Downloading from aliyun: https://maven.aliyun.com/repository/public/org/codehaus/groovy/groovy/3.0.25/groovy-3.0.25.pom
Progress (1): 0.6/16 MBProgress (1): 0.6/16 MBProgress (1): 0.6/16 MBProgress (1): 0.6/16 MBProgress (1): 0.6/16 MBProgress (1): 0.6/16 MBProgress (2): 0.6/16 MB | 3.3/24 kBProgress (2): 0.6/16 MB | 20/24 kB Progress (2): 0.6/16 MB | 22/24 kBProgress (2): 0.6/16 MB | 24 kB   Progress (2): 0.6/16 MB | 24 kBProgress (2): 0.7/16 MB | 24 kBProgress (2): 0.7/16 MB | 24 kBProgress (2): 0.7/16 MB | 24 kBProgress (2): 0.7/16 MB | 24 kBProgress (2): 0.7/16 MB | 24 kBProgress (2): 0.7/16 MB | 24 kBProgress (2): 0.7/16 MB | 24 kBProgress (2): 0.7/16 MB | 24 kBProgress (2): 0.7/16 MB | 24 kBProgress (2): 0.7/16 MB | 24 kBProgress (2): 0.8/16 MB | 24 kBProgress (2): 0.8/16 MB | 24 kBProgress (2): 0.8/16 MB | 24 kBProgress (2): 0.8/16 MB | 24 kBProgress (2): 0.8/16 MB | 24 kBProgress (2): 0.8/16 MB | 24 kBProgress (2): 0.8/16 MB | 24 kBProgress (2): 0.8/16 MB | 24 kBProgress (2): 0.8/16 MB | 24 kBProgress (2): 0.8/16 MB | 24 kBProgress (2): 0.9/16 MB | 24 kBProgress (2): 0.9/16 MB | 24 kBProgress (2): 0.9/16 MB | 24 kBProgress (2): 0.9/16 MB | 24 kBProgress (2): 0.9/16 MB | 24 kBProgress (2): 0.9/16 MB | 24 kBProgress (2): 0.9/16 MB | 24 kB                               Downloaded from aliyun: https://maven.aliyun.com/repository/public/org/codehaus/groovy/groovy/3.0.25/groovy-3.0.25.pom (24 kB at 343 kB/s)
Progress (1): 1.0/16 MBProgress (1): 1.0/16 MBProgress (1): 1.0/16 MBProgress (1): 1.0/16 MBProgress (1): 1.0/16 MBProgress (1): 1.0/16 MB                       Downloading from aliyun: https://maven.aliyun.com/repository/public/com/yomahub/liteflow-script-kotlin/2.15.0/liteflow-script-kotlin-2.15.0.pom
Progress (1): 1.0/16 MBProgress (1): 1.0/16 MBProgress (1): 1.0/16 MBProgress (1): 1.0/16 MBProgress (1): 1.0/16 MBProgress (1): 1.0/16 MBProgress (1): 1.0/16 MBProgress (1): 1.1/16 MBProgress (1): 1.1/16 MBProgress (1): 1.1/16 MBProgress (1): 1.1/16 MBProgress (1): 1.1/16 MBProgress (1): 1.1/16 MBProgress (1): 1.1/16 MBProgress (1): 1.1/16 MBProgress (1): 1.2/16 MBProgress (1): 1.2/16 MBProgress (1): 1.2/16 MBProgress (1): 1.2/16 MBProgress (1): 1.2/16 MBProgress (1): 1.2/16 MBProgress (1): 1.3/16 MBProgress (1): 1.3/16 MBProgress (1): 1.3/16 MBProgress (1): 1.3/16 MBProgress (1): 1.3/16 MBProgress (1): 1.3/16 MBProgress (1): 1.3/16 MBProgress (1): 1.3/16 MBProgress (1): 1.3/16 MBProgress (1): 1.3/16 MBProgress (1): 1.3/16 MBProgress (1): 1.3/16 MBProgress (1): 1.4/16 MBProgress (1): 1.4/16 MBProgress (1): 1.4/16 MBProgress (1): 1.4/16 MBProgress (1): 1.4/16 MBProgress (1): 1.4/16 MBProgress (2): 1.4/16 MB | 1.2 kBProgress (2): 1.4/16 MB | 1.2 kBProgress (2): 1.4/16 MB | 1.2 kBProgress (2): 1.5/16 MB | 1.2 kBProgress (2): 1.5/16 MB | 1.2 kBProgress (2): 1.5/16 MB | 1.2 kBProgress (2): 1.5/16 MB | 1.2 kBProgress (2): 1.5/16 MB | 1.2 kBProgress (2): 1.5/16 MB | 1.2 kBProgress (2): 1.5/16 MB | 1.2 kBProgress (2): 1.5/16 MB | 1.2 kBProgress (2): 1.6/16 MB | 1.2 kBProgress (2): 1.6/16 MB | 1.2 kBProgress (2): 1.6/16 MB | 1.2 kBProgress (2): 1.6/16 MB | 1.2 kBProgress (2): 1.6/16 MB | 1.2 kBProgress (2): 1.6/16 MB | 1.2 kBProgress (2): 1.6/16 MB | 1.2 kBProgress (2): 1.7/16 MB | 1.2 kBProgress (2): 1.7/16 MB | 1.2 kBProgress (2): 1.7/16 MB | 1.2 kBProgress (2): 1.7/16 MB | 1.2 kBProgress (2): 1.7/16 MB | 1.2 kBProgress (2): 1.7/16 MB | 1.2 kBProgress (2): 1.8/16 MB | 1.2 kBProgress (2): 1.8/16 MB | 1.2 kBProgress (2): 1.8/16 MB | 1.2 kBProgress (2): 1.8/16 MB | 1.2 kBProgress (2): 1.8/16 MB | 1.2 kBProgress (2): 1.8/16 MB | 1.2 kBProgress (2): 1.9/16 MB | 1.2 kBProgress (2): 1.9/16 MB | 1.2 kBProgress (2): 1.9/16 MB | 1.2 kBProgress (2): 1.9/16 MB | 1.2 kB                                Downloaded from aliyun: https://maven.aliyun.com/repository/public/com/yomahub/liteflow-script-kotlin/2.15.0/liteflow-script-kotlin-2.15.0.pom (1.2 kB at 11 kB/s)
Downloading from aliyun: https://maven.aliyun.com/repository/public/com/yomahub/liteflow-script-python/2.15.0/liteflow-script-python-2.15.0.pom
Progress (1): 1.9/16 MBProgress (1): 1.9/16 MBProgress (1): 1.9/16 MBProgress (1): 1.9/16 MBProgress (1): 1.9/16 MBProgress (1): 1.9/16 MBProgress (1): 1.9/16 MBProgress (1): 2.0/16 MBProgress (1): 2.0/16 MBProgress (1): 2.0/16 MBProgress (1): 2.0/16 MBProgress (1): 2.0/16 MBProgress (1): 2.0/16 MBProgress (1): 2.0/16 MBProgress (1): 2.1/16 MBProgress (1): 2.1/16 MBProgress (1): 2.1/16 MBProgress (1): 2.1/16 MBProgress (1): 2.1/16 MBProgress (1): 2.1/16 MBProgress (1): 2.1/16 MBProgress (1): 2.1/16 MBProgress (1): 2.1/16 MBProgress (1): 2.1/16 MBProgress (1): 2.2/16 MBProgress (1): 2.2/16 MBProgress (1): 2.2/16 MBProgress (1): 2.2/16 MBProgress (1): 2.2/16 MBProgress (1): 2.2/16 MBProgress (1): 2.2/16 MBProgress (1): 2.2/16 MBProgress (1): 2.2/16 MBProgress (2): 2.2/16 MB | 1.1 kBProgress (2): 2.3/16 MB | 1.1 kBProgress (2): 2.3/16 MB | 1.1 kBProgress (2): 2.3/16 MB | 1.1 kBProgress (2): 2.3/16 MB | 1.1 kBProgress (2): 2.3/16 MB | 1.1 kBProgress (2): 2.3/16 MB | 1.1 kBProgress (2): 2.4/16 MB | 1.1 kBProgress (2): 2.4/16 MB | 1.1 kBProgress (2): 2.4/16 MB | 1.1 kBProgress (2): 2.4/16 MB | 1.1 kBProgress (2): 2.4/16 MB | 1.1 kBProgress (2): 2.4/16 MB | 1.1 kBProgress (2): 2.4/16 MB | 1.1 kBProgress (2): 2.4/16 MB | 1.1 kBProgress (2): 2.4/16 MB | 1.1 kBProgress (2): 2.5/16 MB | 1.1 kBProgress (2): 2.5/16 MB | 1.1 kBProgress (2): 2.5/16 MB | 1.1 kBProgress (2): 2.5/16 MB | 1.1 kBProgress (2): 2.5/16 MB | 1.1 kBProgress (2): 2.5/16 MB | 1.1 kBProgress (2): 2.5/16 MB | 1.1 kBProgress (2): 2.5/16 MB | 1.1 kBProgress (2): 2.5/16 MB | 1.1 kB                                Downloaded from aliyun: https://maven.aliyun.com/repository/public/com/yomahub/liteflow-script-python/2.15.0/liteflow-script-python-2.15.0.pom (1.1 kB at 13 kB/s)
Progress (1): 2.6/16 MBProgress (1): 2.6/16 MBProgress (1): 2.6/16 MB                       Downloading from aliyun: https://maven.aliyun.com/repository/public/org/python/jython-standalone/2.7.4/jython-standalone-2.7.4.pom
Progress (1): 2.6/16 MBProgress (1): 2.6/16 MBProgress (1): 2.6/16 MBProgress (1): 2.6/16 MBProgress (1): 2.6/16 MBProgress (1): 2.7/16 MBProgress (1): 2.7/16 MBProgress (1): 2.7/16 MBProgress (1): 2.7/16 MBProgress (1): 2.7/16 MBProgress (1): 2.7/16 MBProgress (1): 2.7/16 MBProgress (1): 2.7/16 MBProgress (1): 2.7/16 MBProgress (2): 2.7/16 MB | 2.1 kBProgress (2): 2.8/16 MB | 2.1 kBProgress (2): 2.8/16 MB | 2.1 kBProgress (2): 2.8/16 MB | 2.1 kBProgress (2): 2.8/16 MB | 2.1 kBProgress (2): 2.8/16 MB | 2.1 kBProgress (2): 2.8/16 MB | 2.1 kBProgress (2): 2.9/16 MB | 2.1 kBProgress (2): 2.9/16 MB | 2.1 kBProgress (2): 2.9/16 MB | 2.1 kBProgress (2): 2.9/16 MB | 2.1 kBProgress (2): 2.9/16 MB | 2.1 kBProgress (2): 2.9/16 MB | 2.1 kBProgress (2): 3.0/16 MB | 2.1 kBProgress (2): 3.0/16 MB | 2.1 kBProgress (2): 3.0/16 MB | 2.1 kBProgress (2): 3.0/16 MB | 2.1 kBProgress (2): 3.0/16 MB | 2.1 kBProgress (2): 3.0/16 MB | 2.1 kBProgress (2): 3.0/16 MB | 2.1 kBProgress (2): 3.0/16 MB | 2.1 kBProgress (2): 3.0/16 MB | 2.1 kBProgress (2): 3.1/16 MB | 2.1 kBProgress (2): 3.1/16 MB | 2.1 kBProgress (2): 3.1/16 MB | 2.1 kBProgress (2): 3.1/16 MB | 2.1 kBProgress (2): 3.1/16 MB | 2.1 kBProgress (2): 3.1/16 MB | 2.1 kBProgress (2): 3.1/16 MB | 2.1 kBProgress (2): 3.1/16 MB | 2.1 kBProgress (2): 3.2/16 MB | 2.1 kBProgress (2): 3.2/16 MB | 2.1 kBProgress (2): 3.2/16 MB | 2.1 kB                                Downloaded from aliyun: https://maven.aliyun.com/repository/public/org/python/jython-standalone/2.7.4/jython-standalone-2.7.4.pom (2.1 kB at 27 kB/s)
Progress (1): 3.2/16 MB                       Downloading from aliyun: https://maven.aliyun.com/repository/public/com/yomahub/liteflow-script-aviator/2.15.0/liteflow-script-aviator-2.15.0.pom
Progress (1): 3.2/16 MBProgress (1): 3.2/16 MBProgress (1): 3.3/16 MBProgress (1): 3.3/16 MBProgress (1): 3.3/16 MBProgress (1): 3.3/16 MBProgress (1): 3.3/16 MBProgress (1): 3.3/16 MBProgress (1): 3.3/16 MBProgress (1): 3.3/16 MBProgress (1): 3.3/16 MBProgress (1): 3.3/16 MBProgress (2): 3.3/16 MB | 1.2 kBProgress (2): 3.3/16 MB | 1.2 kBProgress (2): 3.3/16 MB | 1.2 kBProgress (2): 3.3/16 MB | 1.2 kBProgress (2): 3.4/16 MB | 1.2 kBProgress (2): 3.4/16 MB | 1.2 kBProgress (2): 3.4/16 MB | 1.2 kBProgress (2): 3.4/16 MB | 1.2 kBProgress (2): 3.4/16 MB | 1.2 kBProgress (2): 3.4/16 MB | 1.2 kBProgress (2): 3.5/16 MB | 1.2 kBProgress (2): 3.5/16 MB | 1.2 kBProgress (2): 3.5/16 MB | 1.2 kBProgress (2): 3.5/16 MB | 1.2 kBProgress (2): 3.5/16 MB | 1.2 kBProgress (2): 3.5/16 MB | 1.2 kBProgress (2): 3.6/16 MB | 1.2 kBProgress (2): 3.6/16 MB | 1.2 kBProgress (2): 3.6/16 MB | 1.2 kBProgress (2): 3.6/16 MB | 1.2 kBProgress (2): 3.6/16 MB | 1.2 kBProgress (2): 3.6/16 MB | 1.2 kBProgress (2): 3.6/16 MB | 1.2 kBProgress (2): 3.7/16 MB | 1.2 kBProgress (2): 3.7/16 MB | 1.2 kBProgress (2): 3.7/16 MB | 1.2 kBProgress (2): 3.7/16 MB | 1.2 kBProgress (2): 3.7/16 MB | 1.2 kBProgress (2): 3.7/16 MB | 1.2 kBProgress (2): 3.8/16 MB | 1.2 kBProgress (2): 3.8/16 MB | 1.2 kBProgress (2): 3.8/16 MB | 1.2 kBProgress (2): 3.8/16 MB | 1.2 kBProgress (2): 3.8/16 MB | 1.2 kBProgress (2): 3.8/16 MB | 1.2 kBProgress (2): 3.8/16 MB | 1.2 kBProgress (2): 3.9/16 MB | 1.2 kBProgress (2): 3.9/16 MB | 1.2 kBProgress (2): 3.9/16 MB | 1.2 kBProgress (2): 3.9/16 MB | 1.2 kBProgress (2): 3.9/16 MB | 1.2 kBProgress (2): 3.9/16 MB | 1.2 kBProgress (2): 4.0/16 MB | 1.2 kBProgress (2): 4.0/16 MB | 1.2 kBProgress (2): 4.0/16 MB | 1.2 kBProgress (2): 4.0/16 MB | 1.2 kBProgress (2): 4.0/16 MB | 1.2 kBProgress (2): 4.0/16 MB | 1.2 kBProgress (2): 4.0/16 MB | 1.2 kBProgress (2): 4.0/16 MB | 1.2 kBProgress (2): 4.0/16 MB | 1.2 kBProgress (2): 4.0/16 MB | 1.2 kBProgress (2): 4.1/16 MB | 1.2 kBProgress (2): 4.1/16 MB | 1.2 kBProgress (2): 4.1/16 MB | 1.2 kB                                Downloaded from aliyun: https://maven.aliyun.com/repository/public/com/yomahub/liteflow-script-aviator/2.15.0/liteflow-script-aviator-2.15.0.pom (1.2 kB at 8.9 kB/s)
Downloading from aliyun: https://maven.aliyun.com/repository/public/org/jetbrains/kotlin/kotlin-scripting-jsr223/2.2.0/kotlin-scripting-jsr223-2.2.0.pom
Progress (1): 4.1/16 MBProgress (1): 4.1/16 MBProgress (1): 4.1/16 MBProgress (1): 4.1/16 MBProgress (1): 4.2/16 MBProgress (1): 4.2/16 MBProgress (1): 4.2/16 MBProgress (1): 4.2/16 MBProgress (1): 4.2/16 MBProgress (1): 4.2/16 MBProgress (1): 4.2/16 MBProgress (1): 4.3/16 MBProgress (1): 4.3/16 MBProgress (2): 4.3/16 MB | 2.6 kBProgress (2): 4.3/16 MB | 2.6 kBProgress (2): 4.3/16 MB | 2.6 kBProgress (2): 4.3/16 MB | 2.6 kBProgress (2): 4.3/16 MB | 2.6 kBProgress (2): 4.3/16 MB | 2.6 kBProgress (2): 4.3/16 MB | 2.6 kBProgress (2): 4.4/16 MB | 2.6 kBProgress (2): 4.4/16 MB | 2.6 kBProgress (2): 4.4/16 MB | 2.6 kBProgress (2): 4.4/16 MB | 2.6 kBProgress (2): 4.4/16 MB | 2.6 kBProgress (2): 4.4/16 MB | 2.6 kBProgress (2): 4.5/16 MB | 2.6 kBProgress (2): 4.5/16 MB | 2.6 kBProgress (2): 4.5/16 MB | 2.6 kBProgress (2): 4.5/16 MB | 2.6 kBProgress (2): 4.5/16 MB | 2.6 kBProgress (2): 4.5/16 MB | 2.6 kBProgress (2): 4.5/16 MB | 2.6 kBProgress (2): 4.5/16 MB | 2.6 kBProgress (2): 4.6/16 MB | 2.6 kBProgress (2): 4.6/16 MB | 2.6 kBProgress (2): 4.6/16 MB | 2.6 kBProgress (2): 4.6/16 MB | 2.6 kBProgress (2): 4.6/16 MB | 2.6 kBProgress (2): 4.6/16 MB | 2.6 kBProgress (2): 4.6/16 MB | 2.6 kBProgress (2): 4.7/16 MB | 2.6 kBProgress (2): 4.7/16 MB | 2.6 kBProgress (2): 4.7/16 MB | 2.6 kBProgress (2): 4.7/16 MB | 2.6 kBProgress (2): 4.7/16 MB | 2.6 kBProgress (2): 4.7/16 MB | 2.6 kBProgress (2): 4.8/16 MB | 2.6 kBProgress (2): 4.8/16 MB | 2.6 kBProgress (2): 4.8/16 MB | 2.6 kBProgress (2): 4.8/16 MB | 2.6 kBProgress (2): 4.8/16 MB | 2.6 kBProgress (2): 4.8/16 MB | 2.6 kBProgress (2): 4.9/16 MB | 2.6 kB                                Downloaded from aliyun: https://maven.aliyun.com/repository/public/org/jetbrains/kotlin/kotlin-scripting-jsr223/2.2.0/kotlin-scripting-jsr223-2.2.0.pom (2.6 kB at 26 kB/s)
Progress (1): 4.9/16 MBProgress (1): 4.9/16 MBProgress (1): 4.9/16 MB                       Downloading from aliyun: https://maven.aliyun.com/repository/public/org/jetbrains/kotlin/kotlin-scripting-common/2.2.0/kotlin-scripting-common-2.2.0.pom
Progress (1): 4.9/16 MBProgress (1): 4.9/16 MBProgress (1): 4.9/16 MBProgress (1): 5.0/16 MBProgress (1): 5.0/16 MBProgress (1): 5.0/16 MBProgress (1): 5.0/16 MBProgress (1): 5.0/16 MBProgress (1): 5.0/16 MBProgress (1): 5.1/16 MBProgress (1): 5.1/16 MBProgress (1): 5.1/16 MBProgress (1): 5.1/16 MBProgress (1): 5.1/16 MBProgress (1): 5.1/16 MBProgress (1): 5.2/16 MBProgress (1): 5.2/16 MBProgress (1): 5.2/16 MBProgress (1): 5.2/16 MBProgress (1): 5.2/16 MBProgress (1): 5.2/16 MBProgress (1): 5.3/16 MBProgress (1): 5.3/16 MBProgress (1): 5.3/16 MBProgress (1): 5.3/16 MBProgress (1): 5.3/16 MBProgress (1): 5.3/16 MBProgress (2): 5.3/16 MB | 1.4 kBProgress (2): 5.4/16 MB | 1.4 kBProgress (2): 5.4/16 MB | 1.4 kBProgress (2): 5.4/16 MB | 1.4 kBProgress (2): 5.4/16 MB | 1.4 kBProgress (2): 5.4/16 MB | 1.4 kBProgress (2): 5.4/16 MB | 1.4 kBProgress (2): 5.5/16 MB | 1.4 kBProgress (2): 5.5/16 MB | 1.4 kBProgress (2): 5.5/16 MB | 1.4 kBProgress (2): 5.5/16 MB | 1.4 kBProgress (2): 5.5/16 MB | 1.4 kBProgress (2): 5.5/16 MB | 1.4 kBProgress (2): 5.6/16 MB | 1.4 kBProgress (2): 5.6/16 MB | 1.4 kBProgress (2): 5.6/16 MB | 1.4 kBProgress (2): 5.6/16 MB | 1.4 kBProgress (2): 5.6/16 MB | 1.4 kBProgress (2): 5.6/16 MB | 1.4 kBProgress (2): 5.6/16 MB | 1.4 kBProgress (2): 5.7/16 MB | 1.4 kBProgress (2): 5.7/16 MB | 1.4 kBProgress (2): 5.7/16 MB | 1.4 kBProgress (2): 5.7/16 MB | 1.4 kBProgress (2): 5.7/16 MB | 1.4 kBProgress (2): 5.7/16 MB | 1.4 kBProgress (2): 5.8/16 MB | 1.4 kBProgress (2): 5.8/16 MB | 1.4 kB                                Downloaded from aliyun: https://maven.aliyun.com/repository/public/org/jetbrains/kotlin/kotlin-scripting-common/2.2.0/kotlin-scripting-common-2.2.0.pom (1.4 kB at 12 kB/s)
Progress (1): 5.8/16 MBProgress (1): 5.8/16 MBProgress (1): 5.8/16 MB                       Downloading from aliyun: https://maven.aliyun.com/repository/public/org/jetbrains/kotlin/kotlin-scripting-jvm/2.2.0/kotlin-scripting-jvm-2.2.0.pom
Progress (1): 5.8/16 MBProgress (1): 5.8/16 MBProgress (1): 5.9/16 MBProgress (1): 5.9/16 MBProgress (1): 5.9/16 MBProgress (1): 5.9/16 MBProgress (1): 5.9/16 MBProgress (1): 5.9/16 MBProgress (1): 6.0/16 MBProgress (2): 6.0/16 MB | 1.8 kBProgress (2): 6.0/16 MB | 1.8 kBProgress (2): 6.0/16 MB | 1.8 kBProgress (2): 6.0/16 MB | 1.8 kBProgress (2): 6.0/16 MB | 1.8 kBProgress (2): 6.0/16 MB | 1.8 kBProgress (2): 6.1/16 MB | 1.8 kBProgress (2): 6.1/16 MB | 1.8 kBProgress (2): 6.1/16 MB | 1.8 kBProgress (2): 6.1/16 MB | 1.8 kBProgress (2): 6.1/16 MB | 1.8 kBProgress (2): 6.1/16 MB | 1.8 kBProgress (2): 6.2/16 MB | 1.8 kBProgress (2): 6.2/16 MB | 1.8 kBProgress (2): 6.2/16 MB | 1.8 kBProgress (2): 6.2/16 MB | 1.8 kBProgress (2): 6.2/16 MB | 1.8 kBProgress (2): 6.2/16 MB | 1.8 kB                                Downloaded from aliyun: https://maven.aliyun.com/repository/public/org/jetbrains/kotlin/kotlin-scripting-jvm/2.2.0/kotlin-scripting-jvm-2.2.0.pom (1.8 kB at 27 kB/s)
Downloading from aliyun: https://maven.aliyun.com/repository/public/org/jetbrains/kotlin/kotlin-scripting-jvm-host/2.2.0/kotlin-scripting-jvm-host-2.2.0.pom
Progress (1): 6.3/16 MBProgress (1): 6.3/16 MBProgress (1): 6.3/16 MBProgress (1): 6.3/16 MBProgress (1): 6.3/16 MBProgress (1): 6.3/16 MBProgress (1): 6.4/16 MBProgress (1): 6.4/16 MBProgress (1): 6.4/16 MBProgress (1): 6.4/16 MBProgress (1): 6.4/16 MBProgress (1): 6.4/16 MBProgress (1): 6.5/16 MBProgress (1): 6.5/16 MBProgress (2): 6.5/16 MB | 2.4 kBProgress (2): 6.5/16 MB | 2.4 kBProgress (2): 6.5/16 MB | 2.4 kBProgress (2): 6.5/16 MB | 2.4 kBProgress (2): 6.5/16 MB | 2.4 kBProgress (2): 6.6/16 MB | 2.4 kBProgress (2): 6.6/16 MB | 2.4 kBProgress (2): 6.6/16 MB | 2.4 kBProgress (2): 6.6/16 MB | 2.4 kBProgress (2): 6.6/16 MB | 2.4 kBProgress (2): 6.6/16 MB | 2.4 kBProgress (2): 6.7/16 MB | 2.4 kBProgress (2): 6.7/16 MB | 2.4 kBProgress (2): 6.7/16 MB | 2.4 kBProgress (2): 6.7/16 MB | 2.4 kBProgress (2): 6.7/16 MB | 2.4 kBProgress (2): 6.7/16 MB | 2.4 kBProgress (2): 6.7/16 MB | 2.4 kBProgress (2): 6.8/16 MB | 2.4 kBProgress (2): 6.8/16 MB | 2.4 kBProgress (2): 6.8/16 MB | 2.4 kBProgress (2): 6.8/16 MB | 2.4 kBProgress (2): 6.8/16 MB | 2.4 kBProgress (2): 6.8/16 MB | 2.4 kBProgress (2): 6.9/16 MB | 2.4 kBProgress (2): 6.9/16 MB | 2.4 kBProgress (2): 6.9/16 MB | 2.4 kBProgress (2): 6.9/16 MB | 2.4 kBProgress (2): 6.9/16 MB | 2.4 kBProgress (2): 6.9/16 MB | 2.4 kBProgress (2): 7.0/16 MB | 2.4 kB                                Downloaded from aliyun: https://maven.aliyun.com/repository/public/org/jetbrains/kotlin/kotlin-scripting-jvm-host/2.2.0/kotlin-scripting-jvm-host-2.2.0.pom (2.4 kB at 28 kB/s)
Progress (1): 7.0/16 MBProgress (1): 7.0/16 MBProgress (1): 7.0/16 MB                       Downloading from aliyun: https://maven.aliyun.com/repository/public/org/jetbrains/kotlin/kotlin-scripting-compiler-embeddable/2.2.0/kotlin-scripting-compiler-embeddable-2.2.0.pom
Progress (1): 7.0/16 MBProgress (1): 7.0/16 MBProgress (1): 7.1/16 MBProgress (1): 7.1/16 MBProgress (1): 7.1/16 MBProgress (1): 7.1/16 MBProgress (1): 7.1/16 MBProgress (1): 7.1/16 MBProgress (1): 7.2/16 MBProgress (1): 7.2/16 MBProgress (1): 7.2/16 MBProgress (1): 7.2/16 MBProgress (1): 7.2/16 MBProgress (1): 7.2/16 MBProgress (1): 7.3/16 MBProgress (1): 7.3/16 MBProgress (2): 7.3/16 MB | 1.9/2.0 kBProgress (2): 7.3/16 MB | 2.0 kB    Progress (2): 7.3/16 MB | 2.0 kBProgress (2): 7.3/16 MB | 2.0 kBProgress (2): 7.3/16 MB | 2.0 kBProgress (2): 7.3/16 MB | 2.0 kBProgress (2): 7.4/16 MB | 2.0 kBProgress (2): 7.4/16 MB | 2.0 kBProgress (2): 7.4/16 MB | 2.0 kBProgress (2): 7.4/16 MB | 2.0 kBProgress (2): 7.4/16 MB | 2.0 kBProgress (2): 7.4/16 MB | 2.0 kBProgress (2): 7.5/16 MB | 2.0 kBProgress (2): 7.5/16 MB | 2.0 kBProgress (2): 7.5/16 MB | 2.0 kBProgress (2): 7.5/16 MB | 2.0 kBProgress (2): 7.5/16 MB | 2.0 kBProgress (2): 7.5/16 MB | 2.0 kBProgress (2): 7.6/16 MB | 2.0 kBProgress (2): 7.6/16 MB | 2.0 kBProgress (2): 7.6/16 MB | 2.0 kBProgress (2): 7.6/16 MB | 2.0 kBProgress (2): 7.6/16 MB | 2.0 kBProgress (2): 7.6/16 MB | 2.0 kBProgress (2): 7.7/16 MB | 2.0 kBProgress (2): 7.7/16 MB | 2.0 kBProgress (2): 7.7/16 MB | 2.0 kBProgress (2): 7.7/16 MB | 2.0 kBProgress (2): 7.7/16 MB | 2.0 kBProgress (2): 7.7/16 MB | 2.0 kBProgress (2): 7.7/16 MB | 2.0 kBProgress (2): 7.8/16 MB | 2.0 kBProgress (2): 7.8/16 MB | 2.0 kBProgress (2): 7.8/16 MB | 2.0 kB                                Downloaded from aliyun: https://maven.aliyun.com/repository/public/org/jetbrains/kotlin/kotlin-scripting-compiler-embeddable/2.2.0/kotlin-scripting-compiler-embeddable-2.2.0.pom (2.0 kB at 20 kB/s)
Progress (1): 7.8/16 MBProgress (1): 7.8/16 MBProgress (1): 7.8/16 MBProgress (1): 7.9/16 MBProgress (1): 7.9/16 MB                       Downloading from aliyun: https://maven.aliyun.com/repository/public/org/jetbrains/kotlin/kotlin-scripting-compiler-impl-embeddable/2.2.0/kotlin-scripting-compiler-impl-embeddable-2.2.0.pom
Progress (1): 7.9/16 MBProgress (1): 7.9/16 MBProgress (1): 7.9/16 MBProgress (1): 7.9/16 MBProgress (1): 8.0/16 MBProgress (1): 8.0/16 MBProgress (1): 8.0/16 MBProgress (1): 8.0/16 MBProgress (2): 8.0/16 MB | 1.9 kBProgress (2): 8.0/16 MB | 1.9 kBProgress (2): 8.0/16 MB | 1.9 kBProgress (2): 8.1/16 MB | 1.9 kBProgress (2): 8.1/16 MB | 1.9 kBProgress (2): 8.1/16 MB | 1.9 kBProgress (2): 8.1/16 MB | 1.9 kBProgress (2): 8.1/16 MB | 1.9 kBProgress (2): 8.1/16 MB | 1.9 kBProgress (2): 8.2/16 MB | 1.9 kBProgress (2): 8.2/16 MB | 1.9 kBProgress (2): 8.2/16 MB | 1.9 kBProgress (2): 8.2/16 MB | 1.9 kBProgress (2): 8.2/16 MB | 1.9 kBProgress (2): 8.2/16 MB | 1.9 kBProgress (2): 8.3/16 MB | 1.9 kBProgress (2): 8.3/16 MB | 1.9 kB                                Downloaded from aliyun: https://maven.aliyun.com/repository/public/org/jetbrains/kotlin/kotlin-scripting-compiler-impl-embeddable/2.2.0/kotlin-scripting-compiler-impl-embeddable-2.2.0.pom (1.9 kB at 29 kB/s)
Progress (1): 8.3/16 MBProgress (1): 8.3/16 MB                       Downloading from aliyun: https://maven.aliyun.com/repository/public/com/yomahub/liteflow-script-graaljs/2.15.0/liteflow-script-graaljs-2.15.0.pom
Progress (1): 8.3/16 MBProgress (1): 8.3/16 MBProgress (1): 8.4/16 MBProgress (1): 8.4/16 MBProgress (1): 8.4/16 MBProgress (1): 8.4/16 MBProgress (1): 8.4/16 MBProgress (1): 8.4/16 MBProgress (1): 8.5/16 MBProgress (1): 8.5/16 MBProgress (1): 8.5/16 MBProgress (1): 8.5/16 MBProgress (1): 8.5/16 MBProgress (1): 8.5/16 MBProgress (1): 8.6/16 MBProgress (1): 8.6/16 MBProgress (1): 8.6/16 MBProgress (1): 8.6/16 MBProgress (1): 8.6/16 MBProgress (1): 8.6/16 MBProgress (1): 8.7/16 MBProgress (1): 8.7/16 MBProgress (1): 8.7/16 MBProgress (1): 8.7/16 MBProgress (1): 8.7/16 MBProgress (1): 8.7/16 MBProgress (1): 8.7/16 MBProgress (1): 8.8/16 MBProgress (1): 8.8/16 MBProgress (2): 8.8/16 MB | 1.1 kBProgress (2): 8.8/16 MB | 1.1 kBProgress (2): 8.8/16 MB | 1.1 kBProgress (2): 8.8/16 MB | 1.1 kBProgress (2): 8.8/16 MB | 1.1 kBProgress (2): 8.9/16 MB | 1.1 kBProgress (2): 8.9/16 MB | 1.1 kBProgress (2): 8.9/16 MB | 1.1 kBProgress (2): 8.9/16 MB | 1.1 kBProgress (2): 8.9/16 MB | 1.1 kBProgress (2): 8.9/16 MB | 1.1 kBProgress (2): 9.0/16 MB | 1.1 kBProgress (2): 9.0/16 MB | 1.1 kBProgress (2): 9.0/16 MB | 1.1 kBProgress (2): 9.0/16 MB | 1.1 kBProgress (2): 9.0/16 MB | 1.1 kBProgress (2): 9.0/16 MB | 1.1 kBProgress (2): 9.1/16 MB | 1.1 kBProgress (2): 9.1/16 MB | 1.1 kBProgress (2): 9.1/16 MB | 1.1 kBProgress (2): 9.1/16 MB | 1.1 kBProgress (2): 9.1/16 MB | 1.1 kBProgress (2): 9.1/16 MB | 1.1 kBProgress (2): 9.2/16 MB | 1.1 kBProgress (2): 9.2/16 MB | 1.1 kB                                Downloaded from aliyun: https://maven.aliyun.com/repository/public/com/yomahub/liteflow-script-graaljs/2.15.0/liteflow-script-graaljs-2.15.0.pom (1.1 kB at 14 kB/s)
Progress (1): 9.2/16 MBProgress (1): 9.2/16 MB                       Downloading from aliyun: https://maven.aliyun.com/repository/public/org/graalvm/js/js/22.0.0/js-22.0.0.pom
Progress (1): 9.2/16 MBProgress (1): 9.2/16 MBProgress (1): 9.3/16 MBProgress (1): 9.3/16 MBProgress (1): 9.3/16 MBProgress (1): 9.3/16 MBProgress (1): 9.3/16 MBProgress (1): 9.3/16 MBProgress (1): 9.4/16 MBProgress (1): 9.4/16 MBProgress (1): 9.4/16 MBProgress (1): 9.4/16 MBProgress (1): 9.4/16 MBProgress (1): 9.4/16 MBProgress (2): 9.4/16 MB | 1.8 kBProgress (2): 9.5/16 MB | 1.8 kBProgress (2): 9.5/16 MB | 1.8 kBProgress (2): 9.5/16 MB | 1.8 kBProgress (2): 9.5/16 MB | 1.8 kBProgress (2): 9.5/16 MB | 1.8 kBProgress (2): 9.5/16 MB | 1.8 kBProgress (2): 9.6/16 MB | 1.8 kBProgress (2): 9.6/16 MB | 1.8 kBProgress (2): 9.6/16 MB | 1.8 kBProgress (2): 9.6/16 MB | 1.8 kBProgress (2): 9.6/16 MB | 1.8 kBProgress (2): 9.6/16 MB | 1.8 kBProgress (2): 9.6/16 MB | 1.8 kBProgress (2): 9.7/16 MB | 1.8 kBProgress (2): 9.7/16 MB | 1.8 kBProgress (2): 9.7/16 MB | 1.8 kBProgress (2): 9.7/16 MB | 1.8 kBProgress (2): 9.7/16 MB | 1.8 kBProgress (2): 9.7/16 MB | 1.8 kBProgress (2): 9.8/16 MB | 1.8 kBProgress (2): 9.8/16 MB | 1.8 kBProgress (2): 9.8/16 MB | 1.8 kBProgress (2): 9.8/16 MB | 1.8 kBProgress (2): 9.8/16 MB | 1.8 kBProgress (2): 9.8/16 MB | 1.8 kBProgress (2): 9.9/16 MB | 1.8 kB                                Downloaded from aliyun: https://maven.aliyun.com/repository/public/org/graalvm/js/js/22.0.0/js-22.0.0.pom (1.8 kB at 25 kB/s)
Progress (1): 9.9/16 MBProgress (1): 9.9/16 MBProgress (1): 9.9/16 MBProgress (1): 9.9/16 MBProgress (1): 9.9/16 MB                       Downloading from aliyun: https://maven.aliyun.com/repository/public/org/graalvm/regex/regex/22.0.0/regex-22.0.0.pom
Progress (1): 10.0/16 MBProgress (1): 10.0/16 MBProgress (1): 10.0/16 MBProgress (1): 10/16 MB  Progress (1): 10/16 MBProgress (1): 10/16 MBProgress (1): 10/16 MBProgress (1): 10/16 MBProgress (2): 10/16 MB | 0.5/1.4 kBProgress (2): 10/16 MB | 1.4 kB    Progress (2): 10/16 MB | 1.4 kBProgress (2): 10/16 MB | 1.4 kBProgress (2): 10/16 MB | 1.4 kBProgress (2): 10/16 MB | 1.4 kBProgress (2): 10/16 MB | 1.4 kBProgress (2): 10/16 MB | 1.4 kBProgress (2): 10/16 MB | 1.4 kBProgress (2): 10/16 MB | 1.4 kBProgress (2): 10/16 MB | 1.4 kBProgress (2): 10/16 MB | 1.4 kBProgress (2): 10/16 MB | 1.4 kBProgress (2): 10/16 MB | 1.4 kBProgress (2): 10/16 MB | 1.4 kBProgress (2): 10/16 MB | 1.4 kBProgress (2): 10/16 MB | 1.4 kBProgress (2): 10/16 MB | 1.4 kBProgress (2): 10/16 MB | 1.4 kBProgress (2): 10/16 MB | 1.4 kBProgress (2): 10/16 MB | 1.4 kBProgress (2): 10/16 MB | 1.4 kBProgress (2): 10/16 MB | 1.4 kB                               Downloaded from aliyun: https://maven.aliyun.com/repository/public/org/graalvm/regex/regex/22.0.0/regex-22.0.0.pom (1.4 kB at 20 kB/s)
Progress (1): 10/16 MBProgress (1): 10/16 MB                      Downloading from aliyun: https://maven.aliyun.com/repository/public/org/graalvm/truffle/truffle-api/22.0.0/truffle-api-22.0.0.pom
Progress (1): 10/16 MBProgress (1): 10/16 MBProgress (1): 11/16 MBProgress (1): 11/16 MBProgress (1): 11/16 MBProgress (1): 11/16 MBProgress (1): 11/16 MBProgress (1): 11/16 MBProgress (1): 11/16 MBProgress (2): 11/16 MB | 1.5 kBProgress (2): 11/16 MB | 1.5 kBProgress (2): 11/16 MB | 1.5 kBProgress (2): 11/16 MB | 1.5 kBProgress (2): 11/16 MB | 1.5 kBProgress (2): 11/16 MB | 1.5 kBProgress (2): 11/16 MB | 1.5 kBProgress (2): 11/16 MB | 1.5 kBProgress (2): 11/16 MB | 1.5 kBProgress (2): 11/16 MB | 1.5 kBProgress (2): 11/16 MB | 1.5 kBProgress (2): 11/16 MB | 1.5 kBProgress (2): 11/16 MB | 1.5 kBProgress (2): 11/16 MB | 1.5 kBProgress (2): 11/16 MB | 1.5 kBProgress (2): 11/16 MB | 1.5 kBProgress (2): 11/16 MB | 1.5 kBProgress (2): 11/16 MB | 1.5 kBProgress (2): 11/16 MB | 1.5 kBProgress (2): 11/16 MB | 1.5 kBProgress (2): 11/16 MB | 1.5 kBProgress (2): 11/16 MB | 1.5 kBProgress (2): 11/16 MB | 1.5 kBProgress (2): 11/16 MB | 1.5 kBProgress (2): 11/16 MB | 1.5 kBProgress (2): 11/16 MB | 1.5 kBProgress (2): 11/16 MB | 1.5 kBProgress (2): 11/16 MB | 1.5 kBProgress (2): 11/16 MB | 1.5 kBProgress (2): 11/16 MB | 1.5 kBProgress (2): 11/16 MB | 1.5 kBProgress (2): 11/16 MB | 1.5 kBProgress (2): 11/16 MB | 1.5 kB                               Downloaded from aliyun: https://maven.aliyun.com/repository/public/org/graalvm/truffle/truffle-api/22.0.0/truffle-api-22.0.0.pom (1.5 kB at 21 kB/s)
Downloading from aliyun: https://maven.aliyun.com/repository/public/org/graalvm/sdk/graal-sdk/22.0.0/graal-sdk-22.0.0.pom
Progress (1): 11/16 MBProgress (1): 11/16 MBProgress (1): 11/16 MBProgress (1): 11/16 MBProgress (1): 11/16 MBProgress (1): 11/16 MBProgress (1): 11/16 MBProgress (1): 11/16 MBProgress (1): 11/16 MBProgress (1): 11/16 MBProgress (1): 11/16 MBProgress (1): 11/16 MBProgress (1): 11/16 MBProgress (2): 11/16 MB | 1.4 kBProgress (2): 11/16 MB | 1.4 kBProgress (2): 11/16 MB | 1.4 kBProgress (2): 11/16 MB | 1.4 kBProgress (2): 11/16 MB | 1.4 kBProgress (2): 11/16 MB | 1.4 kBProgress (2): 11/16 MB | 1.4 kBProgress (2): 11/16 MB | 1.4 kBProgress (2): 11/16 MB | 1.4 kBProgress (2): 11/16 MB | 1.4 kBProgress (2): 12/16 MB | 1.4 kBProgress (2): 12/16 MB | 1.4 kBProgress (2): 12/16 MB | 1.4 kBProgress (2): 12/16 MB | 1.4 kBProgress (2): 12/16 MB | 1.4 kBProgress (2): 12/16 MB | 1.4 kBProgress (2): 12/16 MB | 1.4 kBProgress (2): 12/16 MB | 1.4 kBProgress (2): 12/16 MB | 1.4 kBProgress (2): 12/16 MB | 1.4 kBProgress (2): 12/16 MB | 1.4 kBProgress (2): 12/16 MB | 1.4 kBProgress (2): 12/16 MB | 1.4 kBProgress (2): 12/16 MB | 1.4 kBProgress (2): 12/16 MB | 1.4 kBProgress (2): 12/16 MB | 1.4 kBProgress (2): 12/16 MB | 1.4 kBProgress (2): 12/16 MB | 1.4 kBProgress (2): 12/16 MB | 1.4 kBProgress (2): 12/16 MB | 1.4 kBProgress (2): 12/16 MB | 1.4 kBProgress (2): 12/16 MB | 1.4 kBProgress (2): 12/16 MB | 1.4 kBProgress (2): 12/16 MB | 1.4 kBProgress (2): 12/16 MB | 1.4 kBProgress (2): 12/16 MB | 1.4 kBProgress (2): 12/16 MB | 1.4 kBProgress (2): 12/16 MB | 1.4 kBProgress (2): 12/16 MB | 1.4 kBProgress (2): 12/16 MB | 1.4 kBProgress (2): 12/16 MB | 1.4 kBProgress (2): 12/16 MB | 1.4 kB                               Downloaded from aliyun: https://maven.aliyun.com/repository/public/org/graalvm/sdk/graal-sdk/22.0.0/graal-sdk-22.0.0.pom (1.4 kB at 15 kB/s)
Progress (1): 12/16 MBProgress (1): 12/16 MB                      Downloading from aliyun: https://maven.aliyun.com/repository/public/dev/langchain4j/langchain4j-ollama/0.35.0/langchain4j-ollama-0.35.0.pom
Progress (1): 12/16 MBProgress (1): 12/16 MBProgress (1): 12/16 MBProgress (1): 12/16 MBProgress (1): 12/16 MBProgress (1): 12/16 MBProgress (1): 12/16 MBProgress (1): 12/16 MBProgress (1): 12/16 MBProgress (1): 12/16 MBProgress (1): 12/16 MBProgress (1): 12/16 MBProgress (1): 12/16 MBProgress (1): 12/16 MBProgress (1): 12/16 MBProgress (2): 12/16 MB | 4.8 kBProgress (2): 12/16 MB | 4.8 kBProgress (2): 12/16 MB | 4.8 kBProgress (2): 12/16 MB | 4.8 kBProgress (2): 12/16 MB | 4.8 kBProgress (2): 12/16 MB | 4.8 kBProgress (2): 12/16 MB | 4.8 kBProgress (2): 12/16 MB | 4.8 kBProgress (2): 12/16 MB | 4.8 kBProgress (2): 12/16 MB | 4.8 kBProgress (2): 12/16 MB | 4.8 kBProgress (2): 12/16 MB | 4.8 kBProgress (2): 12/16 MB | 4.8 kBProgress (2): 13/16 MB | 4.8 kBProgress (2): 13/16 MB | 4.8 kBProgress (2): 13/16 MB | 4.8 kBProgress (2): 13/16 MB | 4.8 kBProgress (2): 13/16 MB | 4.8 kBProgress (2): 13/16 MB | 4.8 kBProgress (2): 13/16 MB | 4.8 kBProgress (2): 13/16 MB | 4.8 kBProgress (2): 13/16 MB | 4.8 kBProgress (2): 13/16 MB | 4.8 kBProgress (2): 13/16 MB | 4.8 kBProgress (2): 13/16 MB | 4.8 kBProgress (2): 13/16 MB | 4.8 kBProgress (2): 13/16 MB | 4.8 kBProgress (2): 13/16 MB | 4.8 kBProgress (2): 13/16 MB | 4.8 kBProgress (2): 13/16 MB | 4.8 kBProgress (2): 13/16 MB | 4.8 kBProgress (2): 13/16 MB | 4.8 kBProgress (2): 13/16 MB | 4.8 kBProgress (2): 13/16 MB | 4.8 kBProgress (2): 13/16 MB | 4.8 kBProgress (2): 13/16 MB | 4.8 kBProgress (2): 13/16 MB | 4.8 kBProgress (2): 13/16 MB | 4.8 kBProgress (2): 13/16 MB | 4.8 kBProgress (2): 13/16 MB | 4.8 kBProgress (2): 13/16 MB | 4.8 kBProgress (2): 13/16 MB | 4.8 kBProgress (2): 13/16 MB | 4.8 kBProgress (2): 13/16 MB | 4.8 kBProgress (2): 13/16 MB | 4.8 kBProgress (2): 13/16 MB | 4.8 kBProgress (2): 13/16 MB | 4.8 kBProgress (2): 13/16 MB | 4.8 kB                               Downloaded from aliyun: https://maven.aliyun.com/repository/public/dev/langchain4j/langchain4j-ollama/0.35.0/langchain4j-ollama-0.35.0.pom (4.8 kB at 19 kB/s)
Progress (1): 13/16 MBProgress (1): 13/16 MBProgress (1): 13/16 MBProgress (1): 13/16 MBProgress (1): 13/16 MBProgress (1): 13/16 MB                      Downloading from aliyun: https://maven.aliyun.com/repository/public/dev/langchain4j/langchain4j-zhipu-ai/0.35.0/langchain4j-zhipu-ai-0.35.0.pom
Progress (1): 13/16 MBProgress (1): 13/16 MBProgress (1): 13/16 MBProgress (1): 13/16 MBProgress (1): 13/16 MBProgress (1): 13/16 MBProgress (1): 13/16 MBProgress (1): 13/16 MBProgress (1): 13/16 MBProgress (1): 13/16 MBProgress (1): 13/16 MBProgress (1): 13/16 MBProgress (1): 13/16 MBProgress (1): 13/16 MBProgress (1): 13/16 MBProgress (1): 13/16 MBProgress (1): 13/16 MBProgress (1): 13/16 MBProgress (1): 13/16 MBProgress (1): 13/16 MBProgress (1): 14/16 MBProgress (1): 14/16 MBProgress (1): 14/16 MBProgress (1): 14/16 MBProgress (1): 14/16 MBProgress (1): 14/16 MBProgress (1): 14/16 MBProgress (1): 14/16 MBProgress (1): 14/16 MBProgress (1): 14/16 MBProgress (1): 14/16 MBProgress (1): 14/16 MBProgress (1): 14/16 MBProgress (1): 14/16 MBProgress (1): 14/16 MBProgress (1): 14/16 MBProgress (1): 14/16 MBProgress (1): 14/16 MBProgress (1): 14/16 MBProgress (1): 14/16 MBProgress (1): 14/16 MBProgress (1): 14/16 MBProgress (1): 14/16 MBProgress (1): 14/16 MBProgress (1): 14/16 MBProgress (1): 14/16 MBProgress (1): 14/16 MBProgress (1): 14/16 MBProgress (1): 14/16 MBProgress (1): 14/16 MBProgress (1): 14/16 MBProgress (1): 14/16 MBProgress (1): 14/16 MBProgress (2): 14/16 MB | 4.2 kBProgress (2): 14/16 MB | 4.2 kBProgress (2): 14/16 MB | 4.2 kBProgress (2): 14/16 MB | 4.2 kBProgress (2): 14/16 MB | 4.2 kBProgress (2): 14/16 MB | 4.2 kBProgress (2): 14/16 MB | 4.2 kBProgress (2): 14/16 MB | 4.2 kBProgress (2): 14/16 MB | 4.2 kBProgress (2): 14/16 MB | 4.2 kBProgress (2): 14/16 MB | 4.2 kBProgress (2): 14/16 MB | 4.2 kBProgress (2): 14/16 MB | 4.2 kBProgress (2): 14/16 MB | 4.2 kBProgress (2): 14/16 MB | 4.2 kBProgress (2): 14/16 MB | 4.2 kBProgress (2): 14/16 MB | 4.2 kBProgress (2): 14/16 MB | 4.2 kBProgress (2): 14/16 MB | 4.2 kBProgress (2): 14/16 MB | 4.2 kBProgress (2): 14/16 MB | 4.2 kBProgress (2): 14/16 MB | 4.2 kBProgress (2): 14/16 MB | 4.2 kBProgress (2): 14/16 MB | 4.2 kBProgress (2): 14/16 MB | 4.2 kBProgress (2): 14/16 MB | 4.2 kBProgress (2): 14/16 MB | 4.2 kBProgress (2): 14/16 MB | 4.2 kBProgress (2): 14/16 MB | 4.2 kBProgress (2): 14/16 MB | 4.2 kBProgress (2): 15/16 MB | 4.2 kBProgress (2): 15/16 MB | 4.2 kBProgress (2): 15/16 MB | 4.2 kBProgress (2): 15/16 MB | 4.2 kBProgress (2): 15/16 MB | 4.2 kBProgress (2): 15/16 MB | 4.2 kBProgress (2): 15/16 MB | 4.2 kBProgress (2): 15/16 MB | 4.2 kBProgress (2): 15/16 MB | 4.2 kBProgress (2): 15/16 MB | 4.2 kBProgress (2): 15/16 MB | 4.2 kBProgress (2): 15/16 MB | 4.2 kBProgress (2): 15/16 MB | 4.2 kBProgress (2): 15/16 MB | 4.2 kBProgress (2): 15/16 MB | 4.2 kBProgress (2): 15/16 MB | 4.2 kBProgress (2): 15/16 MB | 4.2 kBProgress (2): 15/16 MB | 4.2 kBProgress (2): 15/16 MB | 4.2 kBProgress (2): 15/16 MB | 4.2 kBProgress (2): 15/16 MB | 4.2 kBProgress (2): 15/16 MB | 4.2 kBProgress (2): 15/16 MB | 4.2 kBProgress (2): 15/16 MB | 4.2 kBProgress (2): 15/16 MB | 4.2 kBProgress (2): 15/16 MB | 4.2 kBProgress (2): 15/16 MB | 4.2 kBProgress (2): 15/16 MB | 4.2 kBProgress (2): 15/16 MB | 4.2 kBProgress (2): 15/16 MB | 4.2 kBProgress (2): 15/16 MB | 4.2 kBProgress (2): 15/16 MB | 4.2 kBProgress (2): 15/16 MB | 4.2 kBProgress (2): 15/16 MB | 4.2 kBProgress (2): 15/16 MB | 4.2 kBProgress (2): 15/16 MB | 4.2 kBProgress (2): 15/16 MB | 4.2 kBProgress (2): 15/16 MB | 4.2 kBProgress (2): 15/16 MB | 4.2 kBProgress (2): 15/16 MB | 4.2 kBProgress (2): 15/16 MB | 4.2 kBProgress (2): 15/16 MB | 4.2 kBProgress (2): 15/16 MB | 4.2 kBProgress (2): 15/16 MB | 4.2 kBProgress (2): 15/16 MB | 4.2 kBProgress (2): 15/16 MB | 4.2 kBProgress (2): 15/16 MB | 4.2 kBProgress (2): 15/16 MB | 4.2 kBProgress (2): 15/16 MB | 4.2 kBProgress (2): 15/16 MB | 4.2 kBProgress (2): 15/16 MB | 4.2 kBProgress (2): 15/16 MB | 4.2 kBProgress (2): 15/16 MB | 4.2 kBProgress (2): 15/16 MB | 4.2 kBProgress (2): 15/16 MB | 4.2 kBProgress (2): 15/16 MB | 4.2 kBProgress (2): 15/16 MB | 4.2 kBProgress (2): 15/16 MB | 4.2 kBProgress (2): 15/16 MB | 4.2 kBProgress (2): 15/16 MB | 4.2 kBProgress (2): 15/16 MB | 4.2 kBProgress (2): 16/16 MB | 4.2 kBProgress (2): 16/16 MB | 4.2 kBProgress (2): 16/16 MB | 4.2 kBProgress (2): 16/16 MB | 4.2 kBProgress (2): 16/16 MB | 4.2 kBProgress (2): 16/16 MB | 4.2 kBProgress (2): 16/16 MB | 4.2 kBProgress (2): 16/16 MB | 4.2 kBProgress (2): 16/16 MB | 4.2 kBProgress (2): 16/16 MB | 4.2 kBProgress (2): 16/16 MB | 4.2 kBProgress (2): 16/16 MB | 4.2 kBProgress (2): 16/16 MB | 4.2 kBProgress (2): 16/16 MB | 4.2 kBProgress (2): 16/16 MB | 4.2 kBProgress (2): 16/16 MB | 4.2 kBProgress (2): 16/16 MB | 4.2 kBProgress (2): 16/16 MB | 4.2 kBProgress (2): 16/16 MB | 4.2 kB                               Downloaded from aliyun: https://maven.aliyun.com/repository/public/dev/langchain4j/langchain4j-zhipu-ai/0.35.0/langchain4j-zhipu-ai-0.35.0.pom (4.2 kB at 14 kB/s)
Progress (1): 16/16 MBProgress (1): 16/16 MB                      Downloading from aliyun: https://maven.aliyun.com/repository/public/io/jsonwebtoken/jjwt/0.12.3/jjwt-0.12.3.pom
Progress (1): 16/16 MBProgress (1): 16/16 MBProgress (1): 16/16 MBProgress (1): 16/16 MBProgress (1): 16/16 MBProgress (1): 16/16 MBProgress (1): 16/16 MBProgress (1): 16/16 MBProgress (1): 16/16 MBProgress (1): 16/16 MBProgress (1): 16/16 MBProgress (1): 16/16 MBProgress (1): 16/16 MBProgress (1): 16/16 MBProgress (1): 16/16 MBProgress (1): 16/16 MBProgress (2): 16/16 MB | 2.4 kBProgress (2): 16/16 MB | 2.4 kBProgress (2): 16/16 MB | 2.4 kBProgress (2): 16/16 MB | 2.4 kBProgress (2): 16/16 MB | 2.4 kBProgress (2): 16/16 MB | 2.4 kBProgress (2): 16/16 MB | 2.4 kBProgress (2): 16/16 MB | 2.4 kBProgress (2): 16/16 MB | 2.4 kBProgress (2): 16/16 MB | 2.4 kBProgress (2): 16 MB | 2.4 kB                               Downloaded from aliyun: https://maven.aliyun.com/repository/public/io/jsonwebtoken/jjwt/0.12.3/jjwt-0.12.3.pom (2.4 kB at 12 kB/s)
Downloading from aliyun: https://maven.aliyun.com/repository/public/io/jsonwebtoken/jjwt-root/0.12.3/jjwt-root-0.12.3.pom
Progress (2): 16 MB | 0.4/37 kBProgress (2): 16 MB | 17/37 kB Progress (2): 16 MB | 33/37 kBProgress (2): 16 MB | 37 kB                              Downloaded from aliyun: https://maven.aliyun.com/repository/public/com/larksuite/oapi/oapi-sdk/2.4.20/oapi-sdk-2.4.20.jar (16 MB at 5.9 MB/s)
Downloading from aliyun: https://maven.aliyun.com/repository/public/com/google/errorprone/error_prone_annotations/2.38.0/error_prone_annotations-2.38.0.jar
Downloading from aliyun: https://maven.aliyun.com/repository/public/org/apache/httpcomponents/httpmime/4.5.13/httpmime-4.5.13.jar
Downloading from aliyun: https://maven.aliyun.com/repository/public/com/larksuite/oapi/larksuite-oapi-shaded-protobuf/2.4.6/larksuite-oapi-shaded-protobuf-2.4.6.jar
Downloading from aliyun: https://maven.aliyun.com/repository/public/com/google/guava/guava/32.0.0-jre/guava-32.0.0-jre.jar
Downloading from aliyun: https://maven.aliyun.com/repository/public/org/checkerframework/checker-qual/3.33.0/checker-qual-3.33.0.jar
Progress (2): 37 kB | 1.9/42 kBProgress (2): 37 kB | 18/42 kB Progress (2): 37 kB | 35/42 kBProgress (2): 37 kB | 42 kB   Progress (3): 37 kB | 42 kB | 7.3/224 kBProgress (3): 37 kB | 42 kB | 15/224 kB Progress (3): 37 kB | 42 kB | 31/224 kB                                       Downloaded from aliyun: https://maven.aliyun.com/repository/public/org/apache/httpcomponents/httpmime/4.5.13/httpmime-4.5.13.jar (42 kB at 853 kB/s)
Downloading from aliyun: https://maven.aliyun.com/repository/public/org/jetbrains/kotlin/kotlin-compiler-embeddable/2.2.0/kotlin-compiler-embeddable-2.2.0.jar
Progress (2): 37 kB | 48/224 kBProgress (2): 37 kB | 64/224 kBProgress (2): 37 kB | 81/224 kBProgress (2): 37 kB | 97/224 kBProgress (2): 37 kB | 113/224 kBProgress (2): 37 kB | 130/224 kBProgress (3): 37 kB | 130/224 kB | 0/56 MBProgress (3): 37 kB | 130/224 kB | 0/56 MBProgress (4): 37 kB | 130/224 kB | 0/56 MB | 0/3.0 MBProgress (4): 37 kB | 146/224 kB | 0/56 MB | 0/3.0 MBProgress (4): 37 kB | 146/224 kB | 0/56 MB | 0/3.0 MB                                                     Downloaded from aliyun: https://maven.aliyun.com/repository/public/io/jsonwebtoken/jjwt-root/0.12.3/jjwt-root-0.12.3.pom (37 kB at 225 kB/s)
Progress (3): 146/224 kB | 0.1/56 MB | 0/3.0 MBProgress (3): 146/224 kB | 0.1/56 MB | 0/3.0 MBProgress (3): 146/224 kB | 0.1/56 MB | 0/3.0 MB                                               Downloading from aliyun: https://maven.aliyun.com/repository/public/io/jsonwebtoken/jjwt-api/0.12.3/jjwt-api-0.12.3.pom
Progress (3): 163/224 kB | 0.1/56 MB | 0/3.0 MBProgress (3): 179/224 kB | 0.1/56 MB | 0/3.0 MBProgress (3): 179/224 kB | 0.1/56 MB | 0/3.0 MBProgress (3): 179/224 kB | 0.1/56 MB | 0/3.0 MBProgress (3): 179/224 kB | 0.1/56 MB | 0/3.0 MBProgress (3): 179/224 kB | 0.1/56 MB | 0.1/3.0 MBProgress (3): 179/224 kB | 0.1/56 MB | 0.1/3.0 MBProgress (4): 179/224 kB | 0.1/56 MB | 0.1/3.0 MB | 7.3/20 kBProgress (4): 179/224 kB | 0.1/56 MB | 0.1/3.0 MB | 15/20 kB Progress (4): 179/224 kB | 0.1/56 MB | 0.1/3.0 MB | 20 kB   Progress (4): 195/224 kB | 0.1/56 MB | 0.1/3.0 MB | 20 kBProgress (4): 212/224 kB | 0.1/56 MB | 0.1/3.0 MB | 20 kBProgress (4): 212/224 kB | 0.1/56 MB | 0.1/3.0 MB | 20 kBProgress (4): 224 kB | 0.1/56 MB | 0.1/3.0 MB | 20 kB    Progress (4): 224 kB | 0.1/56 MB | 0.1/3.0 MB | 20 kBProgress (4): 224 kB | 0.1/56 MB | 0.1/3.0 MB | 20 kBProgress (4): 224 kB | 0.1/56 MB | 0.1/3.0 MB | 20 kBProgress (4): 224 kB | 0.2/56 MB | 0.1/3.0 MB | 20 kBProgress (4): 224 kB | 0.2/56 MB | 0.1/3.0 MB | 20 kBProgress (4): 224 kB | 0.2/56 MB | 0.1/3.0 MB | 20 kBProgress (4): 224 kB | 0.2/56 MB | 0.1/3.0 MB | 20 kBProgress (5): 224 kB | 0.2/56 MB | 0.1/3.0 MB | 20 kB | 1.8 kBProgress (5): 224 kB | 0.2/56 MB | 0.1/3.0 MB | 20 kB | 1.8 kBProgress (5): 224 kB | 0.2/56 MB | 0.1/3.0 MB | 20 kB | 1.8 kBProgress (5): 224 kB | 0.2/56 MB | 0.1/3.0 MB | 20 kB | 1.8 kBProgress (5): 224 kB | 0.2/56 MB | 0.1/3.0 MB | 20 kB | 1.8 kBProgress (5): 224 kB | 0.2/56 MB | 0.1/3.0 MB | 20 kB | 1.8 kBProgress (5): 224 kB | 0.2/56 MB | 0.2/3.0 MB | 20 kB | 1.8 kBProgress (5): 224 kB | 0.2/56 MB | 0.2/3.0 MB | 20 kB | 1.8 kBProgress (5): 224 kB | 0.3/56 MB | 0.2/3.0 MB | 20 kB | 1.8 kBProgress (5): 224 kB | 0.3/56 MB | 0.2/3.0 MB | 20 kB | 1.8 kBProgress (5): 224 kB | 0.3/56 MB | 0.2/3.0 MB | 20 kB | 1.8 kBProgress (5): 224 kB | 0.3/56 MB | 0.2/3.0 MB | 20 kB | 1.8 kBProgress (5): 224 kB | 0.3/56 MB | 0.2/3.0 MB | 20 kB | 1.8 kBProgress (5): 224 kB | 0.3/56 MB | 0.2/3.0 MB | 20 kB | 1.8 kBProgress (5): 224 kB | 0.3/56 MB | 0.2/3.0 MB | 20 kB | 1.8 kBProgress (5): 224 kB | 0.3/56 MB | 0.2/3.0 MB | 20 kB | 1.8 kBProgress (5): 224 kB | 0.3/56 MB | 0.2/3.0 MB | 20 kB | 1.8 kBProgress (5): 224 kB | 0.3/56 MB | 0.3/3.0 MB | 20 kB | 1.8 kBProgress (5): 224 kB | 0.3/56 MB | 0.3/3.0 MB | 20 kB | 1.8 kB                                                              Downloaded from aliyun: https://maven.aliyun.com/repository/public/com/google/errorprone/error_prone_annotations/2.38.0/error_prone_annotations-2.38.0.jar (20 kB at 140 kB/s)
Progress (4): 224 kB | 0.3/56 MB | 0.3/3.0 MB | 1.8 kBProgress (4): 224 kB | 0.3/56 MB | 0.3/3.0 MB | 1.8 kBProgress (4): 224 kB | 0.3/56 MB | 0.3/3.0 MB | 1.8 kBProgress (4): 224 kB | 0.3/56 MB | 0.3/3.0 MB | 1.8 kBProgress (4): 224 kB | 0.3/56 MB | 0.3/3.0 MB | 1.8 kB                                                      Downloaded from aliyun: https://maven.aliyun.com/repository/public/org/checkerframework/checker-qual/3.33.0/checker-qual-3.33.0.jar (224 kB at 1.4 MB/s)
Progress (4): 0.3/56 MB | 0.3/3.0 MB | 1.8 kB | 0/1.9 MBProgress (4): 0.3/56 MB | 0.3/3.0 MB | 1.8 kB | 0/1.9 MBProgress (4): 0.3/56 MB | 0.3/3.0 MB | 1.8 kB | 0/1.9 MBProgress (4): 0.4/56 MB | 0.3/3.0 MB | 1.8 kB | 0/1.9 MBProgress (4): 0.4/56 MB | 0.3/3.0 MB | 1.8 kB | 0/1.9 MBProgress (4): 0.4/56 MB | 0.3/3.0 MB | 1.8 kB | 0/1.9 MBProgress (4): 0.4/56 MB | 0.4/3.0 MB | 1.8 kB | 0/1.9 MBProgress (4): 0.4/56 MB | 0.4/3.0 MB | 1.8 kB | 0/1.9 MBProgress (4): 0.4/56 MB | 0.4/3.0 MB | 1.8 kB | 0/1.9 MBProgress (4): 0.4/56 MB | 0.4/3.0 MB | 1.8 kB | 0/1.9 MBProgress (4): 0.4/56 MB | 0.4/3.0 MB | 1.8 kB | 0/1.9 MBProgress (4): 0.4/56 MB | 0.4/3.0 MB | 1.8 kB | 0/1.9 MBProgress (4): 0.4/56 MB | 0.4/3.0 MB | 1.8 kB | 0/1.9 MBProgress (4): 0.4/56 MB | 0.4/3.0 MB | 1.8 kB | 0/1.9 MBProgress (4): 0.4/56 MB | 0.4/3.0 MB | 1.8 kB | 0.1/1.9 MBProgress (4): 0.4/56 MB | 0.4/3.0 MB | 1.8 kB | 0.1/1.9 MBProgress (4): 0.4/56 MB | 0.4/3.0 MB | 1.8 kB | 0.1/1.9 MBProgress (4): 0.4/56 MB | 0.4/3.0 MB | 1.8 kB | 0.1/1.9 MBProgress (4): 0.4/56 MB | 0.4/3.0 MB | 1.8 kB | 0.1/1.9 MBProgress (4): 0.4/56 MB | 0.5/3.0 MB | 1.8 kB | 0.1/1.9 MBProgress (4): 0.4/56 MB | 0.5/3.0 MB | 1.8 kB | 0.1/1.9 MBProgress (4): 0.4/56 MB | 0.5/3.0 MB | 1.8 kB | 0.1/1.9 MBProgress (4): 0.4/56 MB | 0.5/3.0 MB | 1.8 kB | 0.1/1.9 MBProgress (4): 0.5/56 MB | 0.5/3.0 MB | 1.8 kB | 0.1/1.9 MBProgress (4): 0.5/56 MB | 0.5/3.0 MB | 1.8 kB | 0.1/1.9 MBProgress (4): 0.5/56 MB | 0.5/3.0 MB | 1.8 kB | 0.1/1.9 MBProgress (4): 0.5/56 MB | 0.5/3.0 MB | 1.8 kB | 0.1/1.9 MBProgress (4): 0.5/56 MB | 0.5/3.0 MB | 1.8 kB | 0.1/1.9 MBProgress (4): 0.5/56 MB | 0.5/3.0 MB | 1.8 kB | 0.1/1.9 MBProgress (4): 0.5/56 MB | 0.5/3.0 MB | 1.8 kB | 0.1/1.9 MBProgress (4): 0.5/56 MB | 0.5/3.0 MB | 1.8 kB | 0.1/1.9 MBProgress (4): 0.5/56 MB | 0.5/3.0 MB | 1.8 kB | 0.1/1.9 MBProgress (4): 0.5/56 MB | 0.5/3.0 MB | 1.8 kB | 0.1/1.9 MBProgress (4): 0.5/56 MB | 0.5/3.0 MB | 1.8 kB | 0.1/1.9 MBProgress (4): 0.5/56 MB | 0.5/3.0 MB | 1.8 kB | 0.1/1.9 MBProgress (4): 0.5/56 MB | 0.5/3.0 MB | 1.8 kB | 0.1/1.9 MBProgress (4): 0.5/56 MB | 0.5/3.0 MB | 1.8 kB | 0.1/1.9 MBProgress (4): 0.5/56 MB | 0.5/3.0 MB | 1.8 kB | 0.1/1.9 MBProgress (4): 0.5/56 MB | 0.5/3.0 MB | 1.8 kB | 0.2/1.9 MBProgress (4): 0.6/56 MB | 0.5/3.0 MB | 1.8 kB | 0.2/1.9 MBProgress (4): 0.6/56 MB | 0.5/3.0 MB | 1.8 kB | 0.2/1.9 MBProgress (4): 0.6/56 MB | 0.5/3.0 MB | 1.8 kB | 0.2/1.9 MBProgress (4): 0.6/56 MB | 0.5/3.0 MB | 1.8 kB | 0.2/1.9 MBProgress (4): 0.6/56 MB | 0.5/3.0 MB | 1.8 kB | 0.2/1.9 MBProgress (4): 0.6/56 MB | 0.5/3.0 MB | 1.8 kB | 0.2/1.9 MBProgress (4): 0.6/56 MB | 0.5/3.0 MB | 1.8 kB | 0.2/1.9 MBProgress (4): 0.6/56 MB | 0.5/3.0 MB | 1.8 kB | 0.2/1.9 MBProgress (4): 0.6/56 MB | 0.5/3.0 MB | 1.8 kB | 0.2/1.9 MBProgress (4): 0.6/56 MB | 0.5/3.0 MB | 1.8 kB | 0.2/1.9 MBProgress (4): 0.6/56 MB | 0.5/3.0 MB | 1.8 kB | 0.2/1.9 MBProgress (4): 0.6/56 MB | 0.5/3.0 MB | 1.8 kB | 0.3/1.9 MBProgress (4): 0.6/56 MB | 0.5/3.0 MB | 1.8 kB | 0.3/1.9 MBProgress (4): 0.6/56 MB | 0.6/3.0 MB | 1.8 kB | 0.3/1.9 MBProgress (4): 0.6/56 MB | 0.6/3.0 MB | 1.8 kB | 0.3/1.9 MBProgress (4): 0.6/56 MB | 0.6/3.0 MB | 1.8 kB | 0.3/1.9 MBProgress (4): 0.6/56 MB | 0.6/3.0 MB | 1.8 kB | 0.3/1.9 MBProgress (4): 0.6/56 MB | 0.6/3.0 MB | 1.8 kB | 0.3/1.9 MB                                                          Downloaded from aliyun: https://maven.aliyun.com/repository/public/io/jsonwebtoken/jjwt-api/0.12.3/jjwt-api-0.12.3.pom (1.8 kB at 11 kB/s)
Progress (3): 0.6/56 MB | 0.6/3.0 MB | 0.3/1.9 MBProgress (3): 0.6/56 MB | 0.6/3.0 MB | 0.3/1.9 MBProgress (3): 0.6/56 MB | 0.6/3.0 MB | 0.3/1.9 MB                                                 Downloading from aliyun: https://maven.aliyun.com/repository/public/io/jsonwebtoken/jjwt-impl/0.12.3/jjwt-impl-0.12.3.pom
Progress (3): 0.6/56 MB | 0.6/3.0 MB | 0.3/1.9 MBProgress (3): 0.6/56 MB | 0.6/3.0 MB | 0.3/1.9 MBProgress (3): 0.6/56 MB | 0.6/3.0 MB | 0.3/1.9 MBProgress (3): 0.6/56 MB | 0.6/3.0 MB | 0.4/1.9 MBProgress (3): 0.7/56 MB | 0.6/3.0 MB | 0.4/1.9 MBProgress (3): 0.7/56 MB | 0.6/3.0 MB | 0.4/1.9 MBProgress (3): 0.7/56 MB | 0.6/3.0 MB | 0.4/1.9 MBProgress (3): 0.7/56 MB | 0.6/3.0 MB | 0.4/1.9 MBProgress (3): 0.7/56 MB | 0.6/3.0 MB | 0.4/1.9 MBProgress (3): 0.7/56 MB | 0.6/3.0 MB | 0.4/1.9 MBProgress (3): 0.7/56 MB | 0.6/3.0 MB | 0.4/1.9 MBProgress (3): 0.7/56 MB | 0.6/3.0 MB | 0.4/1.9 MBProgress (3): 0.7/56 MB | 0.6/3.0 MB | 0.4/1.9 MBProgress (3): 0.7/56 MB | 0.6/3.0 MB | 0.4/1.9 MBProgress (3): 0.7/56 MB | 0.6/3.0 MB | 0.4/1.9 MBProgress (3): 0.7/56 MB | 0.7/3.0 MB | 0.4/1.9 MBProgress (3): 0.7/56 MB | 0.7/3.0 MB | 0.4/1.9 MBProgress (3): 0.7/56 MB | 0.7/3.0 MB | 0.4/1.9 MBProgress (3): 0.7/56 MB | 0.7/3.0 MB | 0.4/1.9 MBProgress (4): 0.7/56 MB | 0.7/3.0 MB | 0.4/1.9 MB | 2.5 kBProgress (4): 0.7/56 MB | 0.7/3.0 MB | 0.5/1.9 MB | 2.5 kBProgress (4): 0.7/56 MB | 0.7/3.0 MB | 0.5/1.9 MB | 2.5 kBProgress (4): 0.7/56 MB | 0.7/3.0 MB | 0.5/1.9 MB | 2.5 kBProgress (4): 0.7/56 MB | 0.7/3.0 MB | 0.5/1.9 MB | 2.5 kBProgress (4): 0.7/56 MB | 0.7/3.0 MB | 0.5/1.9 MB | 2.5 kBProgress (4): 0.7/56 MB | 0.7/3.0 MB | 0.5/1.9 MB | 2.5 kBProgress (4): 0.7/56 MB | 0.8/3.0 MB | 0.5/1.9 MB | 2.5 kBProgress (4): 0.7/56 MB | 0.8/3.0 MB | 0.5/1.9 MB | 2.5 kBProgress (4): 0.7/56 MB | 0.8/3.0 MB | 0.5/1.9 MB | 2.5 kBProgress (4): 0.7/56 MB | 0.8/3.0 MB | 0.5/1.9 MB | 2.5 kBProgress (4): 0.7/56 MB | 0.8/3.0 MB | 0.5/1.9 MB | 2.5 kBProgress (4): 0.7/56 MB | 0.8/3.0 MB | 0.5/1.9 MB | 2.5 kBProgress (4): 0.7/56 MB | 0.8/3.0 MB | 0.5/1.9 MB | 2.5 kBProgress (4): 0.8/56 MB | 0.8/3.0 MB | 0.5/1.9 MB | 2.5 kBProgress (4): 0.8/56 MB | 0.8/3.0 MB | 0.5/1.9 MB | 2.5 kBProgress (4): 0.8/56 MB | 0.8/3.0 MB | 0.5/1.9 MB | 2.5 kBProgress (4): 0.8/56 MB | 0.8/3.0 MB | 0.5/1.9 MB | 2.5 kBProgress (4): 0.8/56 MB | 0.8/3.0 MB | 0.5/1.9 MB | 2.5 kBProgress (4): 0.8/56 MB | 0.8/3.0 MB | 0.5/1.9 MB | 2.5 kBProgress (4): 0.8/56 MB | 0.8/3.0 MB | 0.6/1.9 MB | 2.5 kBProgress (4): 0.8/56 MB | 0.8/3.0 MB | 0.6/1.9 MB | 2.5 kBProgress (4): 0.8/56 MB | 0.8/3.0 MB | 0.6/1.9 MB | 2.5 kBProgress (4): 0.8/56 MB | 0.8/3.0 MB | 0.6/1.9 MB | 2.5 kBProgress (4): 0.8/56 MB | 0.8/3.0 MB | 0.6/1.9 MB | 2.5 kBProgress (4): 0.8/56 MB | 0.8/3.0 MB | 0.6/1.9 MB | 2.5 kBProgress (4): 0.9/56 MB | 0.8/3.0 MB | 0.6/1.9 MB | 2.5 kBProgress (4): 0.9/56 MB | 0.9/3.0 MB | 0.6/1.9 MB | 2.5 kBProgress (4): 0.9/56 MB | 0.9/3.0 MB | 0.6/1.9 MB | 2.5 kBProgress (4): 0.9/56 MB | 0.9/3.0 MB | 0.6/1.9 MB | 2.5 kBProgress (4): 0.9/56 MB | 0.9/3.0 MB | 0.6/1.9 MB | 2.5 kBProgress (4): 0.9/56 MB | 0.9/3.0 MB | 0.6/1.9 MB | 2.5 kBProgress (4): 0.9/56 MB | 0.9/3.0 MB | 0.6/1.9 MB | 2.5 kBProgress (4): 0.9/56 MB | 0.9/3.0 MB | 0.6/1.9 MB | 2.5 kBProgress (4): 0.9/56 MB | 0.9/3.0 MB | 0.6/1.9 MB | 2.5 kBProgress (4): 0.9/56 MB | 0.9/3.0 MB | 0.6/1.9 MB | 2.5 kBProgress (4): 0.9/56 MB | 0.9/3.0 MB | 0.6/1.9 MB | 2.5 kBProgress (4): 0.9/56 MB | 0.9/3.0 MB | 0.6/1.9 MB | 2.5 kBProgress (4): 0.9/56 MB | 0.9/3.0 MB | 0.6/1.9 MB | 2.5 kBProgress (4): 0.9/56 MB | 0.9/3.0 MB | 0.6/1.9 MB | 2.5 kBProgress (4): 1.0/56 MB | 0.9/3.0 MB | 0.6/1.9 MB | 2.5 kBProgress (4): 1.0/56 MB | 0.9/3.0 MB | 0.6/1.9 MB | 2.5 kBProgress (4): 1.0/56 MB | 0.9/3.0 MB | 0.6/1.9 MB | 2.5 kBProgress (4): 1.0/56 MB | 0.9/3.0 MB | 0.6/1.9 MB | 2.5 kBProgress (4): 1.0/56 MB | 0.9/3.0 MB | 0.7/1.9 MB | 2.5 kBProgress (4): 1.0/56 MB | 0.9/3.0 MB | 0.7/1.9 MB | 2.5 kBProgress (4): 1.0/56 MB | 0.9/3.0 MB | 0.7/1.9 MB | 2.5 kBProgress (4): 1.0/56 MB | 0.9/3.0 MB | 0.7/1.9 MB | 2.5 kBProgress (4): 1.0/56 MB | 0.9/3.0 MB | 0.7/1.9 MB | 2.5 kBProgress (4): 1.0/56 MB | 0.9/3.0 MB | 0.7/1.9 MB | 2.5 kBProgress (4): 1.0/56 MB | 1.0/3.0 MB | 0.7/1.9 MB | 2.5 kBProgress (4): 1.0/56 MB | 1.0/3.0 MB | 0.7/1.9 MB | 2.5 kBProgress (4): 1.0/56 MB | 1.0/3.0 MB | 0.7/1.9 MB | 2.5 kBProgress (4): 1.0/56 MB | 1.0/3.0 MB | 0.7/1.9 MB | 2.5 kBProgress (4): 1.1/56 MB | 1.0/3.0 MB | 0.7/1.9 MB | 2.5 kBProgress (4): 1.1/56 MB | 1.0/3.0 MB | 0.7/1.9 MB | 2.5 kBProgress (4): 1.1/56 MB | 1.0/3.0 MB | 0.7/1.9 MB | 2.5 kBProgress (4): 1.1/56 MB | 1.0/3.0 MB | 0.7/1.9 MB | 2.5 kBProgress (4): 1.1/56 MB | 1.0/3.0 MB | 0.7/1.9 MB | 2.5 kBProgress (4): 1.1/56 MB | 1.0/3.0 MB | 0.7/1.9 MB | 2.5 kBProgress (4): 1.1/56 MB | 1.0/3.0 MB | 0.7/1.9 MB | 2.5 kBProgress (4): 1.1/56 MB | 1.0/3.0 MB | 0.7/1.9 MB | 2.5 kBProgress (4): 1.2/56 MB | 1.0/3.0 MB | 0.7/1.9 MB | 2.5 kBProgress (4): 1.2/56 MB | 1.0/3.0 MB | 0.7/1.9 MB | 2.5 kBProgress (4): 1.2/56 MB | 1.0/3.0 MB | 0.7/1.9 MB | 2.5 kBProgress (4): 1.2/56 MB | 1.0/3.0 MB | 0.7/1.9 MB | 2.5 kBProgress (4): 1.2/56 MB | 1.0/3.0 MB | 0.7/1.9 MB | 2.5 kBProgress (4): 1.2/56 MB | 1.0/3.0 MB | 0.7/1.9 MB | 2.5 kBProgress (4): 1.2/56 MB | 1.0/3.0 MB | 0.7/1.9 MB | 2.5 kBProgress (4): 1.2/56 MB | 1.0/3.0 MB | 0.7/1.9 MB | 2.5 kBProgress (4): 1.3/56 MB | 1.0/3.0 MB | 0.7/1.9 MB | 2.5 kBProgress (4): 1.3/56 MB | 1.0/3.0 MB | 0.7/1.9 MB | 2.5 kBProgress (4): 1.3/56 MB | 1.0/3.0 MB | 0.7/1.9 MB | 2.5 kBProgress (4): 1.3/56 MB | 1.0/3.0 MB | 0.7/1.9 MB | 2.5 kBProgress (4): 1.3/56 MB | 1.0/3.0 MB | 0.8/1.9 MB | 2.5 kBProgress (4): 1.3/56 MB | 1.0/3.0 MB | 0.8/1.9 MB | 2.5 kBProgress (4): 1.3/56 MB | 1.0/3.0 MB | 0.8/1.9 MB | 2.5 kBProgress (4): 1.3/56 MB | 1.0/3.0 MB | 0.8/1.9 MB | 2.5 kBProgress (4): 1.3/56 MB | 1.0/3.0 MB | 0.8/1.9 MB | 2.5 kBProgress (4): 1.3/56 MB | 1.0/3.0 MB | 0.8/1.9 MB | 2.5 kBProgress (4): 1.3/56 MB | 1.0/3.0 MB | 0.8/1.9 MB | 2.5 kBProgress (4): 1.3/56 MB | 1.0/3.0 MB | 0.8/1.9 MB | 2.5 kBProgress (4): 1.3/56 MB | 1.0/3.0 MB | 0.8/1.9 MB | 2.5 kBProgress (4): 1.3/56 MB | 1.0/3.0 MB | 0.8/1.9 MB | 2.5 kBProgress (4): 1.3/56 MB | 1.0/3.0 MB | 0.8/1.9 MB | 2.5 kBProgress (4): 1.3/56 MB | 1.1/3.0 MB | 0.8/1.9 MB | 2.5 kBProgress (4): 1.3/56 MB | 1.1/3.0 MB | 0.8/1.9 MB | 2.5 kBProgress (4): 1.4/56 MB | 1.1/3.0 MB | 0.8/1.9 MB | 2.5 kBProgress (4): 1.4/56 MB | 1.1/3.0 MB | 0.8/1.9 MB | 2.5 kBProgress (4): 1.4/56 MB | 1.1/3.0 MB | 0.8/1.9 MB | 2.5 kBProgress (4): 1.4/56 MB | 1.1/3.0 MB | 0.8/1.9 MB | 2.5 kBProgress (4): 1.4/56 MB | 1.1/3.0 MB | 0.8/1.9 MB | 2.5 kBProgress (4): 1.4/56 MB | 1.1/3.0 MB | 0.8/1.9 MB | 2.5 kBProgress (4): 1.4/56 MB | 1.1/3.0 MB | 0.8/1.9 MB | 2.5 kBProgress (4): 1.4/56 MB | 1.1/3.0 MB | 0.8/1.9 MB | 2.5 kBProgress (4): 1.4/56 MB | 1.1/3.0 MB | 0.8/1.9 MB | 2.5 kBProgress (4): 1.5/56 MB | 1.1/3.0 MB | 0.8/1.9 MB | 2.5 kBProgress (4): 1.5/56 MB | 1.1/3.0 MB | 0.8/1.9 MB | 2.5 kBProgress (4): 1.5/56 MB | 1.1/3.0 MB | 0.8/1.9 MB | 2.5 kBProgress (4): 1.5/56 MB | 1.1/3.0 MB | 0.8/1.9 MB | 2.5 kBProgress (4): 1.5/56 MB | 1.1/3.0 MB | 0.8/1.9 MB | 2.5 kBProgress (4): 1.5/56 MB | 1.1/3.0 MB | 0.8/1.9 MB | 2.5 kBProgress (4): 1.5/56 MB | 1.1/3.0 MB | 0.8/1.9 MB | 2.5 kBProgress (4): 1.5/56 MB | 1.1/3.0 MB | 0.8/1.9 MB | 2.5 kBProgress (4): 1.5/56 MB | 1.1/3.0 MB | 0.8/1.9 MB | 2.5 kBProgress (4): 1.5/56 MB | 1.1/3.0 MB | 0.9/1.9 MB | 2.5 kBProgress (4): 1.5/56 MB | 1.1/3.0 MB | 0.9/1.9 MB | 2.5 kB                                                          Downloaded from aliyun: https://maven.aliyun.com/repository/public/io/jsonwebtoken/jjwt-impl/0.12.3/jjwt-impl-0.12.3.pom (2.5 kB at 13 kB/s)
Progress (3): 1.5/56 MB | 1.1/3.0 MB | 0.9/1.9 MBProgress (3): 1.5/56 MB | 1.1/3.0 MB | 0.9/1.9 MBProgress (3): 1.6/56 MB | 1.1/3.0 MB | 0.9/1.9 MBProgress (3): 1.6/56 MB | 1.2/3.0 MB | 0.9/1.9 MB                                                 Downloading from aliyun: https://maven.aliyun.com/repository/public/io/jsonwebtoken/jjwt-jackson/0.12.3/jjwt-jackson-0.12.3.pom
Progress (3): 1.6/56 MB | 1.2/3.0 MB | 0.9/1.9 MBProgress (3): 1.6/56 MB | 1.2/3.0 MB | 0.9/1.9 MBProgress (3): 1.6/56 MB | 1.2/3.0 MB | 0.9/1.9 MBProgress (3): 1.6/56 MB | 1.2/3.0 MB | 0.9/1.9 MBProgress (3): 1.6/56 MB | 1.2/3.0 MB | 0.9/1.9 MBProgress (3): 1.6/56 MB | 1.2/3.0 MB | 0.9/1.9 MBProgress (3): 1.6/56 MB | 1.2/3.0 MB | 1.0/1.9 MBProgress (3): 1.6/56 MB | 1.2/3.0 MB | 1.0/1.9 MBProgress (3): 1.6/56 MB | 1.2/3.0 MB | 1.0/1.9 MBProgress (3): 1.6/56 MB | 1.2/3.0 MB | 1.0/1.9 MBProgress (3): 1.6/56 MB | 1.2/3.0 MB | 1.0/1.9 MBProgress (3): 1.6/56 MB | 1.2/3.0 MB | 1.0/1.9 MBProgress (3): 1.6/56 MB | 1.2/3.0 MB | 1.0/1.9 MBProgress (3): 1.6/56 MB | 1.2/3.0 MB | 1.0/1.9 MBProgress (3): 1.6/56 MB | 1.2/3.0 MB | 1.0/1.9 MBProgress (3): 1.6/56 MB | 1.2/3.0 MB | 1.0/1.9 MBProgress (3): 1.6/56 MB | 1.2/3.0 MB | 1.0/1.9 MBProgress (3): 1.7/56 MB | 1.2/3.0 MB | 1.0/1.9 MBProgress (3): 1.7/56 MB | 1.2/3.0 MB | 1.0/1.9 MBProgress (3): 1.7/56 MB | 1.2/3.0 MB | 1.0/1.9 MBProgress (3): 1.7/56 MB | 1.2/3.0 MB | 1.1/1.9 MBProgress (3): 1.7/56 MB | 1.2/3.0 MB | 1.1/1.9 MBProgress (3): 1.7/56 MB | 1.2/3.0 MB | 1.1/1.9 MBProgress (3): 1.7/56 MB | 1.2/3.0 MB | 1.1/1.9 MBProgress (3): 1.7/56 MB | 1.2/3.0 MB | 1.1/1.9 MBProgress (3): 1.7/56 MB | 1.2/3.0 MB | 1.1/1.9 MBProgress (3): 1.7/56 MB | 1.2/3.0 MB | 1.1/1.9 MBProgress (3): 1.7/56 MB | 1.3/3.0 MB | 1.1/1.9 MBProgress (3): 1.7/56 MB | 1.3/3.0 MB | 1.1/1.9 MBProgress (3): 1.7/56 MB | 1.3/3.0 MB | 1.1/1.9 MBProgress (3): 1.7/56 MB | 1.3/3.0 MB | 1.1/1.9 MBProgress (3): 1.8/56 MB | 1.3/3.0 MB | 1.1/1.9 MBProgress (3): 1.8/56 MB | 1.3/3.0 MB | 1.1/1.9 MBProgress (3): 1.8/56 MB | 1.3/3.0 MB | 1.1/1.9 MBProgress (3): 1.8/56 MB | 1.3/3.0 MB | 1.1/1.9 MBProgress (3): 1.8/56 MB | 1.3/3.0 MB | 1.1/1.9 MBProgress (3): 1.8/56 MB | 1.3/3.0 MB | 1.2/1.9 MBProgress (3): 1.8/56 MB | 1.3/3.0 MB | 1.2/1.9 MBProgress (3): 1.8/56 MB | 1.3/3.0 MB | 1.2/1.9 MBProgress (3): 1.8/56 MB | 1.3/3.0 MB | 1.2/1.9 MBProgress (3): 1.8/56 MB | 1.3/3.0 MB | 1.2/1.9 MBProgress (3): 1.8/56 MB | 1.3/3.0 MB | 1.2/1.9 MBProgress (3): 1.8/56 MB | 1.3/3.0 MB | 1.2/1.9 MBProgress (3): 1.8/56 MB | 1.3/3.0 MB | 1.2/1.9 MBProgress (3): 1.8/56 MB | 1.3/3.0 MB | 1.2/1.9 MBProgress (3): 1.8/56 MB | 1.3/3.0 MB | 1.2/1.9 MBProgress (3): 1.8/56 MB | 1.3/3.0 MB | 1.2/1.9 MBProgress (3): 1.8/56 MB | 1.3/3.0 MB | 1.2/1.9 MBProgress (3): 1.8/56 MB | 1.4/3.0 MB | 1.2/1.9 MBProgress (3): 1.9/56 MB | 1.4/3.0 MB | 1.2/1.9 MBProgress (3): 1.9/56 MB | 1.4/3.0 MB | 1.2/1.9 MBProgress (3): 1.9/56 MB | 1.4/3.0 MB | 1.2/1.9 MBProgress (3): 1.9/56 MB | 1.4/3.0 MB | 1.2/1.9 MBProgress (3): 1.9/56 MB | 1.4/3.0 MB | 1.2/1.9 MBProgress (3): 1.9/56 MB | 1.4/3.0 MB | 1.2/1.9 MBProgress (3): 1.9/56 MB | 1.4/3.0 MB | 1.2/1.9 MBProgress (3): 1.9/56 MB | 1.4/3.0 MB | 1.2/1.9 MBProgress (3): 1.9/56 MB | 1.4/3.0 MB | 1.2/1.9 MBProgress (3): 1.9/56 MB | 1.4/3.0 MB | 1.2/1.9 MBProgress (3): 1.9/56 MB | 1.4/3.0 MB | 1.3/1.9 MBProgress (3): 2.0/56 MB | 1.4/3.0 MB | 1.3/1.9 MBProgress (3): 2.0/56 MB | 1.4/3.0 MB | 1.3/1.9 MBProgress (3): 2.0/56 MB | 1.4/3.0 MB | 1.3/1.9 MBProgress (3): 2.0/56 MB | 1.4/3.0 MB | 1.3/1.9 MBProgress (3): 2.0/56 MB | 1.4/3.0 MB | 1.3/1.9 MBProgress (3): 2.0/56 MB | 1.4/3.0 MB | 1.3/1.9 MBProgress (3): 2.0/56 MB | 1.4/3.0 MB | 1.3/1.9 MBProgress (3): 2.0/56 MB | 1.4/3.0 MB | 1.3/1.9 MBProgress (3): 2.0/56 MB | 1.4/3.0 MB | 1.3/1.9 MBProgress (3): 2.1/56 MB | 1.4/3.0 MB | 1.3/1.9 MBProgress (3): 2.1/56 MB | 1.4/3.0 MB | 1.3/1.9 MBProgress (3): 2.1/56 MB | 1.4/3.0 MB | 1.3/1.9 MBProgress (3): 2.1/56 MB | 1.5/3.0 MB | 1.3/1.9 MBProgress (3): 2.1/56 MB | 1.5/3.0 MB | 1.3/1.9 MBProgress (3): 2.1/56 MB | 1.5/3.0 MB | 1.3/1.9 MBProgress (3): 2.1/56 MB | 1.5/3.0 MB | 1.3/1.9 MBProgress (3): 2.1/56 MB | 1.5/3.0 MB | 1.3/1.9 MBProgress (3): 2.1/56 MB | 1.5/3.0 MB | 1.3/1.9 MBProgress (3): 2.1/56 MB | 1.5/3.0 MB | 1.3/1.9 MBProgress (3): 2.1/56 MB | 1.5/3.0 MB | 1.4/1.9 MBProgress (3): 2.1/56 MB | 1.5/3.0 MB | 1.4/1.9 MBProgress (3): 2.1/56 MB | 1.5/3.0 MB | 1.4/1.9 MBProgress (3): 2.1/56 MB | 1.5/3.0 MB | 1.4/1.9 MBProgress (3): 2.1/56 MB | 1.5/3.0 MB | 1.4/1.9 MBProgress (3): 2.1/56 MB | 1.5/3.0 MB | 1.4/1.9 MBProgress (3): 2.1/56 MB | 1.5/3.0 MB | 1.4/1.9 MBProgress (3): 2.1/56 MB | 1.5/3.0 MB | 1.4/1.9 MBProgress (3): 2.1/56 MB | 1.5/3.0 MB | 1.4/1.9 MBProgress (3): 2.2/56 MB | 1.5/3.0 MB | 1.4/1.9 MBProgress (3): 2.2/56 MB | 1.5/3.0 MB | 1.4/1.9 MBProgress (3): 2.2/56 MB | 1.6/3.0 MB | 1.4/1.9 MBProgress (3): 2.2/56 MB | 1.6/3.0 MB | 1.4/1.9 MBProgress (3): 2.2/56 MB | 1.6/3.0 MB | 1.4/1.9 MBProgress (3): 2.2/56 MB | 1.6/3.0 MB | 1.4/1.9 MBProgress (3): 2.2/56 MB | 1.6/3.0 MB | 1.4/1.9 MBProgress (3): 2.2/56 MB | 1.6/3.0 MB | 1.4/1.9 MBProgress (3): 2.2/56 MB | 1.6/3.0 MB | 1.4/1.9 MBProgress (3): 2.2/56 MB | 1.6/3.0 MB | 1.4/1.9 MBProgress (3): 2.2/56 MB | 1.6/3.0 MB | 1.4/1.9 MBProgress (3): 2.2/56 MB | 1.6/3.0 MB | 1.4/1.9 MBProgress (3): 2.2/56 MB | 1.6/3.0 MB | 1.4/1.9 MBProgress (3): 2.3/56 MB | 1.6/3.0 MB | 1.4/1.9 MBProgress (3): 2.3/56 MB | 1.6/3.0 MB | 1.4/1.9 MBProgress (3): 2.3/56 MB | 1.6/3.0 MB | 1.4/1.9 MBProgress (3): 2.3/56 MB | 1.6/3.0 MB | 1.5/1.9 MBProgress (3): 2.3/56 MB | 1.6/3.0 MB | 1.5/1.9 MBProgress (3): 2.3/56 MB | 1.6/3.0 MB | 1.5/1.9 MBProgress (3): 2.3/56 MB | 1.6/3.0 MB | 1.5/1.9 MBProgress (3): 2.3/56 MB | 1.6/3.0 MB | 1.5/1.9 MBProgress (3): 2.3/56 MB | 1.7/3.0 MB | 1.5/1.9 MBProgress (3): 2.3/56 MB | 1.7/3.0 MB | 1.5/1.9 MBProgress (3): 2.3/56 MB | 1.7/3.0 MB | 1.5/1.9 MBProgress (3): 2.3/56 MB | 1.7/3.0 MB | 1.5/1.9 MBProgress (3): 2.3/56 MB | 1.7/3.0 MB | 1.5/1.9 MBProgress (3): 2.3/56 MB | 1.7/3.0 MB | 1.5/1.9 MBProgress (3): 2.3/56 MB | 1.7/3.0 MB | 1.5/1.9 MBProgress (3): 2.3/56 MB | 1.7/3.0 MB | 1.5/1.9 MBProgress (3): 2.3/56 MB | 1.7/3.0 MB | 1.5/1.9 MBProgress (3): 2.4/56 MB | 1.7/3.0 MB | 1.5/1.9 MBProgress (3): 2.4/56 MB | 1.7/3.0 MB | 1.5/1.9 MBProgress (3): 2.4/56 MB | 1.7/3.0 MB | 1.5/1.9 MBProgress (3): 2.4/56 MB | 1.7/3.0 MB | 1.6/1.9 MBProgress (3): 2.4/56 MB | 1.7/3.0 MB | 1.6/1.9 MBProgress (3): 2.4/56 MB | 1.7/3.0 MB | 1.6/1.9 MBProgress (3): 2.4/56 MB | 1.7/3.0 MB | 1.6/1.9 MBProgress (3): 2.4/56 MB | 1.7/3.0 MB | 1.6/1.9 MBProgress (3): 2.4/56 MB | 1.7/3.0 MB | 1.6/1.9 MBProgress (3): 2.4/56 MB | 1.7/3.0 MB | 1.6/1.9 MBProgress (3): 2.4/56 MB | 1.7/3.0 MB | 1.6/1.9 MBProgress (3): 2.4/56 MB | 1.7/3.0 MB | 1.6/1.9 MBProgress (3): 2.4/56 MB | 1.7/3.0 MB | 1.6/1.9 MBProgress (3): 2.4/56 MB | 1.7/3.0 MB | 1.6/1.9 MBProgress (3): 2.4/56 MB | 1.8/3.0 MB | 1.6/1.9 MBProgress (3): 2.4/56 MB | 1.8/3.0 MB | 1.6/1.9 MBProgress (3): 2.4/56 MB | 1.8/3.0 MB | 1.6/1.9 MBProgress (3): 2.4/56 MB | 1.8/3.0 MB | 1.6/1.9 MBProgress (3): 2.4/56 MB | 1.8/3.0 MB | 1.6/1.9 MBProgress (3): 2.4/56 MB | 1.8/3.0 MB | 1.6/1.9 MBProgress (3): 2.5/56 MB | 1.8/3.0 MB | 1.6/1.9 MBProgress (3): 2.5/56 MB | 1.8/3.0 MB | 1.7/1.9 MBProgress (3): 2.5/56 MB | 1.8/3.0 MB | 1.7/1.9 MBProgress (3): 2.5/56 MB | 1.8/3.0 MB | 1.7/1.9 MBProgress (3): 2.5/56 MB | 1.8/3.0 MB | 1.7/1.9 MBProgress (3): 2.5/56 MB | 1.9/3.0 MB | 1.7/1.9 MBProgress (3): 2.5/56 MB | 1.9/3.0 MB | 1.7/1.9 MBProgress (3): 2.5/56 MB | 1.9/3.0 MB | 1.7/1.9 MBProgress (3): 2.5/56 MB | 1.9/3.0 MB | 1.7/1.9 MBProgress (3): 2.5/56 MB | 1.9/3.0 MB | 1.7/1.9 MBProgress (3): 2.5/56 MB | 1.9/3.0 MB | 1.7/1.9 MBProgress (3): 2.5/56 MB | 1.9/3.0 MB | 1.7/1.9 MBProgress (3): 2.5/56 MB | 1.9/3.0 MB | 1.7/1.9 MBProgress (3): 2.5/56 MB | 1.9/3.0 MB | 1.7/1.9 MBProgress (3): 2.5/56 MB | 1.9/3.0 MB | 1.7/1.9 MBProgress (3): 2.6/56 MB | 1.9/3.0 MB | 1.7/1.9 MBProgress (3): 2.6/56 MB | 1.9/3.0 MB | 1.7/1.9 MBProgress (3): 2.6/56 MB | 1.9/3.0 MB | 1.7/1.9 MBProgress (4): 2.6/56 MB | 1.9/3.0 MB | 1.7/1.9 MB | 2.9 kBProgress (4): 2.6/56 MB | 1.9/3.0 MB | 1.7/1.9 MB | 2.9 kBProgress (4): 2.6/56 MB | 1.9/3.0 MB | 1.7/1.9 MB | 2.9 kBProgress (4): 2.6/56 MB | 1.9/3.0 MB | 1.7/1.9 MB | 2.9 kBProgress (4): 2.6/56 MB | 1.9/3.0 MB | 1.7/1.9 MB | 2.9 kBProgress (4): 2.6/56 MB | 1.9/3.0 MB | 1.7/1.9 MB | 2.9 kBProgress (4): 2.6/56 MB | 1.9/3.0 MB | 1.7/1.9 MB | 2.9 kBProgress (4): 2.6/56 MB | 1.9/3.0 MB | 1.7/1.9 MB | 2.9 kBProgress (4): 2.6/56 MB | 1.9/3.0 MB | 1.7/1.9 MB | 2.9 kBProgress (4): 2.7/56 MB | 1.9/3.0 MB | 1.7/1.9 MB | 2.9 kBProgress (4): 2.7/56 MB | 1.9/3.0 MB | 1.7/1.9 MB | 2.9 kBProgress (4): 2.7/56 MB | 1.9/3.0 MB | 1.7/1.9 MB | 2.9 kBProgress (4): 2.7/56 MB | 2.0/3.0 MB | 1.7/1.9 MB | 2.9 kBProgress (4): 2.7/56 MB | 2.0/3.0 MB | 1.7/1.9 MB | 2.9 kBProgress (4): 2.7/56 MB | 2.0/3.0 MB | 1.7/1.9 MB | 2.9 kBProgress (4): 2.7/56 MB | 2.0/3.0 MB | 1.7/1.9 MB | 2.9 kBProgress (4): 2.7/56 MB | 2.0/3.0 MB | 1.7/1.9 MB | 2.9 kBProgress (4): 2.7/56 MB | 2.0/3.0 MB | 1.7/1.9 MB | 2.9 kBProgress (4): 2.7/56 MB | 2.0/3.0 MB | 1.7/1.9 MB | 2.9 kBProgress (4): 2.7/56 MB | 2.0/3.0 MB | 1.7/1.9 MB | 2.9 kBProgress (4): 2.7/56 MB | 2.0/3.0 MB | 1.7/1.9 MB | 2.9 kBProgress (4): 2.7/56 MB | 2.0/3.0 MB | 1.7/1.9 MB | 2.9 kBProgress (4): 2.7/56 MB | 2.0/3.0 MB | 1.8/1.9 MB | 2.9 kBProgress (4): 2.7/56 MB | 2.0/3.0 MB | 1.8/1.9 MB | 2.9 kBProgress (4): 2.8/56 MB | 2.0/3.0 MB | 1.8/1.9 MB | 2.9 kBProgress (4): 2.8/56 MB | 2.0/3.0 MB | 1.8/1.9 MB | 2.9 kBProgress (4): 2.8/56 MB | 2.0/3.0 MB | 1.8/1.9 MB | 2.9 kBProgress (4): 2.8/56 MB | 2.1/3.0 MB | 1.8/1.9 MB | 2.9 kBProgress (4): 2.8/56 MB | 2.1/3.0 MB | 1.8/1.9 MB | 2.9 kBProgress (4): 2.8/56 MB | 2.1/3.0 MB | 1.8/1.9 MB | 2.9 kBProgress (4): 2.8/56 MB | 2.1/3.0 MB | 1.8/1.9 MB | 2.9 kBProgress (4): 2.8/56 MB | 2.1/3.0 MB | 1.8/1.9 MB | 2.9 kBProgress (4): 2.8/56 MB | 2.1/3.0 MB | 1.8/1.9 MB | 2.9 kBProgress (4): 2.8/56 MB | 2.1/3.0 MB | 1.8/1.9 MB | 2.9 kBProgress (4): 2.8/56 MB | 2.1/3.0 MB | 1.8/1.9 MB | 2.9 kBProgress (4): 2.8/56 MB | 2.1/3.0 MB | 1.8/1.9 MB | 2.9 kBProgress (4): 2.8/56 MB | 2.2/3.0 MB | 1.8/1.9 MB | 2.9 kBProgress (4): 2.8/56 MB | 2.2/3.0 MB | 1.8/1.9 MB | 2.9 kBProgress (4): 2.8/56 MB | 2.2/3.0 MB | 1.8/1.9 MB | 2.9 kBProgress (4): 2.8/56 MB | 2.2/3.0 MB | 1.8/1.9 MB | 2.9 kBProgress (4): 2.8/56 MB | 2.2/3.0 MB | 1.8/1.9 MB | 2.9 kBProgress (4): 2.8/56 MB | 2.2/3.0 MB | 1.8/1.9 MB | 2.9 kBProgress (4): 2.9/56 MB | 2.2/3.0 MB | 1.8/1.9 MB | 2.9 kBProgress (4): 2.9/56 MB | 2.2/3.0 MB | 1.8/1.9 MB | 2.9 kBProgress (4): 2.9/56 MB | 2.2/3.0 MB | 1.8/1.9 MB | 2.9 kBProgress (4): 2.9/56 MB | 2.2/3.0 MB | 1.8/1.9 MB | 2.9 kBProgress (4): 2.9/56 MB | 2.2/3.0 MB | 1.8/1.9 MB | 2.9 kBProgress (4): 2.9/56 MB | 2.2/3.0 MB | 1.8/1.9 MB | 2.9 kBProgress (4): 2.9/56 MB | 2.2/3.0 MB | 1.8/1.9 MB | 2.9 kBProgress (4): 2.9/56 MB | 2.2/3.0 MB | 1.8/1.9 MB | 2.9 kBProgress (4): 2.9/56 MB | 2.2/3.0 MB | 1.9/1.9 MB | 2.9 kBProgress (4): 2.9/56 MB | 2.2/3.0 MB | 1.9/1.9 MB | 2.9 kBProgress (4): 2.9/56 MB | 2.2/3.0 MB | 1.9/1.9 MB | 2.9 kBProgress (4): 2.9/56 MB | 2.2/3.0 MB | 1.9/1.9 MB | 2.9 kBProgress (4): 2.9/56 MB | 2.3/3.0 MB | 1.9/1.9 MB | 2.9 kBProgress (4): 2.9/56 MB | 2.3/3.0 MB | 1.9/1.9 MB | 2.9 kBProgress (4): 2.9/56 MB | 2.3/3.0 MB | 1.9/1.9 MB | 2.9 kBProgress (4): 3.0/56 MB | 2.3/3.0 MB | 1.9/1.9 MB | 2.9 kBProgress (4): 3.0/56 MB | 2.3/3.0 MB | 1.9/1.9 MB | 2.9 kBProgress (4): 3.0/56 MB | 2.3/3.0 MB | 1.9/1.9 MB | 2.9 kBProgress (4): 3.0/56 MB | 2.3/3.0 MB | 1.9/1.9 MB | 2.9 kBProgress (4): 3.0/56 MB | 2.3/3.0 MB | 1.9/1.9 MB | 2.9 kBProgress (4): 3.0/56 MB | 2.3/3.0 MB | 1.9/1.9 MB | 2.9 kBProgress (4): 3.0/56 MB | 2.3/3.0 MB | 1.9 MB | 2.9 kB    Progress (4): 3.0/56 MB | 2.3/3.0 MB | 1.9 MB | 2.9 kBProgress (4): 3.0/56 MB | 2.3/3.0 MB | 1.9 MB | 2.9 kBProgress (4): 3.0/56 MB | 2.3/3.0 MB | 1.9 MB | 2.9 kBProgress (4): 3.0/56 MB | 2.3/3.0 MB | 1.9 MB | 2.9 kBProgress (4): 3.0/56 MB | 2.3/3.0 MB | 1.9 MB | 2.9 kBProgress (4): 3.0/56 MB | 2.3/3.0 MB | 1.9 MB | 2.9 kBProgress (4): 3.1/56 MB | 2.3/3.0 MB | 1.9 MB | 2.9 kBProgress (4): 3.1/56 MB | 2.3/3.0 MB | 1.9 MB | 2.9 kBProgress (4): 3.1/56 MB | 2.3/3.0 MB | 1.9 MB | 2.9 kBProgress (4): 3.1/56 MB | 2.3/3.0 MB | 1.9 MB | 2.9 kBProgress (4): 3.1/56 MB | 2.4/3.0 MB | 1.9 MB | 2.9 kBProgress (4): 3.1/56 MB | 2.4/3.0 MB | 1.9 MB | 2.9 kBProgress (4): 3.1/56 MB | 2.4/3.0 MB | 1.9 MB | 2.9 kBProgress (4): 3.1/56 MB | 2.4/3.0 MB | 1.9 MB | 2.9 kBProgress (4): 3.1/56 MB | 2.4/3.0 MB | 1.9 MB | 2.9 kBProgress (4): 3.1/56 MB | 2.4/3.0 MB | 1.9 MB | 2.9 kBProgress (4): 3.1/56 MB | 2.4/3.0 MB | 1.9 MB | 2.9 kB                                                      Downloaded from aliyun: https://maven.aliyun.com/repository/public/io/jsonwebtoken/jjwt-jackson/0.12.3/jjwt-jackson-0.12.3.pom (2.9 kB at 7.6 kB/s)
Progress (3): 3.1/56 MB | 2.4/3.0 MB | 1.9 MBProgress (3): 3.1/56 MB | 2.5/3.0 MB | 1.9 MBProgress (3): 3.1/56 MB | 2.5/3.0 MB | 1.9 MBProgress (3): 3.1/56 MB | 2.5/3.0 MB | 1.9 MB                                             Downloading from aliyun: https://maven.aliyun.com/repository/public/dev/langchain4j/langchain4j-qianfan/0.35.0/langchain4j-qianfan-0.35.0.pom
Progress (3): 3.1/56 MB | 2.5/3.0 MB | 1.9 MBProgress (3): 3.2/56 MB | 2.5/3.0 MB | 1.9 MBProgress (3): 3.2/56 MB | 2.5/3.0 MB | 1.9 MBProgress (3): 3.2/56 MB | 2.5/3.0 MB | 1.9 MBProgress (3): 3.2/56 MB | 2.5/3.0 MB | 1.9 MBProgress (3): 3.2/56 MB | 2.5/3.0 MB | 1.9 MBProgress (3): 3.2/56 MB | 2.5/3.0 MB | 1.9 MBProgress (3): 3.2/56 MB | 2.5/3.0 MB | 1.9 MBProgress (3): 3.2/56 MB | 2.5/3.0 MB | 1.9 MBProgress (3): 3.2/56 MB | 2.5/3.0 MB | 1.9 MBProgress (3): 3.2/56 MB | 2.6/3.0 MB | 1.9 MBProgress (3): 3.3/56 MB | 2.6/3.0 MB | 1.9 MBProgress (3): 3.3/56 MB | 2.6/3.0 MB | 1.9 MBProgress (3): 3.3/56 MB | 2.6/3.0 MB | 1.9 MBProgress (3): 3.3/56 MB | 2.6/3.0 MB | 1.9 MBProgress (3): 3.3/56 MB | 2.6/3.0 MB | 1.9 MBProgress (4): 3.3/56 MB | 2.6/3.0 MB | 1.9 MB | 3.6 kBProgress (4): 3.3/56 MB | 2.6/3.0 MB | 1.9 MB | 3.6 kBProgress (4): 3.3/56 MB | 2.6/3.0 MB | 1.9 MB | 3.6 kBProgress (4): 3.3/56 MB | 2.6/3.0 MB | 1.9 MB | 3.6 kBProgress (4): 3.3/56 MB | 2.6/3.0 MB | 1.9 MB | 3.6 kBProgress (4): 3.3/56 MB | 2.6/3.0 MB | 1.9 MB | 3.6 kBProgress (4): 3.3/56 MB | 2.6/3.0 MB | 1.9 MB | 3.6 kBProgress (4): 3.4/56 MB | 2.6/3.0 MB | 1.9 MB | 3.6 kBProgress (4): 3.4/56 MB | 2.6/3.0 MB | 1.9 MB | 3.6 kBProgress (4): 3.4/56 MB | 2.6/3.0 MB | 1.9 MB | 3.6 kBProgress (4): 3.4/56 MB | 2.7/3.0 MB | 1.9 MB | 3.6 kBProgress (4): 3.4/56 MB | 2.7/3.0 MB | 1.9 MB | 3.6 kBProgress (4): 3.4/56 MB | 2.7/3.0 MB | 1.9 MB | 3.6 kBProgress (4): 3.4/56 MB | 2.7/3.0 MB | 1.9 MB | 3.6 kBProgress (4): 3.5/56 MB | 2.7/3.0 MB | 1.9 MB | 3.6 kBProgress (4): 3.5/56 MB | 2.7/3.0 MB | 1.9 MB | 3.6 kBProgress (4): 3.5/56 MB | 2.7/3.0 MB | 1.9 MB | 3.6 kBProgress (4): 3.5/56 MB | 2.7/3.0 MB | 1.9 MB | 3.6 kBProgress (4): 3.5/56 MB | 2.7/3.0 MB | 1.9 MB | 3.6 kBProgress (4): 3.5/56 MB | 2.7/3.0 MB | 1.9 MB | 3.6 kBProgress (4): 3.5/56 MB | 2.7/3.0 MB | 1.9 MB | 3.6 kBProgress (4): 3.5/56 MB | 2.7/3.0 MB | 1.9 MB | 3.6 kBProgress (4): 3.6/56 MB | 2.7/3.0 MB | 1.9 MB | 3.6 kBProgress (4): 3.6/56 MB | 2.7/3.0 MB | 1.9 MB | 3.6 kBProgress (4): 3.6/56 MB | 2.7/3.0 MB | 1.9 MB | 3.6 kBProgress (4): 3.6/56 MB | 2.7/3.0 MB | 1.9 MB | 3.6 kBProgress (4): 3.6/56 MB | 2.7/3.0 MB | 1.9 MB | 3.6 kBProgress (4): 3.6/56 MB | 2.7/3.0 MB | 1.9 MB | 3.6 kBProgress (4): 3.6/56 MB | 2.7/3.0 MB | 1.9 MB | 3.6 kBProgress (4): 3.6/56 MB | 2.7/3.0 MB | 1.9 MB | 3.6 kBProgress (4): 3.6/56 MB | 2.8/3.0 MB | 1.9 MB | 3.6 kBProgress (4): 3.6/56 MB | 2.8/3.0 MB | 1.9 MB | 3.6 kBProgress (4): 3.6/56 MB | 2.8/3.0 MB | 1.9 MB | 3.6 kBProgress (4): 3.6/56 MB | 2.8/3.0 MB | 1.9 MB | 3.6 kBProgress (4): 3.6/56 MB | 2.8/3.0 MB | 1.9 MB | 3.6 kBProgress (4): 3.7/56 MB | 2.8/3.0 MB | 1.9 MB | 3.6 kBProgress (4): 3.7/56 MB | 2.8/3.0 MB | 1.9 MB | 3.6 kBProgress (4): 3.7/56 MB | 2.8/3.0 MB | 1.9 MB | 3.6 kBProgress (4): 3.7/56 MB | 2.8/3.0 MB | 1.9 MB | 3.6 kBProgress (4): 3.7/56 MB | 2.8/3.0 MB | 1.9 MB | 3.6 kBProgress (4): 3.7/56 MB | 2.8/3.0 MB | 1.9 MB | 3.6 kBProgress (4): 3.7/56 MB | 2.8/3.0 MB | 1.9 MB | 3.6 kBProgress (4): 3.7/56 MB | 2.8/3.0 MB | 1.9 MB | 3.6 kBProgress (4): 3.7/56 MB | 2.9/3.0 MB | 1.9 MB | 3.6 kBProgress (4): 3.8/56 MB | 2.9/3.0 MB | 1.9 MB | 3.6 kBProgress (4): 3.8/56 MB | 2.9/3.0 MB | 1.9 MB | 3.6 kBProgress (4): 3.8/56 MB | 2.9/3.0 MB | 1.9 MB | 3.6 kBProgress (4): 3.8/56 MB | 2.9/3.0 MB | 1.9 MB | 3.6 kBProgress (4): 3.8/56 MB | 2.9/3.0 MB | 1.9 MB | 3.6 kBProgress (4): 3.8/56 MB | 2.9/3.0 MB | 1.9 MB | 3.6 kBProgress (4): 3.8/56 MB | 2.9/3.0 MB | 1.9 MB | 3.6 kBProgress (4): 3.8/56 MB | 2.9/3.0 MB | 1.9 MB | 3.6 kBProgress (4): 3.8/56 MB | 2.9/3.0 MB | 1.9 MB | 3.6 kBProgress (4): 3.8/56 MB | 2.9/3.0 MB | 1.9 MB | 3.6 kBProgress (4): 3.8/56 MB | 2.9/3.0 MB | 1.9 MB | 3.6 kBProgress (4): 3.8/56 MB | 3.0/3.0 MB | 1.9 MB | 3.6 kBProgress (4): 3.8/56 MB | 3.0/3.0 MB | 1.9 MB | 3.6 kBProgress (4): 3.9/56 MB | 3.0/3.0 MB | 1.9 MB | 3.6 kBProgress (4): 3.9/56 MB | 3.0/3.0 MB | 1.9 MB | 3.6 kBProgress (4): 3.9/56 MB | 3.0/3.0 MB | 1.9 MB | 3.6 kBProgress (4): 3.9/56 MB | 3.0/3.0 MB | 1.9 MB | 3.6 kBProgress (4): 3.9/56 MB | 3.0/3.0 MB | 1.9 MB | 3.6 kBProgress (4): 3.9/56 MB | 3.0/3.0 MB | 1.9 MB | 3.6 kBProgress (4): 4.0/56 MB | 3.0/3.0 MB | 1.9 MB | 3.6 kBProgress (4): 4.0/56 MB | 3.0/3.0 MB | 1.9 MB | 3.6 kBProgress (4): 4.0/56 MB | 3.0/3.0 MB | 1.9 MB | 3.6 kBProgress (4): 4.0/56 MB | 3.0/3.0 MB | 1.9 MB | 3.6 kBProgress (4): 4.0/56 MB | 3.0/3.0 MB | 1.9 MB | 3.6 kBProgress (4): 4.0/56 MB | 3.0/3.0 MB | 1.9 MB | 3.6 kBProgress (4): 4.0/56 MB | 3.0/3.0 MB | 1.9 MB | 3.6 kBProgress (4): 4.0/56 MB | 3.0/3.0 MB | 1.9 MB | 3.6 kBProgress (4): 4.0/56 MB | 3.0/3.0 MB | 1.9 MB | 3.6 kBProgress (4): 4.0/56 MB | 3.0/3.0 MB | 1.9 MB | 3.6 kBProgress (4): 4.0/56 MB | 3.0/3.0 MB | 1.9 MB | 3.6 kBProgress (4): 4.0/56 MB | 3.0 MB | 1.9 MB | 3.6 kB    Progress (4): 4.1/56 MB | 3.0 MB | 1.9 MB | 3.6 kBProgress (4): 4.1/56 MB | 3.0 MB | 1.9 MB | 3.6 kBProgress (4): 4.1/56 MB | 3.0 MB | 1.9 MB | 3.6 kBProgress (4): 4.1/56 MB | 3.0 MB | 1.9 MB | 3.6 kBProgress (4): 4.1/56 MB | 3.0 MB | 1.9 MB | 3.6 kBProgress (4): 4.1/56 MB | 3.0 MB | 1.9 MB | 3.6 kBProgress (4): 4.2/56 MB | 3.0 MB | 1.9 MB | 3.6 kBProgress (4): 4.2/56 MB | 3.0 MB | 1.9 MB | 3.6 kBProgress (4): 4.2/56 MB | 3.0 MB | 1.9 MB | 3.6 kBProgress (4): 4.2/56 MB | 3.0 MB | 1.9 MB | 3.6 kBProgress (4): 4.2/56 MB | 3.0 MB | 1.9 MB | 3.6 kBProgress (4): 4.2/56 MB | 3.0 MB | 1.9 MB | 3.6 kBProgress (4): 4.3/56 MB | 3.0 MB | 1.9 MB | 3.6 kBProgress (4): 4.3/56 MB | 3.0 MB | 1.9 MB | 3.6 kBProgress (4): 4.3/56 MB | 3.0 MB | 1.9 MB | 3.6 kBProgress (4): 4.3/56 MB | 3.0 MB | 1.9 MB | 3.6 kBProgress (4): 4.3/56 MB | 3.0 MB | 1.9 MB | 3.6 kBProgress (4): 4.3/56 MB | 3.0 MB | 1.9 MB | 3.6 kBProgress (4): 4.4/56 MB | 3.0 MB | 1.9 MB | 3.6 kBProgress (4): 4.4/56 MB | 3.0 MB | 1.9 MB | 3.6 kBProgress (4): 4.4/56 MB | 3.0 MB | 1.9 MB | 3.6 kBProgress (4): 4.4/56 MB | 3.0 MB | 1.9 MB | 3.6 kBProgress (4): 4.4/56 MB | 3.0 MB | 1.9 MB | 3.6 kBProgress (4): 4.4/56 MB | 3.0 MB | 1.9 MB | 3.6 kBProgress (4): 4.5/56 MB | 3.0 MB | 1.9 MB | 3.6 kBProgress (4): 4.5/56 MB | 3.0 MB | 1.9 MB | 3.6 kBProgress (4): 4.5/56 MB | 3.0 MB | 1.9 MB | 3.6 kBProgress (4): 4.5/56 MB | 3.0 MB | 1.9 MB | 3.6 kBProgress (4): 4.5/56 MB | 3.0 MB | 1.9 MB | 3.6 kBProgress (4): 4.5/56 MB | 3.0 MB | 1.9 MB | 3.6 kBProgress (4): 4.6/56 MB | 3.0 MB | 1.9 MB | 3.6 kBProgress (4): 4.6/56 MB | 3.0 MB | 1.9 MB | 3.6 kBProgress (4): 4.6/56 MB | 3.0 MB | 1.9 MB | 3.6 kBProgress (4): 4.6/56 MB | 3.0 MB | 1.9 MB | 3.6 kBProgress (4): 4.6/56 MB | 3.0 MB | 1.9 MB | 3.6 kB                                                  Downloaded from aliyun: https://maven.aliyun.com/repository/public/dev/langchain4j/langchain4j-qianfan/0.35.0/langchain4j-qianfan-0.35.0.pom (3.6 kB at 16 kB/s)
Progress (3): 4.6/56 MB | 3.0 MB | 1.9 MBProgress (3): 4.7/56 MB | 3.0 MB | 1.9 MBProgress (3): 4.7/56 MB | 3.0 MB | 1.9 MBProgress (3): 4.7/56 MB | 3.0 MB | 1.9 MBProgress (3): 4.7/56 MB | 3.0 MB | 1.9 MB                                         Downloading from aliyun: https://maven.aliyun.com/repository/public/com/squareup/retrofit2/converter-gson/2.9.0/converter-gson-2.9.0.pom
Progress (3): 4.7/56 MB | 3.0 MB | 1.9 MBProgress (3): 4.7/56 MB | 3.0 MB | 1.9 MBProgress (3): 4.8/56 MB | 3.0 MB | 1.9 MBProgress (3): 4.8/56 MB | 3.0 MB | 1.9 MBProgress (3): 4.8/56 MB | 3.0 MB | 1.9 MBProgress (3): 4.8/56 MB | 3.0 MB | 1.9 MBProgress (3): 4.8/56 MB | 3.0 MB | 1.9 MBProgress (3): 4.8/56 MB | 3.0 MB | 1.9 MBProgress (3): 4.9/56 MB | 3.0 MB | 1.9 MBProgress (3): 4.9/56 MB | 3.0 MB | 1.9 MBProgress (3): 4.9/56 MB | 3.0 MB | 1.9 MBProgress (4): 4.9/56 MB | 3.0 MB | 1.9 MB | 2.1 kBProgress (4): 4.9/56 MB | 3.0 MB | 1.9 MB | 2.1 kBProgress (4): 4.9/56 MB | 3.0 MB | 1.9 MB | 2.1 kBProgress (4): 4.9/56 MB | 3.0 MB | 1.9 MB | 2.1 kBProgress (4): 5.0/56 MB | 3.0 MB | 1.9 MB | 2.1 kBProgress (4): 5.0/56 MB | 3.0 MB | 1.9 MB | 2.1 kBProgress (4): 5.0/56 MB | 3.0 MB | 1.9 MB | 2.1 kBProgress (4): 5.0/56 MB | 3.0 MB | 1.9 MB | 2.1 kBProgress (4): 5.0/56 MB | 3.0 MB | 1.9 MB | 2.1 kBProgress (4): 5.0/56 MB | 3.0 MB | 1.9 MB | 2.1 kBProgress (4): 5.0/56 MB | 3.0 MB | 1.9 MB | 2.1 kBProgress (4): 5.1/56 MB | 3.0 MB | 1.9 MB | 2.1 kBProgress (4): 5.1/56 MB | 3.0 MB | 1.9 MB | 2.1 kBProgress (4): 5.1/56 MB | 3.0 MB | 1.9 MB | 2.1 kBProgress (4): 5.1/56 MB | 3.0 MB | 1.9 MB | 2.1 kBProgress (4): 5.1/56 MB | 3.0 MB | 1.9 MB | 2.1 kBProgress (4): 5.1/56 MB | 3.0 MB | 1.9 MB | 2.1 kBProgress (4): 5.2/56 MB | 3.0 MB | 1.9 MB | 2.1 kBProgress (4): 5.2/56 MB | 3.0 MB | 1.9 MB | 2.1 kBProgress (4): 5.2/56 MB | 3.0 MB | 1.9 MB | 2.1 kBProgress (4): 5.2/56 MB | 3.0 MB | 1.9 MB | 2.1 kBProgress (4): 5.2/56 MB | 3.0 MB | 1.9 MB | 2.1 kB                                                  Downloaded from aliyun: https://maven.aliyun.com/repository/public/com/google/guava/guava/32.0.0-jre/guava-32.0.0-jre.jar (3.0 MB at 2.6 MB/s)
Progress (3): 5.2/56 MB | 1.9 MB | 2.1 kBProgress (3): 5.3/56 MB | 1.9 MB | 2.1 kBProgress (3): 5.3/56 MB | 1.9 MB | 2.1 kBProgress (3): 5.3/56 MB | 1.9 MB | 2.1 kBProgress (3): 5.3/56 MB | 1.9 MB | 2.1 kBProgress (3): 5.3/56 MB | 1.9 MB | 2.1 kBProgress (3): 5.3/56 MB | 1.9 MB | 2.1 kBProgress (3): 5.4/56 MB | 1.9 MB | 2.1 kBProgress (3): 5.4/56 MB | 1.9 MB | 2.1 kBProgress (3): 5.4/56 MB | 1.9 MB | 2.1 kBProgress (3): 5.4/56 MB | 1.9 MB | 2.1 kBProgress (3): 5.4/56 MB | 1.9 MB | 2.1 kBProgress (3): 5.4/56 MB | 1.9 MB | 2.1 kBProgress (3): 5.5/56 MB | 1.9 MB | 2.1 kBProgress (3): 5.5/56 MB | 1.9 MB | 2.1 kBProgress (3): 5.5/56 MB | 1.9 MB | 2.1 kBProgress (3): 5.5/56 MB | 1.9 MB | 2.1 kBProgress (3): 5.5/56 MB | 1.9 MB | 2.1 kBProgress (3): 5.5/56 MB | 1.9 MB | 2.1 kBProgress (3): 5.6/56 MB | 1.9 MB | 2.1 kBProgress (3): 5.6/56 MB | 1.9 MB | 2.1 kBProgress (3): 5.6/56 MB | 1.9 MB | 2.1 kBProgress (3): 5.6/56 MB | 1.9 MB | 2.1 kBProgress (3): 5.6/56 MB | 1.9 MB | 2.1 kBProgress (3): 5.6/56 MB | 1.9 MB | 2.1 kBProgress (3): 5.7/56 MB | 1.9 MB | 2.1 kBProgress (3): 5.7/56 MB | 1.9 MB | 2.1 kBProgress (3): 5.7/56 MB | 1.9 MB | 2.1 kBProgress (3): 5.7/56 MB | 1.9 MB | 2.1 kBProgress (3): 5.7/56 MB | 1.9 MB | 2.1 kBProgress (3): 5.7/56 MB | 1.9 MB | 2.1 kBProgress (3): 5.8/56 MB | 1.9 MB | 2.1 kBProgress (3): 5.8/56 MB | 1.9 MB | 2.1 kBProgress (3): 5.8/56 MB | 1.9 MB | 2.1 kBProgress (3): 5.8/56 MB | 1.9 MB | 2.1 kBProgress (3): 5.8/56 MB | 1.9 MB | 2.1 kBProgress (3): 5.8/56 MB | 1.9 MB | 2.1 kBProgress (3): 5.9/56 MB | 1.9 MB | 2.1 kBProgress (3): 5.9/56 MB | 1.9 MB | 2.1 kBProgress (3): 5.9/56 MB | 1.9 MB | 2.1 kBProgress (3): 5.9/56 MB | 1.9 MB | 2.1 kBProgress (3): 5.9/56 MB | 1.9 MB | 2.1 kBProgress (3): 5.9/56 MB | 1.9 MB | 2.1 kB                                         Downloaded from aliyun: https://maven.aliyun.com/repository/public/com/larksuite/oapi/larksuite-oapi-shaded-protobuf/2.4.6/larksuite-oapi-shaded-protobuf-2.4.6.jar (1.9 MB at 1.6 MB/s)
Progress (2): 6.0/56 MB | 2.1 kBProgress (2): 6.0/56 MB | 2.1 kBProgress (2): 6.0/56 MB | 2.1 kBProgress (2): 6.0/56 MB | 2.1 kBProgress (2): 6.0/56 MB | 2.1 kBProgress (2): 6.0/56 MB | 2.1 kBProgress (2): 6.0/56 MB | 2.1 kBProgress (2): 6.1/56 MB | 2.1 kBProgress (2): 6.1/56 MB | 2.1 kBProgress (2): 6.1/56 MB | 2.1 kBProgress (2): 6.1/56 MB | 2.1 kBProgress (2): 6.1/56 MB | 2.1 kBProgress (2): 6.1/56 MB | 2.1 kBProgress (2): 6.2/56 MB | 2.1 kBProgress (2): 6.2/56 MB | 2.1 kBProgress (2): 6.2/56 MB | 2.1 kBProgress (2): 6.2/56 MB | 2.1 kBProgress (2): 6.2/56 MB | 2.1 kBProgress (2): 6.2/56 MB | 2.1 kBProgress (2): 6.3/56 MB | 2.1 kBProgress (2): 6.3/56 MB | 2.1 kBProgress (2): 6.3/56 MB | 2.1 kBProgress (2): 6.3/56 MB | 2.1 kBProgress (2): 6.3/56 MB | 2.1 kB                                Downloaded from aliyun: https://maven.aliyun.com/repository/public/com/squareup/retrofit2/converter-gson/2.9.0/converter-gson-2.9.0.pom (2.1 kB at 10 kB/s)
Downloading from aliyun: https://maven.aliyun.com/repository/public/dev/langchain4j/langchain4j-dashscope/0.35.0/langchain4j-dashscope-0.35.0.pom
Progress (1): 6.3/56 MBProgress (1): 6.4/56 MBProgress (1): 6.4/56 MBProgress (1): 6.4/56 MBProgress (1): 6.4/56 MBProgress (1): 6.4/56 MBProgress (1): 6.4/56 MBProgress (1): 6.5/56 MBProgress (1): 6.5/56 MBProgress (1): 6.5/56 MBProgress (1): 6.5/56 MBProgress (1): 6.5/56 MBProgress (1): 6.5/56 MBProgress (1): 6.6/56 MBProgress (1): 6.6/56 MBProgress (1): 6.6/56 MBProgress (1): 6.6/56 MBProgress (1): 6.6/56 MBProgress (1): 6.6/56 MBProgress (1): 6.7/56 MBProgress (1): 6.7/56 MBProgress (1): 6.7/56 MBProgress (1): 6.7/56 MBProgress (2): 6.7/56 MB | 2.1 kBProgress (2): 6.7/56 MB | 2.1 kBProgress (2): 6.7/56 MB | 2.1 kBProgress (2): 6.8/56 MB | 2.1 kBProgress (2): 6.8/56 MB | 2.1 kBProgress (2): 6.8/56 MB | 2.1 kBProgress (2): 6.8/56 MB | 2.1 kBProgress (2): 6.8/56 MB | 2.1 kBProgress (2): 6.8/56 MB | 2.1 kBProgress (2): 6.9/56 MB | 2.1 kBProgress (2): 6.9/56 MB | 2.1 kBProgress (2): 6.9/56 MB | 2.1 kBProgress (2): 6.9/56 MB | 2.1 kBProgress (2): 6.9/56 MB | 2.1 kBProgress (2): 6.9/56 MB | 2.1 kBProgress (2): 6.9/56 MB | 2.1 kBProgress (2): 7.0/56 MB | 2.1 kBProgress (2): 7.0/56 MB | 2.1 kBProgress (2): 7.0/56 MB | 2.1 kBProgress (2): 7.0/56 MB | 2.1 kBProgress (2): 7.0/56 MB | 2.1 kBProgress (2): 7.0/56 MB | 2.1 kBProgress (2): 7.1/56 MB | 2.1 kBProgress (2): 7.1/56 MB | 2.1 kBProgress (2): 7.1/56 MB | 2.1 kBProgress (2): 7.1/56 MB | 2.1 kBProgress (2): 7.1/56 MB | 2.1 kBProgress (2): 7.1/56 MB | 2.1 kBProgress (2): 7.2/56 MB | 2.1 kBProgress (2): 7.2/56 MB | 2.1 kBProgress (2): 7.2/56 MB | 2.1 kBProgress (2): 7.2/56 MB | 2.1 kBProgress (2): 7.2/56 MB | 2.1 kBProgress (2): 7.2/56 MB | 2.1 kBProgress (2): 7.3/56 MB | 2.1 kBProgress (2): 7.3/56 MB | 2.1 kBProgress (2): 7.3/56 MB | 2.1 kBProgress (2): 7.3/56 MB | 2.1 kBProgress (2): 7.3/56 MB | 2.1 kBProgress (2): 7.3/56 MB | 2.1 kBProgress (2): 7.4/56 MB | 2.1 kBProgress (2): 7.4/56 MB | 2.1 kBProgress (2): 7.4/56 MB | 2.1 kBProgress (2): 7.4/56 MB | 2.1 kBProgress (2): 7.4/56 MB | 2.1 kBProgress (2): 7.4/56 MB | 2.1 kBProgress (2): 7.5/56 MB | 2.1 kBProgress (2): 7.5/56 MB | 2.1 kBProgress (2): 7.5/56 MB | 2.1 kBProgress (2): 7.5/56 MB | 2.1 kBProgress (2): 7.5/56 MB | 2.1 kBProgress (2): 7.5/56 MB | 2.1 kBProgress (2): 7.6/56 MB | 2.1 kBProgress (2): 7.6/56 MB | 2.1 kBProgress (2): 7.6/56 MB | 2.1 kBProgress (2): 7.6/56 MB | 2.1 kBProgress (2): 7.6/56 MB | 2.1 kBProgress (2): 7.6/56 MB | 2.1 kBProgress (2): 7.7/56 MB | 2.1 kBProgress (2): 7.7/56 MB | 2.1 kBProgress (2): 7.7/56 MB | 2.1 kBProgress (2): 7.7/56 MB | 2.1 kBProgress (2): 7.7/56 MB | 2.1 kBProgress (2): 7.7/56 MB | 2.1 kBProgress (2): 7.8/56 MB | 2.1 kBProgress (2): 7.8/56 MB | 2.1 kBProgress (2): 7.8/56 MB | 2.1 kBProgress (2): 7.8/56 MB | 2.1 kBProgress (2): 7.8/56 MB | 2.1 kBProgress (2): 7.8/56 MB | 2.1 kBProgress (2): 7.9/56 MB | 2.1 kBProgress (2): 7.9/56 MB | 2.1 kBProgress (2): 7.9/56 MB | 2.1 kBProgress (2): 7.9/56 MB | 2.1 kBProgress (2): 7.9/56 MB | 2.1 kBProgress (2): 7.9/56 MB | 2.1 kBProgress (2): 7.9/56 MB | 2.1 kBProgress (2): 8.0/56 MB | 2.1 kBProgress (2): 8.0/56 MB | 2.1 kBProgress (2): 8.0/56 MB | 2.1 kBProgress (2): 8.0/56 MB | 2.1 kBProgress (2): 8.0/56 MB | 2.1 kBProgress (2): 8.0/56 MB | 2.1 kBProgress (2): 8.1/56 MB | 2.1 kBProgress (2): 8.1/56 MB | 2.1 kBProgress (2): 8.1/56 MB | 2.1 kBProgress (2): 8.1/56 MB | 2.1 kBProgress (2): 8.1/56 MB | 2.1 kBProgress (2): 8.1/56 MB | 2.1 kBProgress (2): 8.2/56 MB | 2.1 kBProgress (2): 8.2/56 MB | 2.1 kBProgress (2): 8.2/56 MB | 2.1 kBProgress (2): 8.2/56 MB | 2.1 kBProgress (2): 8.2/56 MB | 2.1 kBProgress (2): 8.2/56 MB | 2.1 kBProgress (2): 8.3/56 MB | 2.1 kBProgress (2): 8.3/56 MB | 2.1 kBProgress (2): 8.3/56 MB | 2.1 kBProgress (2): 8.3/56 MB | 2.1 kBProgress (2): 8.3/56 MB | 2.1 kBProgress (2): 8.3/56 MB | 2.1 kBProgress (2): 8.4/56 MB | 2.1 kBProgress (2): 8.4/56 MB | 2.1 kBProgress (2): 8.4/56 MB | 2.1 kBProgress (2): 8.4/56 MB | 2.1 kBProgress (2): 8.4/56 MB | 2.1 kBProgress (2): 8.4/56 MB | 2.1 kBProgress (2): 8.5/56 MB | 2.1 kBProgress (2): 8.5/56 MB | 2.1 kBProgress (2): 8.5/56 MB | 2.1 kBProgress (2): 8.5/56 MB | 2.1 kBProgress (2): 8.5/56 MB | 2.1 kBProgress (2): 8.5/56 MB | 2.1 kBProgress (2): 8.6/56 MB | 2.1 kBProgress (2): 8.6/56 MB | 2.1 kBProgress (2): 8.6/56 MB | 2.1 kBProgress (2): 8.6/56 MB | 2.1 kBProgress (2): 8.6/56 MB | 2.1 kBProgress (2): 8.6/56 MB | 2.1 kB                                Downloaded from aliyun: https://maven.aliyun.com/repository/public/dev/langchain4j/langchain4j-dashscope/0.35.0/langchain4j-dashscope-0.35.0.pom (2.1 kB at 7.1 kB/s)
Downloading from aliyun: https://maven.aliyun.com/repository/public/com/alibaba/dashscope-sdk-java/2.16.4/dashscope-sdk-java-2.16.4.pom
Progress (1): 8.7/56 MBProgress (1): 8.7/56 MBProgress (1): 8.7/56 MBProgress (1): 8.7/56 MBProgress (1): 8.7/56 MBProgress (1): 8.7/56 MBProgress (1): 8.8/56 MBProgress (1): 8.8/56 MBProgress (1): 8.8/56 MBProgress (1): 8.8/56 MBProgress (1): 8.8/56 MBProgress (1): 8.8/56 MBProgress (1): 8.9/56 MBProgress (1): 8.9/56 MBProgress (1): 8.9/56 MBProgress (1): 8.9/56 MBProgress (1): 8.9/56 MBProgress (1): 8.9/56 MBProgress (1): 8.9/56 MBProgress (1): 9.0/56 MBProgress (1): 9.0/56 MBProgress (2): 9.0/56 MB | 8.7 kBProgress (2): 9.0/56 MB | 8.7 kBProgress (2): 9.0/56 MB | 8.7 kBProgress (2): 9.0/56 MB | 8.7 kBProgress (2): 9.0/56 MB | 8.7 kBProgress (2): 9.1/56 MB | 8.7 kBProgress (2): 9.1/56 MB | 8.7 kBProgress (2): 9.1/56 MB | 8.7 kBProgress (2): 9.1/56 MB | 8.7 kBProgress (2): 9.1/56 MB | 8.7 kBProgress (2): 9.1/56 MB | 8.7 kBProgress (2): 9.2/56 MB | 8.7 kBProgress (2): 9.2/56 MB | 8.7 kBProgress (2): 9.2/56 MB | 8.7 kBProgress (2): 9.2/56 MB | 8.7 kBProgress (2): 9.2/56 MB | 8.7 kBProgress (2): 9.2/56 MB | 8.7 kBProgress (2): 9.3/56 MB | 8.7 kBProgress (2): 9.3/56 MB | 8.7 kBProgress (2): 9.3/56 MB | 8.7 kBProgress (2): 9.3/56 MB | 8.7 kBProgress (2): 9.3/56 MB | 8.7 kBProgress (2): 9.3/56 MB | 8.7 kBProgress (2): 9.4/56 MB | 8.7 kBProgress (2): 9.4/56 MB | 8.7 kBProgress (2): 9.4/56 MB | 8.7 kBProgress (2): 9.4/56 MB | 8.7 kBProgress (2): 9.4/56 MB | 8.7 kBProgress (2): 9.4/56 MB | 8.7 kBProgress (2): 9.5/56 MB | 8.7 kBProgress (2): 9.5/56 MB | 8.7 kBProgress (2): 9.5/56 MB | 8.7 kBProgress (2): 9.5/56 MB | 8.7 kBProgress (2): 9.5/56 MB | 8.7 kBProgress (2): 9.5/56 MB | 8.7 kBProgress (2): 9.6/56 MB | 8.7 kBProgress (2): 9.6/56 MB | 8.7 kBProgress (2): 9.6/56 MB | 8.7 kBProgress (2): 9.6/56 MB | 8.7 kBProgress (2): 9.6/56 MB | 8.7 kBProgress (2): 9.6/56 MB | 8.7 kBProgress (2): 9.7/56 MB | 8.7 kBProgress (2): 9.7/56 MB | 8.7 kBProgress (2): 9.7/56 MB | 8.7 kBProgress (2): 9.7/56 MB | 8.7 kBProgress (2): 9.7/56 MB | 8.7 kBProgress (2): 9.7/56 MB | 8.7 kBProgress (2): 9.8/56 MB | 8.7 kBProgress (2): 9.8/56 MB | 8.7 kBProgress (2): 9.8/56 MB | 8.7 kBProgress (2): 9.8/56 MB | 8.7 kBProgress (2): 9.8/56 MB | 8.7 kBProgress (2): 9.8/56 MB | 8.7 kBProgress (2): 9.8/56 MB | 8.7 kBProgress (2): 9.9/56 MB | 8.7 kBProgress (2): 9.9/56 MB | 8.7 kBProgress (2): 9.9/56 MB | 8.7 kBProgress (2): 9.9/56 MB | 8.7 kBProgress (2): 9.9/56 MB | 8.7 kBProgress (2): 9.9/56 MB | 8.7 kBProgress (2): 10.0/56 MB | 8.7 kBProgress (2): 10.0/56 MB | 8.7 kBProgress (2): 10.0/56 MB | 8.7 kBProgress (2): 10/56 MB | 8.7 kB  Progress (2): 10/56 MB | 8.7 kBProgress (2): 10/56 MB | 8.7 kBProgress (2): 10/56 MB | 8.7 kBProgress (2): 10/56 MB | 8.7 kBProgress (2): 10/56 MB | 8.7 kBProgress (2): 10/56 MB | 8.7 kBProgress (2): 10/56 MB | 8.7 kBProgress (2): 10/56 MB | 8.7 kBProgress (2): 10/56 MB | 8.7 kBProgress (2): 10/56 MB | 8.7 kBProgress (2): 10/56 MB | 8.7 kBProgress (2): 10/56 MB | 8.7 kBProgress (2): 10/56 MB | 8.7 kBProgress (2): 10/56 MB | 8.7 kBProgress (2): 10/56 MB | 8.7 kBProgress (2): 10/56 MB | 8.7 kBProgress (2): 10/56 MB | 8.7 kBProgress (2): 10/56 MB | 8.7 kBProgress (2): 10/56 MB | 8.7 kBProgress (2): 10/56 MB | 8.7 kBProgress (2): 10/56 MB | 8.7 kBProgress (2): 10/56 MB | 8.7 kBProgress (2): 10/56 MB | 8.7 kBProgress (2): 10/56 MB | 8.7 kBProgress (2): 10/56 MB | 8.7 kBProgress (2): 10/56 MB | 8.7 kBProgress (2): 10/56 MB | 8.7 kBProgress (2): 10/56 MB | 8.7 kBProgress (2): 10/56 MB | 8.7 kBProgress (2): 11/56 MB | 8.7 kBProgress (2): 11/56 MB | 8.7 kBProgress (2): 11/56 MB | 8.7 kBProgress (2): 11/56 MB | 8.7 kBProgress (2): 11/56 MB | 8.7 kB                               Downloaded from aliyun: https://maven.aliyun.com/repository/public/com/alibaba/dashscope-sdk-java/2.16.4/dashscope-sdk-java-2.16.4.pom (8.7 kB at 36 kB/s)
Progress (1): 11/56 MB                      Downloading from aliyun: https://maven.aliyun.com/repository/public/io/reactivex/rxjava2/rxjava/2.2.21/rxjava-2.2.21.pom
Progress (1): 11/56 MBProgress (1): 11/56 MBProgress (1): 11/56 MBProgress (1): 11/56 MBProgress (1): 11/56 MBProgress (1): 11/56 MBProgress (1): 11/56 MBProgress (1): 11/56 MBProgress (1): 11/56 MBProgress (1): 11/56 MBProgress (1): 11/56 MBProgress (1): 11/56 MBProgress (1): 11/56 MBProgress (1): 11/56 MBProgress (1): 11/56 MBProgress (1): 11/56 MBProgress (1): 11/56 MBProgress (1): 11/56 MBProgress (1): 11/56 MBProgress (1): 11/56 MBProgress (1): 11/56 MBProgress (1): 11/56 MBProgress (1): 11/56 MBProgress (1): 11/56 MBProgress (1): 11/56 MBProgress (2): 11/56 MB | 2.4 kBProgress (2): 11/56 MB | 2.4 kBProgress (2): 11/56 MB | 2.4 kBProgress (2): 11/56 MB | 2.4 kBProgress (2): 11/56 MB | 2.4 kBProgress (2): 11/56 MB | 2.4 kBProgress (2): 11/56 MB | 2.4 kBProgress (2): 11/56 MB | 2.4 kBProgress (2): 11/56 MB | 2.4 kBProgress (2): 11/56 MB | 2.4 kBProgress (2): 11/56 MB | 2.4 kBProgress (2): 11/56 MB | 2.4 kBProgress (2): 11/56 MB | 2.4 kBProgress (2): 11/56 MB | 2.4 kBProgress (2): 11/56 MB | 2.4 kBProgress (2): 11/56 MB | 2.4 kBProgress (2): 11/56 MB | 2.4 kBProgress (2): 11/56 MB | 2.4 kBProgress (2): 11/56 MB | 2.4 kBProgress (2): 11/56 MB | 2.4 kBProgress (2): 11/56 MB | 2.4 kBProgress (2): 11/56 MB | 2.4 kBProgress (2): 11/56 MB | 2.4 kBProgress (2): 11/56 MB | 2.4 kBProgress (2): 11/56 MB | 2.4 kBProgress (2): 11/56 MB | 2.4 kBProgress (2): 11/56 MB | 2.4 kBProgress (2): 11/56 MB | 2.4 kBProgress (2): 11/56 MB | 2.4 kBProgress (2): 11/56 MB | 2.4 kBProgress (2): 11/56 MB | 2.4 kBProgress (2): 12/56 MB | 2.4 kB                               Downloaded from aliyun: https://maven.aliyun.com/repository/public/io/reactivex/rxjava2/rxjava/2.2.21/rxjava-2.2.21.pom (2.4 kB at 21 kB/s)
Progress (1): 12/56 MB                      Downloading from aliyun: https://maven.aliyun.com/repository/public/com/squareup/okhttp3/logging-interceptor/4.12.0/logging-interceptor-4.12.0.pom
Progress (1): 12/56 MBProgress (1): 12/56 MBProgress (1): 12/56 MBProgress (1): 12/56 MBProgress (1): 12/56 MBProgress (1): 12/56 MBProgress (2): 12/56 MB | 1.9 kBProgress (2): 12/56 MB | 1.9 kBProgress (2): 12/56 MB | 1.9 kBProgress (2): 12/56 MB | 1.9 kBProgress (2): 12/56 MB | 1.9 kBProgress (2): 12/56 MB | 1.9 kBProgress (2): 12/56 MB | 1.9 kBProgress (2): 12/56 MB | 1.9 kBProgress (2): 12/56 MB | 1.9 kBProgress (2): 12/56 MB | 1.9 kBProgress (2): 12/56 MB | 1.9 kBProgress (2): 12/56 MB | 1.9 kBProgress (2): 12/56 MB | 1.9 kBProgress (2): 12/56 MB | 1.9 kBProgress (2): 12/56 MB | 1.9 kBProgress (2): 12/56 MB | 1.9 kBProgress (2): 12/56 MB | 1.9 kBProgress (2): 12/56 MB | 1.9 kBProgress (2): 12/56 MB | 1.9 kBProgress (2): 12/56 MB | 1.9 kBProgress (2): 12/56 MB | 1.9 kBProgress (2): 12/56 MB | 1.9 kBProgress (2): 12/56 MB | 1.9 kBProgress (2): 12/56 MB | 1.9 kBProgress (2): 12/56 MB | 1.9 kBProgress (2): 12/56 MB | 1.9 kBProgress (2): 12/56 MB | 1.9 kBProgress (2): 12/56 MB | 1.9 kBProgress (2): 12/56 MB | 1.9 kB                               Downloaded from aliyun: https://maven.aliyun.com/repository/public/com/squareup/okhttp3/logging-interceptor/4.12.0/logging-interceptor-4.12.0.pom (1.9 kB at 27 kB/s)
Downloading from aliyun: https://maven.aliyun.com/repository/public/com/github/victools/jsonschema-generator/4.31.1/jsonschema-generator-4.31.1.pom
Progress (1): 12/56 MBProgress (1): 12/56 MBProgress (1): 12/56 MBProgress (1): 12/56 MBProgress (1): 12/56 MBProgress (1): 12/56 MBProgress (1): 12/56 MBProgress (1): 12/56 MBProgress (1): 12/56 MBProgress (1): 12/56 MBProgress (1): 12/56 MBProgress (1): 12/56 MBProgress (1): 12/56 MBProgress (1): 12/56 MBProgress (1): 12/56 MBProgress (2): 12/56 MB | 0.5/2.2 kBProgress (2): 12/56 MB | 2.2 kB    Progress (2): 12/56 MB | 2.2 kBProgress (2): 12/56 MB | 2.2 kBProgress (2): 12/56 MB | 2.2 kBProgress (2): 12/56 MB | 2.2 kBProgress (2): 12/56 MB | 2.2 kBProgress (2): 12/56 MB | 2.2 kBProgress (2): 12/56 MB | 2.2 kBProgress (2): 12/56 MB | 2.2 kBProgress (2): 12/56 MB | 2.2 kBProgress (2): 12/56 MB | 2.2 kBProgress (2): 13/56 MB | 2.2 kBProgress (2): 13/56 MB | 2.2 kBProgress (2): 13/56 MB | 2.2 kBProgress (2): 13/56 MB | 2.2 kBProgress (2): 13/56 MB | 2.2 kBProgress (2): 13/56 MB | 2.2 kBProgress (2): 13/56 MB | 2.2 kBProgress (2): 13/56 MB | 2.2 kBProgress (2): 13/56 MB | 2.2 kBProgress (2): 13/56 MB | 2.2 kB                               Downloaded from aliyun: https://maven.aliyun.com/repository/public/com/github/victools/jsonschema-generator/4.31.1/jsonschema-generator-4.31.1.pom (2.2 kB at 38 kB/s)
Downloading from aliyun: https://maven.aliyun.com/repository/public/com/github/victools/jsonschema-generator-parent/4.31.1/jsonschema-generator-parent-4.31.1.pom
Progress (1): 13/56 MBProgress (1): 13/56 MBProgress (1): 13/56 MBProgress (1): 13/56 MBProgress (1): 13/56 MBProgress (1): 13/56 MBProgress (1): 13/56 MBProgress (1): 13/56 MBProgress (1): 13/56 MBProgress (1): 13/56 MBProgress (1): 13/56 MBProgress (1): 13/56 MBProgress (1): 13/56 MBProgress (1): 13/56 MBProgress (2): 13/56 MB | 0.5/18 kBProgress (2): 13/56 MB | 0.5/18 kBProgress (2): 13/56 MB | 0.5/18 kBProgress (2): 13/56 MB | 17/18 kB Progress (2): 13/56 MB | 18 kB   Progress (2): 13/56 MB | 18 kBProgress (2): 13/56 MB | 18 kBProgress (2): 13/56 MB | 18 kBProgress (2): 13/56 MB | 18 kBProgress (2): 13/56 MB | 18 kBProgress (2): 13/56 MB | 18 kBProgress (2): 13/56 MB | 18 kBProgress (2): 13/56 MB | 18 kBProgress (2): 13/56 MB | 18 kBProgress (2): 13/56 MB | 18 kB                              Downloaded from aliyun: https://maven.aliyun.com/repository/public/com/github/victools/jsonschema-generator-parent/4.31.1/jsonschema-generator-parent-4.31.1.pom (18 kB at 362 kB/s)
Downloading from aliyun: https://maven.aliyun.com/repository/public/com/github/victools/jsonschema-generator-bom/4.31.1/jsonschema-generator-bom-4.31.1.pom
Progress (1): 13/56 MBProgress (1): 13/56 MBProgress (1): 13/56 MBProgress (1): 13/56 MBProgress (1): 13/56 MBProgress (1): 13/56 MBProgress (1): 13/56 MBProgress (1): 13/56 MBProgress (1): 13/56 MBProgress (1): 13/56 MBProgress (1): 13/56 MBProgress (2): 13/56 MB | 4.7 kBProgress (2): 13/56 MB | 4.7 kBProgress (2): 13/56 MB | 4.7 kBProgress (2): 13/56 MB | 4.7 kBProgress (2): 13/56 MB | 4.7 kBProgress (2): 13/56 MB | 4.7 kBProgress (2): 13/56 MB | 4.7 kBProgress (2): 13/56 MB | 4.7 kBProgress (2): 13/56 MB | 4.7 kBProgress (2): 13/56 MB | 4.7 kBProgress (2): 13/56 MB | 4.7 kBProgress (2): 13/56 MB | 4.7 kBProgress (2): 13/56 MB | 4.7 kBProgress (2): 13/56 MB | 4.7 kBProgress (2): 13/56 MB | 4.7 kBProgress (2): 14/56 MB | 4.7 kBProgress (2): 14/56 MB | 4.7 kBProgress (2): 14/56 MB | 4.7 kBProgress (2): 14/56 MB | 4.7 kBProgress (2): 14/56 MB | 4.7 kBProgress (2): 14/56 MB | 4.7 kBProgress (2): 14/56 MB | 4.7 kBProgress (2): 14/56 MB | 4.7 kBProgress (2): 14/56 MB | 4.7 kBProgress (2): 14/56 MB | 4.7 kBProgress (2): 14/56 MB | 4.7 kBProgress (2): 14/56 MB | 4.7 kBProgress (2): 14/56 MB | 4.7 kBProgress (2): 14/56 MB | 4.7 kBProgress (2): 14/56 MB | 4.7 kBProgress (2): 14/56 MB | 4.7 kBProgress (2): 14/56 MB | 4.7 kBProgress (2): 14/56 MB | 4.7 kBProgress (2): 14/56 MB | 4.7 kBProgress (2): 14/56 MB | 4.7 kBProgress (2): 14/56 MB | 4.7 kBProgress (2): 14/56 MB | 4.7 kBProgress (2): 14/56 MB | 4.7 kBProgress (2): 14/56 MB | 4.7 kBProgress (2): 14/56 MB | 4.7 kBProgress (2): 14/56 MB | 4.7 kBProgress (2): 14/56 MB | 4.7 kBProgress (2): 14/56 MB | 4.7 kBProgress (2): 14/56 MB | 4.7 kBProgress (2): 14/56 MB | 4.7 kBProgress (2): 14/56 MB | 4.7 kBProgress (2): 14/56 MB | 4.7 kBProgress (2): 14/56 MB | 4.7 kBProgress (2): 14/56 MB | 4.7 kBProgress (2): 14/56 MB | 4.7 kBProgress (2): 14/56 MB | 4.7 kBProgress (2): 14/56 MB | 4.7 kBProgress (2): 14/56 MB | 4.7 kBProgress (2): 14/56 MB | 4.7 kBProgress (2): 14/56 MB | 4.7 kBProgress (2): 14/56 MB | 4.7 kBProgress (2): 14/56 MB | 4.7 kBProgress (2): 14/56 MB | 4.7 kBProgress (2): 14/56 MB | 4.7 kBProgress (2): 14/56 MB | 4.7 kBProgress (2): 14/56 MB | 4.7 kBProgress (2): 14/56 MB | 4.7 kBProgress (2): 14/56 MB | 4.7 kBProgress (2): 14/56 MB | 4.7 kB                               Downloaded from aliyun: https://maven.aliyun.com/repository/public/com/github/victools/jsonschema-generator-bom/4.31.1/jsonschema-generator-bom-4.31.1.pom (4.7 kB at 39 kB/s)
Downloading from aliyun: https://maven.aliyun.com/repository/public/org/jeecgframework/langchain4j-pgvector/0.35.0/langchain4j-pgvector-0.35.0.pom
Progress (1): 14/56 MBProgress (1): 14/56 MBProgress (1): 14/56 MBProgress (1): 14/56 MBProgress (1): 14/56 MBProgress (1): 14/56 MBProgress (1): 14/56 MBProgress (1): 14/56 MBProgress (1): 14/56 MBProgress (1): 14/56 MBProgress (1): 14/56 MBProgress (1): 14/56 MBProgress (1): 15/56 MBProgress (1): 15/56 MBProgress (1): 15/56 MBProgress (1): 15/56 MBProgress (1): 15/56 MBProgress (1): 15/56 MBProgress (1): 15/56 MBProgress (1): 15/56 MBProgress (1): 15/56 MBProgress (1): 15/56 MBProgress (1): 15/56 MBProgress (1): 15/56 MBProgress (1): 15/56 MBProgress (1): 15/56 MBProgress (1): 15/56 MBProgress (1): 15/56 MBProgress (1): 15/56 MBProgress (1): 15/56 MBProgress (1): 15/56 MBProgress (1): 15/56 MBProgress (1): 15/56 MBProgress (1): 15/56 MBProgress (1): 15/56 MBProgress (1): 15/56 MBProgress (1): 15/56 MBProgress (1): 15/56 MBProgress (1): 15/56 MBProgress (1): 15/56 MBProgress (1): 15/56 MBProgress (1): 15/56 MBProgress (1): 15/56 MBProgress (1): 15/56 MBProgress (1): 15/56 MBProgress (1): 15/56 MBProgress (1): 15/56 MBProgress (1): 15/56 MBProgress (1): 15/56 MBProgress (1): 15/56 MBProgress (1): 15/56 MBProgress (1): 15/56 MBProgress (1): 15/56 MBProgress (1): 15/56 MBProgress (1): 15/56 MBProgress (1): 15/56 MBProgress (1): 15/56 MBProgress (1): 15/56 MBProgress (1): 15/56 MBProgress (1): 15/56 MBProgress (1): 15/56 MBProgress (1): 15/56 MBProgress (1): 15/56 MBProgress (1): 15/56 MBProgress (1): 15/56 MBProgress (1): 15/56 MBProgress (1): 15/56 MBProgress (1): 15/56 MBProgress (1): 15/56 MBProgress (1): 15/56 MBProgress (1): 15/56 MBProgress (1): 15/56 MBProgress (1): 15/56 MBProgress (1): 16/56 MBProgress (1): 16/56 MBProgress (1): 16/56 MBProgress (1): 16/56 MBProgress (1): 16/56 MBProgress (1): 16/56 MBProgress (1): 16/56 MBProgress (1): 16/56 MBProgress (1): 16/56 MBProgress (1): 16/56 MBProgress (1): 16/56 MBProgress (1): 16/56 MBProgress (1): 16/56 MBProgress (1): 16/56 MBProgress (1): 16/56 MBProgress (1): 16/56 MBProgress (1): 16/56 MBProgress (1): 16/56 MBProgress (1): 16/56 MBProgress (1): 16/56 MBProgress (1): 16/56 MBProgress (1): 16/56 MBProgress (1): 16/56 MBProgress (1): 16/56 MBProgress (1): 16/56 MBProgress (1): 16/56 MBProgress (1): 16/56 MBProgress (1): 16/56 MBProgress (1): 16/56 MBProgress (1): 16/56 MBProgress (1): 16/56 MBProgress (1): 16/56 MBProgress (1): 16/56 MBProgress (1): 16/56 MBProgress (1): 16/56 MBProgress (1): 16/56 MBProgress (1): 16/56 MBProgress (1): 16/56 MBProgress (1): 16/56 MBProgress (1): 16/56 MBProgress (1): 16/56 MBProgress (1): 16/56 MBProgress (1): 16/56 MBProgress (1): 16/56 MBProgress (1): 16/56 MBProgress (1): 16/56 MBProgress (1): 16/56 MBProgress (1): 16/56 MBProgress (1): 16/56 MBProgress (1): 16/56 MBProgress (1): 16/56 MBProgress (1): 16/56 MBProgress (1): 16/56 MBProgress (2): 16/56 MB | 5.7 kBProgress (2): 16/56 MB | 5.7 kBProgress (2): 16/56 MB | 5.7 kBProgress (2): 16/56 MB | 5.7 kBProgress (2): 16/56 MB | 5.7 kBProgress (2): 16/56 MB | 5.7 kBProgress (2): 16/56 MB | 5.7 kBProgress (2): 16/56 MB | 5.7 kBProgress (2): 16/56 MB | 5.7 kBProgress (2): 17/56 MB | 5.7 kBProgress (2): 17/56 MB | 5.7 kBProgress (2): 17/56 MB | 5.7 kBProgress (2): 17/56 MB | 5.7 kBProgress (2): 17/56 MB | 5.7 kBProgress (2): 17/56 MB | 5.7 kBProgress (2): 17/56 MB | 5.7 kBProgress (2): 17/56 MB | 5.7 kBProgress (2): 17/56 MB | 5.7 kBProgress (2): 17/56 MB | 5.7 kBProgress (2): 17/56 MB | 5.7 kBProgress (2): 17/56 MB | 5.7 kBProgress (2): 17/56 MB | 5.7 kBProgress (2): 17/56 MB | 5.7 kBProgress (2): 17/56 MB | 5.7 kBProgress (2): 17/56 MB | 5.7 kBProgress (2): 17/56 MB | 5.7 kBProgress (2): 17/56 MB | 5.7 kBProgress (2): 17/56 MB | 5.7 kBProgress (2): 17/56 MB | 5.7 kBProgress (2): 17/56 MB | 5.7 kBProgress (2): 17/56 MB | 5.7 kBProgress (2): 17/56 MB | 5.7 kBProgress (2): 17/56 MB | 5.7 kBProgress (2): 17/56 MB | 5.7 kBProgress (2): 17/56 MB | 5.7 kBProgress (2): 17/56 MB | 5.7 kBProgress (2): 17/56 MB | 5.7 kBProgress (2): 17/56 MB | 5.7 kBProgress (2): 17/56 MB | 5.7 kBProgress (2): 17/56 MB | 5.7 kBProgress (2): 17/56 MB | 5.7 kBProgress (2): 17/56 MB | 5.7 kBProgress (2): 17/56 MB | 5.7 kBProgress (2): 17/56 MB | 5.7 kBProgress (2): 17/56 MB | 5.7 kBProgress (2): 17/56 MB | 5.7 kBProgress (2): 17/56 MB | 5.7 kBProgress (2): 17/56 MB | 5.7 kBProgress (2): 17/56 MB | 5.7 kBProgress (2): 17/56 MB | 5.7 kBProgress (2): 17/56 MB | 5.7 kBProgress (2): 17/56 MB | 5.7 kBProgress (2): 17/56 MB | 5.7 kBProgress (2): 17/56 MB | 5.7 kBProgress (2): 17/56 MB | 5.7 kBProgress (2): 17/56 MB | 5.7 kBProgress (2): 17/56 MB | 5.7 kBProgress (2): 17/56 MB | 5.7 kBProgress (2): 17/56 MB | 5.7 kBProgress (2): 17/56 MB | 5.7 kBProgress (2): 17/56 MB | 5.7 kBProgress (2): 17/56 MB | 5.7 kBProgress (2): 17/56 MB | 5.7 kBProgress (2): 17/56 MB | 5.7 kBProgress (2): 17/56 MB | 5.7 kBProgress (2): 17/56 MB | 5.7 kBProgress (2): 17/56 MB | 5.7 kBProgress (2): 17/56 MB | 5.7 kBProgress (2): 17/56 MB | 5.7 kBProgress (2): 17/56 MB | 5.7 kBProgress (2): 18/56 MB | 5.7 kBProgress (2): 18/56 MB | 5.7 kBProgress (2): 18/56 MB | 5.7 kBProgress (2): 18/56 MB | 5.7 kBProgress (2): 18/56 MB | 5.7 kBProgress (2): 18/56 MB | 5.7 kBProgress (2): 18/56 MB | 5.7 kBProgress (2): 18/56 MB | 5.7 kBProgress (2): 18/56 MB | 5.7 kBProgress (2): 18/56 MB | 5.7 kBProgress (2): 18/56 MB | 5.7 kBProgress (2): 18/56 MB | 5.7 kBProgress (2): 18/56 MB | 5.7 kBProgress (2): 18/56 MB | 5.7 kBProgress (2): 18/56 MB | 5.7 kBProgress (2): 18/56 MB | 5.7 kBProgress (2): 18/56 MB | 5.7 kBProgress (2): 18/56 MB | 5.7 kBProgress (2): 18/56 MB | 5.7 kBProgress (2): 18/56 MB | 5.7 kBProgress (2): 18/56 MB | 5.7 kBProgress (2): 18/56 MB | 5.7 kBProgress (2): 18/56 MB | 5.7 kBProgress (2): 18/56 MB | 5.7 kBProgress (2): 18/56 MB | 5.7 kBProgress (2): 18/56 MB | 5.7 kBProgress (2): 18/56 MB | 5.7 kBProgress (2): 18/56 MB | 5.7 kBProgress (2): 18/56 MB | 5.7 kBProgress (2): 18/56 MB | 5.7 kBProgress (2): 18/56 MB | 5.7 kBProgress (2): 18/56 MB | 5.7 kBProgress (2): 18/56 MB | 5.7 kBProgress (2): 18/56 MB | 5.7 kBProgress (2): 18/56 MB | 5.7 kBProgress (2): 18/56 MB | 5.7 kBProgress (2): 18/56 MB | 5.7 kBProgress (2): 18/56 MB | 5.7 kBProgress (2): 18/56 MB | 5.7 kBProgress (2): 18/56 MB | 5.7 kBProgress (2): 18/56 MB | 5.7 kBProgress (2): 18/56 MB | 5.7 kBProgress (2): 18/56 MB | 5.7 kBProgress (2): 18/56 MB | 5.7 kBProgress (2): 18/56 MB | 5.7 kBProgress (2): 18/56 MB | 5.7 kBProgress (2): 18/56 MB | 5.7 kBProgress (2): 18/56 MB | 5.7 kBProgress (2): 18/56 MB | 5.7 kBProgress (2): 18/56 MB | 5.7 kBProgress (2): 18/56 MB | 5.7 kBProgress (2): 18/56 MB | 5.7 kBProgress (2): 18/56 MB | 5.7 kBProgress (2): 18/56 MB | 5.7 kBProgress (2): 18/56 MB | 5.7 kBProgress (2): 18/56 MB | 5.7 kBProgress (2): 18/56 MB | 5.7 kBProgress (2): 18/56 MB | 5.7 kBProgress (2): 18/56 MB | 5.7 kBProgress (2): 18/56 MB | 5.7 kBProgress (2): 18/56 MB | 5.7 kBProgress (2): 19/56 MB | 5.7 kBProgress (2): 19/56 MB | 5.7 kBProgress (2): 19/56 MB | 5.7 kBProgress (2): 19/56 MB | 5.7 kBProgress (2): 19/56 MB | 5.7 kBProgress (2): 19/56 MB | 5.7 kBProgress (2): 19/56 MB | 5.7 kBProgress (2): 19/56 MB | 5.7 kBProgress (2): 19/56 MB | 5.7 kBProgress (2): 19/56 MB | 5.7 kBProgress (2): 19/56 MB | 5.7 kBProgress (2): 19/56 MB | 5.7 kBProgress (2): 19/56 MB | 5.7 kBProgress (2): 19/56 MB | 5.7 kBProgress (2): 19/56 MB | 5.7 kBProgress (2): 19/56 MB | 5.7 kBProgress (2): 19/56 MB | 5.7 kBProgress (2): 19/56 MB | 5.7 kBProgress (2): 19/56 MB | 5.7 kBProgress (2): 19/56 MB | 5.7 kBProgress (2): 19/56 MB | 5.7 kBProgress (2): 19/56 MB | 5.7 kBProgress (2): 19/56 MB | 5.7 kBProgress (2): 19/56 MB | 5.7 kBProgress (2): 19/56 MB | 5.7 kBProgress (2): 19/56 MB | 5.7 kBProgress (2): 19/56 MB | 5.7 kBProgress (2): 19/56 MB | 5.7 kBProgress (2): 19/56 MB | 5.7 kBProgress (2): 19/56 MB | 5.7 kBProgress (2): 19/56 MB | 5.7 kBProgress (2): 19/56 MB | 5.7 kBProgress (2): 19/56 MB | 5.7 kBProgress (2): 19/56 MB | 5.7 kBProgress (2): 19/56 MB | 5.7 kBProgress (2): 19/56 MB | 5.7 kBProgress (2): 19/56 MB | 5.7 kBProgress (2): 19/56 MB | 5.7 kBProgress (2): 19/56 MB | 5.7 kBProgress (2): 19/56 MB | 5.7 kBProgress (2): 19/56 MB | 5.7 kBProgress (2): 19/56 MB | 5.7 kBProgress (2): 19/56 MB | 5.7 kBProgress (2): 19/56 MB | 5.7 kBProgress (2): 19/56 MB | 5.7 kBProgress (2): 19/56 MB | 5.7 kBProgress (2): 19/56 MB | 5.7 kBProgress (2): 19/56 MB | 5.7 kBProgress (2): 19/56 MB | 5.7 kBProgress (2): 19/56 MB | 5.7 kBProgress (2): 19/56 MB | 5.7 kBProgress (2): 19/56 MB | 5.7 kBProgress (2): 19/56 MB | 5.7 kBProgress (2): 19/56 MB | 5.7 kBProgress (2): 19/56 MB | 5.7 kBProgress (2): 19/56 MB | 5.7 kBProgress (2): 19/56 MB | 5.7 kBProgress (2): 19/56 MB | 5.7 kBProgress (2): 19/56 MB | 5.7 kBProgress (2): 19/56 MB | 5.7 kBProgress (2): 19/56 MB | 5.7 kBProgress (2): 19/56 MB | 5.7 kBProgress (2): 20/56 MB | 5.7 kBProgress (2): 20/56 MB | 5.7 kBProgress (2): 20/56 MB | 5.7 kBProgress (2): 20/56 MB | 5.7 kBProgress (2): 20/56 MB | 5.7 kBProgress (2): 20/56 MB | 5.7 kBProgress (2): 20/56 MB | 5.7 kBProgress (2): 20/56 MB | 5.7 kBProgress (2): 20/56 MB | 5.7 kBProgress (2): 20/56 MB | 5.7 kBProgress (2): 20/56 MB | 5.7 kBProgress (2): 20/56 MB | 5.7 kBProgress (2): 20/56 MB | 5.7 kBProgress (2): 20/56 MB | 5.7 kBProgress (2): 20/56 MB | 5.7 kBProgress (2): 20/56 MB | 5.7 kBProgress (2): 20/56 MB | 5.7 kBProgress (2): 20/56 MB | 5.7 kBProgress (2): 20/56 MB | 5.7 kBProgress (2): 20/56 MB | 5.7 kBProgress (2): 20/56 MB | 5.7 kBProgress (2): 20/56 MB | 5.7 kBProgress (2): 20/56 MB | 5.7 kBProgress (2): 20/56 MB | 5.7 kBProgress (2): 20/56 MB | 5.7 kBProgress (2): 20/56 MB | 5.7 kBProgress (2): 20/56 MB | 5.7 kBProgress (2): 20/56 MB | 5.7 kBProgress (2): 20/56 MB | 5.7 kBProgress (2): 20/56 MB | 5.7 kBProgress (2): 20/56 MB | 5.7 kBProgress (2): 20/56 MB | 5.7 kBProgress (2): 20/56 MB | 5.7 kBProgress (2): 20/56 MB | 5.7 kBProgress (2): 20/56 MB | 5.7 kBProgress (2): 20/56 MB | 5.7 kBProgress (2): 20/56 MB | 5.7 kBProgress (2): 20/56 MB | 5.7 kBProgress (2): 20/56 MB | 5.7 kBProgress (2): 20/56 MB | 5.7 kBProgress (2): 20/56 MB | 5.7 kBProgress (2): 20/56 MB | 5.7 kBProgress (2): 20/56 MB | 5.7 kBProgress (2): 20/56 MB | 5.7 kBProgress (2): 20/56 MB | 5.7 kBProgress (2): 20/56 MB | 5.7 kBProgress (2): 20/56 MB | 5.7 kBProgress (2): 20/56 MB | 5.7 kBProgress (2): 20/56 MB | 5.7 kBProgress (2): 20/56 MB | 5.7 kBProgress (2): 20/56 MB | 5.7 kBProgress (2): 20/56 MB | 5.7 kBProgress (2): 20/56 MB | 5.7 kBProgress (2): 20/56 MB | 5.7 kBProgress (2): 20/56 MB | 5.7 kBProgress (2): 20/56 MB | 5.7 kBProgress (2): 20/56 MB | 5.7 kBProgress (2): 20/56 MB | 5.7 kBProgress (2): 20/56 MB | 5.7 kBProgress (2): 20/56 MB | 5.7 kBProgress (2): 20/56 MB | 5.7 kBProgress (2): 21/56 MB | 5.7 kBProgress (2): 21/56 MB | 5.7 kBProgress (2): 21/56 MB | 5.7 kBProgress (2): 21/56 MB | 5.7 kBProgress (2): 21/56 MB | 5.7 kBProgress (2): 21/56 MB | 5.7 kBProgress (2): 21/56 MB | 5.7 kBProgress (2): 21/56 MB | 5.7 kBProgress (2): 21/56 MB | 5.7 kBProgress (2): 21/56 MB | 5.7 kBProgress (2): 21/56 MB | 5.7 kBProgress (2): 21/56 MB | 5.7 kBProgress (2): 21/56 MB | 5.7 kBProgress (2): 21/56 MB | 5.7 kBProgress (2): 21/56 MB | 5.7 kBProgress (2): 21/56 MB | 5.7 kBProgress (2): 21/56 MB | 5.7 kBProgress (2): 21/56 MB | 5.7 kBProgress (2): 21/56 MB | 5.7 kBProgress (2): 21/56 MB | 5.7 kBProgress (2): 21/56 MB | 5.7 kBProgress (2): 21/56 MB | 5.7 kBProgress (2): 21/56 MB | 5.7 kBProgress (2): 21/56 MB | 5.7 kBProgress (2): 21/56 MB | 5.7 kBProgress (2): 21/56 MB | 5.7 kBProgress (2): 21/56 MB | 5.7 kBProgress (2): 21/56 MB | 5.7 kBProgress (2): 21/56 MB | 5.7 kBProgress (2): 21/56 MB | 5.7 kBProgress (2): 21/56 MB | 5.7 kBProgress (2): 21/56 MB | 5.7 kBProgress (2): 21/56 MB | 5.7 kBProgress (2): 21/56 MB | 5.7 kBProgress (2): 21/56 MB | 5.7 kBProgress (2): 21/56 MB | 5.7 kBProgress (2): 21/56 MB | 5.7 kBProgress (2): 21/56 MB | 5.7 kBProgress (2): 21/56 MB | 5.7 kBProgress (2): 21/56 MB | 5.7 kBProgress (2): 21/56 MB | 5.7 kBProgress (2): 21/56 MB | 5.7 kBProgress (2): 21/56 MB | 5.7 kBProgress (2): 21/56 MB | 5.7 kBProgress (2): 21/56 MB | 5.7 kBProgress (2): 21/56 MB | 5.7 kBProgress (2): 21/56 MB | 5.7 kBProgress (2): 21/56 MB | 5.7 kBProgress (2): 21/56 MB | 5.7 kBProgress (2): 21/56 MB | 5.7 kBProgress (2): 21/56 MB | 5.7 kBProgress (2): 21/56 MB | 5.7 kBProgress (2): 21/56 MB | 5.7 kBProgress (2): 21/56 MB | 5.7 kBProgress (2): 21/56 MB | 5.7 kBProgress (2): 21/56 MB | 5.7 kBProgress (2): 21/56 MB | 5.7 kBProgress (2): 21/56 MB | 5.7 kBProgress (2): 21/56 MB | 5.7 kBProgress (2): 21/56 MB | 5.7 kBProgress (2): 21/56 MB | 5.7 kBProgress (2): 22/56 MB | 5.7 kBProgress (2): 22/56 MB | 5.7 kBProgress (2): 22/56 MB | 5.7 kBProgress (2): 22/56 MB | 5.7 kBProgress (2): 22/56 MB | 5.7 kBProgress (2): 22/56 MB | 5.7 kBProgress (2): 22/56 MB | 5.7 kBProgress (2): 22/56 MB | 5.7 kBProgress (2): 22/56 MB | 5.7 kBProgress (2): 22/56 MB | 5.7 kBProgress (2): 22/56 MB | 5.7 kBProgress (2): 22/56 MB | 5.7 kBProgress (2): 22/56 MB | 5.7 kBProgress (2): 22/56 MB | 5.7 kBProgress (2): 22/56 MB | 5.7 kBProgress (2): 22/56 MB | 5.7 kBProgress (2): 22/56 MB | 5.7 kBProgress (2): 22/56 MB | 5.7 kBProgress (2): 22/56 MB | 5.7 kBProgress (2): 22/56 MB | 5.7 kB                               Downloaded from aliyun: https://maven.aliyun.com/repository/public/org/jeecgframework/langchain4j-pgvector/0.35.0/langchain4j-pgvector-0.35.0.pom (5.7 kB at 6.0 kB/s)
Downloading from aliyun: https://maven.aliyun.com/repository/public/com/pgvector/pgvector/0.1.4/pgvector-0.1.4.pom
Progress (1): 22/56 MBProgress (1): 22/56 MBProgress (1): 22/56 MBProgress (1): 22/56 MBProgress (1): 22/56 MBProgress (1): 22/56 MBProgress (1): 22/56 MBProgress (1): 22/56 MBProgress (1): 22/56 MBProgress (1): 22/56 MBProgress (1): 22/56 MBProgress (1): 22/56 MBProgress (1): 22/56 MBProgress (1): 22/56 MBProgress (1): 22/56 MBProgress (1): 22/56 MBProgress (1): 22/56 MBProgress (1): 22/56 MBProgress (1): 22/56 MBProgress (1): 22/56 MBProgress (1): 22/56 MBProgress (1): 22/56 MBProgress (1): 22/56 MBProgress (1): 22/56 MBProgress (1): 22/56 MBProgress (1): 22/56 MBProgress (1): 22/56 MBProgress (1): 22/56 MBProgress (1): 22/56 MBProgress (1): 22/56 MBProgress (1): 22/56 MBProgress (1): 22/56 MBProgress (1): 22/56 MBProgress (1): 22/56 MBProgress (1): 22/56 MBProgress (1): 22/56 MBProgress (1): 22/56 MBProgress (1): 22/56 MBProgress (1): 22/56 MBProgress (1): 22/56 MBProgress (1): 22/56 MBProgress (1): 23/56 MBProgress (1): 23/56 MBProgress (1): 23/56 MBProgress (1): 23/56 MBProgress (1): 23/56 MBProgress (1): 23/56 MBProgress (1): 23/56 MBProgress (1): 23/56 MBProgress (1): 23/56 MBProgress (1): 23/56 MBProgress (2): 23/56 MB | 10 kBProgress (2): 23/56 MB | 10 kBProgress (2): 23/56 MB | 10 kBProgress (2): 23/56 MB | 10 kBProgress (2): 23/56 MB | 10 kBProgress (2): 23/56 MB | 10 kBProgress (2): 23/56 MB | 10 kBProgress (2): 23/56 MB | 10 kBProgress (2): 23/56 MB | 10 kBProgress (2): 23/56 MB | 10 kBProgress (2): 23/56 MB | 10 kBProgress (2): 23/56 MB | 10 kBProgress (2): 23/56 MB | 10 kBProgress (2): 23/56 MB | 10 kBProgress (2): 23/56 MB | 10 kBProgress (2): 23/56 MB | 10 kBProgress (2): 23/56 MB | 10 kBProgress (2): 23/56 MB | 10 kBProgress (2): 23/56 MB | 10 kBProgress (2): 23/56 MB | 10 kBProgress (2): 23/56 MB | 10 kBProgress (2): 23/56 MB | 10 kBProgress (2): 23/56 MB | 10 kBProgress (2): 23/56 MB | 10 kBProgress (2): 23/56 MB | 10 kBProgress (2): 23/56 MB | 10 kBProgress (2): 23/56 MB | 10 kBProgress (2): 23/56 MB | 10 kBProgress (2): 23/56 MB | 10 kBProgress (2): 23/56 MB | 10 kBProgress (2): 23/56 MB | 10 kBProgress (2): 23/56 MB | 10 kBProgress (2): 23/56 MB | 10 kBProgress (2): 23/56 MB | 10 kBProgress (2): 23/56 MB | 10 kBProgress (2): 23/56 MB | 10 kBProgress (2): 23/56 MB | 10 kBProgress (2): 23/56 MB | 10 kBProgress (2): 23/56 MB | 10 kBProgress (2): 23/56 MB | 10 kBProgress (2): 23/56 MB | 10 kBProgress (2): 23/56 MB | 10 kBProgress (2): 23/56 MB | 10 kBProgress (2): 23/56 MB | 10 kBProgress (2): 23/56 MB | 10 kBProgress (2): 23/56 MB | 10 kBProgress (2): 23/56 MB | 10 kBProgress (2): 23/56 MB | 10 kBProgress (2): 23/56 MB | 10 kBProgress (2): 23/56 MB | 10 kBProgress (2): 23/56 MB | 10 kBProgress (2): 23/56 MB | 10 kBProgress (2): 24/56 MB | 10 kBProgress (2): 24/56 MB | 10 kBProgress (2): 24/56 MB | 10 kBProgress (2): 24/56 MB | 10 kBProgress (2): 24/56 MB | 10 kBProgress (2): 24/56 MB | 10 kBProgress (2): 24/56 MB | 10 kBProgress (2): 24/56 MB | 10 kBProgress (2): 24/56 MB | 10 kBProgress (2): 24/56 MB | 10 kBProgress (2): 24/56 MB | 10 kBProgress (2): 24/56 MB | 10 kBProgress (2): 24/56 MB | 10 kBProgress (2): 24/56 MB | 10 kBProgress (2): 24/56 MB | 10 kBProgress (2): 24/56 MB | 10 kBProgress (2): 24/56 MB | 10 kBProgress (2): 24/56 MB | 10 kBProgress (2): 24/56 MB | 10 kBProgress (2): 24/56 MB | 10 kBProgress (2): 24/56 MB | 10 kBProgress (2): 24/56 MB | 10 kBProgress (2): 24/56 MB | 10 kBProgress (2): 24/56 MB | 10 kBProgress (2): 24/56 MB | 10 kBProgress (2): 24/56 MB | 10 kBProgress (2): 24/56 MB | 10 kBProgress (2): 24/56 MB | 10 kBProgress (2): 24/56 MB | 10 kBProgress (2): 24/56 MB | 10 kBProgress (2): 24/56 MB | 10 kBProgress (2): 24/56 MB | 10 kBProgress (2): 24/56 MB | 10 kBProgress (2): 24/56 MB | 10 kBProgress (2): 24/56 MB | 10 kBProgress (2): 24/56 MB | 10 kBProgress (2): 24/56 MB | 10 kBProgress (2): 24/56 MB | 10 kBProgress (2): 24/56 MB | 10 kBProgress (2): 24/56 MB | 10 kBProgress (2): 24/56 MB | 10 kBProgress (2): 24/56 MB | 10 kBProgress (2): 24/56 MB | 10 kBProgress (2): 24/56 MB | 10 kBProgress (2): 24/56 MB | 10 kBProgress (2): 24/56 MB | 10 kBProgress (2): 24/56 MB | 10 kBProgress (2): 24/56 MB | 10 kBProgress (2): 24/56 MB | 10 kBProgress (2): 24/56 MB | 10 kBProgress (2): 24/56 MB | 10 kBProgress (2): 24/56 MB | 10 kBProgress (2): 24/56 MB | 10 kBProgress (2): 24/56 MB | 10 kBProgress (2): 24/56 MB | 10 kBProgress (2): 24/56 MB | 10 kBProgress (2): 24/56 MB | 10 kBProgress (2): 24/56 MB | 10 kBProgress (2): 24/56 MB | 10 kBProgress (2): 24/56 MB | 10 kBProgress (2): 24/56 MB | 10 kBProgress (2): 25/56 MB | 10 kBProgress (2): 25/56 MB | 10 kBProgress (2): 25/56 MB | 10 kBProgress (2): 25/56 MB | 10 kBProgress (2): 25/56 MB | 10 kBProgress (2): 25/56 MB | 10 kBProgress (2): 25/56 MB | 10 kBProgress (2): 25/56 MB | 10 kBProgress (2): 25/56 MB | 10 kBProgress (2): 25/56 MB | 10 kBProgress (2): 25/56 MB | 10 kBProgress (2): 25/56 MB | 10 kBProgress (2): 25/56 MB | 10 kBProgress (2): 25/56 MB | 10 kBProgress (2): 25/56 MB | 10 kBProgress (2): 25/56 MB | 10 kBProgress (2): 25/56 MB | 10 kBProgress (2): 25/56 MB | 10 kBProgress (2): 25/56 MB | 10 kBProgress (2): 25/56 MB | 10 kBProgress (2): 25/56 MB | 10 kBProgress (2): 25/56 MB | 10 kBProgress (2): 25/56 MB | 10 kBProgress (2): 25/56 MB | 10 kBProgress (2): 25/56 MB | 10 kBProgress (2): 25/56 MB | 10 kBProgress (2): 25/56 MB | 10 kBProgress (2): 25/56 MB | 10 kBProgress (2): 25/56 MB | 10 kBProgress (2): 25/56 MB | 10 kBProgress (2): 25/56 MB | 10 kBProgress (2): 25/56 MB | 10 kBProgress (2): 25/56 MB | 10 kBProgress (2): 25/56 MB | 10 kBProgress (2): 25/56 MB | 10 kBProgress (2): 25/56 MB | 10 kBProgress (2): 25/56 MB | 10 kBProgress (2): 25/56 MB | 10 kBProgress (2): 25/56 MB | 10 kBProgress (2): 25/56 MB | 10 kBProgress (2): 25/56 MB | 10 kBProgress (2): 25/56 MB | 10 kBProgress (2): 25/56 MB | 10 kBProgress (2): 25/56 MB | 10 kBProgress (2): 25/56 MB | 10 kBProgress (2): 25/56 MB | 10 kBProgress (2): 25/56 MB | 10 kBProgress (2): 25/56 MB | 10 kBProgress (2): 25/56 MB | 10 kBProgress (2): 25/56 MB | 10 kBProgress (2): 25/56 MB | 10 kBProgress (2): 25/56 MB | 10 kBProgress (2): 25/56 MB | 10 kBProgress (2): 25/56 MB | 10 kBProgress (2): 25/56 MB | 10 kBProgress (2): 25/56 MB | 10 kBProgress (2): 25/56 MB | 10 kBProgress (2): 25/56 MB | 10 kBProgress (2): 25/56 MB | 10 kBProgress (2): 25/56 MB | 10 kBProgress (2): 25/56 MB | 10 kBProgress (2): 26/56 MB | 10 kBProgress (2): 26/56 MB | 10 kBProgress (2): 26/56 MB | 10 kBProgress (2): 26/56 MB | 10 kBProgress (2): 26/56 MB | 10 kBProgress (2): 26/56 MB | 10 kBProgress (2): 26/56 MB | 10 kBProgress (2): 26/56 MB | 10 kBProgress (2): 26/56 MB | 10 kBProgress (2): 26/56 MB | 10 kBProgress (2): 26/56 MB | 10 kBProgress (2): 26/56 MB | 10 kBProgress (2): 26/56 MB | 10 kBProgress (2): 26/56 MB | 10 kBProgress (2): 26/56 MB | 10 kBProgress (2): 26/56 MB | 10 kBProgress (2): 26/56 MB | 10 kBProgress (2): 26/56 MB | 10 kBProgress (2): 26/56 MB | 10 kBProgress (2): 26/56 MB | 10 kBProgress (2): 26/56 MB | 10 kBProgress (2): 26/56 MB | 10 kBProgress (2): 26/56 MB | 10 kBProgress (2): 26/56 MB | 10 kBProgress (2): 26/56 MB | 10 kBProgress (2): 26/56 MB | 10 kBProgress (2): 26/56 MB | 10 kBProgress (2): 26/56 MB | 10 kBProgress (2): 26/56 MB | 10 kBProgress (2): 26/56 MB | 10 kBProgress (2): 26/56 MB | 10 kBProgress (2): 26/56 MB | 10 kBProgress (2): 26/56 MB | 10 kBProgress (2): 26/56 MB | 10 kBProgress (2): 26/56 MB | 10 kBProgress (2): 26/56 MB | 10 kBProgress (2): 26/56 MB | 10 kBProgress (2): 26/56 MB | 10 kBProgress (2): 26/56 MB | 10 kBProgress (2): 26/56 MB | 10 kBProgress (2): 26/56 MB | 10 kBProgress (2): 26/56 MB | 10 kBProgress (2): 26/56 MB | 10 kBProgress (2): 26/56 MB | 10 kBProgress (2): 26/56 MB | 10 kBProgress (2): 26/56 MB | 10 kBProgress (2): 26/56 MB | 10 kBProgress (2): 26/56 MB | 10 kBProgress (2): 26/56 MB | 10 kBProgress (2): 26/56 MB | 10 kBProgress (2): 26/56 MB | 10 kBProgress (2): 26/56 MB | 10 kBProgress (2): 26/56 MB | 10 kBProgress (2): 26/56 MB | 10 kBProgress (2): 26/56 MB | 10 kBProgress (2): 26/56 MB | 10 kBProgress (2): 26/56 MB | 10 kBProgress (2): 26/56 MB | 10 kBProgress (2): 26/56 MB | 10 kBProgress (2): 26/56 MB | 10 kBProgress (2): 26/56 MB | 10 kBProgress (2): 27/56 MB | 10 kBProgress (2): 27/56 MB | 10 kBProgress (2): 27/56 MB | 10 kBProgress (2): 27/56 MB | 10 kBProgress (2): 27/56 MB | 10 kBProgress (2): 27/56 MB | 10 kBProgress (2): 27/56 MB | 10 kBProgress (2): 27/56 MB | 10 kBProgress (2): 27/56 MB | 10 kBProgress (2): 27/56 MB | 10 kBProgress (2): 27/56 MB | 10 kBProgress (2): 27/56 MB | 10 kBProgress (2): 27/56 MB | 10 kBProgress (2): 27/56 MB | 10 kBProgress (2): 27/56 MB | 10 kBProgress (2): 27/56 MB | 10 kBProgress (2): 27/56 MB | 10 kBProgress (2): 27/56 MB | 10 kBProgress (2): 27/56 MB | 10 kBProgress (2): 27/56 MB | 10 kBProgress (2): 27/56 MB | 10 kBProgress (2): 27/56 MB | 10 kBProgress (2): 27/56 MB | 10 kBProgress (2): 27/56 MB | 10 kBProgress (2): 27/56 MB | 10 kBProgress (2): 27/56 MB | 10 kBProgress (2): 27/56 MB | 10 kBProgress (2): 27/56 MB | 10 kBProgress (2): 27/56 MB | 10 kBProgress (2): 27/56 MB | 10 kBProgress (2): 27/56 MB | 10 kBProgress (2): 27/56 MB | 10 kBProgress (2): 27/56 MB | 10 kBProgress (2): 27/56 MB | 10 kBProgress (2): 27/56 MB | 10 kBProgress (2): 27/56 MB | 10 kBProgress (2): 27/56 MB | 10 kBProgress (2): 27/56 MB | 10 kBProgress (2): 27/56 MB | 10 kBProgress (2): 27/56 MB | 10 kBProgress (2): 27/56 MB | 10 kBProgress (2): 27/56 MB | 10 kBProgress (2): 27/56 MB | 10 kBProgress (2): 27/56 MB | 10 kBProgress (2): 27/56 MB | 10 kBProgress (2): 27/56 MB | 10 kBProgress (2): 27/56 MB | 10 kBProgress (2): 27/56 MB | 10 kBProgress (2): 27/56 MB | 10 kBProgress (2): 27/56 MB | 10 kBProgress (2): 27/56 MB | 10 kBProgress (2): 27/56 MB | 10 kBProgress (2): 27/56 MB | 10 kBProgress (2): 27/56 MB | 10 kBProgress (2): 27/56 MB | 10 kBProgress (2): 27/56 MB | 10 kBProgress (2): 27/56 MB | 10 kBProgress (2): 27/56 MB | 10 kBProgress (2): 27/56 MB | 10 kBProgress (2): 27/56 MB | 10 kBProgress (2): 27/56 MB | 10 kBProgress (2): 28/56 MB | 10 kBProgress (2): 28/56 MB | 10 kBProgress (2): 28/56 MB | 10 kB                              Downloaded from aliyun: https://maven.aliyun.com/repository/public/com/pgvector/pgvector/0.1.4/pgvector-0.1.4.pom (10 kB at 17 kB/s)
Progress (1): 28/56 MBProgress (1): 28/56 MBProgress (1): 28/56 MBProgress (1): 28/56 MBProgress (1): 28/56 MBProgress (1): 28/56 MB                      Downloading from aliyun: https://maven.aliyun.com/repository/public/org/apache/tika/tika-core/2.9.1/tika-core-2.9.1.pom
Progress (1): 28/56 MBProgress (1): 28/56 MBProgress (1): 28/56 MBProgress (1): 28/56 MBProgress (1): 28/56 MBProgress (1): 28/56 MBProgress (1): 28/56 MBProgress (1): 28/56 MBProgress (1): 28/56 MBProgress (1): 28/56 MBProgress (1): 28/56 MBProgress (1): 28/56 MBProgress (1): 28/56 MBProgress (1): 28/56 MBProgress (1): 28/56 MBProgress (1): 28/56 MBProgress (1): 28/56 MBProgress (2): 28/56 MB | 1.9/11 kBProgress (2): 28/56 MB | 1.9/11 kBProgress (2): 28/56 MB | 1.9/11 kBProgress (2): 28/56 MB | 11 kB    Progress (2): 28/56 MB | 11 kBProgress (2): 28/56 MB | 11 kBProgress (2): 28/56 MB | 11 kBProgress (2): 28/56 MB | 11 kBProgress (2): 28/56 MB | 11 kBProgress (2): 28/56 MB | 11 kBProgress (2): 28/56 MB | 11 kBProgress (2): 28/56 MB | 11 kBProgress (2): 28/56 MB | 11 kBProgress (2): 28/56 MB | 11 kBProgress (2): 28/56 MB | 11 kBProgress (2): 28/56 MB | 11 kBProgress (2): 28/56 MB | 11 kBProgress (2): 28/56 MB | 11 kBProgress (2): 28/56 MB | 11 kBProgress (2): 28/56 MB | 11 kBProgress (2): 28/56 MB | 11 kBProgress (2): 28/56 MB | 11 kBProgress (2): 28/56 MB | 11 kBProgress (2): 28/56 MB | 11 kBProgress (2): 28/56 MB | 11 kBProgress (2): 28/56 MB | 11 kBProgress (2): 28/56 MB | 11 kBProgress (2): 28/56 MB | 11 kBProgress (2): 28/56 MB | 11 kBProgress (2): 28/56 MB | 11 kBProgress (2): 28/56 MB | 11 kBProgress (2): 28/56 MB | 11 kBProgress (2): 28/56 MB | 11 kBProgress (2): 28/56 MB | 11 kBProgress (2): 28/56 MB | 11 kBProgress (2): 28/56 MB | 11 kBProgress (2): 28/56 MB | 11 kBProgress (2): 29/56 MB | 11 kBProgress (2): 29/56 MB | 11 kBProgress (2): 29/56 MB | 11 kBProgress (2): 29/56 MB | 11 kBProgress (2): 29/56 MB | 11 kBProgress (2): 29/56 MB | 11 kBProgress (2): 29/56 MB | 11 kBProgress (2): 29/56 MB | 11 kBProgress (2): 29/56 MB | 11 kBProgress (2): 29/56 MB | 11 kBProgress (2): 29/56 MB | 11 kBProgress (2): 29/56 MB | 11 kBProgress (2): 29/56 MB | 11 kBProgress (2): 29/56 MB | 11 kBProgress (2): 29/56 MB | 11 kBProgress (2): 29/56 MB | 11 kBProgress (2): 29/56 MB | 11 kBProgress (2): 29/56 MB | 11 kBProgress (2): 29/56 MB | 11 kBProgress (2): 29/56 MB | 11 kBProgress (2): 29/56 MB | 11 kBProgress (2): 29/56 MB | 11 kBProgress (2): 29/56 MB | 11 kBProgress (2): 29/56 MB | 11 kBProgress (2): 29/56 MB | 11 kBProgress (2): 29/56 MB | 11 kBProgress (2): 29/56 MB | 11 kBProgress (2): 29/56 MB | 11 kBProgress (2): 29/56 MB | 11 kBProgress (2): 29/56 MB | 11 kBProgress (2): 29/56 MB | 11 kBProgress (2): 29/56 MB | 11 kBProgress (2): 29/56 MB | 11 kBProgress (2): 29/56 MB | 11 kBProgress (2): 29/56 MB | 11 kBProgress (2): 29/56 MB | 11 kBProgress (2): 29/56 MB | 11 kBProgress (2): 29/56 MB | 11 kBProgress (2): 29/56 MB | 11 kBProgress (2): 29/56 MB | 11 kBProgress (2): 29/56 MB | 11 kBProgress (2): 29/56 MB | 11 kBProgress (2): 29/56 MB | 11 kBProgress (2): 29/56 MB | 11 kBProgress (2): 29/56 MB | 11 kBProgress (2): 29/56 MB | 11 kBProgress (2): 29/56 MB | 11 kBProgress (2): 29/56 MB | 11 kBProgress (2): 29/56 MB | 11 kBProgress (2): 29/56 MB | 11 kBProgress (2): 29/56 MB | 11 kBProgress (2): 29/56 MB | 11 kBProgress (2): 29/56 MB | 11 kBProgress (2): 29/56 MB | 11 kBProgress (2): 29/56 MB | 11 kBProgress (2): 29/56 MB | 11 kBProgress (2): 29/56 MB | 11 kBProgress (2): 29/56 MB | 11 kBProgress (2): 29/56 MB | 11 kBProgress (2): 29/56 MB | 11 kBProgress (2): 29/56 MB | 11 kBProgress (2): 30/56 MB | 11 kBProgress (2): 30/56 MB | 11 kBProgress (2): 30/56 MB | 11 kBProgress (2): 30/56 MB | 11 kBProgress (2): 30/56 MB | 11 kBProgress (2): 30/56 MB | 11 kBProgress (2): 30/56 MB | 11 kBProgress (2): 30/56 MB | 11 kBProgress (2): 30/56 MB | 11 kBProgress (2): 30/56 MB | 11 kBProgress (2): 30/56 MB | 11 kBProgress (2): 30/56 MB | 11 kBProgress (2): 30/56 MB | 11 kBProgress (2): 30/56 MB | 11 kBProgress (2): 30/56 MB | 11 kBProgress (2): 30/56 MB | 11 kBProgress (2): 30/56 MB | 11 kBProgress (2): 30/56 MB | 11 kBProgress (2): 30/56 MB | 11 kBProgress (2): 30/56 MB | 11 kBProgress (2): 30/56 MB | 11 kBProgress (2): 30/56 MB | 11 kBProgress (2): 30/56 MB | 11 kBProgress (2): 30/56 MB | 11 kBProgress (2): 30/56 MB | 11 kBProgress (2): 30/56 MB | 11 kBProgress (2): 30/56 MB | 11 kBProgress (2): 30/56 MB | 11 kBProgress (2): 30/56 MB | 11 kBProgress (2): 30/56 MB | 11 kBProgress (2): 30/56 MB | 11 kBProgress (2): 30/56 MB | 11 kBProgress (2): 30/56 MB | 11 kBProgress (2): 30/56 MB | 11 kBProgress (2): 30/56 MB | 11 kBProgress (2): 30/56 MB | 11 kBProgress (2): 30/56 MB | 11 kBProgress (2): 30/56 MB | 11 kBProgress (2): 30/56 MB | 11 kBProgress (2): 30/56 MB | 11 kBProgress (2): 30/56 MB | 11 kBProgress (2): 30/56 MB | 11 kBProgress (2): 30/56 MB | 11 kBProgress (2): 30/56 MB | 11 kBProgress (2): 30/56 MB | 11 kBProgress (2): 30/56 MB | 11 kBProgress (2): 30/56 MB | 11 kBProgress (2): 30/56 MB | 11 kBProgress (2): 30/56 MB | 11 kBProgress (2): 30/56 MB | 11 kBProgress (2): 30/56 MB | 11 kBProgress (2): 30/56 MB | 11 kBProgress (2): 30/56 MB | 11 kBProgress (2): 30/56 MB | 11 kBProgress (2): 30/56 MB | 11 kBProgress (2): 30/56 MB | 11 kBProgress (2): 30/56 MB | 11 kBProgress (2): 30/56 MB | 11 kBProgress (2): 30/56 MB | 11 kBProgress (2): 30/56 MB | 11 kBProgress (2): 30/56 MB | 11 kBProgress (2): 31/56 MB | 11 kBProgress (2): 31/56 MB | 11 kBProgress (2): 31/56 MB | 11 kBProgress (2): 31/56 MB | 11 kBProgress (2): 31/56 MB | 11 kBProgress (2): 31/56 MB | 11 kBProgress (2): 31/56 MB | 11 kBProgress (2): 31/56 MB | 11 kBProgress (2): 31/56 MB | 11 kBProgress (2): 31/56 MB | 11 kBProgress (2): 31/56 MB | 11 kBProgress (2): 31/56 MB | 11 kBProgress (2): 31/56 MB | 11 kBProgress (2): 31/56 MB | 11 kBProgress (2): 31/56 MB | 11 kB                              Downloaded from aliyun: https://maven.aliyun.com/repository/public/org/apache/tika/tika-core/2.9.1/tika-core-2.9.1.pom (11 kB at 30 kB/s)
Progress (1): 31/56 MBProgress (1): 31/56 MBProgress (1): 31/56 MB                      Downloading from aliyun: https://maven.aliyun.com/repository/public/org/apache/tika/tika-parent/2.9.1/tika-parent-2.9.1.pom
Progress (1): 31/56 MBProgress (1): 31/56 MBProgress (1): 31/56 MBProgress (1): 31/56 MBProgress (1): 31/56 MBProgress (1): 31/56 MBProgress (1): 31/56 MBProgress (1): 31/56 MBProgress (1): 31/56 MBProgress (1): 31/56 MBProgress (1): 31/56 MBProgress (1): 31/56 MBProgress (1): 31/56 MBProgress (1): 31/56 MBProgress (1): 31/56 MBProgress (1): 31/56 MBProgress (1): 31/56 MBProgress (1): 31/56 MBProgress (1): 31/56 MBProgress (1): 31/56 MBProgress (1): 31/56 MBProgress (1): 31/56 MBProgress (1): 31/56 MBProgress (1): 31/56 MBProgress (1): 31/56 MBProgress (1): 31/56 MBProgress (1): 31/56 MBProgress (1): 31/56 MBProgress (1): 31/56 MBProgress (1): 31/56 MBProgress (1): 31/56 MBProgress (1): 31/56 MBProgress (1): 31/56 MBProgress (1): 31/56 MBProgress (1): 31/56 MBProgress (1): 31/56 MBProgress (1): 31/56 MBProgress (1): 31/56 MBProgress (1): 31/56 MBProgress (1): 31/56 MBProgress (1): 31/56 MBProgress (1): 31/56 MBProgress (1): 31/56 MBProgress (1): 31/56 MBProgress (1): 32/56 MBProgress (1): 32/56 MBProgress (1): 32/56 MBProgress (2): 32/56 MB | 16/48 kBProgress (2): 32/56 MB | 33/48 kBProgress (2): 32/56 MB | 33/48 kBProgress (2): 32/56 MB | 33/48 kBProgress (2): 32/56 MB | 33/48 kBProgress (2): 32/56 MB | 33/48 kBProgress (2): 32/56 MB | 46/48 kBProgress (2): 32/56 MB | 48 kB   Progress (2): 32/56 MB | 48 kBProgress (2): 32/56 MB | 48 kBProgress (2): 32/56 MB | 48 kBProgress (2): 32/56 MB | 48 kBProgress (2): 32/56 MB | 48 kBProgress (2): 32/56 MB | 48 kBProgress (2): 32/56 MB | 48 kBProgress (2): 32/56 MB | 48 kBProgress (2): 32/56 MB | 48 kBProgress (2): 32/56 MB | 48 kBProgress (2): 32/56 MB | 48 kBProgress (2): 32/56 MB | 48 kBProgress (2): 32/56 MB | 48 kBProgress (2): 32/56 MB | 48 kBProgress (2): 32/56 MB | 48 kBProgress (2): 32/56 MB | 48 kBProgress (2): 32/56 MB | 48 kBProgress (2): 32/56 MB | 48 kBProgress (2): 32/56 MB | 48 kBProgress (2): 32/56 MB | 48 kBProgress (2): 32/56 MB | 48 kBProgress (2): 32/56 MB | 48 kBProgress (2): 32/56 MB | 48 kBProgress (2): 32/56 MB | 48 kBProgress (2): 32/56 MB | 48 kBProgress (2): 32/56 MB | 48 kBProgress (2): 32/56 MB | 48 kBProgress (2): 32/56 MB | 48 kBProgress (2): 32/56 MB | 48 kBProgress (2): 32/56 MB | 48 kBProgress (2): 32/56 MB | 48 kBProgress (2): 32/56 MB | 48 kBProgress (2): 32/56 MB | 48 kBProgress (2): 32/56 MB | 48 kBProgress (2): 32/56 MB | 48 kBProgress (2): 32/56 MB | 48 kBProgress (2): 32/56 MB | 48 kBProgress (2): 32/56 MB | 48 kBProgress (2): 32/56 MB | 48 kBProgress (2): 32/56 MB | 48 kBProgress (2): 32/56 MB | 48 kBProgress (2): 32/56 MB | 48 kBProgress (2): 32/56 MB | 48 kBProgress (2): 32/56 MB | 48 kBProgress (2): 32/56 MB | 48 kBProgress (2): 32/56 MB | 48 kBProgress (2): 32/56 MB | 48 kBProgress (2): 32/56 MB | 48 kBProgress (2): 32/56 MB | 48 kBProgress (2): 32/56 MB | 48 kBProgress (2): 32/56 MB | 48 kBProgress (2): 32/56 MB | 48 kBProgress (2): 32/56 MB | 48 kBProgress (2): 32/56 MB | 48 kBProgress (2): 32/56 MB | 48 kBProgress (2): 32/56 MB | 48 kBProgress (2): 32/56 MB | 48 kBProgress (2): 33/56 MB | 48 kBProgress (2): 33/56 MB | 48 kBProgress (2): 33/56 MB | 48 kBProgress (2): 33/56 MB | 48 kBProgress (2): 33/56 MB | 48 kBProgress (2): 33/56 MB | 48 kBProgress (2): 33/56 MB | 48 kBProgress (2): 33/56 MB | 48 kBProgress (2): 33/56 MB | 48 kBProgress (2): 33/56 MB | 48 kBProgress (2): 33/56 MB | 48 kBProgress (2): 33/56 MB | 48 kBProgress (2): 33/56 MB | 48 kBProgress (2): 33/56 MB | 48 kBProgress (2): 33/56 MB | 48 kBProgress (2): 33/56 MB | 48 kBProgress (2): 33/56 MB | 48 kBProgress (2): 33/56 MB | 48 kBProgress (2): 33/56 MB | 48 kBProgress (2): 33/56 MB | 48 kBProgress (2): 33/56 MB | 48 kBProgress (2): 33/56 MB | 48 kBProgress (2): 33/56 MB | 48 kBProgress (2): 33/56 MB | 48 kBProgress (2): 33/56 MB | 48 kBProgress (2): 33/56 MB | 48 kBProgress (2): 33/56 MB | 48 kBProgress (2): 33/56 MB | 48 kBProgress (2): 33/56 MB | 48 kBProgress (2): 33/56 MB | 48 kBProgress (2): 33/56 MB | 48 kBProgress (2): 33/56 MB | 48 kBProgress (2): 33/56 MB | 48 kBProgress (2): 33/56 MB | 48 kBProgress (2): 33/56 MB | 48 kBProgress (2): 33/56 MB | 48 kBProgress (2): 33/56 MB | 48 kBProgress (2): 33/56 MB | 48 kBProgress (2): 33/56 MB | 48 kBProgress (2): 33/56 MB | 48 kBProgress (2): 33/56 MB | 48 kBProgress (2): 33/56 MB | 48 kBProgress (2): 33/56 MB | 48 kBProgress (2): 33/56 MB | 48 kBProgress (2): 33/56 MB | 48 kBProgress (2): 33/56 MB | 48 kBProgress (2): 33/56 MB | 48 kBProgress (2): 33/56 MB | 48 kBProgress (2): 33/56 MB | 48 kBProgress (2): 33/56 MB | 48 kBProgress (2): 33/56 MB | 48 kBProgress (2): 33/56 MB | 48 kBProgress (2): 33/56 MB | 48 kBProgress (2): 33/56 MB | 48 kBProgress (2): 33/56 MB | 48 kBProgress (2): 33/56 MB | 48 kBProgress (2): 33/56 MB | 48 kBProgress (2): 33/56 MB | 48 kBProgress (2): 33/56 MB | 48 kBProgress (2): 33/56 MB | 48 kBProgress (2): 33/56 MB | 48 kBProgress (2): 34/56 MB | 48 kBProgress (2): 34/56 MB | 48 kBProgress (2): 34/56 MB | 48 kBProgress (2): 34/56 MB | 48 kBProgress (2): 34/56 MB | 48 kBProgress (2): 34/56 MB | 48 kBProgress (2): 34/56 MB | 48 kBProgress (2): 34/56 MB | 48 kBProgress (2): 34/56 MB | 48 kBProgress (2): 34/56 MB | 48 kBProgress (2): 34/56 MB | 48 kBProgress (2): 34/56 MB | 48 kBProgress (2): 34/56 MB | 48 kBProgress (2): 34/56 MB | 48 kBProgress (2): 34/56 MB | 48 kBProgress (2): 34/56 MB | 48 kBProgress (2): 34/56 MB | 48 kBProgress (2): 34/56 MB | 48 kBProgress (2): 34/56 MB | 48 kBProgress (2): 34/56 MB | 48 kBProgress (2): 34/56 MB | 48 kBProgress (2): 34/56 MB | 48 kBProgress (2): 34/56 MB | 48 kBProgress (2): 34/56 MB | 48 kBProgress (2): 34/56 MB | 48 kBProgress (2): 34/56 MB | 48 kBProgress (2): 34/56 MB | 48 kBProgress (2): 34/56 MB | 48 kBProgress (2): 34/56 MB | 48 kBProgress (2): 34/56 MB | 48 kBProgress (2): 34/56 MB | 48 kBProgress (2): 34/56 MB | 48 kBProgress (2): 34/56 MB | 48 kBProgress (2): 34/56 MB | 48 kBProgress (2): 34/56 MB | 48 kBProgress (2): 34/56 MB | 48 kBProgress (2): 34/56 MB | 48 kBProgress (2): 34/56 MB | 48 kBProgress (2): 34/56 MB | 48 kBProgress (2): 34/56 MB | 48 kBProgress (2): 34/56 MB | 48 kBProgress (2): 34/56 MB | 48 kBProgress (2): 34/56 MB | 48 kBProgress (2): 34/56 MB | 48 kBProgress (2): 34/56 MB | 48 kBProgress (2): 34/56 MB | 48 kBProgress (2): 34/56 MB | 48 kBProgress (2): 34/56 MB | 48 kBProgress (2): 34/56 MB | 48 kBProgress (2): 34/56 MB | 48 kBProgress (2): 34/56 MB | 48 kBProgress (2): 34/56 MB | 48 kB                              Downloaded from aliyun: https://maven.aliyun.com/repository/public/org/apache/tika/tika-parent/2.9.1/tika-parent-2.9.1.pom (48 kB at 120 kB/s)
Downloading from aliyun: https://maven.aliyun.com/repository/public/io/netty/netty-bom/4.1.100.Final/netty-bom-4.1.100.Final.pom
Progress (1): 34/56 MBProgress (1): 34/56 MBProgress (1): 34/56 MBProgress (1): 34/56 MBProgress (1): 34/56 MBProgress (1): 34/56 MBProgress (1): 34/56 MBProgress (1): 34/56 MBProgress (1): 34/56 MBProgress (1): 35/56 MBProgress (1): 35/56 MBProgress (1): 35/56 MBProgress (1): 35/56 MBProgress (1): 35/56 MBProgress (2): 35/56 MB | 7.3/13 kBProgress (2): 35/56 MB | 7.3/13 kBProgress (2): 35/56 MB | 11/13 kB Progress (2): 35/56 MB | 11/13 kBProgress (2): 35/56 MB | 13 kB   Progress (2): 35/56 MB | 13 kBProgress (2): 35/56 MB | 13 kBProgress (2): 35/56 MB | 13 kBProgress (2): 35/56 MB | 13 kBProgress (2): 35/56 MB | 13 kBProgress (2): 35/56 MB | 13 kBProgress (2): 35/56 MB | 13 kBProgress (2): 35/56 MB | 13 kBProgress (2): 35/56 MB | 13 kBProgress (2): 35/56 MB | 13 kBProgress (2): 35/56 MB | 13 kBProgress (2): 35/56 MB | 13 kBProgress (2): 35/56 MB | 13 kBProgress (2): 35/56 MB | 13 kBProgress (2): 35/56 MB | 13 kBProgress (2): 35/56 MB | 13 kBProgress (2): 35/56 MB | 13 kBProgress (2): 35/56 MB | 13 kBProgress (2): 35/56 MB | 13 kBProgress (2): 35/56 MB | 13 kBProgress (2): 35/56 MB | 13 kBProgress (2): 35/56 MB | 13 kBProgress (2): 35/56 MB | 13 kBProgress (2): 35/56 MB | 13 kBProgress (2): 35/56 MB | 13 kBProgress (2): 35/56 MB | 13 kBProgress (2): 35/56 MB | 13 kBProgress (2): 35/56 MB | 13 kBProgress (2): 35/56 MB | 13 kB                              Downloaded from aliyun: https://maven.aliyun.com/repository/public/io/netty/netty-bom/4.1.100.Final/netty-bom-4.1.100.Final.pom (13 kB at 170 kB/s)
Progress (1): 35/56 MBProgress (1): 35/56 MB                      Downloading from aliyun: https://maven.aliyun.com/repository/public/org/apache/cxf/cxf-bom/3.5.6/cxf-bom-3.5.6.pom
Progress (1): 35/56 MBProgress (1): 35/56 MBProgress (1): 35/56 MBProgress (1): 35/56 MBProgress (1): 35/56 MBProgress (1): 35/56 MBProgress (1): 35/56 MBProgress (1): 35/56 MBProgress (1): 35/56 MBProgress (1): 35/56 MBProgress (1): 35/56 MBProgress (1): 35/56 MBProgress (1): 35/56 MBProgress (1): 35/56 MBProgress (1): 35/56 MBProgress (1): 35/56 MBProgress (1): 35/56 MBProgress (2): 35/56 MB | 6.3/26 kBProgress (2): 35/56 MB | 6.3/26 kBProgress (2): 35/56 MB | 6.3/26 kBProgress (2): 35/56 MB | 6.3/26 kBProgress (2): 35/56 MB | 6.3/26 kBProgress (2): 35/56 MB | 6.3/26 kBProgress (2): 35/56 MB | 23/26 kB Progress (2): 35/56 MB | 26 kB   Progress (2): 35/56 MB | 26 kBProgress (2): 36/56 MB | 26 kBProgress (2): 36/56 MB | 26 kBProgress (2): 36/56 MB | 26 kBProgress (2): 36/56 MB | 26 kBProgress (2): 36/56 MB | 26 kBProgress (2): 36/56 MB | 26 kBProgress (2): 36/56 MB | 26 kBProgress (2): 36/56 MB | 26 kBProgress (2): 36/56 MB | 26 kBProgress (2): 36/56 MB | 26 kBProgress (2): 36/56 MB | 26 kBProgress (2): 36/56 MB | 26 kBProgress (2): 36/56 MB | 26 kBProgress (2): 36/56 MB | 26 kBProgress (2): 36/56 MB | 26 kBProgress (2): 36/56 MB | 26 kBProgress (2): 36/56 MB | 26 kBProgress (2): 36/56 MB | 26 kBProgress (2): 36/56 MB | 26 kBProgress (2): 36/56 MB | 26 kBProgress (2): 36/56 MB | 26 kBProgress (2): 36/56 MB | 26 kBProgress (2): 36/56 MB | 26 kBProgress (2): 36/56 MB | 26 kBProgress (2): 36/56 MB | 26 kBProgress (2): 36/56 MB | 26 kBProgress (2): 36/56 MB | 26 kBProgress (2): 36/56 MB | 26 kBProgress (2): 36/56 MB | 26 kBProgress (2): 36/56 MB | 26 kBProgress (2): 36/56 MB | 26 kBProgress (2): 36/56 MB | 26 kBProgress (2): 36/56 MB | 26 kBProgress (2): 36/56 MB | 26 kBProgress (2): 36/56 MB | 26 kBProgress (2): 36/56 MB | 26 kBProgress (2): 36/56 MB | 26 kBProgress (2): 36/56 MB | 26 kBProgress (2): 36/56 MB | 26 kBProgress (2): 36/56 MB | 26 kBProgress (2): 36/56 MB | 26 kBProgress (2): 36/56 MB | 26 kBProgress (2): 36/56 MB | 26 kBProgress (2): 36/56 MB | 26 kBProgress (2): 36/56 MB | 26 kBProgress (2): 36/56 MB | 26 kBProgress (2): 36/56 MB | 26 kBProgress (2): 36/56 MB | 26 kBProgress (2): 36/56 MB | 26 kBProgress (2): 36/56 MB | 26 kBProgress (2): 36/56 MB | 26 kBProgress (2): 36/56 MB | 26 kBProgress (2): 36/56 MB | 26 kBProgress (2): 36/56 MB | 26 kBProgress (2): 36/56 MB | 26 kBProgress (2): 36/56 MB | 26 kBProgress (2): 36/56 MB | 26 kBProgress (2): 36/56 MB | 26 kBProgress (2): 36/56 MB | 26 kBProgress (2): 36/56 MB | 26 kBProgress (2): 36/56 MB | 26 kBProgress (2): 37/56 MB | 26 kBProgress (2): 37/56 MB | 26 kBProgress (2): 37/56 MB | 26 kBProgress (2): 37/56 MB | 26 kBProgress (2): 37/56 MB | 26 kBProgress (2): 37/56 MB | 26 kBProgress (2): 37/56 MB | 26 kBProgress (2): 37/56 MB | 26 kBProgress (2): 37/56 MB | 26 kBProgress (2): 37/56 MB | 26 kBProgress (2): 37/56 MB | 26 kBProgress (2): 37/56 MB | 26 kBProgress (2): 37/56 MB | 26 kBProgress (2): 37/56 MB | 26 kBProgress (2): 37/56 MB | 26 kBProgress (2): 37/56 MB | 26 kBProgress (2): 37/56 MB | 26 kBProgress (2): 37/56 MB | 26 kBProgress (2): 37/56 MB | 26 kBProgress (2): 37/56 MB | 26 kBProgress (2): 37/56 MB | 26 kBProgress (2): 37/56 MB | 26 kBProgress (2): 37/56 MB | 26 kBProgress (2): 37/56 MB | 26 kBProgress (2): 37/56 MB | 26 kBProgress (2): 37/56 MB | 26 kBProgress (2): 37/56 MB | 26 kBProgress (2): 37/56 MB | 26 kBProgress (2): 37/56 MB | 26 kBProgress (2): 37/56 MB | 26 kBProgress (2): 37/56 MB | 26 kBProgress (2): 37/56 MB | 26 kB                              Downloaded from aliyun: https://maven.aliyun.com/repository/public/org/apache/cxf/cxf-bom/3.5.6/cxf-bom-3.5.6.pom (26 kB at 119 kB/s)
Downloading from aliyun: https://maven.aliyun.com/repository/public/org/apache/cxf/cxf/3.5.6/cxf-3.5.6.pom
Progress (1): 37/56 MBProgress (1): 37/56 MBProgress (1): 37/56 MBProgress (1): 37/56 MBProgress (1): 37/56 MBProgress (1): 37/56 MBProgress (1): 37/56 MBProgress (1): 37/56 MBProgress (1): 37/56 MBProgress (1): 37/56 MBProgress (2): 37/56 MB | 3.4/39 kBProgress (2): 37/56 MB | 3.4/39 kBProgress (2): 37/56 MB | 3.4/39 kBProgress (2): 37/56 MB | 3.4/39 kBProgress (2): 37/56 MB | 3.4/39 kBProgress (2): 37/56 MB | 3.4/39 kBProgress (2): 37/56 MB | 3.4/39 kBProgress (2): 37/56 MB | 3.4/39 kBProgress (2): 37/56 MB | 3.4/39 kBProgress (2): 37/56 MB | 3.4/39 kBProgress (2): 37/56 MB | 3.4/39 kBProgress (2): 37/56 MB | 3.4/39 kBProgress (2): 37/56 MB | 3.4/39 kBProgress (2): 37/56 MB | 3.4/39 kBProgress (2): 37/56 MB | 20/39 kB Progress (2): 37/56 MB | 20/39 kBProgress (2): 37/56 MB | 20/39 kBProgress (2): 37/56 MB | 36/39 kBProgress (2): 37/56 MB | 36/39 kBProgress (2): 37/56 MB | 36/39 kBProgress (2): 37/56 MB | 39 kB   Progress (2): 37/56 MB | 39 kBProgress (2): 37/56 MB | 39 kBProgress (2): 38/56 MB | 39 kBProgress (2): 38/56 MB | 39 kBProgress (2): 38/56 MB | 39 kBProgress (2): 38/56 MB | 39 kBProgress (2): 38/56 MB | 39 kBProgress (2): 38/56 MB | 39 kBProgress (2): 38/56 MB | 39 kBProgress (2): 38/56 MB | 39 kBProgress (2): 38/56 MB | 39 kBProgress (2): 38/56 MB | 39 kBProgress (2): 38/56 MB | 39 kBProgress (2): 38/56 MB | 39 kBProgress (2): 38/56 MB | 39 kBProgress (2): 38/56 MB | 39 kBProgress (2): 38/56 MB | 39 kBProgress (2): 38/56 MB | 39 kBProgress (2): 38/56 MB | 39 kBProgress (2): 38/56 MB | 39 kBProgress (2): 38/56 MB | 39 kBProgress (2): 38/56 MB | 39 kBProgress (2): 38/56 MB | 39 kBProgress (2): 38/56 MB | 39 kBProgress (2): 38/56 MB | 39 kBProgress (2): 38/56 MB | 39 kBProgress (2): 38/56 MB | 39 kBProgress (2): 38/56 MB | 39 kBProgress (2): 38/56 MB | 39 kBProgress (2): 38/56 MB | 39 kBProgress (2): 38/56 MB | 39 kBProgress (2): 38/56 MB | 39 kBProgress (2): 38/56 MB | 39 kBProgress (2): 38/56 MB | 39 kBProgress (2): 38/56 MB | 39 kBProgress (2): 38/56 MB | 39 kBProgress (2): 38/56 MB | 39 kBProgress (2): 38/56 MB | 39 kBProgress (2): 38/56 MB | 39 kBProgress (2): 38/56 MB | 39 kBProgress (2): 38/56 MB | 39 kBProgress (2): 38/56 MB | 39 kBProgress (2): 38/56 MB | 39 kBProgress (2): 38/56 MB | 39 kBProgress (2): 38/56 MB | 39 kBProgress (2): 38/56 MB | 39 kBProgress (2): 38/56 MB | 39 kBProgress (2): 38/56 MB | 39 kBProgress (2): 38/56 MB | 39 kBProgress (2): 38/56 MB | 39 kBProgress (2): 38/56 MB | 39 kBProgress (2): 38/56 MB | 39 kBProgress (2): 38/56 MB | 39 kBProgress (2): 38/56 MB | 39 kBProgress (2): 38/56 MB | 39 kBProgress (2): 38/56 MB | 39 kBProgress (2): 38/56 MB | 39 kBProgress (2): 38/56 MB | 39 kBProgress (2): 38/56 MB | 39 kBProgress (2): 38/56 MB | 39 kBProgress (2): 38/56 MB | 39 kBProgress (2): 38/56 MB | 39 kBProgress (2): 38/56 MB | 39 kBProgress (2): 39/56 MB | 39 kBProgress (2): 39/56 MB | 39 kBProgress (2): 39/56 MB | 39 kBProgress (2): 39/56 MB | 39 kBProgress (2): 39/56 MB | 39 kBProgress (2): 39/56 MB | 39 kBProgress (2): 39/56 MB | 39 kBProgress (2): 39/56 MB | 39 kBProgress (2): 39/56 MB | 39 kBProgress (2): 39/56 MB | 39 kBProgress (2): 39/56 MB | 39 kBProgress (2): 39/56 MB | 39 kBProgress (2): 39/56 MB | 39 kBProgress (2): 39/56 MB | 39 kBProgress (2): 39/56 MB | 39 kBProgress (2): 39/56 MB | 39 kBProgress (2): 39/56 MB | 39 kBProgress (2): 39/56 MB | 39 kBProgress (2): 39/56 MB | 39 kBProgress (2): 39/56 MB | 39 kBProgress (2): 39/56 MB | 39 kBProgress (2): 39/56 MB | 39 kBProgress (2): 39/56 MB | 39 kBProgress (2): 39/56 MB | 39 kBProgress (2): 39/56 MB | 39 kBProgress (2): 39/56 MB | 39 kBProgress (2): 39/56 MB | 39 kBProgress (2): 39/56 MB | 39 kBProgress (2): 39/56 MB | 39 kBProgress (2): 39/56 MB | 39 kBProgress (2): 39/56 MB | 39 kBProgress (2): 39/56 MB | 39 kBProgress (2): 39/56 MB | 39 kBProgress (2): 39/56 MB | 39 kBProgress (2): 39/56 MB | 39 kBProgress (2): 39/56 MB | 39 kBProgress (2): 39/56 MB | 39 kBProgress (2): 39/56 MB | 39 kBProgress (2): 39/56 MB | 39 kBProgress (2): 39/56 MB | 39 kBProgress (2): 39/56 MB | 39 kBProgress (2): 39/56 MB | 39 kBProgress (2): 39/56 MB | 39 kBProgress (2): 39/56 MB | 39 kBProgress (2): 39/56 MB | 39 kBProgress (2): 39/56 MB | 39 kBProgress (2): 39/56 MB | 39 kBProgress (2): 39/56 MB | 39 kBProgress (2): 39/56 MB | 39 kBProgress (2): 39/56 MB | 39 kBProgress (2): 39/56 MB | 39 kBProgress (2): 39/56 MB | 39 kB                              Downloaded from aliyun: https://maven.aliyun.com/repository/public/org/apache/cxf/cxf/3.5.6/cxf-3.5.6.pom (39 kB at 148 kB/s)
Downloading from aliyun: https://maven.aliyun.com/repository/public/org/eclipse/jetty/jetty-bom/9.4.53.v20231009/jetty-bom-9.4.53.v20231009.pom
Progress (1): 39/56 MBProgress (1): 39/56 MBProgress (1): 39/56 MBProgress (1): 39/56 MBProgress (1): 39/56 MBProgress (1): 39/56 MBProgress (1): 39/56 MBProgress (2): 39/56 MB | 7.3/18 kBProgress (2): 39/56 MB | 16/18 kB Progress (2): 39/56 MB | 18 kB   Progress (2): 39/56 MB | 18 kBProgress (2): 39/56 MB | 18 kBProgress (2): 40/56 MB | 18 kBProgress (2): 40/56 MB | 18 kBProgress (2): 40/56 MB | 18 kBProgress (2): 40/56 MB | 18 kBProgress (2): 40/56 MB | 18 kBProgress (2): 40/56 MB | 18 kBProgress (2): 40/56 MB | 18 kBProgress (2): 40/56 MB | 18 kBProgress (2): 40/56 MB | 18 kBProgress (2): 40/56 MB | 18 kBProgress (2): 40/56 MB | 18 kBProgress (2): 40/56 MB | 18 kBProgress (2): 40/56 MB | 18 kBProgress (2): 40/56 MB | 18 kB                              Downloaded from aliyun: https://maven.aliyun.com/repository/public/org/eclipse/jetty/jetty-bom/9.4.53.v20231009/jetty-bom-9.4.53.v20231009.pom (18 kB at 368 kB/s)
Progress (1): 40/56 MBProgress (1): 40/56 MBProgress (1): 40/56 MBProgress (1): 40/56 MBProgress (1): 40/56 MBProgress (1): 40/56 MBProgress (1): 40/56 MBProgress (1): 40/56 MBProgress (1): 40/56 MB                      Downloading from aliyun: https://maven.aliyun.com/repository/public/org/testcontainers/testcontainers-bom/1.19.1/testcontainers-bom-1.19.1.pom
Progress (1): 40/56 MBProgress (1): 40/56 MBProgress (1): 40/56 MBProgress (1): 40/56 MBProgress (1): 40/56 MBProgress (1): 40/56 MBProgress (1): 40/56 MBProgress (1): 40/56 MBProgress (1): 40/56 MBProgress (1): 40/56 MBProgress (2): 40/56 MB | 0.5/8.8 kBProgress (2): 40/56 MB | 0.5/8.8 kBProgress (2): 40/56 MB | 8.8 kB    Progress (2): 40/56 MB | 8.8 kBProgress (2): 40/56 MB | 8.8 kBProgress (2): 40/56 MB | 8.8 kBProgress (2): 40/56 MB | 8.8 kBProgress (2): 40/56 MB | 8.8 kBProgress (2): 40/56 MB | 8.8 kBProgress (2): 40/56 MB | 8.8 kBProgress (2): 40/56 MB | 8.8 kBProgress (2): 40/56 MB | 8.8 kBProgress (2): 40/56 MB | 8.8 kBProgress (2): 40/56 MB | 8.8 kBProgress (2): 40/56 MB | 8.8 kBProgress (2): 40/56 MB | 8.8 kBProgress (2): 40/56 MB | 8.8 kBProgress (2): 40/56 MB | 8.8 kBProgress (2): 40/56 MB | 8.8 kBProgress (2): 40/56 MB | 8.8 kBProgress (2): 40/56 MB | 8.8 kBProgress (2): 40/56 MB | 8.8 kBProgress (2): 40/56 MB | 8.8 kBProgress (2): 40/56 MB | 8.8 kBProgress (2): 40/56 MB | 8.8 kBProgress (2): 40/56 MB | 8.8 kBProgress (2): 40/56 MB | 8.8 kBProgress (2): 40/56 MB | 8.8 kBProgress (2): 40/56 MB | 8.8 kBProgress (2): 40/56 MB | 8.8 kBProgress (2): 41/56 MB | 8.8 kBProgress (2): 41/56 MB | 8.8 kBProgress (2): 41/56 MB | 8.8 kBProgress (2): 41/56 MB | 8.8 kBProgress (2): 41/56 MB | 8.8 kBProgress (2): 41/56 MB | 8.8 kBProgress (2): 41/56 MB | 8.8 kBProgress (2): 41/56 MB | 8.8 kBProgress (2): 41/56 MB | 8.8 kBProgress (2): 41/56 MB | 8.8 kBProgress (2): 41/56 MB | 8.8 kBProgress (2): 41/56 MB | 8.8 kBProgress (2): 41/56 MB | 8.8 kBProgress (2): 41/56 MB | 8.8 kBProgress (2): 41/56 MB | 8.8 kBProgress (2): 41/56 MB | 8.8 kBProgress (2): 41/56 MB | 8.8 kBProgress (2): 41/56 MB | 8.8 kBProgress (2): 41/56 MB | 8.8 kBProgress (2): 41/56 MB | 8.8 kBProgress (2): 41/56 MB | 8.8 kBProgress (2): 41/56 MB | 8.8 kBProgress (2): 41/56 MB | 8.8 kBProgress (2): 41/56 MB | 8.8 kBProgress (2): 41/56 MB | 8.8 kBProgress (2): 41/56 MB | 8.8 kBProgress (2): 41/56 MB | 8.8 kBProgress (2): 41/56 MB | 8.8 kBProgress (2): 41/56 MB | 8.8 kBProgress (2): 41/56 MB | 8.8 kBProgress (2): 41/56 MB | 8.8 kBProgress (2): 41/56 MB | 8.8 kBProgress (2): 41/56 MB | 8.8 kBProgress (2): 41/56 MB | 8.8 kBProgress (2): 41/56 MB | 8.8 kBProgress (2): 41/56 MB | 8.8 kBProgress (2): 41/56 MB | 8.8 kBProgress (2): 41/56 MB | 8.8 kBProgress (2): 41/56 MB | 8.8 kBProgress (2): 41/56 MB | 8.8 kBProgress (2): 41/56 MB | 8.8 kBProgress (2): 41/56 MB | 8.8 kBProgress (2): 41/56 MB | 8.8 kBProgress (2): 41/56 MB | 8.8 kBProgress (2): 41/56 MB | 8.8 kBProgress (2): 41/56 MB | 8.8 kBProgress (2): 41/56 MB | 8.8 kBProgress (2): 41/56 MB | 8.8 kBProgress (2): 41/56 MB | 8.8 kBProgress (2): 41/56 MB | 8.8 kBProgress (2): 41/56 MB | 8.8 kBProgress (2): 41/56 MB | 8.8 kBProgress (2): 41/56 MB | 8.8 kBProgress (2): 41/56 MB | 8.8 kBProgress (2): 41/56 MB | 8.8 kBProgress (2): 41/56 MB | 8.8 kB                               Downloaded from aliyun: https://maven.aliyun.com/repository/public/org/testcontainers/testcontainers-bom/1.19.1/testcontainers-bom-1.19.1.pom (8.8 kB at 55 kB/s)
Progress (1): 41/56 MBProgress (1): 41/56 MB                      Downloading from aliyun: https://maven.aliyun.com/repository/public/org/apache/tika/tika-parser-html-module/2.9.1/tika-parser-html-module-2.9.1.pom
Progress (1): 41/56 MBProgress (1): 41/56 MBProgress (1): 41/56 MBProgress (1): 42/56 MBProgress (1): 42/56 MBProgress (1): 42/56 MBProgress (1): 42/56 MBProgress (1): 42/56 MBProgress (1): 42/56 MBProgress (1): 42/56 MBProgress (1): 42/56 MBProgress (1): 42/56 MBProgress (1): 42/56 MBProgress (1): 42/56 MBProgress (1): 42/56 MBProgress (1): 42/56 MBProgress (1): 42/56 MBProgress (1): 42/56 MBProgress (1): 42/56 MBProgress (1): 42/56 MBProgress (1): 42/56 MBProgress (1): 42/56 MBProgress (1): 42/56 MBProgress (1): 42/56 MBProgress (1): 42/56 MBProgress (1): 42/56 MBProgress (1): 42/56 MBProgress (1): 42/56 MBProgress (2): 42/56 MB | 2.6 kBProgress (2): 42/56 MB | 2.6 kBProgress (2): 42/56 MB | 2.6 kBProgress (2): 42/56 MB | 2.6 kBProgress (2): 42/56 MB | 2.6 kBProgress (2): 42/56 MB | 2.6 kBProgress (2): 42/56 MB | 2.6 kBProgress (2): 42/56 MB | 2.6 kBProgress (2): 42/56 MB | 2.6 kBProgress (2): 42/56 MB | 2.6 kBProgress (2): 42/56 MB | 2.6 kBProgress (2): 42/56 MB | 2.6 kBProgress (2): 42/56 MB | 2.6 kBProgress (2): 42/56 MB | 2.6 kBProgress (2): 42/56 MB | 2.6 kBProgress (2): 42/56 MB | 2.6 kBProgress (2): 42/56 MB | 2.6 kBProgress (2): 42/56 MB | 2.6 kBProgress (2): 42/56 MB | 2.6 kBProgress (2): 42/56 MB | 2.6 kBProgress (2): 42/56 MB | 2.6 kBProgress (2): 42/56 MB | 2.6 kBProgress (2): 42/56 MB | 2.6 kBProgress (2): 42/56 MB | 2.6 kBProgress (2): 42/56 MB | 2.6 kBProgress (2): 42/56 MB | 2.6 kBProgress (2): 42/56 MB | 2.6 kBProgress (2): 42/56 MB | 2.6 kBProgress (2): 42/56 MB | 2.6 kBProgress (2): 42/56 MB | 2.6 kBProgress (2): 42/56 MB | 2.6 kBProgress (2): 42/56 MB | 2.6 kBProgress (2): 42/56 MB | 2.6 kBProgress (2): 42/56 MB | 2.6 kBProgress (2): 42/56 MB | 2.6 kBProgress (2): 42/56 MB | 2.6 kBProgress (2): 42/56 MB | 2.6 kBProgress (2): 42/56 MB | 2.6 kBProgress (2): 43/56 MB | 2.6 kBProgress (2): 43/56 MB | 2.6 kBProgress (2): 43/56 MB | 2.6 kBProgress (2): 43/56 MB | 2.6 kBProgress (2): 43/56 MB | 2.6 kBProgress (2): 43/56 MB | 2.6 kBProgress (2): 43/56 MB | 2.6 kBProgress (2): 43/56 MB | 2.6 kBProgress (2): 43/56 MB | 2.6 kBProgress (2): 43/56 MB | 2.6 kBProgress (2): 43/56 MB | 2.6 kBProgress (2): 43/56 MB | 2.6 kBProgress (2): 43/56 MB | 2.6 kBProgress (2): 43/56 MB | 2.6 kBProgress (2): 43/56 MB | 2.6 kBProgress (2): 43/56 MB | 2.6 kBProgress (2): 43/56 MB | 2.6 kBProgress (2): 43/56 MB | 2.6 kBProgress (2): 43/56 MB | 2.6 kBProgress (2): 43/56 MB | 2.6 kBProgress (2): 43/56 MB | 2.6 kBProgress (2): 43/56 MB | 2.6 kBProgress (2): 43/56 MB | 2.6 kBProgress (2): 43/56 MB | 2.6 kBProgress (2): 43/56 MB | 2.6 kBProgress (2): 43/56 MB | 2.6 kBProgress (2): 43/56 MB | 2.6 kBProgress (2): 43/56 MB | 2.6 kBProgress (2): 43/56 MB | 2.6 kBProgress (2): 43/56 MB | 2.6 kBProgress (2): 43/56 MB | 2.6 kBProgress (2): 43/56 MB | 2.6 kBProgress (2): 43/56 MB | 2.6 kBProgress (2): 43/56 MB | 2.6 kBProgress (2): 43/56 MB | 2.6 kBProgress (2): 43/56 MB | 2.6 kBProgress (2): 43/56 MB | 2.6 kBProgress (2): 43/56 MB | 2.6 kBProgress (2): 43/56 MB | 2.6 kBProgress (2): 43/56 MB | 2.6 kBProgress (2): 43/56 MB | 2.6 kBProgress (2): 43/56 MB | 2.6 kBProgress (2): 43/56 MB | 2.6 kBProgress (2): 43/56 MB | 2.6 kBProgress (2): 43/56 MB | 2.6 kBProgress (2): 43/56 MB | 2.6 kBProgress (2): 43/56 MB | 2.6 kBProgress (2): 43/56 MB | 2.6 kBProgress (2): 43/56 MB | 2.6 kBProgress (2): 43/56 MB | 2.6 kBProgress (2): 43/56 MB | 2.6 kBProgress (2): 43/56 MB | 2.6 kBProgress (2): 43/56 MB | 2.6 kBProgress (2): 43/56 MB | 2.6 kBProgress (2): 43/56 MB | 2.6 kBProgress (2): 43/56 MB | 2.6 kBProgress (2): 43/56 MB | 2.6 kBProgress (2): 43/56 MB | 2.6 kBProgress (2): 43/56 MB | 2.6 kBProgress (2): 43/56 MB | 2.6 kBProgress (2): 43/56 MB | 2.6 kBProgress (2): 44/56 MB | 2.6 kBProgress (2): 44/56 MB | 2.6 kBProgress (2): 44/56 MB | 2.6 kBProgress (2): 44/56 MB | 2.6 kBProgress (2): 44/56 MB | 2.6 kBProgress (2): 44/56 MB | 2.6 kBProgress (2): 44/56 MB | 2.6 kBProgress (2): 44/56 MB | 2.6 kBProgress (2): 44/56 MB | 2.6 kBProgress (2): 44/56 MB | 2.6 kBProgress (2): 44/56 MB | 2.6 kBProgress (2): 44/56 MB | 2.6 kBProgress (2): 44/56 MB | 2.6 kBProgress (2): 44/56 MB | 2.6 kBProgress (2): 44/56 MB | 2.6 kBProgress (2): 44/56 MB | 2.6 kBProgress (2): 44/56 MB | 2.6 kB                               Downloaded from aliyun: https://maven.aliyun.com/repository/public/org/apache/tika/tika-parser-html-module/2.9.1/tika-parser-html-module-2.9.1.pom (2.6 kB at 9.5 kB/s)
Progress (1): 44/56 MBProgress (1): 44/56 MB                      Downloading from aliyun: https://maven.aliyun.com/repository/public/org/apache/tika/tika-parsers-standard-modules/2.9.1/tika-parsers-standard-modules-2.9.1.pom
Progress (1): 44/56 MBProgress (1): 44/56 MBProgress (1): 44/56 MBProgress (1): 44/56 MBProgress (1): 44/56 MBProgress (1): 44/56 MBProgress (1): 44/56 MBProgress (1): 44/56 MBProgress (1): 44/56 MBProgress (1): 44/56 MBProgress (1): 44/56 MBProgress (1): 44/56 MBProgress (1): 44/56 MBProgress (1): 44/56 MBProgress (1): 44/56 MBProgress (1): 44/56 MBProgress (1): 44/56 MBProgress (1): 44/56 MBProgress (1): 44/56 MBProgress (1): 44/56 MBProgress (1): 44/56 MBProgress (1): 44/56 MBProgress (1): 44/56 MBProgress (1): 44/56 MBProgress (1): 44/56 MBProgress (1): 44/56 MBProgress (1): 44/56 MBProgress (1): 44/56 MBProgress (1): 44/56 MBProgress (1): 44/56 MBProgress (1): 44/56 MBProgress (2): 44/56 MB | 4.0 kBProgress (2): 44/56 MB | 4.0 kBProgress (2): 44/56 MB | 4.0 kBProgress (2): 44/56 MB | 4.0 kBProgress (2): 44/56 MB | 4.0 kBProgress (2): 44/56 MB | 4.0 kBProgress (2): 44/56 MB | 4.0 kBProgress (2): 44/56 MB | 4.0 kBProgress (2): 44/56 MB | 4.0 kBProgress (2): 44/56 MB | 4.0 kBProgress (2): 44/56 MB | 4.0 kBProgress (2): 44/56 MB | 4.0 kBProgress (2): 45/56 MB | 4.0 kBProgress (2): 45/56 MB | 4.0 kBProgress (2): 45/56 MB | 4.0 kBProgress (2): 45/56 MB | 4.0 kBProgress (2): 45/56 MB | 4.0 kBProgress (2): 45/56 MB | 4.0 kBProgress (2): 45/56 MB | 4.0 kBProgress (2): 45/56 MB | 4.0 kBProgress (2): 45/56 MB | 4.0 kBProgress (2): 45/56 MB | 4.0 kBProgress (2): 45/56 MB | 4.0 kBProgress (2): 45/56 MB | 4.0 kBProgress (2): 45/56 MB | 4.0 kBProgress (2): 45/56 MB | 4.0 kBProgress (2): 45/56 MB | 4.0 kBProgress (2): 45/56 MB | 4.0 kBProgress (2): 45/56 MB | 4.0 kBProgress (2): 45/56 MB | 4.0 kBProgress (2): 45/56 MB | 4.0 kBProgress (2): 45/56 MB | 4.0 kBProgress (2): 45/56 MB | 4.0 kBProgress (2): 45/56 MB | 4.0 kBProgress (2): 45/56 MB | 4.0 kBProgress (2): 45/56 MB | 4.0 kBProgress (2): 45/56 MB | 4.0 kBProgress (2): 45/56 MB | 4.0 kBProgress (2): 45/56 MB | 4.0 kBProgress (2): 45/56 MB | 4.0 kBProgress (2): 45/56 MB | 4.0 kBProgress (2): 45/56 MB | 4.0 kBProgress (2): 45/56 MB | 4.0 kBProgress (2): 45/56 MB | 4.0 kBProgress (2): 45/56 MB | 4.0 kBProgress (2): 45/56 MB | 4.0 kBProgress (2): 45/56 MB | 4.0 kBProgress (2): 45/56 MB | 4.0 kBProgress (2): 45/56 MB | 4.0 kBProgress (2): 45/56 MB | 4.0 kBProgress (2): 45/56 MB | 4.0 kBProgress (2): 45/56 MB | 4.0 kBProgress (2): 45/56 MB | 4.0 kBProgress (2): 45/56 MB | 4.0 kBProgress (2): 45/56 MB | 4.0 kBProgress (2): 45/56 MB | 4.0 kBProgress (2): 45/56 MB | 4.0 kBProgress (2): 45/56 MB | 4.0 kBProgress (2): 45/56 MB | 4.0 kBProgress (2): 45/56 MB | 4.0 kBProgress (2): 45/56 MB | 4.0 kBProgress (2): 45/56 MB | 4.0 kBProgress (2): 45/56 MB | 4.0 kBProgress (2): 45/56 MB | 4.0 kBProgress (2): 45/56 MB | 4.0 kBProgress (2): 45/56 MB | 4.0 kBProgress (2): 45/56 MB | 4.0 kBProgress (2): 45/56 MB | 4.0 kBProgress (2): 45/56 MB | 4.0 kBProgress (2): 45/56 MB | 4.0 kBProgress (2): 45/56 MB | 4.0 kBProgress (2): 45/56 MB | 4.0 kBProgress (2): 45/56 MB | 4.0 kBProgress (2): 46/56 MB | 4.0 kBProgress (2): 46/56 MB | 4.0 kBProgress (2): 46/56 MB | 4.0 kBProgress (2): 46/56 MB | 4.0 kBProgress (2): 46/56 MB | 4.0 kBProgress (2): 46/56 MB | 4.0 kBProgress (2): 46/56 MB | 4.0 kBProgress (2): 46/56 MB | 4.0 kBProgress (2): 46/56 MB | 4.0 kBProgress (2): 46/56 MB | 4.0 kBProgress (2): 46/56 MB | 4.0 kBProgress (2): 46/56 MB | 4.0 kBProgress (2): 46/56 MB | 4.0 kBProgress (2): 46/56 MB | 4.0 kBProgress (2): 46/56 MB | 4.0 kBProgress (2): 46/56 MB | 4.0 kBProgress (2): 46/56 MB | 4.0 kBProgress (2): 46/56 MB | 4.0 kBProgress (2): 46/56 MB | 4.0 kBProgress (2): 46/56 MB | 4.0 kBProgress (2): 46/56 MB | 4.0 kBProgress (2): 46/56 MB | 4.0 kBProgress (2): 46/56 MB | 4.0 kBProgress (2): 46/56 MB | 4.0 kBProgress (2): 46/56 MB | 4.0 kBProgress (2): 46/56 MB | 4.0 kBProgress (2): 46/56 MB | 4.0 kBProgress (2): 46/56 MB | 4.0 kBProgress (2): 46/56 MB | 4.0 kBProgress (2): 46/56 MB | 4.0 kBProgress (2): 46/56 MB | 4.0 kBProgress (2): 46/56 MB | 4.0 kBProgress (2): 46/56 MB | 4.0 kBProgress (2): 46/56 MB | 4.0 kBProgress (2): 46/56 MB | 4.0 kBProgress (2): 46/56 MB | 4.0 kBProgress (2): 46/56 MB | 4.0 kBProgress (2): 46/56 MB | 4.0 kB                               Downloaded from aliyun: https://maven.aliyun.com/repository/public/org/apache/tika/tika-parsers-standard-modules/2.9.1/tika-parsers-standard-modules-2.9.1.pom (4.0 kB at 15 kB/s)
Progress (1): 46/56 MBProgress (1): 46/56 MBProgress (1): 46/56 MBProgress (1): 46/56 MBProgress (1): 46/56 MBProgress (1): 46/56 MBProgress (1): 46/56 MBProgress (1): 46/56 MB                      Downloading from aliyun: https://maven.aliyun.com/repository/public/org/apache/tika/tika-parsers-standard/2.9.1/tika-parsers-standard-2.9.1.pom
Progress (1): 46/56 MBProgress (1): 46/56 MBProgress (1): 46/56 MBProgress (1): 46/56 MBProgress (1): 46/56 MBProgress (1): 46/56 MBProgress (1): 46/56 MBProgress (1): 46/56 MBProgress (1): 46/56 MBProgress (1): 46/56 MBProgress (2): 46/56 MB | 3.1 kBProgress (2): 46/56 MB | 3.1 kBProgress (2): 46/56 MB | 3.1 kBProgress (2): 46/56 MB | 3.1 kBProgress (2): 46/56 MB | 3.1 kBProgress (2): 46/56 MB | 3.1 kBProgress (2): 47/56 MB | 3.1 kBProgress (2): 47/56 MB | 3.1 kBProgress (2): 47/56 MB | 3.1 kBProgress (2): 47/56 MB | 3.1 kBProgress (2): 47/56 MB | 3.1 kBProgress (2): 47/56 MB | 3.1 kBProgress (2): 47/56 MB | 3.1 kBProgress (2): 47/56 MB | 3.1 kBProgress (2): 47/56 MB | 3.1 kBProgress (2): 47/56 MB | 3.1 kBProgress (2): 47/56 MB | 3.1 kBProgress (2): 47/56 MB | 3.1 kBProgress (2): 47/56 MB | 3.1 kBProgress (2): 47/56 MB | 3.1 kBProgress (2): 47/56 MB | 3.1 kBProgress (2): 47/56 MB | 3.1 kBProgress (2): 47/56 MB | 3.1 kBProgress (2): 47/56 MB | 3.1 kBProgress (2): 47/56 MB | 3.1 kBProgress (2): 47/56 MB | 3.1 kBProgress (2): 47/56 MB | 3.1 kBProgress (2): 47/56 MB | 3.1 kBProgress (2): 47/56 MB | 3.1 kBProgress (2): 47/56 MB | 3.1 kBProgress (2): 47/56 MB | 3.1 kBProgress (2): 47/56 MB | 3.1 kBProgress (2): 47/56 MB | 3.1 kBProgress (2): 47/56 MB | 3.1 kBProgress (2): 47/56 MB | 3.1 kBProgress (2): 47/56 MB | 3.1 kBProgress (2): 47/56 MB | 3.1 kBProgress (2): 47/56 MB | 3.1 kBProgress (2): 47/56 MB | 3.1 kBProgress (2): 47/56 MB | 3.1 kBProgress (2): 47/56 MB | 3.1 kBProgress (2): 47/56 MB | 3.1 kBProgress (2): 47/56 MB | 3.1 kBProgress (2): 47/56 MB | 3.1 kBProgress (2): 47/56 MB | 3.1 kBProgress (2): 47/56 MB | 3.1 kBProgress (2): 47/56 MB | 3.1 kBProgress (2): 47/56 MB | 3.1 kBProgress (2): 47/56 MB | 3.1 kBProgress (2): 47/56 MB | 3.1 kBProgress (2): 47/56 MB | 3.1 kBProgress (2): 47/56 MB | 3.1 kBProgress (2): 47/56 MB | 3.1 kBProgress (2): 47/56 MB | 3.1 kBProgress (2): 47/56 MB | 3.1 kBProgress (2): 47/56 MB | 3.1 kBProgress (2): 47/56 MB | 3.1 kBProgress (2): 47/56 MB | 3.1 kBProgress (2): 47/56 MB | 3.1 kBProgress (2): 47/56 MB | 3.1 kBProgress (2): 47/56 MB | 3.1 kBProgress (2): 47/56 MB | 3.1 kBProgress (2): 47/56 MB | 3.1 kBProgress (2): 47/56 MB | 3.1 kBProgress (2): 47/56 MB | 3.1 kBProgress (2): 47/56 MB | 3.1 kBProgress (2): 47/56 MB | 3.1 kBProgress (2): 48/56 MB | 3.1 kBProgress (2): 48/56 MB | 3.1 kBProgress (2): 48/56 MB | 3.1 kBProgress (2): 48/56 MB | 3.1 kBProgress (2): 48/56 MB | 3.1 kBProgress (2): 48/56 MB | 3.1 kBProgress (2): 48/56 MB | 3.1 kBProgress (2): 48/56 MB | 3.1 kBProgress (2): 48/56 MB | 3.1 kBProgress (2): 48/56 MB | 3.1 kBProgress (2): 48/56 MB | 3.1 kBProgress (2): 48/56 MB | 3.1 kBProgress (2): 48/56 MB | 3.1 kBProgress (2): 48/56 MB | 3.1 kBProgress (2): 48/56 MB | 3.1 kBProgress (2): 48/56 MB | 3.1 kBProgress (2): 48/56 MB | 3.1 kBProgress (2): 48/56 MB | 3.1 kBProgress (2): 48/56 MB | 3.1 kBProgress (2): 48/56 MB | 3.1 kBProgress (2): 48/56 MB | 3.1 kBProgress (2): 48/56 MB | 3.1 kBProgress (2): 48/56 MB | 3.1 kBProgress (2): 48/56 MB | 3.1 kBProgress (2): 48/56 MB | 3.1 kBProgress (2): 48/56 MB | 3.1 kBProgress (2): 48/56 MB | 3.1 kBProgress (2): 48/56 MB | 3.1 kBProgress (2): 48/56 MB | 3.1 kBProgress (2): 48/56 MB | 3.1 kBProgress (2): 48/56 MB | 3.1 kBProgress (2): 48/56 MB | 3.1 kBProgress (2): 48/56 MB | 3.1 kBProgress (2): 48/56 MB | 3.1 kBProgress (2): 48/56 MB | 3.1 kBProgress (2): 48/56 MB | 3.1 kB                               Downloaded from aliyun: https://maven.aliyun.com/repository/public/org/apache/tika/tika-parsers-standard/2.9.1/tika-parsers-standard-2.9.1.pom (3.1 kB at 14 kB/s)
Downloading from aliyun: https://maven.aliyun.com/repository/public/org/apache/tika/tika-parsers/2.9.1/tika-parsers-2.9.1.pom
Progress (1): 48/56 MBProgress (1): 48/56 MBProgress (1): 48/56 MBProgress (1): 48/56 MBProgress (1): 48/56 MBProgress (1): 48/56 MBProgress (1): 48/56 MBProgress (1): 48/56 MBProgress (1): 48/56 MBProgress (1): 48/56 MBProgress (1): 48/56 MBProgress (1): 48/56 MBProgress (1): 48/56 MBProgress (1): 48/56 MBProgress (1): 48/56 MBProgress (1): 48/56 MBProgress (1): 48/56 MBProgress (1): 48/56 MBProgress (1): 48/56 MBProgress (1): 48/56 MBProgress (1): 48/56 MBProgress (1): 48/56 MBProgress (2): 48/56 MB | 3.7 kBProgress (2): 48/56 MB | 3.7 kBProgress (2): 48/56 MB | 3.7 kBProgress (2): 48/56 MB | 3.7 kBProgress (2): 49/56 MB | 3.7 kBProgress (2): 49/56 MB | 3.7 kBProgress (2): 49/56 MB | 3.7 kBProgress (2): 49/56 MB | 3.7 kBProgress (2): 49/56 MB | 3.7 kBProgress (2): 49/56 MB | 3.7 kBProgress (2): 49/56 MB | 3.7 kBProgress (2): 49/56 MB | 3.7 kBProgress (2): 49/56 MB | 3.7 kBProgress (2): 49/56 MB | 3.7 kBProgress (2): 49/56 MB | 3.7 kBProgress (2): 49/56 MB | 3.7 kBProgress (2): 49/56 MB | 3.7 kBProgress (2): 49/56 MB | 3.7 kBProgress (2): 49/56 MB | 3.7 kBProgress (2): 49/56 MB | 3.7 kBProgress (2): 49/56 MB | 3.7 kBProgress (2): 49/56 MB | 3.7 kBProgress (2): 49/56 MB | 3.7 kBProgress (2): 49/56 MB | 3.7 kBProgress (2): 49/56 MB | 3.7 kBProgress (2): 49/56 MB | 3.7 kBProgress (2): 49/56 MB | 3.7 kBProgress (2): 49/56 MB | 3.7 kBProgress (2): 49/56 MB | 3.7 kBProgress (2): 49/56 MB | 3.7 kBProgress (2): 49/56 MB | 3.7 kBProgress (2): 49/56 MB | 3.7 kBProgress (2): 49/56 MB | 3.7 kBProgress (2): 49/56 MB | 3.7 kBProgress (2): 49/56 MB | 3.7 kBProgress (2): 49/56 MB | 3.7 kBProgress (2): 49/56 MB | 3.7 kBProgress (2): 49/56 MB | 3.7 kBProgress (2): 49/56 MB | 3.7 kBProgress (2): 49/56 MB | 3.7 kBProgress (2): 49/56 MB | 3.7 kBProgress (2): 49/56 MB | 3.7 kBProgress (2): 49/56 MB | 3.7 kBProgress (2): 49/56 MB | 3.7 kBProgress (2): 49/56 MB | 3.7 kBProgress (2): 49/56 MB | 3.7 kBProgress (2): 49/56 MB | 3.7 kBProgress (2): 49/56 MB | 3.7 kBProgress (2): 49/56 MB | 3.7 kBProgress (2): 49/56 MB | 3.7 kBProgress (2): 49/56 MB | 3.7 kBProgress (2): 49/56 MB | 3.7 kBProgress (2): 49/56 MB | 3.7 kBProgress (2): 49/56 MB | 3.7 kBProgress (2): 49/56 MB | 3.7 kBProgress (2): 49/56 MB | 3.7 kBProgress (2): 49/56 MB | 3.7 kBProgress (2): 49/56 MB | 3.7 kBProgress (2): 49/56 MB | 3.7 kBProgress (2): 49/56 MB | 3.7 kBProgress (2): 49/56 MB | 3.7 kBProgress (2): 49/56 MB | 3.7 kBProgress (2): 49/56 MB | 3.7 kBProgress (2): 49/56 MB | 3.7 kBProgress (2): 49/56 MB | 3.7 kBProgress (2): 50/56 MB | 3.7 kBProgress (2): 50/56 MB | 3.7 kBProgress (2): 50/56 MB | 3.7 kBProgress (2): 50/56 MB | 3.7 kBProgress (2): 50/56 MB | 3.7 kBProgress (2): 50/56 MB | 3.7 kBProgress (2): 50/56 MB | 3.7 kBProgress (2): 50/56 MB | 3.7 kBProgress (2): 50/56 MB | 3.7 kBProgress (2): 50/56 MB | 3.7 kBProgress (2): 50/56 MB | 3.7 kBProgress (2): 50/56 MB | 3.7 kBProgress (2): 50/56 MB | 3.7 kBProgress (2): 50/56 MB | 3.7 kBProgress (2): 50/56 MB | 3.7 kBProgress (2): 50/56 MB | 3.7 kBProgress (2): 50/56 MB | 3.7 kBProgress (2): 50/56 MB | 3.7 kBProgress (2): 50/56 MB | 3.7 kBProgress (2): 50/56 MB | 3.7 kBProgress (2): 50/56 MB | 3.7 kBProgress (2): 50/56 MB | 3.7 kB                               Downloaded from aliyun: https://maven.aliyun.com/repository/public/org/apache/tika/tika-parsers/2.9.1/tika-parsers-2.9.1.pom (3.7 kB at 20 kB/s)
Progress (1): 50/56 MBProgress (1): 50/56 MBProgress (1): 50/56 MBProgress (1): 50/56 MBProgress (1): 50/56 MBProgress (1): 50/56 MB                      Downloading from aliyun: https://maven.aliyun.com/repository/public/org/ccil/cowan/tagsoup/tagsoup/1.2.1/tagsoup-1.2.1.pom
Progress (1): 50/56 MBProgress (1): 50/56 MBProgress (1): 50/56 MBProgress (1): 50/56 MBProgress (1): 50/56 MBProgress (1): 50/56 MBProgress (1): 50/56 MBProgress (1): 50/56 MBProgress (1): 50/56 MBProgress (2): 50/56 MB | 1.2 kBProgress (2): 50/56 MB | 1.2 kBProgress (2): 50/56 MB | 1.2 kBProgress (2): 50/56 MB | 1.2 kBProgress (2): 50/56 MB | 1.2 kBProgress (2): 50/56 MB | 1.2 kBProgress (2): 50/56 MB | 1.2 kBProgress (2): 50/56 MB | 1.2 kBProgress (2): 50/56 MB | 1.2 kBProgress (2): 50/56 MB | 1.2 kBProgress (2): 50/56 MB | 1.2 kBProgress (2): 50/56 MB | 1.2 kBProgress (2): 50/56 MB | 1.2 kBProgress (2): 50/56 MB | 1.2 kBProgress (2): 50/56 MB | 1.2 kBProgress (2): 50/56 MB | 1.2 kBProgress (2): 50/56 MB | 1.2 kBProgress (2): 50/56 MB | 1.2 kBProgress (2): 50/56 MB | 1.2 kB                               Downloaded from aliyun: https://maven.aliyun.com/repository/public/org/ccil/cowan/tagsoup/tagsoup/1.2.1/tagsoup-1.2.1.pom (1.2 kB at 25 kB/s)
Progress (1): 50/56 MBProgress (1): 50/56 MBProgress (1): 50/56 MB                      Downloading from aliyun: https://maven.aliyun.com/repository/public/org/apache/tika/tika-parser-pdf-module/2.9.1/tika-parser-pdf-module-2.9.1.pom
Progress (1): 50/56 MBProgress (1): 50/56 MBProgress (1): 50/56 MBProgress (1): 51/56 MBProgress (1): 51/56 MBProgress (1): 51/56 MBProgress (1): 51/56 MBProgress (1): 51/56 MBProgress (1): 51/56 MBProgress (1): 51/56 MBProgress (1): 51/56 MBProgress (1): 51/56 MBProgress (1): 51/56 MBProgress (1): 51/56 MBProgress (1): 51/56 MBProgress (1): 51/56 MBProgress (1): 51/56 MBProgress (1): 51/56 MBProgress (1): 51/56 MBProgress (1): 51/56 MBProgress (1): 51/56 MBProgress (1): 51/56 MBProgress (1): 51/56 MBProgress (1): 51/56 MBProgress (1): 51/56 MBProgress (1): 51/56 MBProgress (1): 51/56 MBProgress (1): 51/56 MBProgress (1): 51/56 MBProgress (1): 51/56 MBProgress (1): 51/56 MBProgress (1): 51/56 MBProgress (2): 51/56 MB | 4.2 kBProgress (2): 51/56 MB | 4.2 kBProgress (2): 51/56 MB | 4.2 kBProgress (2): 51/56 MB | 4.2 kBProgress (2): 51/56 MB | 4.2 kBProgress (2): 51/56 MB | 4.2 kBProgress (2): 51/56 MB | 4.2 kBProgress (2): 51/56 MB | 4.2 kBProgress (2): 51/56 MB | 4.2 kBProgress (2): 51/56 MB | 4.2 kBProgress (2): 51/56 MB | 4.2 kBProgress (2): 51/56 MB | 4.2 kBProgress (2): 51/56 MB | 4.2 kBProgress (2): 51/56 MB | 4.2 kBProgress (2): 51/56 MB | 4.2 kBProgress (2): 51/56 MB | 4.2 kBProgress (2): 51/56 MB | 4.2 kBProgress (2): 51/56 MB | 4.2 kBProgress (2): 51/56 MB | 4.2 kBProgress (2): 51/56 MB | 4.2 kBProgress (2): 51/56 MB | 4.2 kBProgress (2): 51/56 MB | 4.2 kBProgress (2): 51/56 MB | 4.2 kBProgress (2): 51/56 MB | 4.2 kBProgress (2): 51/56 MB | 4.2 kBProgress (2): 51/56 MB | 4.2 kBProgress (2): 51/56 MB | 4.2 kBProgress (2): 51/56 MB | 4.2 kBProgress (2): 51/56 MB | 4.2 kBProgress (2): 51/56 MB | 4.2 kBProgress (2): 51/56 MB | 4.2 kBProgress (2): 51/56 MB | 4.2 kBProgress (2): 51/56 MB | 4.2 kBProgress (2): 52/56 MB | 4.2 kBProgress (2): 52/56 MB | 4.2 kBProgress (2): 52/56 MB | 4.2 kBProgress (2): 52/56 MB | 4.2 kBProgress (2): 52/56 MB | 4.2 kBProgress (2): 52/56 MB | 4.2 kBProgress (2): 52/56 MB | 4.2 kBProgress (2): 52/56 MB | 4.2 kBProgress (2): 52/56 MB | 4.2 kBProgress (2): 52/56 MB | 4.2 kBProgress (2): 52/56 MB | 4.2 kBProgress (2): 52/56 MB | 4.2 kBProgress (2): 52/56 MB | 4.2 kBProgress (2): 52/56 MB | 4.2 kBProgress (2): 52/56 MB | 4.2 kBProgress (2): 52/56 MB | 4.2 kBProgress (2): 52/56 MB | 4.2 kBProgress (2): 52/56 MB | 4.2 kBProgress (2): 52/56 MB | 4.2 kBProgress (2): 52/56 MB | 4.2 kBProgress (2): 52/56 MB | 4.2 kBProgress (2): 52/56 MB | 4.2 kBProgress (2): 52/56 MB | 4.2 kBProgress (2): 52/56 MB | 4.2 kBProgress (2): 52/56 MB | 4.2 kBProgress (2): 52/56 MB | 4.2 kBProgress (2): 52/56 MB | 4.2 kBProgress (2): 52/56 MB | 4.2 kBProgress (2): 52/56 MB | 4.2 kBProgress (2): 52/56 MB | 4.2 kBProgress (2): 52/56 MB | 4.2 kBProgress (2): 52/56 MB | 4.2 kBProgress (2): 52/56 MB | 4.2 kBProgress (2): 52/56 MB | 4.2 kBProgress (2): 52/56 MB | 4.2 kBProgress (2): 52/56 MB | 4.2 kBProgress (2): 52/56 MB | 4.2 kBProgress (2): 52/56 MB | 4.2 kBProgress (2): 52/56 MB | 4.2 kBProgress (2): 52/56 MB | 4.2 kBProgress (2): 52/56 MB | 4.2 kBProgress (2): 52/56 MB | 4.2 kBProgress (2): 52/56 MB | 4.2 kBProgress (2): 52/56 MB | 4.2 kBProgress (2): 52/56 MB | 4.2 kBProgress (2): 52/56 MB | 4.2 kBProgress (2): 52/56 MB | 4.2 kBProgress (2): 52/56 MB | 4.2 kBProgress (2): 52/56 MB | 4.2 kBProgress (2): 52/56 MB | 4.2 kBProgress (2): 52/56 MB | 4.2 kBProgress (2): 52/56 MB | 4.2 kBProgress (2): 52/56 MB | 4.2 kBProgress (2): 52/56 MB | 4.2 kBProgress (2): 52/56 MB | 4.2 kBProgress (2): 52/56 MB | 4.2 kBProgress (2): 52/56 MB | 4.2 kBProgress (2): 52/56 MB | 4.2 kBProgress (2): 52/56 MB | 4.2 kBProgress (2): 52/56 MB | 4.2 kBProgress (2): 52/56 MB | 4.2 kBProgress (2): 53/56 MB | 4.2 kB                               Downloaded from aliyun: https://maven.aliyun.com/repository/public/org/apache/tika/tika-parser-pdf-module/2.9.1/tika-parser-pdf-module-2.9.1.pom (4.2 kB at 17 kB/s)
Progress (1): 53/56 MBProgress (1): 53/56 MBProgress (1): 53/56 MBProgress (1): 53/56 MBProgress (1): 53/56 MBProgress (1): 53/56 MBProgress (1): 53/56 MBProgress (1): 53/56 MB                      Downloading from aliyun: https://maven.aliyun.com/repository/public/org/apache/tika/tika-parser-xmp-commons/2.9.1/tika-parser-xmp-commons-2.9.1.pom
Progress (1): 53/56 MBProgress (1): 53/56 MBProgress (1): 53/56 MBProgress (1): 53/56 MBProgress (1): 53/56 MBProgress (1): 53/56 MBProgress (1): 53/56 MBProgress (1): 53/56 MBProgress (1): 53/56 MBProgress (1): 53/56 MBProgress (1): 53/56 MBProgress (1): 53/56 MBProgress (1): 53/56 MBProgress (1): 53/56 MBProgress (1): 53/56 MBProgress (1): 53/56 MBProgress (1): 53/56 MBProgress (1): 53/56 MBProgress (1): 53/56 MBProgress (1): 53/56 MBProgress (1): 53/56 MBProgress (1): 53/56 MBProgress (1): 53/56 MBProgress (1): 53/56 MBProgress (1): 53/56 MBProgress (2): 53/56 MB | 2.4 kBProgress (2): 53/56 MB | 2.4 kBProgress (2): 53/56 MB | 2.4 kBProgress (2): 53/56 MB | 2.4 kBProgress (2): 53/56 MB | 2.4 kBProgress (2): 53/56 MB | 2.4 kBProgress (2): 53/56 MB | 2.4 kBProgress (2): 53/56 MB | 2.4 kBProgress (2): 53/56 MB | 2.4 kBProgress (2): 53/56 MB | 2.4 kBProgress (2): 53/56 MB | 2.4 kBProgress (2): 53/56 MB | 2.4 kBProgress (2): 53/56 MB | 2.4 kBProgress (2): 53/56 MB | 2.4 kBProgress (2): 53/56 MB | 2.4 kBProgress (2): 53/56 MB | 2.4 kBProgress (2): 53/56 MB | 2.4 kBProgress (2): 53/56 MB | 2.4 kBProgress (2): 53/56 MB | 2.4 kBProgress (2): 53/56 MB | 2.4 kBProgress (2): 53/56 MB | 2.4 kBProgress (2): 53/56 MB | 2.4 kBProgress (2): 53/56 MB | 2.4 kBProgress (2): 53/56 MB | 2.4 kBProgress (2): 53/56 MB | 2.4 kBProgress (2): 53/56 MB | 2.4 kBProgress (2): 53/56 MB | 2.4 kBProgress (2): 53/56 MB | 2.4 kBProgress (2): 54/56 MB | 2.4 kBProgress (2): 54/56 MB | 2.4 kBProgress (2): 54/56 MB | 2.4 kBProgress (2): 54/56 MB | 2.4 kBProgress (2): 54/56 MB | 2.4 kBProgress (2): 54/56 MB | 2.4 kBProgress (2): 54/56 MB | 2.4 kBProgress (2): 54/56 MB | 2.4 kBProgress (2): 54/56 MB | 2.4 kBProgress (2): 54/56 MB | 2.4 kBProgress (2): 54/56 MB | 2.4 kBProgress (2): 54/56 MB | 2.4 kBProgress (2): 54/56 MB | 2.4 kBProgress (2): 54/56 MB | 2.4 kBProgress (2): 54/56 MB | 2.4 kBProgress (2): 54/56 MB | 2.4 kBProgress (2): 54/56 MB | 2.4 kBProgress (2): 54/56 MB | 2.4 kBProgress (2): 54/56 MB | 2.4 kBProgress (2): 54/56 MB | 2.4 kBProgress (2): 54/56 MB | 2.4 kBProgress (2): 54/56 MB | 2.4 kBProgress (2): 54/56 MB | 2.4 kBProgress (2): 54/56 MB | 2.4 kBProgress (2): 54/56 MB | 2.4 kBProgress (2): 54/56 MB | 2.4 kBProgress (2): 54/56 MB | 2.4 kBProgress (2): 54/56 MB | 2.4 kBProgress (2): 54/56 MB | 2.4 kBProgress (2): 54/56 MB | 2.4 kBProgress (2): 54/56 MB | 2.4 kBProgress (2): 54/56 MB | 2.4 kBProgress (2): 54/56 MB | 2.4 kBProgress (2): 54/56 MB | 2.4 kBProgress (2): 54/56 MB | 2.4 kBProgress (2): 54/56 MB | 2.4 kBProgress (2): 54/56 MB | 2.4 kBProgress (2): 54/56 MB | 2.4 kBProgress (2): 54/56 MB | 2.4 kBProgress (2): 54/56 MB | 2.4 kBProgress (2): 54/56 MB | 2.4 kBProgress (2): 54/56 MB | 2.4 kBProgress (2): 54/56 MB | 2.4 kBProgress (2): 54/56 MB | 2.4 kBProgress (2): 54/56 MB | 2.4 kBProgress (2): 54/56 MB | 2.4 kBProgress (2): 54/56 MB | 2.4 kBProgress (2): 54/56 MB | 2.4 kBProgress (2): 54/56 MB | 2.4 kBProgress (2): 54/56 MB | 2.4 kBProgress (2): 54/56 MB | 2.4 kBProgress (2): 54/56 MB | 2.4 kBProgress (2): 54/56 MB | 2.4 kBProgress (2): 54/56 MB | 2.4 kBProgress (2): 54/56 MB | 2.4 kBProgress (2): 54/56 MB | 2.4 kBProgress (2): 54/56 MB | 2.4 kBProgress (2): 54/56 MB | 2.4 kBProgress (2): 54/56 MB | 2.4 kBProgress (2): 54/56 MB | 2.4 kBProgress (2): 54/56 MB | 2.4 kBProgress (2): 55/56 MB | 2.4 kBProgress (2): 55/56 MB | 2.4 kBProgress (2): 55/56 MB | 2.4 kBProgress (2): 55/56 MB | 2.4 kBProgress (2): 55/56 MB | 2.4 kBProgress (2): 55/56 MB | 2.4 kBProgress (2): 55/56 MB | 2.4 kBProgress (2): 55/56 MB | 2.4 kBProgress (2): 55/56 MB | 2.4 kBProgress (2): 55/56 MB | 2.4 kBProgress (2): 55/56 MB | 2.4 kB                               Downloaded from aliyun: https://maven.aliyun.com/repository/public/org/apache/tika/tika-parser-xmp-commons/2.9.1/tika-parser-xmp-commons-2.9.1.pom (2.4 kB at 8.6 kB/s)
Downloading from aliyun: https://maven.aliyun.com/repository/public/org/apache/pdfbox/jempbox/1.8.17/jempbox-1.8.17.pom
Progress (1): 55/56 MBProgress (1): 55/56 MBProgress (1): 55/56 MBProgress (1): 55/56 MBProgress (1): 55/56 MBProgress (1): 55/56 MBProgress (1): 55/56 MBProgress (1): 55/56 MBProgress (1): 55/56 MBProgress (1): 55/56 MBProgress (1): 55/56 MBProgress (1): 55/56 MBProgress (1): 55/56 MBProgress (1): 55/56 MBProgress (1): 55/56 MBProgress (2): 55/56 MB | 1.9/2.0 kBProgress (2): 55/56 MB | 2.0 kB    Progress (2): 55/56 MB | 2.0 kBProgress (2): 55/56 MB | 2.0 kBProgress (2): 55/56 MB | 2.0 kBProgress (2): 55/56 MB | 2.0 kBProgress (2): 55/56 MB | 2.0 kBProgress (2): 55/56 MB | 2.0 kBProgress (2): 55/56 MB | 2.0 kBProgress (2): 55/56 MB | 2.0 kBProgress (2): 55/56 MB | 2.0 kBProgress (2): 55/56 MB | 2.0 kBProgress (2): 55/56 MB | 2.0 kB                               Downloaded from aliyun: https://maven.aliyun.com/repository/public/org/apache/pdfbox/jempbox/1.8.17/jempbox-1.8.17.pom (2.0 kB at 41 kB/s)
Downloading from aliyun: https://maven.aliyun.com/repository/public/org/apache/pdfbox/pdfbox-parent/1.8.17/pdfbox-parent-1.8.17.pom
Progress (1): 55/56 MBProgress (1): 55/56 MBProgress (1): 55/56 MBProgress (1): 55/56 MBProgress (1): 55/56 MBProgress (1): 55/56 MBProgress (1): 55/56 MBProgress (1): 55/56 MBProgress (1): 55/56 MBProgress (1): 55/56 MBProgress (1): 55/56 MBProgress (2): 55/56 MB | 0.5/12 kBProgress (2): 55/56 MB | 0.5/12 kBProgress (2): 55/56 MB | 0.5/12 kBProgress (2): 55/56 MB | 12 kB    Progress (2): 55/56 MB | 12 kBProgress (2): 55/56 MB | 12 kBProgress (2): 55/56 MB | 12 kBProgress (2): 55/56 MB | 12 kBProgress (2): 55/56 MB | 12 kBProgress (2): 55/56 MB | 12 kBProgress (2): 55/56 MB | 12 kB                              Downloaded from aliyun: https://maven.aliyun.com/repository/public/org/apache/pdfbox/pdfbox-parent/1.8.17/pdfbox-parent-1.8.17.pom (12 kB at 230 kB/s)
Progress (1): 55/56 MBProgress (1): 55/56 MBProgress (1): 55/56 MB                      Downloading from aliyun: https://maven.aliyun.com/repository/public/org/apache/pdfbox/xmpbox/2.0.29/xmpbox-2.0.29.pom
Progress (1): 55/56 MBProgress (1): 56/56 MBProgress (1): 56/56 MBProgress (1): 56/56 MBProgress (1): 56/56 MBProgress (1): 56/56 MBProgress (1): 56/56 MBProgress (1): 56/56 MBProgress (1): 56/56 MBProgress (1): 56/56 MBProgress (1): 56/56 MBProgress (1): 56/56 MBProgress (1): 56/56 MBProgress (1): 56/56 MBProgress (1): 56/56 MBProgress (1): 56/56 MBProgress (1): 56/56 MBProgress (1): 56/56 MBProgress (1): 56/56 MBProgress (1): 56/56 MBProgress (1): 56/56 MBProgress (1): 56/56 MBProgress (1): 56/56 MBProgress (1): 56/56 MBProgress (1): 56/56 MBProgress (1): 56/56 MBProgress (1): 56/56 MBProgress (1): 56/56 MBProgress (1): 56/56 MBProgress (1): 56/56 MBProgress (1): 56/56 MBProgress (1): 56/56 MBProgress (1): 56/56 MBProgress (1): 56/56 MBProgress (1): 56/56 MBProgress (1): 56/56 MBProgress (1): 56/56 MBProgress (1): 56/56 MBProgress (1): 56/56 MBProgress (1): 56/56 MBProgress (1): 56/56 MBProgress (1): 56/56 MBProgress (1): 56/56 MBProgress (1): 56/56 MBProgress (1): 56/56 MBProgress (1): 56/56 MBProgress (1): 56/56 MBProgress (1): 56 MB   Progress (2): 56 MB | 3.8 kB                            Downloaded from aliyun: https://maven.aliyun.com/repository/public/org/jetbrains/kotlin/kotlin-compiler-embeddable/2.2.0/kotlin-compiler-embeddable-2.2.0.jar (56 MB at 7.7 MB/s)
[INFO] 
[INFO] --- resources:3.1.0:resources (default-resources) @ jeecg-boot-module-celebrity ---
[INFO] Using 'UTF-8' encoding to copy filtered resources.
[INFO] Copying 1 resource
[INFO] Copying 59 resources
[INFO] 
[INFO] --- compiler:3.14.0:compile (default-compile) @ jeecg-boot-module-celebrity ---
Downloaded from aliyun: https://maven.aliyun.com/repository/public/org/apache/pdfbox/xmpbox/2.0.29/xmpbox-2.0.29.pom (3.8 kB at 12 kB/s)
Downloading from aliyun: https://maven.aliyun.com/repository/public/org/apache/pdfbox/pdfbox-parent/2.0.29/pdfbox-parent-2.0.29.pom
Progress (1): 1.9/20 kBProgress (1): 18/20 kB Progress (1): 20 kB   [INFO] Recompiling the module because of changed dependency.
[INFO] Compiling 366 source files with javac [debug parameters release 17] to target\classes
                   Downloaded from aliyun: https://maven.aliyun.com/repository/public/org/apache/pdfbox/pdfbox-parent/2.0.29/pdfbox-parent-2.0.29.pom (20 kB at 244 kB/s)
Downloading from aliyun: https://maven.aliyun.com/repository/public/org/apache/pdfbox/pdfbox/2.0.29/pdfbox-2.0.29.pom
Progress (1): 7.3/43 kBProgress (1): 16/43 kB Progress (1): 32/43 kBProgress (1): 43 kB                      Downloaded from aliyun: https://maven.aliyun.com/repository/public/org/apache/pdfbox/pdfbox/2.0.29/pdfbox-2.0.29.pom (43 kB at 456 kB/s)
Downloading from aliyun: https://maven.aliyun.com/repository/public/org/apache/pdfbox/fontbox/2.0.29/fontbox-2.0.29.pom
Progress (1): 6.6 kB                    Downloaded from aliyun: https://maven.aliyun.com/repository/public/org/apache/pdfbox/fontbox/2.0.29/fontbox-2.0.29.pom (6.6 kB at 97 kB/s)
Downloading from aliyun: https://maven.aliyun.com/repository/public/org/apache/pdfbox/pdfbox-tools/2.0.29/pdfbox-tools-2.0.29.pom
Downloading from aliyun: https://maven.aliyun.com/repository/public/org/springframework/cloud/spring-cloud-starter-openfeign/4.3.0/spring-cloud-starter-openfeign-4.3.0.jar
Progress (1): 3.4/3.8 kBProgress (1): 3.8 kB    Progress (2): 3.8 kB | 2.6 kB                             Downloaded from aliyun: https://maven.aliyun.com/repository/public/org/apache/pdfbox/pdfbox-tools/2.0.29/pdfbox-tools-2.0.29.pom (3.8 kB at 55 kB/s)
Downloading from aliyun: https://maven.aliyun.com/repository/public/org/bouncycastle/bcmail-jdk18on/1.76/bcmail-jdk18on-1.76.pom
Downloaded from aliyun: https://maven.aliyun.com/repository/public/org/springframework/cloud/spring-cloud-starter-openfeign/4.3.0/spring-cloud-starter-openfeign-4.3.0.jar (2.6 kB at 30 kB/s)
Downloading from aliyun: https://maven.aliyun.com/repository/public/org/springframework/cloud/spring-cloud-starter/4.3.0/spring-cloud-starter-4.3.0.jar
Downloading from aliyun: https://maven.aliyun.com/repository/public/org/springframework/cloud/spring-cloud-context/4.3.0/spring-cloud-context-4.3.0.jar
Downloading from aliyun: https://maven.aliyun.com/repository/public/org/bouncycastle/bcprov-jdk18on/1.80/bcprov-jdk18on-1.80.jar
Downloading from aliyun: https://maven.aliyun.com/repository/public/org/springframework/cloud/spring-cloud-openfeign-core/4.3.0/spring-cloud-openfeign-core-4.3.0.jar
Downloading from aliyun: https://maven.aliyun.com/repository/public/io/github/openfeign/feign-form-spring/13.6/feign-form-spring-13.6.jar
Progress (1): 0/8.7 MBProgress (1): 0/8.7 MBProgress (1): 0/8.7 MBProgress (1): 0.1/8.7 MBProgress (1): 0.1/8.7 MBProgress (1): 0.1/8.7 MBProgress (2): 0.1/8.7 MB | 1.8 kBProgress (2): 0.1/8.7 MB | 1.8 kBProgress (2): 0.1/8.7 MB | 1.8 kBProgress (3): 0.1/8.7 MB | 1.8 kB | 1.8/15 kBProgress (4): 0.1/8.7 MB | 1.8 kB | 1.8/15 kB | 7.2/224 kBProgress (4): 0.1/8.7 MB | 1.8 kB | 1.8/15 kB | 9.2/224 kBProgress (5): 0.1/8.7 MB | 1.8 kB | 1.8/15 kB | 9.2/224 kB | 1.9/189 kBProgress (5): 0.1/8.7 MB | 1.8 kB | 15 kB | 9.2/224 kB | 1.9/189 kB    Progress (5): 0.1/8.7 MB | 1.8 kB | 15 kB | 26/224 kB | 1.9/189 kB Progress (5): 0.1/8.7 MB | 1.8 kB | 15 kB | 42/224 kB | 1.9/189 kBProgress (5): 0.1/8.7 MB | 1.8 kB | 15 kB | 58/224 kB | 1.9/189 kBProgress (5): 0.1/8.7 MB | 1.8 kB | 15 kB | 75/224 kB | 1.9/189 kBProgress (5): 0.1/8.7 MB | 1.8 kB | 15 kB | 91/224 kB | 1.9/189 kBProgress (6): 0.1/8.7 MB | 1.8 kB | 15 kB | 91/224 kB | 1.9/189 kB | 1.9/2.5 kBProgress (6): 0.1/8.7 MB | 1.8 kB | 15 kB | 91/224 kB | 1.9/189 kB | 2.5 kB    Progress (6): 0.1/8.7 MB | 1.8 kB | 15 kB | 91/224 kB | 1.9/189 kB | 2.5 kBProgress (6): 0.2/8.7 MB | 1.8 kB | 15 kB | 91/224 kB | 1.9/189 kB | 2.5 kBProgress (6): 0.2/8.7 MB | 1.8 kB | 15 kB | 91/224 kB | 1.9/189 kB | 2.5 kBProgress (6): 0.2/8.7 MB | 1.8 kB | 15 kB | 91/224 kB | 1.9/189 kB | 2.5 kBProgress (6): 0.2/8.7 MB | 1.8 kB | 15 kB | 91/224 kB | 1.9/189 kB | 2.5 kBProgress (6): 0.2/8.7 MB | 1.8 kB | 15 kB | 91/224 kB | 1.9/189 kB | 2.5 kBProgress (6): 0.2/8.7 MB | 1.8 kB | 15 kB | 91/224 kB | 1.9/189 kB | 2.5 kBProgress (6): 0.3/8.7 MB | 1.8 kB | 15 kB | 91/224 kB | 1.9/189 kB | 2.5 kBProgress (6): 0.3/8.7 MB | 1.8 kB | 15 kB | 91/224 kB | 1.9/189 kB | 2.5 kBProgress (6): 0.3/8.7 MB | 1.8 kB | 15 kB | 91/224 kB | 1.9/189 kB | 2.5 kBProgress (6): 0.3/8.7 MB | 1.8 kB | 15 kB | 91/224 kB | 1.9/189 kB | 2.5 kBProgress (6): 0.3/8.7 MB | 1.8 kB | 15 kB | 91/224 kB | 9.2/189 kB | 2.5 kBProgress (6): 0.3/8.7 MB | 1.8 kB | 15 kB | 91/224 kB | 14/189 kB | 2.5 kB Progress (6): 0.3/8.7 MB | 1.8 kB | 15 kB | 91/224 kB | 30/189 kB | 2.5 kBProgress (6): 0.3/8.7 MB | 1.8 kB | 15 kB | 91/224 kB | 37/189 kB | 2.5 kBProgress (6): 0.3/8.7 MB | 1.8 kB | 15 kB | 91/224 kB | 37/189 kB | 2.5 kBProgress (6): 0.3/8.7 MB | 1.8 kB | 15 kB | 91/224 kB | 37/189 kB | 2.5 kBProgress (6): 0.3/8.7 MB | 1.8 kB | 15 kB | 107/224 kB | 37/189 kB | 2.5 kBProgress (6): 0.3/8.7 MB | 1.8 kB | 15 kB | 107/224 kB | 37/189 kB | 2.5 kBProgress (6): 0.3/8.7 MB | 1.8 kB | 15 kB | 124/224 kB | 37/189 kB | 2.5 kBProgress (6): 0.4/8.7 MB | 1.8 kB | 15 kB | 124/224 kB | 37/189 kB | 2.5 kBProgress (6): 0.4/8.7 MB | 1.8 kB | 15 kB | 124/224 kB | 37/189 kB | 2.5 kBProgress (6): 0.4/8.7 MB | 1.8 kB | 15 kB | 124/224 kB | 37/189 kB | 2.5 kBProgress (6): 0.4/8.7 MB | 1.8 kB | 15 kB | 124/224 kB | 37/189 kB | 2.5 kBProgress (6): 0.4/8.7 MB | 1.8 kB | 15 kB | 124/224 kB | 37/189 kB | 2.5 kBProgress (6): 0.4/8.7 MB | 1.8 kB | 15 kB | 124/224 kB | 50/189 kB | 2.5 kBProgress (6): 0.4/8.7 MB | 1.8 kB | 15 kB | 124/224 kB | 50/189 kB | 2.5 kBProgress (6): 0.5/8.7 MB | 1.8 kB | 15 kB | 124/224 kB | 50/189 kB | 2.5 kBProgress (6): 0.5/8.7 MB | 1.8 kB | 15 kB | 140/224 kB | 50/189 kB | 2.5 kBProgress (6): 0.5/8.7 MB | 1.8 kB | 15 kB | 157/224 kB | 50/189 kB | 2.5 kBProgress (6): 0.5/8.7 MB | 1.8 kB | 15 kB | 157/224 kB | 50/189 kB | 2.5 kBProgress (6): 0.5/8.7 MB | 1.8 kB | 15 kB | 157/224 kB | 50/189 kB | 2.5 kBProgress (6): 0.5/8.7 MB | 1.8 kB | 15 kB | 173/224 kB | 50/189 kB | 2.5 kB                                                                           Downloaded from aliyun: https://maven.aliyun.com/repository/public/io/github/openfeign/feign-form-spring/13.6/feign-form-spring-13.6.jar (15 kB at 160 kB/s)
Downloading from aliyun: https://maven.aliyun.com/repository/public/org/apache/commons/commons-text/1.13.0/commons-text-1.13.0.jar
Progress (5): 0.5/8.7 MB | 1.8 kB | 173/224 kB | 50/189 kB | 2.5 kBProgress (5): 0.5/8.7 MB | 1.8 kB | 173/224 kB | 50/189 kB | 2.5 kBProgress (5): 0.5/8.7 MB | 1.8 kB | 173/224 kB | 50/189 kB | 2.5 kB                                                                   Downloaded from aliyun: https://maven.aliyun.com/repository/public/org/springframework/cloud/spring-cloud-starter/4.3.0/spring-cloud-starter-4.3.0.jar (2.5 kB at 25 kB/s)
Downloading from aliyun: https://maven.aliyun.com/repository/public/io/github/openfeign/feign-form/13.6/feign-form-13.6.jar
Progress (4): 0.5/8.7 MB | 1.8 kB | 173/224 kB | 66/189 kBProgress (4): 0.5/8.7 MB | 1.8 kB | 189/224 kB | 66/189 kBProgress (4): 0.5/8.7 MB | 1.8 kB | 189/224 kB | 66/189 kBProgress (4): 0.6/8.7 MB | 1.8 kB | 189/224 kB | 66/189 kBProgress (5): 0.6/8.7 MB | 1.8 kB | 189/224 kB | 66/189 kB | 1.9/29 kBProgress (5): 0.6/8.7 MB | 1.8 kB | 189/224 kB | 66/189 kB | 1.9/29 kBProgress (5): 0.6/8.7 MB | 1.8 kB | 189/224 kB | 66/189 kB | 1.9/29 kBProgress (5): 0.6/8.7 MB | 1.8 kB | 189/224 kB | 66/189 kB | 1.9/29 kBProgress (5): 0.6/8.7 MB | 1.8 kB | 206/224 kB | 66/189 kB | 1.9/29 kBProgress (5): 0.6/8.7 MB | 1.8 kB | 206/224 kB | 66/189 kB | 1.9/29 kBProgress (5): 0.6/8.7 MB | 1.8 kB | 206/224 kB | 66/189 kB | 1.9/29 kBProgress (5): 0.6/8.7 MB | 1.8 kB | 206/224 kB | 66/189 kB | 18/29 kB Progress (5): 0.6/8.7 MB | 1.8 kB | 206/224 kB | 73/189 kB | 18/29 kBProgress (6): 0.6/8.7 MB | 1.8 kB | 206/224 kB | 73/189 kB | 18/29 kB | 7.3/258 kBProgress (6): 0.6/8.7 MB | 1.8 kB | 206/224 kB | 73/189 kB | 18/29 kB | 7.7/258 kBProgress (6): 0.6/8.7 MB | 1.8 kB | 206/224 kB | 73/189 kB | 18/29 kB | 24/258 kB Progress (6): 0.6/8.7 MB | 1.8 kB | 206/224 kB | 73/189 kB | 18/29 kB | 34/258 kBProgress (6): 0.6/8.7 MB | 1.8 kB | 206/224 kB | 73/189 kB | 18/29 kB | 43/258 kBProgress (6): 0.6/8.7 MB | 1.8 kB | 206/224 kB | 73/189 kB | 18/29 kB | 59/258 kBProgress (6): 0.6/8.7 MB | 1.8 kB | 206/224 kB | 73/189 kB | 18/29 kB | 76/258 kBProgress (6): 0.7/8.7 MB | 1.8 kB | 206/224 kB | 73/189 kB | 18/29 kB | 76/258 kBProgress (6): 0.7/8.7 MB | 1.8 kB | 206/224 kB | 73/189 kB | 18/29 kB | 76/258 kBProgress (6): 0.7/8.7 MB | 1.8 kB | 206/224 kB | 85/189 kB | 18/29 kB | 76/258 kBProgress (6): 0.7/8.7 MB | 1.8 kB | 206/224 kB | 101/189 kB | 18/29 kB | 76/258 kBProgress (6): 0.7/8.7 MB | 1.8 kB | 206/224 kB | 101/189 kB | 29 kB | 76/258 kB   Progress (6): 0.7/8.7 MB | 1.8 kB | 206/224 kB | 101/189 kB | 29 kB | 76/258 kBProgress (6): 0.7/8.7 MB | 1.8 kB | 206/224 kB | 101/189 kB | 29 kB | 76/258 kBProgress (6): 0.7/8.7 MB | 1.8 kB | 206/224 kB | 101/189 kB | 29 kB | 76/258 kBProgress (6): 0.7/8.7 MB | 1.8 kB | 206/224 kB | 101/189 kB | 29 kB | 76/258 kBProgress (6): 0.8/8.7 MB | 1.8 kB | 206/224 kB | 101/189 kB | 29 kB | 76/258 kBProgress (6): 0.8/8.7 MB | 1.8 kB | 222/224 kB | 101/189 kB | 29 kB | 76/258 kBProgress (6): 0.8/8.7 MB | 1.8 kB | 224 kB | 101/189 kB | 29 kB | 76/258 kB    Progress (6): 0.8/8.7 MB | 1.8 kB | 224 kB | 101/189 kB | 29 kB | 76/258 kBProgress (6): 0.8/8.7 MB | 1.8 kB | 224 kB | 101/189 kB | 29 kB | 76/258 kBProgress (6): 0.8/8.7 MB | 1.8 kB | 224 kB | 101/189 kB | 29 kB | 76/258 kBProgress (6): 0.8/8.7 MB | 1.8 kB | 224 kB | 101/189 kB | 29 kB | 76/258 kBProgress (6): 0.8/8.7 MB | 1.8 kB | 224 kB | 101/189 kB | 29 kB | 76/258 kBProgress (6): 0.8/8.7 MB | 1.8 kB | 224 kB | 101/189 kB | 29 kB | 76/258 kBProgress (6): 0.8/8.7 MB | 1.8 kB | 224 kB | 118/189 kB | 29 kB | 76/258 kBProgress (6): 0.8/8.7 MB | 1.8 kB | 224 kB | 118/189 kB | 29 kB | 92/258 kBProgress (6): 0.8/8.7 MB | 1.8 kB | 224 kB | 118/189 kB | 29 kB | 98/258 kBProgress (6): 0.8/8.7 MB | 1.8 kB | 224 kB | 118/189 kB | 29 kB | 101/258 kBProgress (6): 0.8/8.7 MB | 1.8 kB | 224 kB | 118/189 kB | 29 kB | 101/258 kBProgress (6): 0.8/8.7 MB | 1.8 kB | 224 kB | 118/189 kB | 29 kB | 101/258 kBProgress (6): 0.8/8.7 MB | 1.8 kB | 224 kB | 118/189 kB | 29 kB | 101/258 kBProgress (6): 0.8/8.7 MB | 1.8 kB | 224 kB | 118/189 kB | 29 kB | 101/258 kBProgress (6): 0.8/8.7 MB | 1.8 kB | 224 kB | 126/189 kB | 29 kB | 101/258 kBProgress (6): 0.8/8.7 MB | 1.8 kB | 224 kB | 126/189 kB | 29 kB | 113/258 kBProgress (6): 0.8/8.7 MB | 1.8 kB | 224 kB | 138/189 kB | 29 kB | 113/258 kBProgress (6): 0.8/8.7 MB | 1.8 kB | 224 kB | 138/189 kB | 29 kB | 129/258 kBProgress (6): 0.8/8.7 MB | 1.8 kB | 224 kB | 138/189 kB | 29 kB | 146/258 kBProgress (6): 0.8/8.7 MB | 1.8 kB | 224 kB | 138/189 kB | 29 kB | 146/258 kBProgress (6): 0.9/8.7 MB | 1.8 kB | 224 kB | 138/189 kB | 29 kB | 146/258 kBProgress (6): 0.9/8.7 MB | 1.8 kB | 224 kB | 138/189 kB | 29 kB | 146/258 kBProgress (6): 0.9/8.7 MB | 1.8 kB | 224 kB | 138/189 kB | 29 kB | 146/258 kBProgress (6): 0.9/8.7 MB | 1.8 kB | 224 kB | 138/189 kB | 29 kB | 162/258 kBProgress (6): 0.9/8.7 MB | 1.8 kB | 224 kB | 138/189 kB | 29 kB | 162/258 kBProgress (6): 0.9/8.7 MB | 1.8 kB | 224 kB | 138/189 kB | 29 kB | 162/258 kBProgress (6): 0.9/8.7 MB | 1.8 kB | 224 kB | 138/189 kB | 29 kB | 165/258 kBProgress (6): 0.9/8.7 MB | 1.8 kB | 224 kB | 138/189 kB | 29 kB | 165/258 kBProgress (6): 0.9/8.7 MB | 1.8 kB | 224 kB | 138/189 kB | 29 kB | 165/258 kBProgress (6): 0.9/8.7 MB | 1.8 kB | 224 kB | 138/189 kB | 29 kB | 182/258 kBProgress (6): 0.9/8.7 MB | 1.8 kB | 224 kB | 154/189 kB | 29 kB | 182/258 kBProgress (6): 0.9/8.7 MB | 1.8 kB | 224 kB | 155/189 kB | 29 kB | 182/258 kBProgress (6): 1.0/8.7 MB | 1.8 kB | 224 kB | 155/189 kB | 29 kB | 182/258 kBProgress (6): 1.0/8.7 MB | 1.8 kB | 224 kB | 155/189 kB | 29 kB | 182/258 kB                                                                            Downloaded from aliyun: https://maven.aliyun.com/repository/public/org/springframework/cloud/spring-cloud-openfeign-core/4.3.0/spring-cloud-openfeign-core-4.3.0.jar (224 kB at 1.2 MB/s)
Downloading from aliyun: https://maven.aliyun.com/repository/public/org/springframework/cloud/spring-cloud-commons/4.3.0/spring-cloud-commons-4.3.0.jar
Progress (5): 1.0/8.7 MB | 1.8 kB | 172/189 kB | 29 kB | 182/258 kBProgress (5): 1.0/8.7 MB | 1.8 kB | 172/189 kB | 29 kB | 182/258 kBProgress (5): 1.0/8.7 MB | 1.8 kB | 172/189 kB | 29 kB | 182/258 kBProgress (5): 1.0/8.7 MB | 1.8 kB | 172/189 kB | 29 kB | 182/258 kBProgress (5): 1.0/8.7 MB | 1.8 kB | 172/189 kB | 29 kB | 182/258 kBProgress (5): 1.0/8.7 MB | 1.8 kB | 172/189 kB | 29 kB | 182/258 kBProgress (5): 1.1/8.7 MB | 1.8 kB | 172/189 kB | 29 kB | 182/258 kBProgress (5): 1.1/8.7 MB | 1.8 kB | 172/189 kB | 29 kB | 198/258 kBProgress (5): 1.1/8.7 MB | 1.8 kB | 172/189 kB | 29 kB | 215/258 kBProgress (5): 1.1/8.7 MB | 1.8 kB | 188/189 kB | 29 kB | 215/258 kBProgress (5): 1.1/8.7 MB | 1.8 kB | 189 kB | 29 kB | 215/258 kB    Progress (5): 1.1/8.7 MB | 1.8 kB | 189 kB | 29 kB | 215/258 kBProgress (5): 1.1/8.7 MB | 1.8 kB | 189 kB | 29 kB | 215/258 kB                                                               Downloaded from aliyun: https://maven.aliyun.com/repository/public/io/github/openfeign/feign-form/13.6/feign-form-13.6.jar (29 kB at 139 kB/s)
Downloading from aliyun: https://maven.aliyun.com/repository/public/org/springframework/security/spring-security-crypto/6.5.3/spring-security-crypto-6.5.3.jar
Downloaded from aliyun: https://maven.aliyun.com/repository/public/org/bouncycastle/bcmail-jdk18on/1.76/bcmail-jdk18on-1.76.pom (1.8 kB at 8.0 kB/s)
Progress (3): 1.1/8.7 MB | 189 kB | 215/258 kBProgress (3): 1.1/8.7 MB | 189 kB | 215/258 kBProgress (3): 1.1/8.7 MB | 189 kB | 215/258 kBProgress (3): 1.2/8.7 MB | 189 kB | 215/258 kBProgress (3): 1.2/8.7 MB | 189 kB | 215/258 kBProgress (3): 1.2/8.7 MB | 189 kB | 231/258 kBProgress (3): 1.2/8.7 MB | 189 kB | 247/258 kBProgress (4): 1.2/8.7 MB | 189 kB | 247/258 kB | 4.8/268 kB                                                           Downloading from aliyun: https://maven.aliyun.com/repository/public/org/bouncycastle/bcutil-jdk18on/1.76/bcutil-jdk18on-1.76.pom
Progress (4): 1.2/8.7 MB | 189 kB | 258 kB | 4.8/268 kBProgress (4): 1.2/8.7 MB | 189 kB | 258 kB | 21/268 kB Progress (4): 1.2/8.7 MB | 189 kB | 258 kB | 38/268 kBProgress (4): 1.2/8.7 MB | 189 kB | 258 kB | 54/268 kBProgress (5): 1.2/8.7 MB | 189 kB | 258 kB | 54/268 kB | 1.9/105 kBProgress (5): 1.2/8.7 MB | 189 kB | 258 kB | 54/268 kB | 1.9/105 kBProgress (5): 1.2/8.7 MB | 189 kB | 258 kB | 54/268 kB | 1.9/105 kBProgress (5): 1.2/8.7 MB | 189 kB | 258 kB | 70/268 kB | 1.9/105 kBProgress (5): 1.2/8.7 MB | 189 kB | 258 kB | 87/268 kB | 1.9/105 kBProgress (5): 1.2/8.7 MB | 189 kB | 258 kB | 103/268 kB | 1.9/105 kBProgress (5): 1.2/8.7 MB | 189 kB | 258 kB | 103/268 kB | 1.9/105 kBProgress (5): 1.2/8.7 MB | 189 kB | 258 kB | 119/268 kB | 1.9/105 kBProgress (5): 1.2/8.7 MB | 189 kB | 258 kB | 136/268 kB | 1.9/105 kBProgress (5): 1.2/8.7 MB | 189 kB | 258 kB | 152/268 kB | 1.9/105 kBProgress (5): 1.2/8.7 MB | 189 kB | 258 kB | 152/268 kB | 18/105 kB Progress (5): 1.2/8.7 MB | 189 kB | 258 kB | 152/268 kB | 35/105 kBProgress (5): 1.2/8.7 MB | 189 kB | 258 kB | 152/268 kB | 41/105 kBProgress (5): 1.2/8.7 MB | 189 kB | 258 kB | 169/268 kB | 41/105 kBProgress (5): 1.2/8.7 MB | 189 kB | 258 kB | 169/268 kB | 41/105 kBProgress (5): 1.2/8.7 MB | 189 kB | 258 kB | 169/268 kB | 41/105 kBProgress (5): 1.2/8.7 MB | 189 kB | 258 kB | 169/268 kB | 41/105 kBProgress (5): 1.3/8.7 MB | 189 kB | 258 kB | 169/268 kB | 41/105 kBProgress (5): 1.3/8.7 MB | 189 kB | 258 kB | 169/268 kB | 41/105 kBProgress (5): 1.3/8.7 MB | 189 kB | 258 kB | 169/268 kB | 41/105 kBProgress (5): 1.3/8.7 MB | 189 kB | 258 kB | 169/268 kB | 41/105 kBProgress (5): 1.3/8.7 MB | 189 kB | 258 kB | 169/268 kB | 41/105 kBProgress (5): 1.3/8.7 MB | 189 kB | 258 kB | 185/268 kB | 41/105 kBProgress (5): 1.3/8.7 MB | 189 kB | 258 kB | 201/268 kB | 41/105 kBProgress (5): 1.3/8.7 MB | 189 kB | 258 kB | 218/268 kB | 41/105 kBProgress (5): 1.3/8.7 MB | 189 kB | 258 kB | 218/268 kB | 41/105 kBProgress (6): 1.3/8.7 MB | 189 kB | 258 kB | 218/268 kB | 41/105 kB | 1.3 kBProgress (6): 1.3/8.7 MB | 189 kB | 258 kB | 218/268 kB | 41/105 kB | 1.3 kBProgress (6): 1.3/8.7 MB | 189 kB | 258 kB | 234/268 kB | 41/105 kB | 1.3 kBProgress (6): 1.3/8.7 MB | 189 kB | 258 kB | 234/268 kB | 58/105 kB | 1.3 kBProgress (6): 1.3/8.7 MB | 189 kB | 258 kB | 234/268 kB | 74/105 kB | 1.3 kBProgress (6): 1.3/8.7 MB | 189 kB | 258 kB | 234/268 kB | 74/105 kB | 1.3 kBProgress (6): 1.3/8.7 MB | 189 kB | 258 kB | 234/268 kB | 74/105 kB | 1.3 kBProgress (6): 1.3/8.7 MB | 189 kB | 258 kB | 234/268 kB | 74/105 kB | 1.3 kBProgress (6): 1.3/8.7 MB | 189 kB | 258 kB | 234/268 kB | 74/105 kB | 1.3 kB                                                                            Downloaded from aliyun: https://maven.aliyun.com/repository/public/org/apache/commons/commons-text/1.13.0/commons-text-1.13.0.jar (258 kB at 988 kB/s)
Downloading from aliyun: https://maven.aliyun.com/repository/public/io/github/openfeign/feign-core/13.6/feign-core-13.6.jar
Downloaded from aliyun: https://maven.aliyun.com/repository/public/org/springframework/cloud/spring-cloud-context/4.3.0/spring-cloud-context-4.3.0.jar (189 kB at 723 kB/s)
Downloading from aliyun: https://maven.aliyun.com/repository/public/io/github/openfeign/feign-slf4j/13.6/feign-slf4j-13.6.jar
Progress (4): 1.3/8.7 MB | 251/268 kB | 74/105 kB | 1.3 kBProgress (4): 1.3/8.7 MB | 267/268 kB | 74/105 kB | 1.3 kBProgress (4): 1.3/8.7 MB | 268 kB | 74/105 kB | 1.3 kB    Progress (4): 1.3/8.7 MB | 268 kB | 90/105 kB | 1.3 kBProgress (4): 1.4/8.7 MB | 268 kB | 90/105 kB | 1.3 kBProgress (4): 1.4/8.7 MB | 268 kB | 90/105 kB | 1.3 kBProgress (4): 1.4/8.7 MB | 268 kB | 90/105 kB | 1.3 kBProgress (4): 1.4/8.7 MB | 268 kB | 105 kB | 1.3 kB                                                      Downloaded from aliyun: https://maven.aliyun.com/repository/public/org/bouncycastle/bcutil-jdk18on/1.76/bcutil-jdk18on-1.76.pom (1.3 kB at 21 kB/s)
Progress (3): 1.4/8.7 MB | 268 kB | 105 kB                                          Downloading from aliyun: https://maven.aliyun.com/repository/public/org/bouncycastle/bcpkix-jdk18on/1.76/bcpkix-jdk18on-1.76.pom
Progress (3): 1.4/8.7 MB | 268 kB | 105 kBProgress (3): 1.4/8.7 MB | 268 kB | 105 kBProgress (4): 1.4/8.7 MB | 268 kB | 105 kB | 7.3/224 kBProgress (4): 1.4/8.7 MB | 268 kB | 105 kB | 12/224 kB Progress (4): 1.5/8.7 MB | 268 kB | 105 kB | 12/224 kBProgress (4): 1.5/8.7 MB | 268 kB | 105 kB | 12/224 kBProgress (4): 1.5/8.7 MB | 268 kB | 105 kB | 28/224 kBProgress (4): 1.5/8.7 MB | 268 kB | 105 kB | 28/224 kBProgress (5): 1.5/8.7 MB | 268 kB | 105 kB | 28/224 kB | 0.5/1.6 kBProgress (5): 1.5/8.7 MB | 268 kB | 105 kB | 28/224 kB | 1.6 kB    Progress (5): 1.5/8.7 MB | 268 kB | 105 kB | 28/224 kB | 1.6 kBProgress (6): 1.5/8.7 MB | 268 kB | 105 kB | 28/224 kB | 1.6 kB | 4.1 kBProgress (6): 1.5/8.7 MB | 268 kB | 105 kB | 28/224 kB | 1.6 kB | 4.1 kBProgress (6): 1.5/8.7 MB | 268 kB | 105 kB | 45/224 kB | 1.6 kB | 4.1 kBProgress (6): 1.5/8.7 MB | 268 kB | 105 kB | 46/224 kB | 1.6 kB | 4.1 kBProgress (6): 1.5/8.7 MB | 268 kB | 105 kB | 46/224 kB | 1.6 kB | 4.1 kBProgress (6): 1.5/8.7 MB | 268 kB | 105 kB | 46/224 kB | 1.6 kB | 4.1 kBProgress (6): 1.5/8.7 MB | 268 kB | 105 kB | 54/224 kB | 1.6 kB | 4.1 kBProgress (6): 1.5/8.7 MB | 268 kB | 105 kB | 54/224 kB | 1.6 kB | 4.1 kBProgress (6): 1.5/8.7 MB | 268 kB | 105 kB | 57/224 kB | 1.6 kB | 4.1 kB                                                                        Downloaded from aliyun: https://maven.aliyun.com/repository/public/org/springframework/cloud/spring-cloud-commons/4.3.0/spring-cloud-commons-4.3.0.jar (268 kB at 869 kB/s)
Progress (5): 1.6/8.7 MB | 105 kB | 57/224 kB | 1.6 kB | 4.1 kBProgress (5): 1.6/8.7 MB | 105 kB | 66/224 kB | 1.6 kB | 4.1 kB                                                               Downloaded from aliyun: https://maven.aliyun.com/repository/public/org/springframework/security/spring-security-crypto/6.5.3/spring-security-crypto-6.5.3.jar (105 kB at 335 kB/s)
Downloaded from aliyun: https://maven.aliyun.com/repository/public/org/bouncycastle/bcpkix-jdk18on/1.76/bcpkix-jdk18on-1.76.pom (1.6 kB at 41 kB/s)
Downloading from aliyun: https://maven.aliyun.com/repository/public/org/apache/tika/tika-parser-text-module/2.9.1/tika-parser-text-module-2.9.1.pom
Progress (3): 1.6/8.7 MB | 66/224 kB | 4.1 kBProgress (3): 1.6/8.7 MB | 66/224 kB | 4.1 kBProgress (3): 1.6/8.7 MB | 66/224 kB | 4.1 kBProgress (3): 1.6/8.7 MB | 66/224 kB | 4.1 kBProgress (3): 1.6/8.7 MB | 66/224 kB | 4.1 kBProgress (3): 1.7/8.7 MB | 66/224 kB | 4.1 kBProgress (3): 1.7/8.7 MB | 66/224 kB | 4.1 kBProgress (3): 1.7/8.7 MB | 66/224 kB | 4.1 kBProgress (3): 1.7/8.7 MB | 66/224 kB | 4.1 kBProgress (3): 1.7/8.7 MB | 66/224 kB | 4.1 kBProgress (3): 1.7/8.7 MB | 82/224 kB | 4.1 kBProgress (3): 1.7/8.7 MB | 99/224 kB | 4.1 kBProgress (3): 1.7/8.7 MB | 115/224 kB | 4.1 kBProgress (3): 1.7/8.7 MB | 132/224 kB | 4.1 kBProgress (3): 1.7/8.7 MB | 148/224 kB | 4.1 kB                                              Downloaded from aliyun: https://maven.aliyun.com/repository/public/io/github/openfeign/feign-slf4j/13.6/feign-slf4j-13.6.jar (4.1 kB at 12 kB/s)
Progress (3): 1.7/8.7 MB | 148/224 kB | 1.9/2.8 kBProgress (3): 1.7/8.7 MB | 148/224 kB | 2.8 kB    Progress (3): 1.7/8.7 MB | 148/224 kB | 2.8 kBProgress (3): 1.7/8.7 MB | 164/224 kB | 2.8 kBProgress (3): 1.7/8.7 MB | 164/224 kB | 2.8 kBProgress (3): 1.7/8.7 MB | 164/224 kB | 2.8 kBProgress (3): 1.8/8.7 MB | 164/224 kB | 2.8 kBProgress (3): 1.8/8.7 MB | 164/224 kB | 2.8 kBProgress (3): 1.8/8.7 MB | 164/224 kB | 2.8 kBProgress (3): 1.8/8.7 MB | 164/224 kB | 2.8 kBProgress (3): 1.8/8.7 MB | 181/224 kB | 2.8 kBProgress (3): 1.8/8.7 MB | 181/224 kB | 2.8 kBProgress (3): 1.8/8.7 MB | 197/224 kB | 2.8 kBProgress (3): 1.8/8.7 MB | 197/224 kB | 2.8 kBProgress (3): 1.8/8.7 MB | 197/224 kB | 2.8 kBProgress (3): 1.9/8.7 MB | 197/224 kB | 2.8 kBProgress (3): 1.9/8.7 MB | 197/224 kB | 2.8 kBProgress (3): 1.9/8.7 MB | 197/224 kB | 2.8 kBProgress (3): 1.9/8.7 MB | 197/224 kB | 2.8 kBProgress (3): 1.9/8.7 MB | 197/224 kB | 2.8 kBProgress (3): 1.9/8.7 MB | 197/224 kB | 2.8 kBProgress (3): 1.9/8.7 MB | 214/224 kB | 2.8 kBProgress (3): 2.0/8.7 MB | 214/224 kB | 2.8 kBProgress (3): 2.0/8.7 MB | 214/224 kB | 2.8 kBProgress (3): 2.0/8.7 MB | 224 kB | 2.8 kB    Progress (3): 2.0/8.7 MB | 224 kB | 2.8 kBProgress (3): 2.0/8.7 MB | 224 kB | 2.8 kBProgress (3): 2.0/8.7 MB | 224 kB | 2.8 kBProgress (3): 2.0/8.7 MB | 224 kB | 2.8 kBProgress (3): 2.1/8.7 MB | 224 kB | 2.8 kBProgress (3): 2.1/8.7 MB | 224 kB | 2.8 kBProgress (3): 2.1/8.7 MB | 224 kB | 2.8 kBProgress (3): 2.1/8.7 MB | 224 kB | 2.8 kBProgress (3): 2.1/8.7 MB | 224 kB | 2.8 kBProgress (3): 2.1/8.7 MB | 224 kB | 2.8 kBProgress (3): 2.2/8.7 MB | 224 kB | 2.8 kBProgress (3): 2.2/8.7 MB | 224 kB | 2.8 kBProgress (3): 2.2/8.7 MB | 224 kB | 2.8 kBProgress (3): 2.2/8.7 MB | 224 kB | 2.8 kBProgress (3): 2.2/8.7 MB | 224 kB | 2.8 kBProgress (3): 2.2/8.7 MB | 224 kB | 2.8 kBProgress (3): 2.3/8.7 MB | 224 kB | 2.8 kBProgress (3): 2.3/8.7 MB | 224 kB | 2.8 kBProgress (3): 2.3/8.7 MB | 224 kB | 2.8 kBProgress (3): 2.3/8.7 MB | 224 kB | 2.8 kBProgress (3): 2.3/8.7 MB | 224 kB | 2.8 kBProgress (3): 2.3/8.7 MB | 224 kB | 2.8 kBProgress (3): 2.4/8.7 MB | 224 kB | 2.8 kBProgress (3): 2.4/8.7 MB | 224 kB | 2.8 kB                                          Downloaded from aliyun: https://maven.aliyun.com/repository/public/io/github/openfeign/feign-core/13.6/feign-core-13.6.jar (224 kB at 523 kB/s)
Progress (2): 2.4/8.7 MB | 2.8 kBProgress (2): 2.4/8.7 MB | 2.8 kBProgress (2): 2.4/8.7 MB | 2.8 kBProgress (2): 2.4/8.7 MB | 2.8 kBProgress (2): 2.5/8.7 MB | 2.8 kBProgress (2): 2.5/8.7 MB | 2.8 kBProgress (2): 2.5/8.7 MB | 2.8 kBProgress (2): 2.5/8.7 MB | 2.8 kBProgress (2): 2.5/8.7 MB | 2.8 kBProgress (2): 2.5/8.7 MB | 2.8 kBProgress (2): 2.6/8.7 MB | 2.8 kBProgress (2): 2.6/8.7 MB | 2.8 kBProgress (2): 2.6/8.7 MB | 2.8 kBProgress (2): 2.6/8.7 MB | 2.8 kBProgress (2): 2.6/8.7 MB | 2.8 kBProgress (2): 2.6/8.7 MB | 2.8 kBProgress (2): 2.7/8.7 MB | 2.8 kBProgress (2): 2.7/8.7 MB | 2.8 kBProgress (2): 2.7/8.7 MB | 2.8 kBProgress (2): 2.7/8.7 MB | 2.8 kBProgress (2): 2.7/8.7 MB | 2.8 kBProgress (2): 2.7/8.7 MB | 2.8 kBProgress (2): 2.8/8.7 MB | 2.8 kBProgress (2): 2.8/8.7 MB | 2.8 kBProgress (2): 2.8/8.7 MB | 2.8 kBProgress (2): 2.8/8.7 MB | 2.8 kBProgress (2): 2.8/8.7 MB | 2.8 kBProgress (2): 2.8/8.7 MB | 2.8 kBProgress (2): 2.8/8.7 MB | 2.8 kBProgress (2): 2.9/8.7 MB | 2.8 kBProgress (2): 2.9/8.7 MB | 2.8 kBProgress (2): 2.9/8.7 MB | 2.8 kBProgress (2): 2.9/8.7 MB | 2.8 kBProgress (2): 2.9/8.7 MB | 2.8 kBProgress (2): 2.9/8.7 MB | 2.8 kBProgress (2): 3.0/8.7 MB | 2.8 kBProgress (2): 3.0/8.7 MB | 2.8 kBProgress (2): 3.0/8.7 MB | 2.8 kBProgress (2): 3.0/8.7 MB | 2.8 kBProgress (2): 3.0/8.7 MB | 2.8 kBProgress (2): 3.0/8.7 MB | 2.8 kBProgress (2): 3.1/8.7 MB | 2.8 kBProgress (2): 3.1/8.7 MB | 2.8 kBProgress (2): 3.1/8.7 MB | 2.8 kBProgress (2): 3.1/8.7 MB | 2.8 kBProgress (2): 3.1/8.7 MB | 2.8 kBProgress (2): 3.1/8.7 MB | 2.8 kBProgress (2): 3.2/8.7 MB | 2.8 kBProgress (2): 3.2/8.7 MB | 2.8 kBProgress (2): 3.2/8.7 MB | 2.8 kBProgress (2): 3.2/8.7 MB | 2.8 kBProgress (2): 3.2/8.7 MB | 2.8 kBProgress (2): 3.2/8.7 MB | 2.8 kBProgress (2): 3.3/8.7 MB | 2.8 kBProgress (2): 3.3/8.7 MB | 2.8 kBProgress (2): 3.3/8.7 MB | 2.8 kBProgress (2): 3.3/8.7 MB | 2.8 kBProgress (2): 3.3/8.7 MB | 2.8 kBProgress (2): 3.3/8.7 MB | 2.8 kBProgress (2): 3.4/8.7 MB | 2.8 kBProgress (2): 3.4/8.7 MB | 2.8 kBProgress (2): 3.4/8.7 MB | 2.8 kBProgress (2): 3.4/8.7 MB | 2.8 kBProgress (2): 3.4/8.7 MB | 2.8 kBProgress (2): 3.4/8.7 MB | 2.8 kBProgress (2): 3.5/8.7 MB | 2.8 kBProgress (2): 3.5/8.7 MB | 2.8 kBProgress (2): 3.5/8.7 MB | 2.8 kBProgress (2): 3.5/8.7 MB | 2.8 kBProgress (2): 3.5/8.7 MB | 2.8 kBProgress (2): 3.5/8.7 MB | 2.8 kBProgress (2): 3.6/8.7 MB | 2.8 kB                                 Downloaded from aliyun: https://maven.aliyun.com/repository/public/org/apache/tika/tika-parser-text-module/2.9.1/tika-parser-text-module-2.9.1.pom (2.8 kB at 12 kB/s)
Progress (1): 3.6/8.7 MBProgress (1): 3.6/8.7 MBProgress (1): 3.6/8.7 MBProgress (1): 3.6/8.7 MBProgress (1): 3.6/8.7 MB                        Downloading from aliyun: https://maven.aliyun.com/repository/public/com/github/albfernandez/juniversalchardet/2.4.0/juniversalchardet-2.4.0.pom
Progress (1): 3.7/8.7 MBProgress (1): 3.7/8.7 MBProgress (1): 3.7/8.7 MBProgress (1): 3.7/8.7 MBProgress (1): 3.7/8.7 MBProgress (1): 3.7/8.7 MBProgress (1): 3.8/8.7 MBProgress (1): 3.8/8.7 MBProgress (1): 3.8/8.7 MBProgress (1): 3.8/8.7 MBProgress (1): 3.8/8.7 MBProgress (1): 3.8/8.7 MBProgress (1): 3.8/8.7 MBProgress (1): 3.9/8.7 MBProgress (2): 3.9/8.7 MB | 3.4/7.4 kBProgress (2): 3.9/8.7 MB | 7.4 kB    Progress (2): 3.9/8.7 MB | 7.4 kBProgress (2): 3.9/8.7 MB | 7.4 kBProgress (2): 3.9/8.7 MB | 7.4 kBProgress (2): 3.9/8.7 MB | 7.4 kBProgress (2): 3.9/8.7 MB | 7.4 kBProgress (2): 4.0/8.7 MB | 7.4 kBProgress (2): 4.0/8.7 MB | 7.4 kBProgress (2): 4.0/8.7 MB | 7.4 kBProgress (2): 4.0/8.7 MB | 7.4 kBProgress (2): 4.0/8.7 MB | 7.4 kBProgress (2): 4.0/8.7 MB | 7.4 kBProgress (2): 4.1/8.7 MB | 7.4 kBProgress (2): 4.1/8.7 MB | 7.4 kBProgress (2): 4.1/8.7 MB | 7.4 kBProgress (2): 4.1/8.7 MB | 7.4 kBProgress (2): 4.1/8.7 MB | 7.4 kBProgress (2): 4.1/8.7 MB | 7.4 kBProgress (2): 4.2/8.7 MB | 7.4 kBProgress (2): 4.2/8.7 MB | 7.4 kBProgress (2): 4.2/8.7 MB | 7.4 kBProgress (2): 4.2/8.7 MB | 7.4 kBProgress (2): 4.2/8.7 MB | 7.4 kBProgress (2): 4.2/8.7 MB | 7.4 kBProgress (2): 4.3/8.7 MB | 7.4 kBProgress (2): 4.3/8.7 MB | 7.4 kBProgress (2): 4.3/8.7 MB | 7.4 kBProgress (2): 4.3/8.7 MB | 7.4 kBProgress (2): 4.3/8.7 MB | 7.4 kBProgress (2): 4.3/8.7 MB | 7.4 kBProgress (2): 4.4/8.7 MB | 7.4 kB                                 Downloaded from aliyun: https://maven.aliyun.com/repository/public/com/github/albfernandez/juniversalchardet/2.4.0/juniversalchardet-2.4.0.pom (7.4 kB at 106 kB/s)
Progress (1): 4.4/8.7 MBProgress (1): 4.4/8.7 MB                        Downloading from aliyun: https://maven.aliyun.com/repository/public/org/apache/commons/commons-csv/1.10.0/commons-csv-1.10.0.pom
Progress (1): 4.4/8.7 MBProgress (1): 4.4/8.7 MBProgress (1): 4.4/8.7 MBProgress (1): 4.5/8.7 MBProgress (1): 4.5/8.7 MBProgress (1): 4.5/8.7 MBProgress (1): 4.5/8.7 MBProgress (1): 4.5/8.7 MBProgress (1): 4.5/8.7 MBProgress (1): 4.6/8.7 MBProgress (1): 4.6/8.7 MBProgress (1): 4.6/8.7 MBProgress (1): 4.6/8.7 MBProgress (1): 4.6/8.7 MBProgress (1): 4.6/8.7 MBProgress (2): 4.6/8.7 MB | 7.3/20 kBProgress (2): 4.6/8.7 MB | 16/20 kB Progress (2): 4.6/8.7 MB | 20 kB   Progress (2): 4.7/8.7 MB | 20 kBProgress (2): 4.7/8.7 MB | 20 kBProgress (2): 4.7/8.7 MB | 20 kBProgress (2): 4.7/8.7 MB | 20 kBProgress (2): 4.7/8.7 MB | 20 kBProgress (2): 4.7/8.7 MB | 20 kBProgress (2): 4.7/8.7 MB | 20 kBProgress (2): 4.8/8.7 MB | 20 kBProgress (2): 4.8/8.7 MB | 20 kBProgress (2): 4.8/8.7 MB | 20 kBProgress (2): 4.8/8.7 MB | 20 kBProgress (2): 4.8/8.7 MB | 20 kBProgress (2): 4.8/8.7 MB | 20 kBProgress (2): 4.9/8.7 MB | 20 kBProgress (2): 4.9/8.7 MB | 20 kBProgress (2): 4.9/8.7 MB | 20 kBProgress (2): 4.9/8.7 MB | 20 kBProgress (2): 4.9/8.7 MB | 20 kBProgress (2): 4.9/8.7 MB | 20 kBProgress (2): 5.0/8.7 MB | 20 kBProgress (2): 5.0/8.7 MB | 20 kBProgress (2): 5.0/8.7 MB | 20 kBProgress (2): 5.0/8.7 MB | 20 kBProgress (2): 5.0/8.7 MB | 20 kBProgress (2): 5.0/8.7 MB | 20 kBProgress (2): 5.1/8.7 MB | 20 kBProgress (2): 5.1/8.7 MB | 20 kBProgress (2): 5.1/8.7 MB | 20 kBProgress (2): 5.1/8.7 MB | 20 kBProgress (2): 5.1/8.7 MB | 20 kBProgress (2): 5.1/8.7 MB | 20 kBProgress (2): 5.2/8.7 MB | 20 kB                                Downloaded from aliyun: https://maven.aliyun.com/repository/public/org/apache/commons/commons-csv/1.10.0/commons-csv-1.10.0.pom (20 kB at 247 kB/s)
Progress (1): 5.2/8.7 MBProgress (1): 5.2/8.7 MBProgress (1): 5.2/8.7 MBProgress (1): 5.2/8.7 MBProgress (1): 5.2/8.7 MBProgress (1): 5.3/8.7 MBProgress (1): 5.3/8.7 MBProgress (1): 5.3/8.7 MBProgress (1): 5.3/8.7 MBProgress (1): 5.3/8.7 MBProgress (1): 5.3/8.7 MBProgress (1): 5.4/8.7 MBProgress (1): 5.4/8.7 MBProgress (1): 5.4/8.7 MBProgress (1): 5.4/8.7 MBProgress (1): 5.4/8.7 MBProgress (1): 5.4/8.7 MBProgress (1): 5.5/8.7 MBProgress (1): 5.5/8.7 MBProgress (1): 5.5/8.7 MBProgress (1): 5.5/8.7 MBProgress (1): 5.5/8.7 MBProgress (1): 5.5/8.7 MBProgress (1): 5.6/8.7 MBProgress (1): 5.6/8.7 MBProgress (1): 5.6/8.7 MBProgress (1): 5.6/8.7 MBProgress (1): 5.6/8.7 MBProgress (1): 5.6/8.7 MBProgress (1): 5.7/8.7 MBProgress (1): 5.7/8.7 MBProgress (1): 5.7/8.7 MBProgress (1): 5.7/8.7 MBProgress (1): 5.7/8.7 MBProgress (1): 5.7/8.7 MBProgress (1): 5.7/8.7 MBProgress (1): 5.8/8.7 MBProgress (1): 5.8/8.7 MBProgress (1): 5.8/8.7 MBProgress (1): 5.8/8.7 MBProgress (1): 5.8/8.7 MBProgress (1): 5.8/8.7 MBProgress (1): 5.9/8.7 MBProgress (1): 5.9/8.7 MBProgress (1): 5.9/8.7 MBProgress (1): 5.9/8.7 MBProgress (1): 5.9/8.7 MBProgress (1): 5.9/8.7 MBProgress (1): 6.0/8.7 MBProgress (1): 6.0/8.7 MBProgress (1): 6.0/8.7 MBProgress (1): 6.0/8.7 MBProgress (1): 6.0/8.7 MBProgress (1): 6.0/8.7 MBProgress (1): 6.1/8.7 MBProgress (1): 6.1/8.7 MBProgress (1): 6.1/8.7 MBProgress (1): 6.1/8.7 MBProgress (1): 6.1/8.7 MBProgress (1): 6.1/8.7 MBProgress (1): 6.2/8.7 MBProgress (1): 6.2/8.7 MBProgress (1): 6.2/8.7 MBProgress (1): 6.2/8.7 MBProgress (1): 6.2/8.7 MBProgress (1): 6.2/8.7 MBProgress (1): 6.3/8.7 MBProgress (1): 6.3/8.7 MBProgress (1): 6.3/8.7 MBProgress (1): 6.3/8.7 MBProgress (1): 6.3/8.7 MBProgress (1): 6.3/8.7 MBProgress (1): 6.4/8.7 MBProgress (1): 6.4/8.7 MBProgress (1): 6.4/8.7 MBProgress (1): 6.4/8.7 MBProgress (1): 6.4/8.7 MBProgress (1): 6.4/8.7 MBProgress (1): 6.5/8.7 MBProgress (1): 6.5/8.7 MBProgress (1): 6.5/8.7 MBProgress (1): 6.5/8.7 MBProgress (1): 6.5/8.7 MBProgress (1): 6.5/8.7 MBProgress (1): 6.6/8.7 MBProgress (1): 6.6/8.7 MBProgress (1): 6.6/8.7 MBProgress (1): 6.6/8.7 MBProgress (1): 6.6/8.7 MBProgress (1): 6.6/8.7 MBProgress (1): 6.7/8.7 MBProgress (1): 6.7/8.7 MBProgress (1): 6.7/8.7 MBProgress (1): 6.7/8.7 MBProgress (1): 6.7/8.7 MBProgress (1): 6.7/8.7 MBProgress (1): 6.7/8.7 MBProgress (1): 6.8/8.7 MBProgress (1): 6.8/8.7 MBProgress (1): 6.8/8.7 MBProgress (1): 6.8/8.7 MBProgress (1): 6.8/8.7 MBProgress (1): 6.8/8.7 MBProgress (1): 6.9/8.7 MBProgress (1): 6.9/8.7 MBProgress (1): 6.9/8.7 MBProgress (1): 6.9/8.7 MBProgress (1): 6.9/8.7 MBProgress (1): 6.9/8.7 MBProgress (1): 7.0/8.7 MBProgress (1): 7.0/8.7 MBProgress (1): 7.0/8.7 MBProgress (1): 7.0/8.7 MBProgress (1): 7.0/8.7 MBProgress (1): 7.0/8.7 MBProgress (1): 7.1/8.7 MBProgress (1): 7.1/8.7 MBProgress (1): 7.1/8.7 MBProgress (1): 7.1/8.7 MBProgress (1): 7.1/8.7 MBProgress (1): 7.1/8.7 MBProgress (1): 7.2/8.7 MBProgress (1): 7.2/8.7 MBProgress (1): 7.2/8.7 MBProgress (1): 7.2/8.7 MBProgress (1): 7.2/8.7 MBProgress (1): 7.2/8.7 MBProgress (1): 7.3/8.7 MBProgress (1): 7.3/8.7 MBProgress (1): 7.3/8.7 MBProgress (1): 7.3/8.7 MBProgress (1): 7.3/8.7 MBProgress (1): 7.3/8.7 MBProgress (1): 7.4/8.7 MBProgress (1): 7.4/8.7 MBProgress (1): 7.4/8.7 MBProgress (1): 7.4/8.7 MBProgress (1): 7.4/8.7 MBProgress (1): 7.4/8.7 MBProgress (1): 7.5/8.7 MBProgress (1): 7.5/8.7 MBProgress (1): 7.5/8.7 MBProgress (1): 7.5/8.7 MBProgress (1): 7.5/8.7 MBProgress (1): 7.5/8.7 MBProgress (1): 7.6/8.7 MBProgress (1): 7.6/8.7 MBProgress (1): 7.6/8.7 MBProgress (1): 7.6/8.7 MBProgress (1): 7.6/8.7 MBProgress (1): 7.6/8.7 MBProgress (1): 7.6/8.7 MBProgress (1): 7.7/8.7 MBProgress (1): 7.7/8.7 MBProgress (1): 7.7/8.7 MBProgress (1): 7.7/8.7 MBProgress (1): 7.7/8.7 MBProgress (1): 7.7/8.7 MBProgress (1): 7.8/8.7 MBProgress (1): 7.8/8.7 MBProgress (1): 7.8/8.7 MBProgress (1): 7.8/8.7 MBProgress (1): 7.8/8.7 MBProgress (1): 7.8/8.7 MBProgress (1): 7.9/8.7 MBProgress (1): 7.9/8.7 MBProgress (1): 7.9/8.7 MBProgress (1): 7.9/8.7 MBProgress (1): 7.9/8.7 MBProgress (1): 7.9/8.7 MBProgress (1): 8.0/8.7 MBProgress (1): 8.0/8.7 MBProgress (1): 8.0/8.7 MBProgress (1): 8.0/8.7 MBProgress (1): 8.0/8.7 MBProgress (1): 8.0/8.7 MBProgress (1): 8.1/8.7 MBProgress (1): 8.1/8.7 MBProgress (1): 8.1/8.7 MBProgress (1): 8.1/8.7 MBProgress (1): 8.1/8.7 MBProgress (1): 8.1/8.7 MBProgress (1): 8.2/8.7 MBProgress (1): 8.2/8.7 MBProgress (1): 8.2/8.7 MBProgress (1): 8.2/8.7 MBProgress (1): 8.2/8.7 MBProgress (1): 8.2/8.7 MBProgress (1): 8.3/8.7 MBProgress (1): 8.3/8.7 MBProgress (1): 8.3/8.7 MBProgress (1): 8.3/8.7 MBProgress (1): 8.3/8.7 MBProgress (1): 8.3/8.7 MBProgress (1): 8.4/8.7 MBProgress (1): 8.4/8.7 MBProgress (1): 8.4/8.7 MBProgress (1): 8.4/8.7 MBProgress (1): 8.4/8.7 MBProgress (1): 8.4/8.7 MBProgress (1): 8.5/8.7 MBProgress (1): 8.5/8.7 MBProgress (1): 8.5/8.7 MBProgress (1): 8.5/8.7 MBProgress (1): 8.5/8.7 MBProgress (1): 8.5/8.7 MBProgress (1): 8.6/8.7 MBProgress (1): 8.6/8.7 MBProgress (1): 8.6/8.7 MBProgress (1): 8.6/8.7 MBProgress (1): 8.6/8.7 MBProgress (1): 8.6/8.7 MBProgress (1): 8.6/8.7 MBProgress (1): 8.7/8.7 MBProgress (1): 8.7/8.7 MBProgress (1): 8.7 MB                        Downloaded from aliyun: https://maven.aliyun.com/repository/public/org/bouncycastle/bcprov-jdk18on/1.80/bcprov-jdk18on-1.80.jar (8.7 MB at 7.3 MB/s)
[INFO] 
[INFO] --- resources:3.1.0:resources (default-resources) @ jeecg-system-cloud-api ---
[INFO] Using 'UTF-8' encoding to copy filtered resources.
[INFO] skip non existing resourceDirectory D:\gmj\date\2026\project_kolbox\backend\jeecg-module-system\jeecg-system-api\jeecg-system-cloud-api\src\main\resources
[INFO] Copying 0 resource
[INFO] 
[INFO] --- compiler:3.14.0:compile (default-compile) @ jeecg-system-cloud-api ---
[INFO] Recompiling the module because of changed dependency.
[INFO] Compiling 7 source files with javac [debug parameters release 17] to target\classes
Downloading from aliyun: https://maven.aliyun.com/repository/public/org/jeecgframework/boot3/jeecg-aiflow/1.2.0/jeecg-aiflow-1.2.0.jar
Progress (1): 3.5/167 kBProgress (1): 7.6/167 kBProgress (1): 12/167 kB Progress (1): 16/167 kBProgress (1): 20/167 kBProgress (1): 24/167 kBProgress (1): 28/167 kBProgress (1): 32/167 kBProgress (1): 40/167 kBProgress (1): 44/167 kBProgress (1): 49/167 kBProgress (1): 57/167 kBProgress (1): 65/167 kBProgress (1): 73/167 kBProgress (1): 83/167 kBProgress (1): 90/167 kBProgress (1): 95/167 kBProgress (1): 102/167 kBProgress (1): 108/167 kBProgress (1): 118/167 kBProgress (1): 124/167 kBProgress (1): 126/167 kBProgress (1): 134/167 kBProgress (1): 143/167 kBProgress (1): 147/167 kBProgress (1): 154/167 kBProgress (1): 156/167 kBProgress (1): 161/167 kBProgress (1): 167 kB                        Downloaded from aliyun: https://maven.aliyun.com/repository/public/org/jeecgframework/boot3/jeecg-aiflow/1.2.0/jeecg-aiflow-1.2.0.jar (167 kB at 427 kB/s)
Downloading from aliyun: https://maven.aliyun.com/repository/public/com/yomahub/liteflow-spring-boot-starter/2.15.0/liteflow-spring-boot-starter-2.15.0.jar
Downloading from aliyun: https://maven.aliyun.com/repository/public/com/yomahub/liteflow-spring/2.15.0/liteflow-spring-2.15.0.jar
Downloading from aliyun: https://maven.aliyun.com/repository/public/com/yomahub/liteflow-core/2.15.0/liteflow-core-2.15.0.jar
Downloading from aliyun: https://maven.aliyun.com/repository/public/org/dom4j/dom4j/2.1.4/dom4j-2.1.4.jar
Downloading from aliyun: https://maven.aliyun.com/repository/public/com/alibaba/transmittable-thread-local/2.14.5/transmittable-thread-local-2.14.5.jar
Progress (1): 3.3/415 kBProgress (2): 3.3/415 kB | 1.9/936 kBProgress (2): 3.3/415 kB | 18/936 kB Progress (2): 20/415 kB | 18/936 kB Progress (2): 20/415 kB | 35/936 kBProgress (3): 20/415 kB | 35/936 kB | 7.3/325 kBProgress (3): 20/415 kB | 35/936 kB | 16/325 kB Progress (3): 36/415 kB | 35/936 kB | 16/325 kBProgress (3): 36/415 kB | 35/936 kB | 32/325 kBProgress (3): 36/415 kB | 51/936 kB | 32/325 kBProgress (3): 52/415 kB | 51/936 kB | 32/325 kBProgress (3): 52/415 kB | 51/936 kB | 48/325 kBProgress (3): 52/415 kB | 67/936 kB | 48/325 kBProgress (3): 52/415 kB | 67/936 kB | 65/325 kBProgress (3): 69/415 kB | 67/936 kB | 65/325 kBProgress (3): 69/415 kB | 67/936 kB | 81/325 kBProgress (3): 69/415 kB | 67/936 kB | 97/325 kBProgress (3): 69/415 kB | 84/936 kB | 97/325 kBProgress (4): 69/415 kB | 84/936 kB | 97/325 kB | 7.2/38 kBProgress (4): 69/415 kB | 84/936 kB | 97/325 kB | 15/38 kB Progress (4): 69/415 kB | 100/936 kB | 97/325 kB | 15/38 kBProgress (4): 69/415 kB | 117/936 kB | 97/325 kB | 15/38 kBProgress (4): 69/415 kB | 133/936 kB | 97/325 kB | 15/38 kBProgress (4): 69/415 kB | 149/936 kB | 97/325 kB | 15/38 kBProgress (5): 69/415 kB | 149/936 kB | 97/325 kB | 15/38 kB | 4.8/15 kBProgress (5): 85/415 kB | 149/936 kB | 97/325 kB | 15/38 kB | 4.8/15 kBProgress (5): 102/415 kB | 149/936 kB | 97/325 kB | 15/38 kB | 4.8/15 kBProgress (5): 102/415 kB | 149/936 kB | 114/325 kB | 15/38 kB | 4.8/15 kBProgress (5): 118/415 kB | 149/936 kB | 114/325 kB | 15/38 kB | 4.8/15 kBProgress (5): 134/415 kB | 149/936 kB | 114/325 kB | 15/38 kB | 4.8/15 kBProgress (5): 134/415 kB | 149/936 kB | 130/325 kB | 15/38 kB | 4.8/15 kBProgress (5): 134/415 kB | 149/936 kB | 130/325 kB | 15/38 kB | 15 kB    Progress (5): 134/415 kB | 149/936 kB | 130/325 kB | 32/38 kB | 15 kBProgress (5): 151/415 kB | 149/936 kB | 130/325 kB | 32/38 kB | 15 kBProgress (5): 151/415 kB | 149/936 kB | 146/325 kB | 32/38 kB | 15 kBProgress (5): 151/415 kB | 149/936 kB | 163/325 kB | 32/38 kB | 15 kBProgress (5): 151/415 kB | 149/936 kB | 179/325 kB | 32/38 kB | 15 kBProgress (5): 151/415 kB | 166/936 kB | 179/325 kB | 32/38 kB | 15 kBProgress (5): 151/415 kB | 182/936 kB | 179/325 kB | 32/38 kB | 15 kBProgress (5): 151/415 kB | 199/936 kB | 179/325 kB | 32/38 kB | 15 kBProgress (5): 151/415 kB | 215/936 kB | 179/325 kB | 32/38 kB | 15 kBProgress (5): 151/415 kB | 215/936 kB | 179/325 kB | 38 kB | 15 kB   Progress (5): 167/415 kB | 215/936 kB | 179/325 kB | 38 kB | 15 kBProgress (5): 167/415 kB | 215/936 kB | 196/325 kB | 38 kB | 15 kBProgress (5): 167/415 kB | 231/936 kB | 196/325 kB | 38 kB | 15 kBProgress (5): 167/415 kB | 231/936 kB | 212/325 kB | 38 kB | 15 kBProgress (5): 184/415 kB | 231/936 kB | 212/325 kB | 38 kB | 15 kBProgress (5): 184/415 kB | 248/936 kB | 212/325 kB | 38 kB | 15 kBProgress (5): 184/415 kB | 248/936 kB | 228/325 kB | 38 kB | 15 kBProgress (5): 200/415 kB | 248/936 kB | 228/325 kB | 38 kB | 15 kBProgress (5): 200/415 kB | 264/936 kB | 228/325 kB | 38 kB | 15 kBProgress (5): 200/415 kB | 280/936 kB | 228/325 kB | 38 kB | 15 kBProgress (5): 200/415 kB | 297/936 kB | 228/325 kB | 38 kB | 15 kBProgress (5): 200/415 kB | 313/936 kB | 228/325 kB | 38 kB | 15 kBProgress (5): 216/415 kB | 313/936 kB | 228/325 kB | 38 kB | 15 kBProgress (5): 233/415 kB | 313/936 kB | 228/325 kB | 38 kB | 15 kBProgress (5): 233/415 kB | 313/936 kB | 245/325 kB | 38 kB | 15 kBProgress (5): 233/415 kB | 313/936 kB | 261/325 kB | 38 kB | 15 kBProgress (5): 233/415 kB | 313/936 kB | 278/325 kB | 38 kB | 15 kBProgress (5): 233/415 kB | 313/936 kB | 294/325 kB | 38 kB | 15 kBProgress (5): 233/415 kB | 330/936 kB | 294/325 kB | 38 kB | 15 kBProgress (5): 233/415 kB | 346/936 kB | 294/325 kB | 38 kB | 15 kBProgress (5): 233/415 kB | 362/936 kB | 294/325 kB | 38 kB | 15 kBProgress (5): 233/415 kB | 379/936 kB | 294/325 kB | 38 kB | 15 kBProgress (5): 249/415 kB | 379/936 kB | 294/325 kB | 38 kB | 15 kBProgress (5): 265/415 kB | 379/936 kB | 294/325 kB | 38 kB | 15 kBProgress (5): 282/415 kB | 379/936 kB | 294/325 kB | 38 kB | 15 kBProgress (5): 282/415 kB | 395/936 kB | 294/325 kB | 38 kB | 15 kBProgress (5): 282/415 kB | 395/936 kB | 310/325 kB | 38 kB | 15 kBProgress (5): 282/415 kB | 395/936 kB | 325 kB | 38 kB | 15 kB                                                                  Downloaded from aliyun: https://maven.aliyun.com/repository/public/com/yomahub/liteflow-spring/2.15.0/liteflow-spring-2.15.0.jar (38 kB at 283 kB/s)
Downloading from aliyun: https://maven.aliyun.com/repository/public/com/alibaba/QLExpress/3.3.4/QLExpress-3.3.4.jar
Progress (4): 298/415 kB | 395/936 kB | 325 kB | 15 kBProgress (4): 298/415 kB | 412/936 kB | 325 kB | 15 kBProgress (4): 298/415 kB | 428/936 kB | 325 kB | 15 kBProgress (4): 315/415 kB | 428/936 kB | 325 kB | 15 kBProgress (4): 315/415 kB | 444/936 kB | 325 kB | 15 kB                                                      Downloaded from aliyun: https://maven.aliyun.com/repository/public/com/yomahub/liteflow-spring-boot-starter/2.15.0/liteflow-spring-boot-starter-2.15.0.jar (15 kB at 103 kB/s)
Downloading from aliyun: https://maven.aliyun.com/repository/public/org/apache/commons/commons-text/1.14.0/commons-text-1.14.0.jar
Progress (3): 315/415 kB | 461/936 kB | 325 kBProgress (3): 331/415 kB | 461/936 kB | 325 kBProgress (3): 331/415 kB | 477/936 kB | 325 kBProgress (3): 331/415 kB | 493/936 kB | 325 kBProgress (3): 347/415 kB | 493/936 kB | 325 kBProgress (3): 347/415 kB | 510/936 kB | 325 kBProgress (3): 347/415 kB | 524/936 kB | 325 kBProgress (3): 347/415 kB | 526/936 kB | 325 kBProgress (3): 364/415 kB | 526/936 kB | 325 kBProgress (4): 364/415 kB | 526/936 kB | 325 kB | 6.2/260 kBProgress (4): 364/415 kB | 542/936 kB | 325 kB | 6.2/260 kBProgress (4): 380/415 kB | 542/936 kB | 325 kB | 6.2/260 kBProgress (4): 380/415 kB | 542/936 kB | 325 kB | 23/260 kB Progress (4): 380/415 kB | 558/936 kB | 325 kB | 23/260 kBProgress (4): 380/415 kB | 558/936 kB | 325 kB | 39/260 kBProgress (4): 397/415 kB | 558/936 kB | 325 kB | 39/260 kBProgress (4): 397/415 kB | 575/936 kB | 325 kB | 39/260 kB                                                          Downloaded from aliyun: https://maven.aliyun.com/repository/public/org/dom4j/dom4j/2.1.4/dom4j-2.1.4.jar (325 kB at 1.8 MB/s)
Downloading from aliyun: https://maven.aliyun.com/repository/public/com/github/ben-manes/caffeine/caffeine/3.2.2/caffeine-3.2.2.jar
Progress (3): 397/415 kB | 575/936 kB | 55/260 kBProgress (3): 397/415 kB | 591/936 kB | 55/260 kBProgress (3): 397/415 kB | 591/936 kB | 65/260 kBProgress (3): 397/415 kB | 607/936 kB | 65/260 kBProgress (3): 397/415 kB | 624/936 kB | 65/260 kBProgress (3): 397/415 kB | 640/936 kB | 65/260 kBProgress (3): 413/415 kB | 640/936 kB | 65/260 kBProgress (3): 415 kB | 640/936 kB | 65/260 kB    Progress (3): 415 kB | 656/936 kB | 65/260 kBProgress (3): 415 kB | 673/936 kB | 65/260 kBProgress (3): 415 kB | 689/936 kB | 65/260 kBProgress (3): 415 kB | 706/936 kB | 65/260 kBProgress (3): 415 kB | 722/936 kB | 65/260 kBProgress (4): 415 kB | 722/936 kB | 65/260 kB | 6.2/237 kBProgress (4): 415 kB | 722/936 kB | 72/260 kB | 6.2/237 kBProgress (4): 415 kB | 722/936 kB | 88/260 kB | 6.2/237 kBProgress (4): 415 kB | 722/936 kB | 105/260 kB | 6.2/237 kBProgress (4): 415 kB | 722/936 kB | 121/260 kB | 6.2/237 kBProgress (4): 415 kB | 722/936 kB | 137/260 kB | 6.2/237 kBProgress (4): 415 kB | 722/936 kB | 154/260 kB | 6.2/237 kBProgress (4): 415 kB | 722/936 kB | 170/260 kB | 6.2/237 kBProgress (4): 415 kB | 722/936 kB | 187/260 kB | 6.2/237 kBProgress (4): 415 kB | 722/936 kB | 203/260 kB | 6.2/237 kBProgress (5): 415 kB | 722/936 kB | 203/260 kB | 6.2/237 kB | 7.3/895 kBProgress (5): 415 kB | 722/936 kB | 203/260 kB | 6.2/237 kB | 14/895 kB Progress (5): 415 kB | 722/936 kB | 203/260 kB | 6.2/237 kB | 21/895 kBProgress (5): 415 kB | 738/936 kB | 203/260 kB | 6.2/237 kB | 21/895 kBProgress (5): 415 kB | 755/936 kB | 203/260 kB | 6.2/237 kB | 21/895 kBProgress (5): 415 kB | 771/936 kB | 203/260 kB | 6.2/237 kB | 21/895 kBProgress (5): 415 kB | 771/936 kB | 219/260 kB | 6.2/237 kB | 21/895 kBProgress (5): 415 kB | 771/936 kB | 236/260 kB | 6.2/237 kB | 21/895 kBProgress (5): 415 kB | 771/936 kB | 252/260 kB | 6.2/237 kB | 21/895 kBProgress (5): 415 kB | 788/936 kB | 252/260 kB | 6.2/237 kB | 21/895 kBProgress (5): 415 kB | 804/936 kB | 252/260 kB | 6.2/237 kB | 21/895 kBProgress (5): 415 kB | 820/936 kB | 252/260 kB | 6.2/237 kB | 21/895 kBProgress (5): 415 kB | 837/936 kB | 252/260 kB | 6.2/237 kB | 21/895 kBProgress (5): 415 kB | 837/936 kB | 252/260 kB | 23/237 kB | 21/895 kB Progress (5): 415 kB | 853/936 kB | 252/260 kB | 23/237 kB | 21/895 kBProgress (5): 415 kB | 853/936 kB | 252/260 kB | 39/237 kB | 21/895 kBProgress (5): 415 kB | 853/936 kB | 257/260 kB | 39/237 kB | 21/895 kBProgress (5): 415 kB | 853/936 kB | 260 kB | 39/237 kB | 21/895 kB    Progress (5): 415 kB | 869/936 kB | 260 kB | 39/237 kB | 21/895 kBProgress (5): 415 kB | 869/936 kB | 260 kB | 55/237 kB | 21/895 kBProgress (5): 415 kB | 869/936 kB | 260 kB | 55/237 kB | 37/895 kBProgress (5): 415 kB | 869/936 kB | 260 kB | 55/237 kB | 54/895 kBProgress (5): 415 kB | 869/936 kB | 260 kB | 55/237 kB | 70/895 kBProgress (5): 415 kB | 869/936 kB | 260 kB | 55/237 kB | 76/895 kBProgress (5): 415 kB | 869/936 kB | 260 kB | 55/237 kB | 81/895 kBProgress (5): 415 kB | 869/936 kB | 260 kB | 55/237 kB | 85/895 kBProgress (5): 415 kB | 886/936 kB | 260 kB | 55/237 kB | 85/895 kBProgress (5): 415 kB | 902/936 kB | 260 kB | 55/237 kB | 85/895 kBProgress (5): 415 kB | 902/936 kB | 260 kB | 55/237 kB | 92/895 kBProgress (5): 415 kB | 902/936 kB | 260 kB | 55/237 kB | 95/895 kB                                                                  Downloaded from aliyun: https://maven.aliyun.com/repository/public/com/yomahub/liteflow-core/2.15.0/liteflow-core-2.15.0.jar (415 kB at 1.7 MB/s)
Downloading from aliyun: https://maven.aliyun.com/repository/public/com/yomahub/liteflow-rule-sql/2.15.0/liteflow-rule-sql-2.15.0.jar
Progress (4): 919/936 kB | 260 kB | 55/237 kB | 95/895 kBProgress (4): 919/936 kB | 260 kB | 55/237 kB | 101/895 kBProgress (4): 935/936 kB | 260 kB | 55/237 kB | 101/895 kBProgress (4): 936 kB | 260 kB | 55/237 kB | 101/895 kB    Progress (4): 936 kB | 260 kB | 72/237 kB | 101/895 kBProgress (4): 936 kB | 260 kB | 72/237 kB | 116/895 kBProgress (4): 936 kB | 260 kB | 72/237 kB | 126/895 kBProgress (4): 936 kB | 260 kB | 88/237 kB | 126/895 kBProgress (4): 936 kB | 260 kB | 88/237 kB | 142/895 kBProgress (4): 936 kB | 260 kB | 88/237 kB | 146/895 kBProgress (4): 936 kB | 260 kB | 105/237 kB | 146/895 kBProgress (4): 936 kB | 260 kB | 105/237 kB | 149/895 kBProgress (4): 936 kB | 260 kB | 105/237 kB | 154/895 kBProgress (4): 936 kB | 260 kB | 121/237 kB | 154/895 kB                                                       Downloaded from aliyun: https://maven.aliyun.com/repository/public/org/apache/commons/commons-text/1.14.0/commons-text-1.14.0.jar (260 kB at 935 kB/s)
Downloading from aliyun: https://maven.aliyun.com/repository/public/org/jetbrains/kotlin/kotlin-scripting-jsr223/2.2.0/kotlin-scripting-jsr223-2.2.0.jar
Progress (3): 936 kB | 137/237 kB | 154/895 kBProgress (3): 936 kB | 137/237 kB | 170/895 kBProgress (3): 936 kB | 137/237 kB | 174/895 kBProgress (3): 936 kB | 137/237 kB | 180/895 kBProgress (3): 936 kB | 154/237 kB | 180/895 kBProgress (3): 936 kB | 170/237 kB | 180/895 kBProgress (3): 936 kB | 186/237 kB | 180/895 kBProgress (3): 936 kB | 186/237 kB | 184/895 kBProgress (3): 936 kB | 186/237 kB | 201/895 kBProgress (3): 936 kB | 186/237 kB | 211/895 kBProgress (3): 936 kB | 186/237 kB | 214/895 kBProgress (3): 936 kB | 186/237 kB | 218/895 kBProgress (3): 936 kB | 203/237 kB | 218/895 kBProgress (3): 936 kB | 203/237 kB | 234/895 kBProgress (3): 936 kB | 219/237 kB | 234/895 kBProgress (3): 936 kB | 219/237 kB | 238/895 kBProgress (3): 936 kB | 236/237 kB | 238/895 kBProgress (3): 936 kB | 236/237 kB | 244/895 kBProgress (3): 936 kB | 237 kB | 244/895 kB                                              Downloaded from aliyun: https://maven.aliyun.com/repository/public/com/alibaba/transmittable-thread-local/2.14.5/transmittable-thread-local-2.14.5.jar (936 kB at 3.1 MB/s)
Downloading from aliyun: https://maven.aliyun.com/repository/public/org/jetbrains/kotlin/kotlin-script-runtime/2.2.0/kotlin-script-runtime-2.2.0.jar
Progress (2): 237 kB | 250/895 kBProgress (2): 237 kB | 266/895 kBProgress (2): 237 kB | 269/895 kBProgress (2): 237 kB | 275/895 kBProgress (2): 237 kB | 278/895 kBProgress (2): 237 kB | 288/895 kBProgress (2): 237 kB | 304/895 kBProgress (2): 237 kB | 321/895 kBProgress (2): 237 kB | 337/895 kBProgress (2): 237 kB | 342/895 kBProgress (3): 237 kB | 342/895 kB | 1.9/45 kBProgress (3): 237 kB | 342/895 kB | 18/45 kB Progress (3): 237 kB | 351/895 kB | 18/45 kBProgress (3): 237 kB | 367/895 kB | 18/45 kBProgress (3): 237 kB | 384/895 kB | 18/45 kBProgress (3): 237 kB | 400/895 kB | 18/45 kBProgress (3): 237 kB | 405/895 kB | 18/45 kBProgress (3): 237 kB | 406/895 kB | 18/45 kBProgress (3): 237 kB | 412/895 kB | 18/45 kBProgress (3): 237 kB | 429/895 kB | 18/45 kBProgress (3): 237 kB | 445/895 kB | 18/45 kBProgress (3): 237 kB | 461/895 kB | 18/45 kBProgress (3): 237 kB | 471/895 kB | 18/45 kBProgress (3): 237 kB | 487/895 kB | 18/45 kBProgress (3): 237 kB | 490/895 kB | 18/45 kBProgress (3): 237 kB | 506/895 kB | 18/45 kBProgress (3): 237 kB | 506/895 kB | 35/45 kBProgress (3): 237 kB | 506/895 kB | 45 kB   Progress (4): 237 kB | 506/895 kB | 45 kB | 16/52 kBProgress (4): 237 kB | 506/895 kB | 45 kB | 32/52 kBProgress (4): 237 kB | 506/895 kB | 45 kB | 48/52 kBProgress (4): 237 kB | 506/895 kB | 45 kB | 50/52 kBProgress (4): 237 kB | 506/895 kB | 45 kB | 52 kB   Progress (4): 237 kB | 522/895 kB | 45 kB | 52 kBProgress (4): 237 kB | 539/895 kB | 45 kB | 52 kBProgress (4): 237 kB | 555/895 kB | 45 kB | 52 kBProgress (4): 237 kB | 571/895 kB | 45 kB | 52 kBProgress (5): 237 kB | 571/895 kB | 45 kB | 52 kB | 7.3/17 kBProgress (5): 237 kB | 571/895 kB | 45 kB | 52 kB | 15/17 kB Progress (5): 237 kB | 571/895 kB | 45 kB | 52 kB | 17 kB   Progress (5): 237 kB | 588/895 kB | 45 kB | 52 kB | 17 kBProgress (5): 237 kB | 604/895 kB | 45 kB | 52 kB | 17 kBProgress (5): 237 kB | 621/895 kB | 45 kB | 52 kB | 17 kBProgress (5): 237 kB | 637/895 kB | 45 kB | 52 kB | 17 kBProgress (5): 237 kB | 653/895 kB | 45 kB | 52 kB | 17 kBProgress (5): 237 kB | 670/895 kB | 45 kB | 52 kB | 17 kBProgress (5): 237 kB | 686/895 kB | 45 kB | 52 kB | 17 kBProgress (5): 237 kB | 702/895 kB | 45 kB | 52 kB | 17 kBProgress (5): 237 kB | 719/895 kB | 45 kB | 52 kB | 17 kBProgress (5): 237 kB | 735/895 kB | 45 kB | 52 kB | 17 kBProgress (5): 237 kB | 752/895 kB | 45 kB | 52 kB | 17 kBProgress (5): 237 kB | 768/895 kB | 45 kB | 52 kB | 17 kBProgress (5): 237 kB | 784/895 kB | 45 kB | 52 kB | 17 kBProgress (5): 237 kB | 801/895 kB | 45 kB | 52 kB | 17 kBProgress (5): 237 kB | 817/895 kB | 45 kB | 52 kB | 17 kBProgress (5): 237 kB | 834/895 kB | 45 kB | 52 kB | 17 kBProgress (5): 237 kB | 850/895 kB | 45 kB | 52 kB | 17 kBProgress (5): 237 kB | 866/895 kB | 45 kB | 52 kB | 17 kB                                                         Downloaded from aliyun: https://maven.aliyun.com/repository/public/org/jetbrains/kotlin/kotlin-script-runtime/2.2.0/kotlin-script-runtime-2.2.0.jar (45 kB at 108 kB/s)
Downloading from aliyun: https://maven.aliyun.com/repository/public/org/jetbrains/kotlin/kotlin-scripting-common/2.2.0/kotlin-scripting-common-2.2.0.jar
Progress (4): 237 kB | 883/895 kB | 52 kB | 17 kBProgress (4): 237 kB | 895 kB | 52 kB | 17 kB                                                 Downloaded from aliyun: https://maven.aliyun.com/repository/public/org/jetbrains/kotlin/kotlin-scripting-jsr223/2.2.0/kotlin-scripting-jsr223-2.2.0.jar (17 kB at 39 kB/s)
Downloading from aliyun: https://maven.aliyun.com/repository/public/org/jetbrains/kotlin/kotlin-scripting-jvm/2.2.0/kotlin-scripting-jvm-2.2.0.jar
Downloaded from aliyun: https://maven.aliyun.com/repository/public/com/yomahub/liteflow-rule-sql/2.15.0/liteflow-rule-sql-2.15.0.jar (52 kB at 122 kB/s)
Downloading from aliyun: https://maven.aliyun.com/repository/public/org/jetbrains/kotlin/kotlin-scripting-jvm-host/2.2.0/kotlin-scripting-jvm-host-2.2.0.jar
Progress (3): 237 kB | 895 kB | 7.3/198 kBProgress (3): 237 kB | 895 kB | 9.2/198 kBProgress (3): 237 kB | 895 kB | 26/198 kB Progress (4): 237 kB | 895 kB | 26/198 kB | 7.2/149 kBProgress (4): 237 kB | 895 kB | 26/198 kB | 15/149 kB Progress (4): 237 kB | 895 kB | 42/198 kB | 15/149 kBProgress (4): 237 kB | 895 kB | 42/198 kB | 32/149 kBProgress (4): 237 kB | 895 kB | 42/198 kB | 48/149 kBProgress (4): 237 kB | 895 kB | 42/198 kB | 64/149 kBProgress (4): 237 kB | 895 kB | 58/198 kB | 64/149 kBProgress (5): 237 kB | 895 kB | 58/198 kB | 64/149 kB | 7.3/84 kBProgress (5): 237 kB | 895 kB | 58/198 kB | 64/149 kB | 15/84 kB                                                                 Downloaded from aliyun: https://maven.aliyun.com/repository/public/com/alibaba/QLExpress/3.3.4/QLExpress-3.3.4.jar (237 kB at 512 kB/s)
Downloading from aliyun: https://maven.aliyun.com/repository/public/org/jetbrains/kotlin/kotlin-daemon-embeddable/2.2.0/kotlin-daemon-embeddable-2.2.0.jar
Progress (4): 895 kB | 58/198 kB | 64/149 kB | 30/84 kBProgress (4): 895 kB | 75/198 kB | 64/149 kB | 30/84 kBProgress (4): 895 kB | 75/198 kB | 81/149 kB | 30/84 kBProgress (4): 895 kB | 75/198 kB | 97/149 kB | 30/84 kBProgress (4): 895 kB | 75/198 kB | 97/149 kB | 46/84 kBProgress (4): 895 kB | 75/198 kB | 97/149 kB | 62/84 kBProgress (4): 895 kB | 75/198 kB | 97/149 kB | 63/84 kBProgress (5): 895 kB | 75/198 kB | 97/149 kB | 63/84 kB | 1.9/346 kBProgress (5): 895 kB | 75/198 kB | 97/149 kB | 63/84 kB | 18/346 kB Progress (5): 895 kB | 91/198 kB | 97/149 kB | 63/84 kB | 18/346 kBProgress (5): 895 kB | 107/198 kB | 97/149 kB | 63/84 kB | 18/346 kBProgress (5): 895 kB | 124/198 kB | 97/149 kB | 63/84 kB | 18/346 kBProgress (5): 895 kB | 140/198 kB | 97/149 kB | 63/84 kB | 18/346 kB                                                                    Downloaded from aliyun: https://maven.aliyun.com/repository/public/com/github/ben-manes/caffeine/caffeine/3.2.2/caffeine-3.2.2.jar (895 kB at 1.8 MB/s)
Downloading from aliyun: https://maven.aliyun.com/repository/public/org/jetbrains/kotlinx/kotlinx-coroutines-core-jvm/1.8.1/kotlinx-coroutines-core-jvm-1.8.1.jar
Progress (4): 140/198 kB | 106/149 kB | 63/84 kB | 18/346 kBProgress (4): 140/198 kB | 106/149 kB | 63/84 kB | 35/346 kBProgress (4): 140/198 kB | 122/149 kB | 63/84 kB | 35/346 kBProgress (4): 140/198 kB | 138/149 kB | 63/84 kB | 35/346 kBProgress (4): 140/198 kB | 149 kB | 63/84 kB | 35/346 kB    Progress (4): 157/198 kB | 149 kB | 63/84 kB | 35/346 kBProgress (4): 157/198 kB | 149 kB | 63/84 kB | 51/346 kBProgress (4): 157/198 kB | 149 kB | 63/84 kB | 67/346 kBProgress (4): 157/198 kB | 149 kB | 68/84 kB | 67/346 kBProgress (4): 157/198 kB | 149 kB | 84 kB | 67/346 kB   Progress (4): 157/198 kB | 149 kB | 84 kB | 84/346 kBProgress (4): 173/198 kB | 149 kB | 84 kB | 84/346 kBProgress (4): 173/198 kB | 149 kB | 84 kB | 100/346 kBProgress (4): 173/198 kB | 149 kB | 84 kB | 117/346 kBProgress (4): 173/198 kB | 149 kB | 84 kB | 133/346 kBProgress (4): 173/198 kB | 149 kB | 84 kB | 149/346 kBProgress (4): 173/198 kB | 149 kB | 84 kB | 166/346 kBProgress (4): 189/198 kB | 149 kB | 84 kB | 166/346 kBProgress (4): 198 kB | 149 kB | 84 kB | 166/346 kB    Progress (4): 198 kB | 149 kB | 84 kB | 182/346 kBProgress (4): 198 kB | 149 kB | 84 kB | 198/346 kBProgress (4): 198 kB | 149 kB | 84 kB | 215/346 kBProgress (4): 198 kB | 149 kB | 84 kB | 231/346 kBProgress (4): 198 kB | 149 kB | 84 kB | 248/346 kBProgress (4): 198 kB | 149 kB | 84 kB | 264/346 kBProgress (4): 198 kB | 149 kB | 84 kB | 280/346 kBProgress (4): 198 kB | 149 kB | 84 kB | 297/346 kBProgress (4): 198 kB | 149 kB | 84 kB | 313/346 kBProgress (4): 198 kB | 149 kB | 84 kB | 330/346 kBProgress (4): 198 kB | 149 kB | 84 kB | 346 kB                                                  Downloaded from aliyun: https://maven.aliyun.com/repository/public/org/jetbrains/kotlin/kotlin-scripting-jvm/2.2.0/kotlin-scripting-jvm-2.2.0.jar (149 kB at 275 kB/s)
Downloading from aliyun: https://maven.aliyun.com/repository/public/org/jetbrains/kotlin/kotlin-scripting-compiler-embeddable/2.2.0/kotlin-scripting-compiler-embeddable-2.2.0.jar
Progress (4): 198 kB | 84 kB | 346 kB | 0/1.5 MBProgress (4): 198 kB | 84 kB | 346 kB | 0/1.5 MB                                                Downloaded from aliyun: https://maven.aliyun.com/repository/public/org/jetbrains/kotlin/kotlin-scripting-jvm-host/2.2.0/kotlin-scripting-jvm-host-2.2.0.jar (84 kB at 152 kB/s)
Downloading from aliyun: https://maven.aliyun.com/repository/public/org/jetbrains/kotlin/kotlin-scripting-compiler-impl-embeddable/2.2.0/kotlin-scripting-compiler-impl-embeddable-2.2.0.jar
Downloaded from aliyun: https://maven.aliyun.com/repository/public/org/jetbrains/kotlin/kotlin-scripting-common/2.2.0/kotlin-scripting-common-2.2.0.jar (198 kB at 359 kB/s)
Downloading from aliyun: https://maven.aliyun.com/repository/public/com/yomahub/liteflow-script-graaljs/2.15.0/liteflow-script-graaljs-2.15.0.jar
Progress (2): 346 kB | 0/1.5 MBProgress (2): 346 kB | 0.1/1.5 MBProgress (2): 346 kB | 0.1/1.5 MBProgress (2): 346 kB | 0.1/1.5 MBProgress (2): 346 kB | 0.1/1.5 MBProgress (2): 346 kB | 0.1/1.5 MBProgress (2): 346 kB | 0.1/1.5 MBProgress (2): 346 kB | 0.1/1.5 MBProgress (2): 346 kB | 0.1/1.5 MBProgress (2): 346 kB | 0.1/1.5 MBProgress (2): 346 kB | 0.1/1.5 MBProgress (2): 346 kB | 0.1/1.5 MBProgress (2): 346 kB | 0.1/1.5 MBProgress (2): 346 kB | 0.1/1.5 MBProgress (2): 346 kB | 0.1/1.5 MBProgress (3): 346 kB | 0.1/1.5 MB | 1.9/586 kBProgress (3): 346 kB | 0.1/1.5 MB | 1.9/586 kBProgress (3): 346 kB | 0.1/1.5 MB | 1.9/586 kBProgress (3): 346 kB | 0.1/1.5 MB | 1.9/586 kBProgress (3): 346 kB | 0.1/1.5 MB | 1.9/586 kBProgress (4): 346 kB | 0.1/1.5 MB | 1.9/586 kB | 6.3/230 kBProgress (4): 346 kB | 0.1/1.5 MB | 18/586 kB | 6.3/230 kB Progress (4): 346 kB | 0.1/1.5 MB | 18/586 kB | 6.3/230 kBProgress (4): 346 kB | 0.1/1.5 MB | 18/586 kB | 6.3/230 kBProgress (4): 346 kB | 0.1/1.5 MB | 18/586 kB | 6.3/230 kBProgress (4): 346 kB | 0.1/1.5 MB | 18/586 kB | 6.3/230 kBProgress (4): 346 kB | 0.1/1.5 MB | 35/586 kB | 6.3/230 kBProgress (4): 346 kB | 0.1/1.5 MB | 51/586 kB | 6.3/230 kBProgress (4): 346 kB | 0.1/1.5 MB | 67/586 kB | 6.3/230 kBProgress (4): 346 kB | 0.1/1.5 MB | 67/586 kB | 23/230 kB Progress (4): 346 kB | 0.1/1.5 MB | 84/586 kB | 23/230 kBProgress (4): 346 kB | 0.1/1.5 MB | 100/586 kB | 23/230 kBProgress (4): 346 kB | 0.1/1.5 MB | 100/586 kB | 39/230 kBProgress (5): 346 kB | 0.1/1.5 MB | 100/586 kB | 39/230 kB | 5.6 kBProgress (5): 346 kB | 0.1/1.5 MB | 100/586 kB | 39/230 kB | 5.6 kBProgress (5): 346 kB | 0.2/1.5 MB | 100/586 kB | 39/230 kB | 5.6 kB                                                                   Downloaded from aliyun: https://maven.aliyun.com/repository/public/org/jetbrains/kotlin/kotlin-daemon-embeddable/2.2.0/kotlin-daemon-embeddable-2.2.0.jar (346 kB at 574 kB/s)
Downloading from aliyun: https://maven.aliyun.com/repository/public/org/graalvm/js/js/22.0.0/js-22.0.0.jar
Progress (4): 0.2/1.5 MB | 100/586 kB | 55/230 kB | 5.6 kBProgress (4): 0.2/1.5 MB | 117/586 kB | 55/230 kB | 5.6 kBProgress (4): 0.2/1.5 MB | 117/586 kB | 63/230 kB | 5.6 kBProgress (4): 0.2/1.5 MB | 133/586 kB | 63/230 kB | 5.6 kBProgress (4): 0.2/1.5 MB | 133/586 kB | 80/230 kB | 5.6 kBProgress (4): 0.2/1.5 MB | 149/586 kB | 80/230 kB | 5.6 kBProgress (4): 0.2/1.5 MB | 166/586 kB | 80/230 kB | 5.6 kBProgress (4): 0.2/1.5 MB | 182/586 kB | 80/230 kB | 5.6 kBProgress (4): 0.2/1.5 MB | 198/586 kB | 80/230 kB | 5.6 kBProgress (4): 0.2/1.5 MB | 215/586 kB | 80/230 kB | 5.6 kBProgress (4): 0.2/1.5 MB | 231/586 kB | 80/230 kB | 5.6 kBProgress (4): 0.2/1.5 MB | 231/586 kB | 80/230 kB | 5.6 kBProgress (4): 0.2/1.5 MB | 231/586 kB | 80/230 kB | 5.6 kBProgress (4): 0.2/1.5 MB | 231/586 kB | 80/230 kB | 5.6 kBProgress (4): 0.2/1.5 MB | 231/586 kB | 80/230 kB | 5.6 kBProgress (4): 0.2/1.5 MB | 231/586 kB | 80/230 kB | 5.6 kBProgress (4): 0.3/1.5 MB | 231/586 kB | 80/230 kB | 5.6 kBProgress (4): 0.3/1.5 MB | 231/586 kB | 80/230 kB | 5.6 kBProgress (4): 0.3/1.5 MB | 231/586 kB | 80/230 kB | 5.6 kBProgress (4): 0.3/1.5 MB | 231/586 kB | 80/230 kB | 5.6 kBProgress (4): 0.3/1.5 MB | 231/586 kB | 80/230 kB | 5.6 kBProgress (4): 0.3/1.5 MB | 248/586 kB | 80/230 kB | 5.6 kBProgress (4): 0.3/1.5 MB | 248/586 kB | 96/230 kB | 5.6 kBProgress (4): 0.3/1.5 MB | 264/586 kB | 96/230 kB | 5.6 kBProgress (4): 0.3/1.5 MB | 280/586 kB | 96/230 kB | 5.6 kBProgress (4): 0.3/1.5 MB | 297/586 kB | 96/230 kB | 5.6 kBProgress (4): 0.3/1.5 MB | 313/586 kB | 96/230 kB | 5.6 kBProgress (4): 0.3/1.5 MB | 313/586 kB | 96/230 kB | 5.6 kBProgress (4): 0.3/1.5 MB | 330/586 kB | 96/230 kB | 5.6 kBProgress (4): 0.3/1.5 MB | 330/586 kB | 96/230 kB | 5.6 kBProgress (4): 0.4/1.5 MB | 330/586 kB | 96/230 kB | 5.6 kBProgress (4): 0.4/1.5 MB | 330/586 kB | 96/230 kB | 5.6 kBProgress (4): 0.4/1.5 MB | 330/586 kB | 96/230 kB | 5.6 kB                                                          Downloaded from aliyun: https://maven.aliyun.com/repository/public/com/yomahub/liteflow-script-graaljs/2.15.0/liteflow-script-graaljs-2.15.0.jar (5.6 kB at 8.7 kB/s)
Downloading from aliyun: https://maven.aliyun.com/repository/public/org/graalvm/regex/regex/22.0.0/regex-22.0.0.jar
Progress (3): 0.4/1.5 MB | 330/586 kB | 112/230 kBProgress (4): 0.4/1.5 MB | 330/586 kB | 112/230 kB | 0/50 MBProgress (4): 0.4/1.5 MB | 330/586 kB | 112/230 kB | 0/50 MBProgress (4): 0.4/1.5 MB | 330/586 kB | 112/230 kB | 0/50 MBProgress (4): 0.4/1.5 MB | 346/586 kB | 112/230 kB | 0/50 MBProgress (4): 0.4/1.5 MB | 362/586 kB | 112/230 kB | 0/50 MBProgress (4): 0.4/1.5 MB | 362/586 kB | 112/230 kB | 0/50 MBProgress (4): 0.4/1.5 MB | 362/586 kB | 112/230 kB | 0/50 MBProgress (4): 0.4/1.5 MB | 362/586 kB | 129/230 kB | 0/50 MBProgress (4): 0.4/1.5 MB | 362/586 kB | 129/230 kB | 0/50 MBProgress (4): 0.4/1.5 MB | 362/586 kB | 129/230 kB | 0/50 MBProgress (4): 0.4/1.5 MB | 362/586 kB | 129/230 kB | 0/50 MBProgress (4): 0.5/1.5 MB | 362/586 kB | 129/230 kB | 0/50 MBProgress (4): 0.5/1.5 MB | 379/586 kB | 129/230 kB | 0/50 MBProgress (4): 0.5/1.5 MB | 379/586 kB | 129/230 kB | 0.1/50 MBProgress (4): 0.5/1.5 MB | 379/586 kB | 129/230 kB | 0.1/50 MBProgress (4): 0.5/1.5 MB | 395/586 kB | 129/230 kB | 0.1/50 MBProgress (4): 0.5/1.5 MB | 411/586 kB | 129/230 kB | 0.1/50 MBProgress (4): 0.5/1.5 MB | 411/586 kB | 129/230 kB | 0.1/50 MBProgress (4): 0.5/1.5 MB | 411/586 kB | 129/230 kB | 0.1/50 MBProgress (4): 0.5/1.5 MB | 411/586 kB | 129/230 kB | 0.1/50 MBProgress (4): 0.5/1.5 MB | 428/586 kB | 129/230 kB | 0.1/50 MBProgress (4): 0.5/1.5 MB | 428/586 kB | 145/230 kB | 0.1/50 MBProgress (4): 0.5/1.5 MB | 428/586 kB | 145/230 kB | 0.1/50 MBProgress (4): 0.5/1.5 MB | 444/586 kB | 145/230 kB | 0.1/50 MBProgress (4): 0.5/1.5 MB | 444/586 kB | 145/230 kB | 0.1/50 MBProgress (4): 0.5/1.5 MB | 444/586 kB | 145/230 kB | 0.1/50 MBProgress (4): 0.5/1.5 MB | 444/586 kB | 145/230 kB | 0.1/50 MBProgress (4): 0.5/1.5 MB | 444/586 kB | 145/230 kB | 0.1/50 MBProgress (4): 0.5/1.5 MB | 444/586 kB | 145/230 kB | 0.1/50 MBProgress (4): 0.5/1.5 MB | 461/586 kB | 145/230 kB | 0.1/50 MBProgress (4): 0.5/1.5 MB | 461/586 kB | 145/230 kB | 0.2/50 MBProgress (4): 0.5/1.5 MB | 461/586 kB | 145/230 kB | 0.2/50 MBProgress (4): 0.5/1.5 MB | 477/586 kB | 145/230 kB | 0.2/50 MBProgress (4): 0.5/1.5 MB | 477/586 kB | 145/230 kB | 0.2/50 MBProgress (4): 0.5/1.5 MB | 477/586 kB | 145/230 kB | 0.2/50 MBProgress (4): 0.5/1.5 MB | 477/586 kB | 161/230 kB | 0.2/50 MBProgress (4): 0.5/1.5 MB | 477/586 kB | 178/230 kB | 0.2/50 MBProgress (4): 0.5/1.5 MB | 477/586 kB | 192/230 kB | 0.2/50 MBProgress (4): 0.5/1.5 MB | 477/586 kB | 208/230 kB | 0.2/50 MBProgress (4): 0.5/1.5 MB | 493/586 kB | 208/230 kB | 0.2/50 MBProgress (4): 0.5/1.5 MB | 510/586 kB | 208/230 kB | 0.2/50 MBProgress (5): 0.5/1.5 MB | 510/586 kB | 208/230 kB | 0.2/50 MB | 0/2.8 MBProgress (5): 0.5/1.5 MB | 510/586 kB | 208/230 kB | 0.2/50 MB | 0/2.8 MBProgress (5): 0.5/1.5 MB | 526/586 kB | 208/230 kB | 0.2/50 MB | 0/2.8 MBProgress (5): 0.5/1.5 MB | 526/586 kB | 208/230 kB | 0.2/50 MB | 0/2.8 MBProgress (5): 0.5/1.5 MB | 543/586 kB | 208/230 kB | 0.2/50 MB | 0/2.8 MBProgress (5): 0.5/1.5 MB | 543/586 kB | 208/230 kB | 0.2/50 MB | 0/2.8 MBProgress (5): 0.5/1.5 MB | 543/586 kB | 224/230 kB | 0.2/50 MB | 0/2.8 MBProgress (5): 0.5/1.5 MB | 543/586 kB | 230 kB | 0.2/50 MB | 0/2.8 MB    Progress (5): 0.5/1.5 MB | 543/586 kB | 230 kB | 0.2/50 MB | 0.1/2.8 MBProgress (5): 0.5/1.5 MB | 559/586 kB | 230 kB | 0.2/50 MB | 0.1/2.8 MBProgress (5): 0.5/1.5 MB | 575/586 kB | 230 kB | 0.2/50 MB | 0.1/2.8 MBProgress (5): 0.5/1.5 MB | 586 kB | 230 kB | 0.2/50 MB | 0.1/2.8 MB    Progress (5): 0.5/1.5 MB | 586 kB | 230 kB | 0.2/50 MB | 0.1/2.8 MBProgress (5): 0.5/1.5 MB | 586 kB | 230 kB | 0.2/50 MB | 0.1/2.8 MBProgress (5): 0.5/1.5 MB | 586 kB | 230 kB | 0.2/50 MB | 0.1/2.8 MBProgress (5): 0.5/1.5 MB | 586 kB | 230 kB | 0.2/50 MB | 0.1/2.8 MBProgress (5): 0.5/1.5 MB | 586 kB | 230 kB | 0.2/50 MB | 0.1/2.8 MBProgress (5): 0.5/1.5 MB | 586 kB | 230 kB | 0.2/50 MB | 0.1/2.8 MBProgress (5): 0.5/1.5 MB | 586 kB | 230 kB | 0.2/50 MB | 0.1/2.8 MBProgress (5): 0.5/1.5 MB | 586 kB | 230 kB | 0.2/50 MB | 0.1/2.8 MBProgress (5): 0.5/1.5 MB | 586 kB | 230 kB | 0.2/50 MB | 0.1/2.8 MBProgress (5): 0.5/1.5 MB | 586 kB | 230 kB | 0.2/50 MB | 0.1/2.8 MBProgress (5): 0.5/1.5 MB | 586 kB | 230 kB | 0.2/50 MB | 0.1/2.8 MBProgress (5): 0.6/1.5 MB | 586 kB | 230 kB | 0.2/50 MB | 0.1/2.8 MBProgress (5): 0.6/1.5 MB | 586 kB | 230 kB | 0.2/50 MB | 0.1/2.8 MBProgress (5): 0.6/1.5 MB | 586 kB | 230 kB | 0.2/50 MB | 0.1/2.8 MBProgress (5): 0.6/1.5 MB | 586 kB | 230 kB | 0.2/50 MB | 0.1/2.8 MBProgress (5): 0.6/1.5 MB | 586 kB | 230 kB | 0.2/50 MB | 0.1/2.8 MBProgress (5): 0.6/1.5 MB | 586 kB | 230 kB | 0.2/50 MB | 0.1/2.8 MBProgress (5): 0.6/1.5 MB | 586 kB | 230 kB | 0.2/50 MB | 0.1/2.8 MBProgress (5): 0.6/1.5 MB | 586 kB | 230 kB | 0.2/50 MB | 0.1/2.8 MBProgress (5): 0.6/1.5 MB | 586 kB | 230 kB | 0.2/50 MB | 0.1/2.8 MBProgress (5): 0.6/1.5 MB | 586 kB | 230 kB | 0.2/50 MB | 0.1/2.8 MBProgress (5): 0.6/1.5 MB | 586 kB | 230 kB | 0.2/50 MB | 0.1/2.8 MBProgress (5): 0.6/1.5 MB | 586 kB | 230 kB | 0.2/50 MB | 0.2/2.8 MBProgress (5): 0.6/1.5 MB | 586 kB | 230 kB | 0.2/50 MB | 0.2/2.8 MBProgress (5): 0.6/1.5 MB | 586 kB | 230 kB | 0.2/50 MB | 0.2/2.8 MBProgress (5): 0.6/1.5 MB | 586 kB | 230 kB | 0.2/50 MB | 0.2/2.8 MBProgress (5): 0.6/1.5 MB | 586 kB | 230 kB | 0.2/50 MB | 0.2/2.8 MBProgress (5): 0.6/1.5 MB | 586 kB | 230 kB | 0.2/50 MB | 0.2/2.8 MBProgress (5): 0.6/1.5 MB | 586 kB | 230 kB | 0.2/50 MB | 0.2/2.8 MBProgress (5): 0.6/1.5 MB | 586 kB | 230 kB | 0.3/50 MB | 0.2/2.8 MBProgress (5): 0.6/1.5 MB | 586 kB | 230 kB | 0.3/50 MB | 0.2/2.8 MBProgress (5): 0.6/1.5 MB | 586 kB | 230 kB | 0.3/50 MB | 0.2/2.8 MBProgress (5): 0.6/1.5 MB | 586 kB | 230 kB | 0.3/50 MB | 0.2/2.8 MBProgress (5): 0.6/1.5 MB | 586 kB | 230 kB | 0.3/50 MB | 0.2/2.8 MBProgress (5): 0.6/1.5 MB | 586 kB | 230 kB | 0.3/50 MB | 0.2/2.8 MBProgress (5): 0.6/1.5 MB | 586 kB | 230 kB | 0.3/50 MB | 0.2/2.8 MBProgress (5): 0.6/1.5 MB | 586 kB | 230 kB | 0.3/50 MB | 0.3/2.8 MBProgress (5): 0.6/1.5 MB | 586 kB | 230 kB | 0.3/50 MB | 0.3/2.8 MBProgress (5): 0.6/1.5 MB | 586 kB | 230 kB | 0.3/50 MB | 0.3/2.8 MBProgress (5): 0.6/1.5 MB | 586 kB | 230 kB | 0.3/50 MB | 0.3/2.8 MB                                                                   Downloaded from aliyun: https://maven.aliyun.com/repository/public/org/jetbrains/kotlin/kotlin-scripting-compiler-embeddable/2.2.0/kotlin-scripting-compiler-embeddable-2.2.0.jar (586 kB at 765 kB/s)
Downloading from aliyun: https://maven.aliyun.com/repository/public/org/graalvm/truffle/truffle-api/22.0.0/truffle-api-22.0.0.jar
Progress (4): 0.6/1.5 MB | 230 kB | 0.3/50 MB | 0.3/2.8 MBProgress (4): 0.6/1.5 MB | 230 kB | 0.3/50 MB | 0.3/2.8 MBProgress (4): 0.6/1.5 MB | 230 kB | 0.3/50 MB | 0.3/2.8 MBProgress (4): 0.6/1.5 MB | 230 kB | 0.3/50 MB | 0.3/2.8 MB                                                          Downloaded from aliyun: https://maven.aliyun.com/repository/public/org/jetbrains/kotlin/kotlin-scripting-compiler-impl-embeddable/2.2.0/kotlin-scripting-compiler-impl-embeddable-2.2.0.jar (230 kB at 297 kB/s)
Downloading from aliyun: https://maven.aliyun.com/repository/public/org/graalvm/sdk/graal-sdk/22.0.0/graal-sdk-22.0.0.jar
Progress (3): 0.6/1.5 MB | 0.3/50 MB | 0.3/2.8 MBProgress (3): 0.6/1.5 MB | 0.3/50 MB | 0.3/2.8 MBProgress (3): 0.6/1.5 MB | 0.3/50 MB | 0.3/2.8 MBProgress (3): 0.6/1.5 MB | 0.3/50 MB | 0.4/2.8 MBProgress (3): 0.6/1.5 MB | 0.3/50 MB | 0.4/2.8 MBProgress (3): 0.6/1.5 MB | 0.3/50 MB | 0.4/2.8 MBProgress (3): 0.6/1.5 MB | 0.3/50 MB | 0.4/2.8 MBProgress (3): 0.6/1.5 MB | 0.3/50 MB | 0.4/2.8 MBProgress (3): 0.6/1.5 MB | 0.3/50 MB | 0.4/2.8 MBProgress (3): 0.6/1.5 MB | 0.3/50 MB | 0.4/2.8 MBProgress (3): 0.6/1.5 MB | 0.3/50 MB | 0.4/2.8 MBProgress (3): 0.6/1.5 MB | 0.3/50 MB | 0.4/2.8 MBProgress (3): 0.6/1.5 MB | 0.3/50 MB | 0.4/2.8 MBProgress (3): 0.6/1.5 MB | 0.3/50 MB | 0.4/2.8 MBProgress (3): 0.6/1.5 MB | 0.3/50 MB | 0.4/2.8 MBProgress (3): 0.6/1.5 MB | 0.3/50 MB | 0.4/2.8 MBProgress (3): 0.6/1.5 MB | 0.3/50 MB | 0.4/2.8 MBProgress (3): 0.6/1.5 MB | 0.3/50 MB | 0.4/2.8 MBProgress (3): 0.6/1.5 MB | 0.3/50 MB | 0.4/2.8 MBProgress (3): 0.6/1.5 MB | 0.3/50 MB | 0.4/2.8 MBProgress (3): 0.6/1.5 MB | 0.3/50 MB | 0.5/2.8 MBProgress (3): 0.6/1.5 MB | 0.3/50 MB | 0.5/2.8 MBProgress (3): 0.6/1.5 MB | 0.3/50 MB | 0.5/2.8 MBProgress (3): 0.7/1.5 MB | 0.3/50 MB | 0.5/2.8 MBProgress (4): 0.7/1.5 MB | 0.3/50 MB | 0.5/2.8 MB | 0/8.9 MBProgress (4): 0.7/1.5 MB | 0.3/50 MB | 0.5/2.8 MB | 0/8.9 MBProgress (4): 0.7/1.5 MB | 0.3/50 MB | 0.5/2.8 MB | 0/8.9 MBProgress (4): 0.7/1.5 MB | 0.3/50 MB | 0.5/2.8 MB | 0/8.9 MBProgress (4): 0.7/1.5 MB | 0.3/50 MB | 0.5/2.8 MB | 0/8.9 MBProgress (4): 0.7/1.5 MB | 0.3/50 MB | 0.5/2.8 MB | 0/8.9 MBProgress (4): 0.7/1.5 MB | 0.3/50 MB | 0.5/2.8 MB | 0/8.9 MBProgress (4): 0.7/1.5 MB | 0.3/50 MB | 0.5/2.8 MB | 0/8.9 MBProgress (4): 0.7/1.5 MB | 0.3/50 MB | 0.6/2.8 MB | 0/8.9 MBProgress (4): 0.7/1.5 MB | 0.3/50 MB | 0.6/2.8 MB | 0/8.9 MBProgress (4): 0.7/1.5 MB | 0.3/50 MB | 0.6/2.8 MB | 0/8.9 MBProgress (4): 0.7/1.5 MB | 0.3/50 MB | 0.6/2.8 MB | 0/8.9 MBProgress (4): 0.7/1.5 MB | 0.3/50 MB | 0.6/2.8 MB | 0/8.9 MBProgress (4): 0.7/1.5 MB | 0.3/50 MB | 0.6/2.8 MB | 0/8.9 MBProgress (4): 0.7/1.5 MB | 0.3/50 MB | 0.6/2.8 MB | 0/8.9 MBProgress (4): 0.7/1.5 MB | 0.3/50 MB | 0.7/2.8 MB | 0/8.9 MBProgress (5): 0.7/1.5 MB | 0.3/50 MB | 0.7/2.8 MB | 0/8.9 MB | 7.3/624 kBProgress (5): 0.7/1.5 MB | 0.3/50 MB | 0.7/2.8 MB | 0/8.9 MB | 16/624 kB Progress (5): 0.7/1.5 MB | 0.3/50 MB | 0.7/2.8 MB | 0/8.9 MB | 18/624 kBProgress (5): 0.7/1.5 MB | 0.4/50 MB | 0.7/2.8 MB | 0/8.9 MB | 18/624 kBProgress (5): 0.7/1.5 MB | 0.4/50 MB | 0.7/2.8 MB | 0/8.9 MB | 18/624 kBProgress (5): 0.7/1.5 MB | 0.4/50 MB | 0.7/2.8 MB | 0/8.9 MB | 18/624 kBProgress (5): 0.7/1.5 MB | 0.4/50 MB | 0.7/2.8 MB | 0/8.9 MB | 18/624 kBProgress (5): 0.7/1.5 MB | 0.4/50 MB | 0.7/2.8 MB | 0/8.9 MB | 18/624 kBProgress (5): 0.7/1.5 MB | 0.4/50 MB | 0.7/2.8 MB | 0/8.9 MB | 18/624 kBProgress (5): 0.7/1.5 MB | 0.4/50 MB | 0.7/2.8 MB | 0/8.9 MB | 18/624 kBProgress (5): 0.7/1.5 MB | 0.4/50 MB | 0.7/2.8 MB | 0.1/8.9 MB | 18/624 kBProgress (5): 0.7/1.5 MB | 0.4/50 MB | 0.7/2.8 MB | 0.1/8.9 MB | 34/624 kBProgress (5): 0.7/1.5 MB | 0.4/50 MB | 0.7/2.8 MB | 0.1/8.9 MB | 51/624 kBProgress (5): 0.7/1.5 MB | 0.4/50 MB | 0.7/2.8 MB | 0.1/8.9 MB | 51/624 kBProgress (5): 0.7/1.5 MB | 0.4/50 MB | 0.7/2.8 MB | 0.1/8.9 MB | 51/624 kBProgress (5): 0.7/1.5 MB | 0.4/50 MB | 0.7/2.8 MB | 0.1/8.9 MB | 51/624 kBProgress (5): 0.7/1.5 MB | 0.4/50 MB | 0.7/2.8 MB | 0.1/8.9 MB | 51/624 kBProgress (5): 0.7/1.5 MB | 0.4/50 MB | 0.7/2.8 MB | 0.1/8.9 MB | 51/624 kBProgress (5): 0.7/1.5 MB | 0.4/50 MB | 0.7/2.8 MB | 0.1/8.9 MB | 51/624 kBProgress (5): 0.7/1.5 MB | 0.4/50 MB | 0.7/2.8 MB | 0.1/8.9 MB | 51/624 kBProgress (5): 0.7/1.5 MB | 0.4/50 MB | 0.8/2.8 MB | 0.1/8.9 MB | 51/624 kBProgress (5): 0.7/1.5 MB | 0.4/50 MB | 0.8/2.8 MB | 0.1/8.9 MB | 51/624 kBProgress (5): 0.7/1.5 MB | 0.4/50 MB | 0.8/2.8 MB | 0.1/8.9 MB | 51/624 kBProgress (5): 0.7/1.5 MB | 0.4/50 MB | 0.8/2.8 MB | 0.1/8.9 MB | 67/624 kBProgress (5): 0.7/1.5 MB | 0.4/50 MB | 0.8/2.8 MB | 0.1/8.9 MB | 67/624 kBProgress (5): 0.7/1.5 MB | 0.4/50 MB | 0.8/2.8 MB | 0.1/8.9 MB | 67/624 kBProgress (5): 0.7/1.5 MB | 0.4/50 MB | 0.8/2.8 MB | 0.1/8.9 MB | 67/624 kBProgress (5): 0.7/1.5 MB | 0.4/50 MB | 0.8/2.8 MB | 0.1/8.9 MB | 67/624 kBProgress (5): 0.7/1.5 MB | 0.4/50 MB | 0.8/2.8 MB | 0.1/8.9 MB | 67/624 kBProgress (5): 0.7/1.5 MB | 0.4/50 MB | 0.8/2.8 MB | 0.1/8.9 MB | 84/624 kBProgress (5): 0.7/1.5 MB | 0.4/50 MB | 0.8/2.8 MB | 0.1/8.9 MB | 84/624 kBProgress (5): 0.7/1.5 MB | 0.5/50 MB | 0.8/2.8 MB | 0.1/8.9 MB | 84/624 kBProgress (5): 0.7/1.5 MB | 0.5/50 MB | 0.8/2.8 MB | 0.1/8.9 MB | 84/624 kBProgress (5): 0.7/1.5 MB | 0.5/50 MB | 0.8/2.8 MB | 0.1/8.9 MB | 84/624 kBProgress (5): 0.7/1.5 MB | 0.5/50 MB | 0.8/2.8 MB | 0.1/8.9 MB | 84/624 kBProgress (5): 0.7/1.5 MB | 0.5/50 MB | 0.8/2.8 MB | 0.1/8.9 MB | 84/624 kBProgress (5): 0.7/1.5 MB | 0.5/50 MB | 0.8/2.8 MB | 0.1/8.9 MB | 100/624 kBProgress (5): 0.7/1.5 MB | 0.5/50 MB | 0.8/2.8 MB | 0.1/8.9 MB | 100/624 kBProgress (5): 0.7/1.5 MB | 0.5/50 MB | 0.8/2.8 MB | 0.1/8.9 MB | 100/624 kBProgress (5): 0.7/1.5 MB | 0.5/50 MB | 0.8/2.8 MB | 0.1/8.9 MB | 100/624 kBProgress (5): 0.7/1.5 MB | 0.5/50 MB | 0.9/2.8 MB | 0.1/8.9 MB | 100/624 kBProgress (5): 0.7/1.5 MB | 0.5/50 MB | 0.9/2.8 MB | 0.1/8.9 MB | 116/624 kBProgress (5): 0.7/1.5 MB | 0.5/50 MB | 0.9/2.8 MB | 0.1/8.9 MB | 116/624 kBProgress (5): 0.7/1.5 MB | 0.5/50 MB | 0.9/2.8 MB | 0.1/8.9 MB | 116/624 kBProgress (5): 0.7/1.5 MB | 0.5/50 MB | 0.9/2.8 MB | 0.1/8.9 MB | 116/624 kBProgress (5): 0.7/1.5 MB | 0.5/50 MB | 0.9/2.8 MB | 0.1/8.9 MB | 133/624 kBProgress (5): 0.7/1.5 MB | 0.5/50 MB | 0.9/2.8 MB | 0.1/8.9 MB | 133/624 kBProgress (5): 0.7/1.5 MB | 0.5/50 MB | 0.9/2.8 MB | 0.1/8.9 MB | 133/624 kBProgress (5): 0.7/1.5 MB | 0.5/50 MB | 0.9/2.8 MB | 0.1/8.9 MB | 133/624 kBProgress (5): 0.7/1.5 MB | 0.5/50 MB | 0.9/2.8 MB | 0.1/8.9 MB | 149/624 kBProgress (5): 0.7/1.5 MB | 0.5/50 MB | 0.9/2.8 MB | 0.1/8.9 MB | 149/624 kBProgress (5): 0.7/1.5 MB | 0.5/50 MB | 0.9/2.8 MB | 0.1/8.9 MB | 149/624 kBProgress (5): 0.7/1.5 MB | 0.5/50 MB | 0.9/2.8 MB | 0.1/8.9 MB | 149/624 kBProgress (5): 0.7/1.5 MB | 0.5/50 MB | 0.9/2.8 MB | 0.1/8.9 MB | 149/624 kBProgress (5): 0.7/1.5 MB | 0.5/50 MB | 0.9/2.8 MB | 0.1/8.9 MB | 149/624 kBProgress (5): 0.7/1.5 MB | 0.5/50 MB | 0.9/2.8 MB | 0.1/8.9 MB | 149/624 kBProgress (5): 0.7/1.5 MB | 0.5/50 MB | 0.9/2.8 MB | 0.1/8.9 MB | 165/624 kBProgress (5): 0.7/1.5 MB | 0.5/50 MB | 0.9/2.8 MB | 0.1/8.9 MB | 165/624 kBProgress (5): 0.7/1.5 MB | 0.5/50 MB | 0.9/2.8 MB | 0.1/8.9 MB | 165/624 kBProgress (5): 0.7/1.5 MB | 0.5/50 MB | 0.9/2.8 MB | 0.1/8.9 MB | 182/624 kBProgress (5): 0.7/1.5 MB | 0.5/50 MB | 0.9/2.8 MB | 0.1/8.9 MB | 198/624 kBProgress (5): 0.7/1.5 MB | 0.5/50 MB | 0.9/2.8 MB | 0.1/8.9 MB | 198/624 kBProgress (5): 0.7/1.5 MB | 0.5/50 MB | 1.0/2.8 MB | 0.1/8.9 MB | 198/624 kBProgress (5): 0.7/1.5 MB | 0.5/50 MB | 1.0/2.8 MB | 0.1/8.9 MB | 198/624 kBProgress (5): 0.7/1.5 MB | 0.5/50 MB | 1.0/2.8 MB | 0.1/8.9 MB | 198/624 kBProgress (5): 0.7/1.5 MB | 0.5/50 MB | 1.0/2.8 MB | 0.1/8.9 MB | 198/624 kBProgress (5): 0.7/1.5 MB | 0.5/50 MB | 1.0/2.8 MB | 0.1/8.9 MB | 215/624 kBProgress (5): 0.7/1.5 MB | 0.5/50 MB | 1.0/2.8 MB | 0.1/8.9 MB | 215/624 kBProgress (5): 0.7/1.5 MB | 0.5/50 MB | 1.0/2.8 MB | 0.1/8.9 MB | 215/624 kBProgress (5): 0.7/1.5 MB | 0.6/50 MB | 1.0/2.8 MB | 0.1/8.9 MB | 215/624 kBProgress (5): 0.7/1.5 MB | 0.6/50 MB | 1.0/2.8 MB | 0.1/8.9 MB | 215/624 kBProgress (5): 0.7/1.5 MB | 0.6/50 MB | 1.0/2.8 MB | 0.1/8.9 MB | 231/624 kBProgress (5): 0.7/1.5 MB | 0.6/50 MB | 1.0/2.8 MB | 0.1/8.9 MB | 231/624 kBProgress (5): 0.7/1.5 MB | 0.6/50 MB | 1.0/2.8 MB | 0.2/8.9 MB | 231/624 kBProgress (5): 0.7/1.5 MB | 0.6/50 MB | 1.0/2.8 MB | 0.2/8.9 MB | 231/624 kBProgress (5): 0.7/1.5 MB | 0.6/50 MB | 1.0/2.8 MB | 0.2/8.9 MB | 231/624 kBProgress (5): 0.7/1.5 MB | 0.6/50 MB | 1.1/2.8 MB | 0.2/8.9 MB | 231/624 kBProgress (5): 0.7/1.5 MB | 0.6/50 MB | 1.1/2.8 MB | 0.2/8.9 MB | 231/624 kBProgress (5): 0.7/1.5 MB | 0.6/50 MB | 1.1/2.8 MB | 0.2/8.9 MB | 247/624 kBProgress (5): 0.7/1.5 MB | 0.6/50 MB | 1.1/2.8 MB | 0.2/8.9 MB | 247/624 kBProgress (5): 0.8/1.5 MB | 0.6/50 MB | 1.1/2.8 MB | 0.2/8.9 MB | 247/624 kBProgress (5): 0.8/1.5 MB | 0.6/50 MB | 1.1/2.8 MB | 0.2/8.9 MB | 247/624 kBProgress (5): 0.8/1.5 MB | 0.6/50 MB | 1.1/2.8 MB | 0.2/8.9 MB | 264/624 kBProgress (5): 0.8/1.5 MB | 0.6/50 MB | 1.1/2.8 MB | 0.2/8.9 MB | 280/624 kBProgress (5): 0.8/1.5 MB | 0.6/50 MB | 1.1/2.8 MB | 0.2/8.9 MB | 280/624 kBProgress (5): 0.8/1.5 MB | 0.6/50 MB | 1.1/2.8 MB | 0.2/8.9 MB | 280/624 kBProgress (5): 0.8/1.5 MB | 0.6/50 MB | 1.1/2.8 MB | 0.2/8.9 MB | 280/624 kBProgress (5): 0.8/1.5 MB | 0.6/50 MB | 1.1/2.8 MB | 0.2/8.9 MB | 280/624 kBProgress (5): 0.8/1.5 MB | 0.6/50 MB | 1.1/2.8 MB | 0.2/8.9 MB | 280/624 kBProgress (5): 0.8/1.5 MB | 0.6/50 MB | 1.1/2.8 MB | 0.2/8.9 MB | 280/624 kBProgress (5): 0.8/1.5 MB | 0.6/50 MB | 1.1/2.8 MB | 0.2/8.9 MB | 280/624 kBProgress (5): 0.8/1.5 MB | 0.6/50 MB | 1.1/2.8 MB | 0.2/8.9 MB | 280/624 kBProgress (5): 0.8/1.5 MB | 0.6/50 MB | 1.1/2.8 MB | 0.2/8.9 MB | 280/624 kBProgress (5): 0.8/1.5 MB | 0.6/50 MB | 1.1/2.8 MB | 0.2/8.9 MB | 280/624 kBProgress (5): 0.8/1.5 MB | 0.6/50 MB | 1.1/2.8 MB | 0.2/8.9 MB | 280/624 kBProgress (5): 0.8/1.5 MB | 0.6/50 MB | 1.1/2.8 MB | 0.2/8.9 MB | 280/624 kBProgress (5): 0.8/1.5 MB | 0.6/50 MB | 1.2/2.8 MB | 0.2/8.9 MB | 280/624 kBProgress (5): 0.8/1.5 MB | 0.6/50 MB | 1.2/2.8 MB | 0.2/8.9 MB | 297/624 kBProgress (5): 0.8/1.5 MB | 0.6/50 MB | 1.2/2.8 MB | 0.2/8.9 MB | 313/624 kBProgress (5): 0.8/1.5 MB | 0.6/50 MB | 1.2/2.8 MB | 0.2/8.9 MB | 313/624 kBProgress (5): 0.8/1.5 MB | 0.6/50 MB | 1.2/2.8 MB | 0.2/8.9 MB | 313/624 kBProgress (5): 0.8/1.5 MB | 0.6/50 MB | 1.2/2.8 MB | 0.2/8.9 MB | 313/624 kBProgress (5): 0.8/1.5 MB | 0.6/50 MB | 1.2/2.8 MB | 0.2/8.9 MB | 329/624 kBProgress (5): 0.8/1.5 MB | 0.6/50 MB | 1.2/2.8 MB | 0.2/8.9 MB | 329/624 kBProgress (5): 0.8/1.5 MB | 0.6/50 MB | 1.2/2.8 MB | 0.2/8.9 MB | 329/624 kBProgress (5): 0.8/1.5 MB | 0.6/50 MB | 1.2/2.8 MB | 0.2/8.9 MB | 329/624 kBProgress (5): 0.8/1.5 MB | 0.6/50 MB | 1.2/2.8 MB | 0.2/8.9 MB | 329/624 kBProgress (5): 0.8/1.5 MB | 0.6/50 MB | 1.2/2.8 MB | 0.2/8.9 MB | 329/624 kBProgress (5): 0.8/1.5 MB | 0.6/50 MB | 1.2/2.8 MB | 0.2/8.9 MB | 346/624 kBProgress (5): 0.8/1.5 MB | 0.6/50 MB | 1.2/2.8 MB | 0.2/8.9 MB | 346/624 kBProgress (5): 0.8/1.5 MB | 0.7/50 MB | 1.2/2.8 MB | 0.2/8.9 MB | 346/624 kBProgress (5): 0.8/1.5 MB | 0.7/50 MB | 1.2/2.8 MB | 0.2/8.9 MB | 346/624 kBProgress (5): 0.8/1.5 MB | 0.7/50 MB | 1.2/2.8 MB | 0.2/8.9 MB | 346/624 kBProgress (5): 0.8/1.5 MB | 0.7/50 MB | 1.2/2.8 MB | 0.2/8.9 MB | 346/624 kBProgress (5): 0.8/1.5 MB | 0.7/50 MB | 1.2/2.8 MB | 0.2/8.9 MB | 346/624 kBProgress (5): 0.8/1.5 MB | 0.7/50 MB | 1.3/2.8 MB | 0.2/8.9 MB | 346/624 kBProgress (5): 0.8/1.5 MB | 0.7/50 MB | 1.3/2.8 MB | 0.2/8.9 MB | 362/624 kBProgress (5): 0.8/1.5 MB | 0.7/50 MB | 1.3/2.8 MB | 0.2/8.9 MB | 362/624 kBProgress (5): 0.8/1.5 MB | 0.7/50 MB | 1.3/2.8 MB | 0.2/8.9 MB | 362/624 kBProgress (5): 0.8/1.5 MB | 0.7/50 MB | 1.3/2.8 MB | 0.2/8.9 MB | 362/624 kBProgress (5): 0.8/1.5 MB | 0.7/50 MB | 1.3/2.8 MB | 0.2/8.9 MB | 362/624 kBProgress (5): 0.8/1.5 MB | 0.7/50 MB | 1.3/2.8 MB | 0.3/8.9 MB | 362/624 kBProgress (5): 0.8/1.5 MB | 0.7/50 MB | 1.3/2.8 MB | 0.3/8.9 MB | 362/624 kBProgress (5): 0.8/1.5 MB | 0.7/50 MB | 1.3/2.8 MB | 0.3/8.9 MB | 378/624 kBProgress (5): 0.8/1.5 MB | 0.7/50 MB | 1.3/2.8 MB | 0.3/8.9 MB | 378/624 kBProgress (5): 0.8/1.5 MB | 0.7/50 MB | 1.3/2.8 MB | 0.3/8.9 MB | 378/624 kBProgress (5): 0.8/1.5 MB | 0.8/50 MB | 1.3/2.8 MB | 0.3/8.9 MB | 378/624 kBProgress (5): 0.8/1.5 MB | 0.8/50 MB | 1.3/2.8 MB | 0.3/8.9 MB | 378/624 kBProgress (5): 0.8/1.5 MB | 0.8/50 MB | 1.3/2.8 MB | 0.3/8.9 MB | 378/624 kBProgress (5): 0.8/1.5 MB | 0.8/50 MB | 1.3/2.8 MB | 0.3/8.9 MB | 378/624 kBProgress (5): 0.8/1.5 MB | 0.8/50 MB | 1.3/2.8 MB | 0.3/8.9 MB | 395/624 kBProgress (5): 0.8/1.5 MB | 0.8/50 MB | 1.3/2.8 MB | 0.3/8.9 MB | 395/624 kBProgress (5): 0.8/1.5 MB | 0.8/50 MB | 1.3/2.8 MB | 0.3/8.9 MB | 411/624 kBProgress (5): 0.8/1.5 MB | 0.8/50 MB | 1.3/2.8 MB | 0.3/8.9 MB | 411/624 kBProgress (5): 0.8/1.5 MB | 0.8/50 MB | 1.4/2.8 MB | 0.3/8.9 MB | 411/624 kBProgress (5): 0.8/1.5 MB | 0.8/50 MB | 1.4/2.8 MB | 0.3/8.9 MB | 411/624 kBProgress (5): 0.8/1.5 MB | 0.8/50 MB | 1.4/2.8 MB | 0.3/8.9 MB | 411/624 kBProgress (5): 0.8/1.5 MB | 0.8/50 MB | 1.4/2.8 MB | 0.3/8.9 MB | 411/624 kBProgress (5): 0.8/1.5 MB | 0.8/50 MB | 1.4/2.8 MB | 0.3/8.9 MB | 411/624 kBProgress (5): 0.8/1.5 MB | 0.8/50 MB | 1.4/2.8 MB | 0.3/8.9 MB | 411/624 kBProgress (5): 0.8/1.5 MB | 0.8/50 MB | 1.4/2.8 MB | 0.3/8.9 MB | 411/624 kBProgress (5): 0.8/1.5 MB | 0.8/50 MB | 1.4/2.8 MB | 0.3/8.9 MB | 428/624 kBProgress (5): 0.8/1.5 MB | 0.8/50 MB | 1.4/2.8 MB | 0.3/8.9 MB | 444/624 kBProgress (5): 0.8/1.5 MB | 0.8/50 MB | 1.4/2.8 MB | 0.3/8.9 MB | 444/624 kBProgress (5): 0.8/1.5 MB | 0.8/50 MB | 1.4/2.8 MB | 0.3/8.9 MB | 444/624 kBProgress (5): 0.8/1.5 MB | 0.8/50 MB | 1.4/2.8 MB | 0.3/8.9 MB | 444/624 kBProgress (5): 0.8/1.5 MB | 0.8/50 MB | 1.4/2.8 MB | 0.3/8.9 MB | 444/624 kBProgress (5): 0.8/1.5 MB | 0.8/50 MB | 1.5/2.8 MB | 0.3/8.9 MB | 444/624 kBProgress (5): 0.8/1.5 MB | 0.8/50 MB | 1.5/2.8 MB | 0.3/8.9 MB | 444/624 kBProgress (5): 0.8/1.5 MB | 0.8/50 MB | 1.5/2.8 MB | 0.3/8.9 MB | 444/624 kBProgress (5): 0.8/1.5 MB | 0.8/50 MB | 1.5/2.8 MB | 0.3/8.9 MB | 444/624 kBProgress (5): 0.8/1.5 MB | 0.8/50 MB | 1.5/2.8 MB | 0.3/8.9 MB | 460/624 kBProgress (5): 0.8/1.5 MB | 0.8/50 MB | 1.5/2.8 MB | 0.3/8.9 MB | 460/624 kBProgress (5): 0.8/1.5 MB | 0.8/50 MB | 1.5/2.8 MB | 0.3/8.9 MB | 460/624 kBProgress (5): 0.8/1.5 MB | 0.8/50 MB | 1.5/2.8 MB | 0.3/8.9 MB | 460/624 kBProgress (5): 0.8/1.5 MB | 0.8/50 MB | 1.5/2.8 MB | 0.3/8.9 MB | 460/624 kBProgress (5): 0.8/1.5 MB | 0.8/50 MB | 1.5/2.8 MB | 0.3/8.9 MB | 460/624 kBProgress (5): 0.8/1.5 MB | 0.8/50 MB | 1.5/2.8 MB | 0.3/8.9 MB | 460/624 kBProgress (5): 0.8/1.5 MB | 0.8/50 MB | 1.5/2.8 MB | 0.3/8.9 MB | 460/624 kBProgress (5): 0.8/1.5 MB | 0.8/50 MB | 1.5/2.8 MB | 0.3/8.9 MB | 460/624 kBProgress (5): 0.8/1.5 MB | 0.8/50 MB | 1.6/2.8 MB | 0.3/8.9 MB | 460/624 kBProgress (5): 0.8/1.5 MB | 0.8/50 MB | 1.6/2.8 MB | 0.3/8.9 MB | 477/624 kBProgress (5): 0.8/1.5 MB | 0.9/50 MB | 1.6/2.8 MB | 0.3/8.9 MB | 477/624 kBProgress (5): 0.8/1.5 MB | 0.9/50 MB | 1.6/2.8 MB | 0.3/8.9 MB | 477/624 kBProgress (5): 0.8/1.5 MB | 0.9/50 MB | 1.6/2.8 MB | 0.3/8.9 MB | 477/624 kBProgress (5): 0.8/1.5 MB | 0.9/50 MB | 1.6/2.8 MB | 0.3/8.9 MB | 477/624 kBProgress (5): 0.8/1.5 MB | 0.9/50 MB | 1.6/2.8 MB | 0.3/8.9 MB | 477/624 kBProgress (5): 0.8/1.5 MB | 0.9/50 MB | 1.6/2.8 MB | 0.3/8.9 MB | 477/624 kBProgress (5): 0.8/1.5 MB | 0.9/50 MB | 1.6/2.8 MB | 0.3/8.9 MB | 477/624 kB[INFO] /D:/gmj/date/2026/project_kolbox/backend/jeecg-module-system/jeecg-system-api/jeecg-system-cloud-api/src/main/java/org/jeecg/common/system/api/fallback/SysBaseAPIFallback.java: D:\gmj\date\2026\project_kolbox\backend\jeecg-module-system\jeecg-system-api\jeecg-system-cloud-api\src\main\java\org\jeecg\common\system\api\fallback\SysBaseAPIFallback.java使用或覆盖了已过时的 API。
[INFO] /D:/gmj/date/2026/project_kolbox/backend/jeecg-module-system/jeecg-system-api/jeecg-system-cloud-api/src/main/java/org/jeecg/common/system/api/fallback/SysBaseAPIFallback.java: 有关详细信息, 请使用 -Xlint:deprecation 重新编译。
Progress (5): 0.8/1.5 MB | 0.9/50 MB | 1.6/2.8 MB | 0.3/8.9 MB | 477/624 kBProgress (5): 0.8/1.5 MB | 0.9/50 MB | 1.6/2.8 MB | 0.3/8.9 MB | 493/624 kBProgress (5): 0.8/1.5 MB | 0.9/50 MB | 1.6/2.8 MB | 0.3/8.9 MB | 493/624 kBProgress (5): 0.8/1.5 MB | 0.9/50 MB | 1.6/2.8 MB | 0.3/8.9 MB | 493/624 kBProgress (5): 0.8/1.5 MB | 0.9/50 MB | 1.6/2.8 MB | 0.3/8.9 MB | 493/624 kBProgress (5): 0.8/1.5 MB | 0.9/50 MB | 1.6/2.8 MB | 0.3/8.9 MB | 493/624 kBProgress (5): 0.8/1.5 MB | 0.9/50 MB | 1.6/2.8 MB | 0.3/8.9 MB | 510/624 kBProgress (5): 0.8/1.5 MB | 0.9/50 MB | 1.6/2.8 MB | 0.3/8.9 MB | 510/624 kBProgress (5): 0.8/1.5 MB | 0.9/50 MB | 1.6/2.8 MB | 0.3/8.9 MB | 524/624 kBProgress (5): 0.8/1.5 MB | 0.9/50 MB | 1.6/2.8 MB | 0.3/8.9 MB | 526/624 kBProgress (5): 0.8/1.5 MB | 0.9/50 MB | 1.6/2.8 MB | 0.3/8.9 MB | 526/624 kBProgress (5): 0.9/1.5 MB | 0.9/50 MB | 1.6/2.8 MB | 0.3/8.9 MB | 526/624 kBProgress (5): 0.9/1.5 MB | 0.9/50 MB | 1.6/2.8 MB | 0.3/8.9 MB | 526/624 kBProgress (5): 0.9/1.5 MB | 0.9/50 MB | 1.6/2.8 MB | 0.3/8.9 MB | 542/624 kBProgress (5): 0.9/1.5 MB | 0.9/50 MB | 1.7/2.8 MB | 0.3/8.9 MB | 542/624 kBProgress (5): 0.9/1.5 MB | 0.9/50 MB | 1.7/2.8 MB | 0.3/8.9 MB | 542/624 kBProgress (5): 0.9/1.5 MB | 0.9/50 MB | 1.7/2.8 MB | 0.3/8.9 MB | 542/624 kBProgress (5): 0.9/1.5 MB | 0.9/50 MB | 1.7/2.8 MB | 0.3/8.9 MB | 542/624 kBProgress (5): 0.9/1.5 MB | 0.9/50 MB | 1.7/2.8 MB | 0.3/8.9 MB | 542/624 kBProgress (5): 0.9/1.5 MB | 0.9/50 MB | 1.7/2.8 MB | 0.3/8.9 MB | 542/624 kBProgress (5): 0.9/1.5 MB | 0.9/50 MB | 1.7/2.8 MB | 0.4/8.9 MB | 542/624 kBProgress (5): 0.9/1.5 MB | 1.0/50 MB | 1.7/2.8 MB | 0.4/8.9 MB | 542/624 kBProgress (5): 0.9/1.5 MB | 1.0/50 MB | 1.7/2.8 MB | 0.4/8.9 MB | 542/624 kBProgress (5): 0.9/1.5 MB | 1.0/50 MB | 1.7/2.8 MB | 0.4/8.9 MB | 557/624 kBProgress (5): 0.9/1.5 MB | 1.0/50 MB | 1.7/2.8 MB | 0.4/8.9 MB | 557/624 kBProgress (5): 0.9/1.5 MB | 1.0/50 MB | 1.7/2.8 MB | 0.4/8.9 MB | 557/624 kBProgress (5): 0.9/1.5 MB | 1.0/50 MB | 1.7/2.8 MB | 0.4/8.9 MB | 557/624 kBProgress (5): 0.9/1.5 MB | 1.0/50 MB | 1.7/2.8 MB | 0.4/8.9 MB | 557/624 kBProgress (5): 0.9/1.5 MB | 1.0/50 MB | 1.7/2.8 MB | 0.4/8.9 MB | 573/624 kBProgress (5): 0.9/1.5 MB | 1.0/50 MB | 1.7/2.8 MB | 0.4/8.9 MB | 590/624 kBProgress (5): 0.9/1.5 MB | 1.0/50 MB | 1.7/2.8 MB | 0.4/8.9 MB | 590/624 kBProgress (5): 0.9/1.5 MB | 1.0/50 MB | 1.8/2.8 MB | 0.4/8.9 MB | 590/624 kBProgress (5): 0.9/1.5 MB | 1.0/50 MB | 1.8/2.8 MB | 0.4/8.9 MB | 590/624 kBProgress (5): 0.9/1.5 MB | 1.0/50 MB | 1.8/2.8 MB | 0.4/8.9 MB | 606/624 kBProgress (5): 0.9/1.5 MB | 1.0/50 MB | 1.8/2.8 MB | 0.4/8.9 MB | 606/624 kBProgress (5): 0.9/1.5 MB | 1.0/50 MB | 1.8/2.8 MB | 0.4/8.9 MB | 623/624 kBProgress (5): 0.9/1.5 MB | 1.0/50 MB | 1.8/2.8 MB | 0.4/8.9 MB | 623/624 kBProgress (5): 0.9/1.5 MB | 1.0/50 MB | 1.8/2.8 MB | 0.4/8.9 MB | 624 kB    Progress (5): 0.9/1.5 MB | 1.0/50 MB | 1.8/2.8 MB | 0.4/8.9 MB | 624 kBProgress (5): 0.9/1.5 MB | 1.0/50 MB | 1.8/2.8 MB | 0.4/8.9 MB | 624 kBProgress (5): 0.9/1.5 MB | 1.0/50 MB | 1.8/2.8 MB | 0.4/8.9 MB | 624 kBProgress (5): 0.9/1.5 MB | 1.0/50 MB | 1.8/2.8 MB | 0.4/8.9 MB | 624 kBProgress (5): 0.9/1.5 MB | 1.0/50 MB | 1.8/2.8 MB | 0.4/8.9 MB | 624 kBProgress (5): 0.9/1.5 MB | 1.0/50 MB | 1.8/2.8 MB | 0.4/8.9 MB | 624 kBProgress (5): 0.9/1.5 MB | 1.0/50 MB | 1.8/2.8 MB | 0.4/8.9 MB | 624 kBProgress (5): 0.9/1.5 MB | 1.0/50 MB | 1.8/2.8 MB | 0.4/8.9 MB | 624 kBProgress (5): 0.9/1.5 MB | 1.0/50 MB | 1.8/2.8 MB | 0.4/8.9 MB | 624 kBProgress (5): 0.9/1.5 MB | 1.1/50 MB | 1.8/2.8 MB | 0.4/8.9 MB | 624 kBProgress (5): 0.9/1.5 MB | 1.1/50 MB | 1.8/2.8 MB | 0.4/8.9 MB | 624 kBProgress (5): 0.9/1.5 MB | 1.1/50 MB | 1.8/2.8 MB | 0.4/8.9 MB | 624 kBProgress (5): 0.9/1.5 MB | 1.1/50 MB | 1.8/2.8 MB | 0.4/8.9 MB | 624 kBProgress (5): 0.9/1.5 MB | 1.1/50 MB | 1.8/2.8 MB | 0.4/8.9 MB | 624 kBProgress (5): 0.9/1.5 MB | 1.1/50 MB | 1.9/2.8 MB | 0.4/8.9 MB | 624 kBProgress (5): 0.9/1.5 MB | 1.1/50 MB | 1.9/2.8 MB | 0.4/8.9 MB | 624 kBProgress (5): 0.9/1.5 MB | 1.1/50 MB | 1.9/2.8 MB | 0.4/8.9 MB | 624 kBProgress (5): 0.9/1.5 MB | 1.1/50 MB | 1.9/2.8 MB | 0.4/8.9 MB | 624 kBProgress (5): 0.9/1.5 MB | 1.1/50 MB | 1.9/2.8 MB | 0.4/8.9 MB | 624 kBProgress (5): 0.9/1.5 MB | 1.1/50 MB | 1.9/2.8 MB | 0.4/8.9 MB | 624 kBProgress (5): 0.9/1.5 MB | 1.1/50 MB | 1.9/2.8 MB | 0.4/8.9 MB | 624 kBProgress (5): 0.9/1.5 MB | 1.1/50 MB | 1.9/2.8 MB | 0.4/8.9 MB | 624 kBProgress (5): 0.9/1.5 MB | 1.1/50 MB | 1.9/2.8 MB | 0.4/8.9 MB | 624 kBProgress (5): 0.9/1.5 MB | 1.1/50 MB | 1.9/2.8 MB | 0.4/8.9 MB | 624 kBProgress (5): 0.9/1.5 MB | 1.1/50 MB | 1.9/2.8 MB | 0.4/8.9 MB | 624 kBProgress (5): 0.9/1.5 MB | 1.1/50 MB | 1.9/2.8 MB | 0.4/8.9 MB | 624 kBProgress (5): 0.9/1.5 MB | 1.2/50 MB | 1.9/2.8 MB | 0.4/8.9 MB | 624 kBProgress (5): 0.9/1.5 MB | 1.2/50 MB | 1.9/2.8 MB | 0.5/8.9 MB | 624 kB                                                                       Downloaded from aliyun: https://maven.aliyun.com/repository/public/org/graalvm/sdk/graal-sdk/22.0.0/graal-sdk-22.0.0.jar (624 kB at 551 kB/s)
Downloading from aliyun: https://maven.aliyun.com/repository/public/dev/langchain4j/langchain4j-ollama/0.35.0/langchain4j-ollama-0.35.0.jar
Progress (4): 0.9/1.5 MB | 1.2/50 MB | 1.9/2.8 MB | 0.5/8.9 MBProgress (4): 0.9/1.5 MB | 1.2/50 MB | 2.0/2.8 MB | 0.5/8.9 MBProgress (4): 0.9/1.5 MB | 1.2/50 MB | 2.0/2.8 MB | 0.5/8.9 MBProgress (4): 0.9/1.5 MB | 1.2/50 MB | 2.0/2.8 MB | 0.5/8.9 MBProgress (4): 0.9/1.5 MB | 1.2/50 MB | 2.0/2.8 MB | 0.5/8.9 MBProgress (4): 0.9/1.5 MB | 1.2/50 MB | 2.0/2.8 MB | 0.5/8.9 MBProgress (4): 0.9/1.5 MB | 1.2/50 MB | 2.0/2.8 MB | 0.5/8.9 MBProgress (4): 0.9/1.5 MB | 1.2/50 MB | 2.0/2.8 MB | 0.5/8.9 MBProgress (4): 0.9/1.5 MB | 1.2/50 MB | 2.0/2.8 MB | 0.5/8.9 MBProgress (4): 0.9/1.5 MB | 1.2/50 MB | 2.0/2.8 MB | 0.5/8.9 MBProgress (4): 0.9/1.5 MB | 1.2/50 MB | 2.0/2.8 MB | 0.5/8.9 MBProgress (4): 0.9/1.5 MB | 1.2/50 MB | 2.0/2.8 MB | 0.5/8.9 MBProgress (4): 0.9/1.5 MB | 1.2/50 MB | 2.0/2.8 MB | 0.5/8.9 MBProgress (4): 0.9/1.5 MB | 1.2/50 MB | 2.0/2.8 MB | 0.5/8.9 MBProgress (4): 0.9/1.5 MB | 1.2/50 MB | 2.0/2.8 MB | 0.5/8.9 MBProgress (4): 0.9/1.5 MB | 1.2/50 MB | 2.0/2.8 MB | 0.5/8.9 MBProgress (4): 0.9/1.5 MB | 1.2/50 MB | 2.0/2.8 MB | 0.5/8.9 MBProgress (4): 0.9/1.5 MB | 1.2/50 MB | 2.0/2.8 MB | 0.5/8.9 MBProgress (4): 0.9/1.5 MB | 1.3/50 MB | 2.0/2.8 MB | 0.5/8.9 MBProgress (4): 0.9/1.5 MB | 1.3/50 MB | 2.0/2.8 MB | 0.5/8.9 MBProgress (4): 0.9/1.5 MB | 1.3/50 MB | 2.0/2.8 MB | 0.5/8.9 MBProgress (4): 0.9/1.5 MB | 1.3/50 MB | 2.0/2.8 MB | 0.5/8.9 MBProgress (4): 0.9/1.5 MB | 1.3/50 MB | 2.1/2.8 MB | 0.5/8.9 MBProgress (4): 0.9/1.5 MB | 1.3/50 MB | 2.1/2.8 MB | 0.5/8.9 MBProgress (4): 0.9/1.5 MB | 1.3/50 MB | 2.1/2.8 MB | 0.5/8.9 MBProgress (4): 0.9/1.5 MB | 1.3/50 MB | 2.1/2.8 MB | 0.5/8.9 MBProgress (4): 0.9/1.5 MB | 1.3/50 MB | 2.1/2.8 MB | 0.5/8.9 MBProgress (4): 1.0/1.5 MB | 1.3/50 MB | 2.1/2.8 MB | 0.5/8.9 MBProgress (4): 1.0/1.5 MB | 1.3/50 MB | 2.1/2.8 MB | 0.5/8.9 MBProgress (4): 1.0/1.5 MB | 1.3/50 MB | 2.1/2.8 MB | 0.5/8.9 MBProgress (4): 1.0/1.5 MB | 1.3/50 MB | 2.1/2.8 MB | 0.5/8.9 MBProgress (4): 1.0/1.5 MB | 1.3/50 MB | 2.1/2.8 MB | 0.5/8.9 MBProgress (4): 1.0/1.5 MB | 1.3/50 MB | 2.1/2.8 MB | 0.5/8.9 MBProgress (4): 1.0/1.5 MB | 1.3/50 MB | 2.1/2.8 MB | 0.5/8.9 MBProgress (4): 1.0/1.5 MB | 1.4/50 MB | 2.1/2.8 MB | 0.5/8.9 MBProgress (4): 1.0/1.5 MB | 1.4/50 MB | 2.1/2.8 MB | 0.5/8.9 MBProgress (4): 1.0/1.5 MB | 1.4/50 MB | 2.1/2.8 MB | 0.5/8.9 MBProgress (4): 1.0/1.5 MB | 1.4/50 MB | 2.1/2.8 MB | 0.5/8.9 MBProgress (4): 1.0/1.5 MB | 1.4/50 MB | 2.2/2.8 MB | 0.5/8.9 MBProgress (4): 1.0/1.5 MB | 1.4/50 MB | 2.2/2.8 MB | 0.6/8.9 MBProgress (4): 1.0/1.5 MB | 1.4/50 MB | 2.2/2.8 MB | 0.6/8.9 MBProgress (4): 1.0/1.5 MB | 1.4/50 MB | 2.2/2.8 MB | 0.6/8.9 MBProgress (5): 1.0/1.5 MB | 1.4/50 MB | 2.2/2.8 MB | 0.6/8.9 MB | 5.0/98 kBProgress (5): 1.0/1.5 MB | 1.4/50 MB | 2.2/2.8 MB | 0.6/8.9 MB | 5.0/98 kBProgress (5): 1.0/1.5 MB | 1.4/50 MB | 2.2/2.8 MB | 0.6/8.9 MB | 5.0/98 kBProgress (5): 1.0/1.5 MB | 1.4/50 MB | 2.2/2.8 MB | 0.6/8.9 MB | 5.0/98 kBProgress (5): 1.0/1.5 MB | 1.4/50 MB | 2.2/2.8 MB | 0.6/8.9 MB | 5.0/98 kBProgress (5): 1.0/1.5 MB | 1.4/50 MB | 2.2/2.8 MB | 0.6/8.9 MB | 5.0/98 kBProgress (5): 1.0/1.5 MB | 1.4/50 MB | 2.2/2.8 MB | 0.6/8.9 MB | 5.0/98 kBProgress (5): 1.0/1.5 MB | 1.4/50 MB | 2.2/2.8 MB | 0.6/8.9 MB | 5.0/98 kBProgress (5): 1.0/1.5 MB | 1.4/50 MB | 2.2/2.8 MB | 0.6/8.9 MB | 21/98 kB Progress (5): 1.0/1.5 MB | 1.5/50 MB | 2.2/2.8 MB | 0.6/8.9 MB | 21/98 kBProgress (5): 1.0/1.5 MB | 1.5/50 MB | 2.2/2.8 MB | 0.6/8.9 MB | 21/98 kBProgress (5): 1.0/1.5 MB | 1.5/50 MB | 2.2/2.8 MB | 0.6/8.9 MB | 21/98 kBProgress (5): 1.0/1.5 MB | 1.5/50 MB | 2.2/2.8 MB | 0.6/8.9 MB | 38/98 kBProgress (5): 1.0/1.5 MB | 1.5/50 MB | 2.2/2.8 MB | 0.6/8.9 MB | 38/98 kBProgress (5): 1.0/1.5 MB | 1.5/50 MB | 2.2/2.8 MB | 0.6/8.9 MB | 38/98 kBProgress (5): 1.0/1.5 MB | 1.5/50 MB | 2.2/2.8 MB | 0.6/8.9 MB | 38/98 kBProgress (5): 1.0/1.5 MB | 1.5/50 MB | 2.2/2.8 MB | 0.6/8.9 MB | 38/98 kBProgress (5): 1.0/1.5 MB | 1.5/50 MB | 2.3/2.8 MB | 0.6/8.9 MB | 38/98 kBProgress (5): 1.0/1.5 MB | 1.5/50 MB | 2.3/2.8 MB | 0.6/8.9 MB | 38/98 kBProgress (5): 1.0/1.5 MB | 1.5/50 MB | 2.3/2.8 MB | 0.6/8.9 MB | 38/98 kBProgress (5): 1.0/1.5 MB | 1.5/50 MB | 2.3/2.8 MB | 0.6/8.9 MB | 38/98 kBProgress (5): 1.0/1.5 MB | 1.5/50 MB | 2.3/2.8 MB | 0.6/8.9 MB | 38/98 kBProgress (5): 1.0/1.5 MB | 1.5/50 MB | 2.3/2.8 MB | 0.6/8.9 MB | 38/98 kBProgress (5): 1.0/1.5 MB | 1.5/50 MB | 2.3/2.8 MB | 0.6/8.9 MB | 38/98 kBProgress (5): 1.0/1.5 MB | 1.5/50 MB | 2.3/2.8 MB | 0.6/8.9 MB | 54/98 kBProgress (5): 1.0/1.5 MB | 1.5/50 MB | 2.3/2.8 MB | 0.6/8.9 MB | 54/98 kBProgress (5): 1.0/1.5 MB | 1.5/50 MB | 2.3/2.8 MB | 0.6/8.9 MB | 54/98 kBProgress (5): 1.0/1.5 MB | 1.6/50 MB | 2.3/2.8 MB | 0.6/8.9 MB | 54/98 kBProgress (5): 1.0/1.5 MB | 1.6/50 MB | 2.3/2.8 MB | 0.6/8.9 MB | 71/98 kBProgress (5): 1.0/1.5 MB | 1.6/50 MB | 2.3/2.8 MB | 0.6/8.9 MB | 71/98 kBProgress (5): 1.0/1.5 MB | 1.6/50 MB | 2.3/2.8 MB | 0.7/8.9 MB | 71/98 kBProgress (5): 1.0/1.5 MB | 1.6/50 MB | 2.3/2.8 MB | 0.7/8.9 MB | 71/98 kBProgress (5): 1.0/1.5 MB | 1.6/50 MB | 2.3/2.8 MB | 0.7/8.9 MB | 87/98 kBProgress (5): 1.0/1.5 MB | 1.6/50 MB | 2.3/2.8 MB | 0.7/8.9 MB | 91/98 kBProgress (5): 1.0/1.5 MB | 1.6/50 MB | 2.3/2.8 MB | 0.7/8.9 MB | 91/98 kBProgress (5): 1.0/1.5 MB | 1.6/50 MB | 2.3/2.8 MB | 0.7/8.9 MB | 91/98 kBProgress (5): 1.0/1.5 MB | 1.6/50 MB | 2.3/2.8 MB | 0.7/8.9 MB | 91/98 kBProgress (5): 1.0/1.5 MB | 1.6/50 MB | 2.3/2.8 MB | 0.7/8.9 MB | 98 kB   Progress (5): 1.0/1.5 MB | 1.6/50 MB | 2.3/2.8 MB | 0.7/8.9 MB | 98 kBProgress (5): 1.0/1.5 MB | 1.6/50 MB | 2.3/2.8 MB | 0.7/8.9 MB | 98 kBProgress (5): 1.0/1.5 MB | 1.6/50 MB | 2.4/2.8 MB | 0.7/8.9 MB | 98 kBProgress (5): 1.0/1.5 MB | 1.6/50 MB | 2.4/2.8 MB | 0.7/8.9 MB | 98 kBProgress (5): 1.0/1.5 MB | 1.6/50 MB | 2.4/2.8 MB | 0.7/8.9 MB | 98 kBProgress (5): 1.0/1.5 MB | 1.6/50 MB | 2.4/2.8 MB | 0.7/8.9 MB | 98 kBProgress (5): 1.0/1.5 MB | 1.6/50 MB | 2.4/2.8 MB | 0.7/8.9 MB | 98 kBProgress (5): 1.0/1.5 MB | 1.6/50 MB | 2.4/2.8 MB | 0.7/8.9 MB | 98 kBProgress (5): 1.0/1.5 MB | 1.7/50 MB | 2.4/2.8 MB | 0.7/8.9 MB | 98 kBProgress (5): 1.0/1.5 MB | 1.7/50 MB | 2.4/2.8 MB | 0.7/8.9 MB | 98 kBProgress (5): 1.0/1.5 MB | 1.7/50 MB | 2.4/2.8 MB | 0.7/8.9 MB | 98 kBProgress (5): 1.0/1.5 MB | 1.7/50 MB | 2.4/2.8 MB | 0.7/8.9 MB | 98 kBProgress (5): 1.0/1.5 MB | 1.7/50 MB | 2.4/2.8 MB | 0.7/8.9 MB | 98 kBProgress (5): 1.0/1.5 MB | 1.7/50 MB | 2.4/2.8 MB | 0.7/8.9 MB | 98 kBProgress (5): 1.0/1.5 MB | 1.7/50 MB | 2.4/2.8 MB | 0.7/8.9 MB | 98 kBProgress (5): 1.0/1.5 MB | 1.7/50 MB | 2.4/2.8 MB | 0.7/8.9 MB | 98 kBProgress (5): 1.0/1.5 MB | 1.7/50 MB | 2.4/2.8 MB | 0.7/8.9 MB | 98 kBProgress (5): 1.0/1.5 MB | 1.7/50 MB | 2.5/2.8 MB | 0.7/8.9 MB | 98 kBProgress (5): 1.0/1.5 MB | 1.7/50 MB | 2.5/2.8 MB | 0.7/8.9 MB | 98 kBProgress (5): 1.0/1.5 MB | 1.7/50 MB | 2.5/2.8 MB | 0.7/8.9 MB | 98 kBProgress (5): 1.0/1.5 MB | 1.7/50 MB | 2.5/2.8 MB | 0.7/8.9 MB | 98 kBProgress (5): 1.1/1.5 MB | 1.7/50 MB | 2.5/2.8 MB | 0.7/8.9 MB | 98 kBProgress (5): 1.1/1.5 MB | 1.7/50 MB | 2.5/2.8 MB | 0.7/8.9 MB | 98 kBProgress (5): 1.1/1.5 MB | 1.7/50 MB | 2.5/2.8 MB | 0.7/8.9 MB | 98 kBProgress (5): 1.1/1.5 MB | 1.7/50 MB | 2.5/2.8 MB | 0.7/8.9 MB | 98 kBProgress (5): 1.1/1.5 MB | 1.7/50 MB | 2.5/2.8 MB | 0.7/8.9 MB | 98 kBProgress (5): 1.1/1.5 MB | 1.7/50 MB | 2.5/2.8 MB | 0.7/8.9 MB | 98 kBProgress (5): 1.1/1.5 MB | 1.8/50 MB | 2.5/2.8 MB | 0.7/8.9 MB | 98 kBProgress (5): 1.1/1.5 MB | 1.8/50 MB | 2.5/2.8 MB | 0.7/8.9 MB | 98 kBProgress (5): 1.1/1.5 MB | 1.8/50 MB | 2.5/2.8 MB | 0.7/8.9 MB | 98 kBProgress (5): 1.1/1.5 MB | 1.8/50 MB | 2.5/2.8 MB | 0.7/8.9 MB | 98 kBProgress (5): 1.1/1.5 MB | 1.8/50 MB | 2.5/2.8 MB | 0.7/8.9 MB | 98 kBProgress (5): 1.1/1.5 MB | 1.8/50 MB | 2.5/2.8 MB | 0.7/8.9 MB | 98 kBProgress (5): 1.1/1.5 MB | 1.8/50 MB | 2.5/2.8 MB | 0.8/8.9 MB | 98 kBProgress (5): 1.1/1.5 MB | 1.8/50 MB | 2.5/2.8 MB | 0.8/8.9 MB | 98 kBProgress (5): 1.1/1.5 MB | 1.8/50 MB | 2.6/2.8 MB | 0.8/8.9 MB | 98 kBProgress (5): 1.1/1.5 MB | 1.8/50 MB | 2.6/2.8 MB | 0.8/8.9 MB | 98 kBProgress (5): 1.1/1.5 MB | 1.8/50 MB | 2.6/2.8 MB | 0.8/8.9 MB | 98 kBProgress (5): 1.1/1.5 MB | 1.8/50 MB | 2.6/2.8 MB | 0.8/8.9 MB | 98 kBProgress (5): 1.1/1.5 MB | 1.8/50 MB | 2.6/2.8 MB | 0.8/8.9 MB | 98 kBProgress (5): 1.1/1.5 MB | 1.8/50 MB | 2.6/2.8 MB | 0.8/8.9 MB | 98 kBProgress (5): 1.1/1.5 MB | 1.8/50 MB | 2.6/2.8 MB | 0.8/8.9 MB | 98 kBProgress (5): 1.1/1.5 MB | 1.8/50 MB | 2.6/2.8 MB | 0.8/8.9 MB | 98 kBProgress (5): 1.1/1.5 MB | 1.8/50 MB | 2.6/2.8 MB | 0.8/8.9 MB | 98 kBProgress (5): 1.1/1.5 MB | 1.8/50 MB | 2.6/2.8 MB | 0.8/8.9 MB | 98 kBProgress (5): 1.1/1.5 MB | 1.8/50 MB | 2.6/2.8 MB | 0.8/8.9 MB | 98 kBProgress (5): 1.1/1.5 MB | 1.8/50 MB | 2.6/2.8 MB | 0.8/8.9 MB | 98 kBProgress (5): 1.1/1.5 MB | 1.9/50 MB | 2.6/2.8 MB | 0.8/8.9 MB | 98 kBProgress (5): 1.1/1.5 MB | 1.9/50 MB | 2.6/2.8 MB | 0.8/8.9 MB | 98 kBProgress (5): 1.1/1.5 MB | 1.9/50 MB | 2.6/2.8 MB | 0.8/8.9 MB | 98 kBProgress (5): 1.1/1.5 MB | 1.9/50 MB | 2.6/2.8 MB | 0.8/8.9 MB | 98 kBProgress (5): 1.1/1.5 MB | 1.9/50 MB | 2.6/2.8 MB | 0.8/8.9 MB | 98 kBProgress (5): 1.1/1.5 MB | 1.9/50 MB | 2.6/2.8 MB | 0.8/8.9 MB | 98 kBProgress (5): 1.1/1.5 MB | 1.9/50 MB | 2.6/2.8 MB | 0.8/8.9 MB | 98 kBProgress (5): 1.1/1.5 MB | 1.9/50 MB | 2.7/2.8 MB | 0.8/8.9 MB | 98 kBProgress (5): 1.1/1.5 MB | 1.9/50 MB | 2.7/2.8 MB | 0.8/8.9 MB | 98 kBProgress (5): 1.1/1.5 MB | 1.9/50 MB | 2.7/2.8 MB | 0.8/8.9 MB | 98 kBProgress (5): 1.1/1.5 MB | 1.9/50 MB | 2.7/2.8 MB | 0.8/8.9 MB | 98 kBProgress (5): 1.1/1.5 MB | 1.9/50 MB | 2.7/2.8 MB | 0.8/8.9 MB | 98 kBProgress (5): 1.1/1.5 MB | 1.9/50 MB | 2.7/2.8 MB | 0.8/8.9 MB | 98 kBProgress (5): 1.1/1.5 MB | 1.9/50 MB | 2.7/2.8 MB | 0.8/8.9 MB | 98 kBProgress (5): 1.1/1.5 MB | 1.9/50 MB | 2.7/2.8 MB | 0.8/8.9 MB | 98 kBProgress (5): 1.1/1.5 MB | 1.9/50 MB | 2.7/2.8 MB | 0.9/8.9 MB | 98 kBProgress (5): 1.1/1.5 MB | 1.9/50 MB | 2.7/2.8 MB | 0.9/8.9 MB | 98 kBProgress (5): 1.1/1.5 MB | 1.9/50 MB | 2.7/2.8 MB | 0.9/8.9 MB | 98 kBProgress (5): 1.1/1.5 MB | 1.9/50 MB | 2.7/2.8 MB | 0.9/8.9 MB | 98 kBProgress (5): 1.2/1.5 MB | 1.9/50 MB | 2.7/2.8 MB | 0.9/8.9 MB | 98 kBProgress (5): 1.2/1.5 MB | 1.9/50 MB | 2.7/2.8 MB | 0.9/8.9 MB | 98 kBProgress (5): 1.2/1.5 MB | 1.9/50 MB | 2.7/2.8 MB | 0.9/8.9 MB | 98 kBProgress (5): 1.2/1.5 MB | 1.9/50 MB | 2.7/2.8 MB | 0.9/8.9 MB | 98 kBProgress (5): 1.2/1.5 MB | 1.9/50 MB | 2.7/2.8 MB | 0.9/8.9 MB | 98 kBProgress (5): 1.2/1.5 MB | 1.9/50 MB | 2.7/2.8 MB | 0.9/8.9 MB | 98 kBProgress (5): 1.2/1.5 MB | 1.9/50 MB | 2.7/2.8 MB | 0.9/8.9 MB | 98 kBProgress (5): 1.2/1.5 MB | 1.9/50 MB | 2.8/2.8 MB | 0.9/8.9 MB | 98 kBProgress (5): 1.2/1.5 MB | 1.9/50 MB | 2.8/2.8 MB | 0.9/8.9 MB | 98 kBProgress (5): 1.2/1.5 MB | 2.0/50 MB | 2.8/2.8 MB | 0.9/8.9 MB | 98 kBProgress (5): 1.2/1.5 MB | 2.0/50 MB | 2.8/2.8 MB | 0.9/8.9 MB | 98 kBProgress (5): 1.2/1.5 MB | 2.0/50 MB | 2.8/2.8 MB | 0.9/8.9 MB | 98 kBProgress (5): 1.2/1.5 MB | 2.0/50 MB | 2.8/2.8 MB | 0.9/8.9 MB | 98 kBProgress (5): 1.2/1.5 MB | 2.0/50 MB | 2.8/2.8 MB | 0.9/8.9 MB | 98 kBProgress (5): 1.2/1.5 MB | 2.0/50 MB | 2.8 MB | 0.9/8.9 MB | 98 kB    Progress (5): 1.2/1.5 MB | 2.0/50 MB | 2.8 MB | 0.9/8.9 MB | 98 kBProgress (5): 1.2/1.5 MB | 2.0/50 MB | 2.8 MB | 1.0/8.9 MB | 98 kBProgress (5): 1.2/1.5 MB | 2.0/50 MB | 2.8 MB | 1.0/8.9 MB | 98 kBProgress (5): 1.2/1.5 MB | 2.0/50 MB | 2.8 MB | 1.0/8.9 MB | 98 kBProgress (5): 1.2/1.5 MB | 2.0/50 MB | 2.8 MB | 1.0/8.9 MB | 98 kBProgress (5): 1.2/1.5 MB | 2.0/50 MB | 2.8 MB | 1.0/8.9 MB | 98 kBProgress (5): 1.2/1.5 MB | 2.0/50 MB | 2.8 MB | 1.0/8.9 MB | 98 kBProgress (5): 1.2/1.5 MB | 2.0/50 MB | 2.8 MB | 1.0/8.9 MB | 98 kBProgress (5): 1.2/1.5 MB | 2.0/50 MB | 2.8 MB | 1.0/8.9 MB | 98 kBProgress (5): 1.2/1.5 MB | 2.1/50 MB | 2.8 MB | 1.0/8.9 MB | 98 kBProgress (5): 1.2/1.5 MB | 2.1/50 MB | 2.8 MB | 1.0/8.9 MB | 98 kBProgress (5): 1.2/1.5 MB | 2.1/50 MB | 2.8 MB | 1.0/8.9 MB | 98 kBProgress (5): 1.2/1.5 MB | 2.1/50 MB | 2.8 MB | 1.0/8.9 MB | 98 kBProgress (5): 1.2/1.5 MB | 2.1/50 MB | 2.8 MB | 1.0/8.9 MB | 98 kBProgress (5): 1.2/1.5 MB | 2.1/50 MB | 2.8 MB | 1.0/8.9 MB | 98 kBProgress (5): 1.2/1.5 MB | 2.1/50 MB | 2.8 MB | 1.0/8.9 MB | 98 kBProgress (5): 1.2/1.5 MB | 2.1/50 MB | 2.8 MB | 1.0/8.9 MB | 98 kBProgress (5): 1.2/1.5 MB | 2.1/50 MB | 2.8 MB | 1.1/8.9 MB | 98 kBProgress (5): 1.2/1.5 MB | 2.1/50 MB | 2.8 MB | 1.1/8.9 MB | 98 kBProgress (5): 1.2/1.5 MB | 2.2/50 MB | 2.8 MB | 1.1/8.9 MB | 98 kBProgress (5): 1.2/1.5 MB | 2.2/50 MB | 2.8 MB | 1.1/8.9 MB | 98 kBProgress (5): 1.2/1.5 MB | 2.2/50 MB | 2.8 MB | 1.1/8.9 MB | 98 kBProgress (5): 1.2/1.5 MB | 2.2/50 MB | 2.8 MB | 1.1/8.9 MB | 98 kBProgress (5): 1.2/1.5 MB | 2.2/50 MB | 2.8 MB | 1.1/8.9 MB | 98 kBProgress (5): 1.2/1.5 MB | 2.2/50 MB | 2.8 MB | 1.1/8.9 MB | 98 kBProgress (5): 1.2/1.5 MB | 2.2/50 MB | 2.8 MB | 1.1/8.9 MB | 98 kBProgress (5): 1.2/1.5 MB | 2.2/50 MB | 2.8 MB | 1.1/8.9 MB | 98 kBProgress (5): 1.2/1.5 MB | 2.2/50 MB | 2.8 MB | 1.1/8.9 MB | 98 kBProgress (5): 1.2/1.5 MB | 2.2/50 MB | 2.8 MB | 1.1/8.9 MB | 98 kBProgress (5): 1.2/1.5 MB | 2.3/50 MB | 2.8 MB | 1.1/8.9 MB | 98 kBProgress (5): 1.2/1.5 MB | 2.3/50 MB | 2.8 MB | 1.1/8.9 MB | 98 kBProgress (5): 1.2/1.5 MB | 2.3/50 MB | 2.8 MB | 1.1/8.9 MB | 98 kBProgress (5): 1.2/1.5 MB | 2.3/50 MB | 2.8 MB | 1.1/8.9 MB | 98 kBProgress (5): 1.2/1.5 MB | 2.3/50 MB | 2.8 MB | 1.1/8.9 MB | 98 kBProgress (5): 1.2/1.5 MB | 2.3/50 MB | 2.8 MB | 1.2/8.9 MB | 98 kBProgress (5): 1.2/1.5 MB | 2.3/50 MB | 2.8 MB | 1.2/8.9 MB | 98 kBProgress (5): 1.2/1.5 MB | 2.3/50 MB | 2.8 MB | 1.2/8.9 MB | 98 kBProgress (5): 1.2/1.5 MB | 2.3/50 MB | 2.8 MB | 1.2/8.9 MB | 98 kBProgress (5): 1.2/1.5 MB | 2.3/50 MB | 2.8 MB | 1.2/8.9 MB | 98 kBProgress (5): 1.2/1.5 MB | 2.3/50 MB | 2.8 MB | 1.2/8.9 MB | 98 kBProgress (5): 1.2/1.5 MB | 2.3/50 MB | 2.8 MB | 1.2/8.9 MB | 98 kB                                                                  Downloaded from aliyun: https://maven.aliyun.com/repository/public/dev/langchain4j/langchain4j-ollama/0.35.0/langchain4j-ollama-0.35.0.jar (98 kB at 68 kB/s)
Downloading from aliyun: https://maven.aliyun.com/repository/public/dev/langchain4j/langchain4j-zhipu-ai/0.35.0/langchain4j-zhipu-ai-0.35.0.jar
Progress (4): 1.2/1.5 MB | 2.3/50 MB | 2.8 MB | 1.2/8.9 MBProgress (4): 1.2/1.5 MB | 2.3/50 MB | 2.8 MB | 1.2/8.9 MBProgress (4): 1.2/1.5 MB | 2.4/50 MB | 2.8 MB | 1.2/8.9 MBProgress (4): 1.2/1.5 MB | 2.4/50 MB | 2.8 MB | 1.2/8.9 MBProgress (4): 1.2/1.5 MB | 2.4/50 MB | 2.8 MB | 1.3/8.9 MBProgress (4): 1.2/1.5 MB | 2.4/50 MB | 2.8 MB | 1.3/8.9 MBProgress (4): 1.2/1.5 MB | 2.4/50 MB | 2.8 MB | 1.3/8.9 MBProgress (4): 1.2/1.5 MB | 2.4/50 MB | 2.8 MB | 1.3/8.9 MBProgress (4): 1.2/1.5 MB | 2.4/50 MB | 2.8 MB | 1.3/8.9 MBProgress (4): 1.2/1.5 MB | 2.4/50 MB | 2.8 MB | 1.3/8.9 MBProgress (4): 1.2/1.5 MB | 2.4/50 MB | 2.8 MB | 1.3/8.9 MBProgress (4): 1.2/1.5 MB | 2.4/50 MB | 2.8 MB | 1.3/8.9 MBProgress (4): 1.2/1.5 MB | 2.4/50 MB | 2.8 MB | 1.3/8.9 MBProgress (4): 1.2/1.5 MB | 2.4/50 MB | 2.8 MB | 1.3/8.9 MBProgress (4): 1.2/1.5 MB | 2.5/50 MB | 2.8 MB | 1.3/8.9 MBProgress (4): 1.2/1.5 MB | 2.5/50 MB | 2.8 MB | 1.3/8.9 MBProgress (4): 1.2/1.5 MB | 2.5/50 MB | 2.8 MB | 1.3/8.9 MBProgress (4): 1.2/1.5 MB | 2.5/50 MB | 2.8 MB | 1.3/8.9 MBProgress (4): 1.2/1.5 MB | 2.5/50 MB | 2.8 MB | 1.3/8.9 MBProgress (4): 1.3/1.5 MB | 2.5/50 MB | 2.8 MB | 1.3/8.9 MBProgress (4): 1.3/1.5 MB | 2.5/50 MB | 2.8 MB | 1.3/8.9 MB                                                          Downloaded from aliyun: https://maven.aliyun.com/repository/public/org/graalvm/regex/regex/22.0.0/regex-22.0.0.jar (2.8 MB at 1.9 MB/s)
Downloading from aliyun: https://maven.aliyun.com/repository/public/io/jsonwebtoken/jjwt/0.12.3/jjwt-0.12.3.jar
Progress (3): 1.3/1.5 MB | 2.5/50 MB | 1.4/8.9 MBProgress (3): 1.3/1.5 MB | 2.5/50 MB | 1.4/8.9 MBProgress (3): 1.3/1.5 MB | 2.5/50 MB | 1.4/8.9 MBProgress (3): 1.3/1.5 MB | 2.6/50 MB | 1.4/8.9 MBProgress (3): 1.3/1.5 MB | 2.6/50 MB | 1.4/8.9 MBProgress (3): 1.3/1.5 MB | 2.6/50 MB | 1.4/8.9 MBProgress (3): 1.3/1.5 MB | 2.6/50 MB | 1.4/8.9 MBProgress (3): 1.3/1.5 MB | 2.6/50 MB | 1.4/8.9 MBProgress (3): 1.3/1.5 MB | 2.6/50 MB | 1.4/8.9 MBProgress (3): 1.3/1.5 MB | 2.6/50 MB | 1.4/8.9 MBProgress (3): 1.3/1.5 MB | 2.6/50 MB | 1.4/8.9 MBProgress (3): 1.3/1.5 MB | 2.7/50 MB | 1.4/8.9 MBProgress (3): 1.3/1.5 MB | 2.7/50 MB | 1.4/8.9 MBProgress (3): 1.3/1.5 MB | 2.7/50 MB | 1.4/8.9 MBProgress (3): 1.3/1.5 MB | 2.7/50 MB | 1.4/8.9 MBProgress (3): 1.3/1.5 MB | 2.7/50 MB | 1.4/8.9 MBProgress (3): 1.3/1.5 MB | 2.7/50 MB | 1.4/8.9 MBProgress (3): 1.3/1.5 MB | 2.7/50 MB | 1.4/8.9 MBProgress (3): 1.3/1.5 MB | 2.7/50 MB | 1.5/8.9 MBProgress (3): 1.3/1.5 MB | 2.7/50 MB | 1.5/8.9 MBProgress (3): 1.3/1.5 MB | 2.7/50 MB | 1.5/8.9 MBProgress (4): 1.3/1.5 MB | 2.7/50 MB | 1.5/8.9 MB | 0.5/2.3 kBProgress (4): 1.3/1.5 MB | 2.7/50 MB | 1.5/8.9 MB | 2.3 kB    Progress (4): 1.3/1.5 MB | 2.7/50 MB | 1.5/8.9 MB | 2.3 kBProgress (4): 1.3/1.5 MB | 2.7/50 MB | 1.5/8.9 MB | 2.3 kBProgress (4): 1.3/1.5 MB | 2.7/50 MB | 1.5/8.9 MB | 2.3 kBProgress (4): 1.3/1.5 MB | 2.7/50 MB | 1.5/8.9 MB | 2.3 kBProgress (4): 1.3/1.5 MB | 2.7/50 MB | 1.5/8.9 MB | 2.3 kBProgress (4): 1.3/1.5 MB | 2.7/50 MB | 1.5/8.9 MB | 2.3 kBProgress (4): 1.3/1.5 MB | 2.8/50 MB | 1.5/8.9 MB | 2.3 kBProgress (4): 1.3/1.5 MB | 2.8/50 MB | 1.5/8.9 MB | 2.3 kBProgress (4): 1.3/1.5 MB | 2.8/50 MB | 1.5/8.9 MB | 2.3 kBProgress (4): 1.3/1.5 MB | 2.8/50 MB | 1.5/8.9 MB | 2.3 kBProgress (4): 1.3/1.5 MB | 2.8/50 MB | 1.6/8.9 MB | 2.3 kBProgress (4): 1.3/1.5 MB | 2.8/50 MB | 1.6/8.9 MB | 2.3 kBProgress (4): 1.3/1.5 MB | 2.8/50 MB | 1.6/8.9 MB | 2.3 kBProgress (4): 1.3/1.5 MB | 2.8/50 MB | 1.6/8.9 MB | 2.3 kBProgress (4): 1.3/1.5 MB | 2.8/50 MB | 1.6/8.9 MB | 2.3 kBProgress (4): 1.3/1.5 MB | 2.8/50 MB | 1.6/8.9 MB | 2.3 kBProgress (4): 1.3/1.5 MB | 2.8/50 MB | 1.6/8.9 MB | 2.3 kBProgress (4): 1.3/1.5 MB | 2.9/50 MB | 1.6/8.9 MB | 2.3 kBProgress (5): 1.3/1.5 MB | 2.9/50 MB | 1.6/8.9 MB | 2.3 kB | 4.8/105 kBProgress (5): 1.3/1.5 MB | 2.9/50 MB | 1.6/8.9 MB | 2.3 kB | 4.8/105 kBProgress (5): 1.3/1.5 MB | 2.9/50 MB | 1.6/8.9 MB | 2.3 kB | 4.8/105 kBProgress (5): 1.3/1.5 MB | 2.9/50 MB | 1.6/8.9 MB | 2.3 kB | 4.8/105 kBProgress (5): 1.3/1.5 MB | 2.9/50 MB | 1.7/8.9 MB | 2.3 kB | 4.8/105 kBProgress (5): 1.3/1.5 MB | 2.9/50 MB | 1.7/8.9 MB | 2.3 kB | 4.8/105 kBProgress (5): 1.3/1.5 MB | 2.9/50 MB | 1.7/8.9 MB | 2.3 kB | 4.8/105 kBProgress (5): 1.3/1.5 MB | 2.9/50 MB | 1.7/8.9 MB | 2.3 kB | 4.8/105 kBProgress (5): 1.3/1.5 MB | 2.9/50 MB | 1.7/8.9 MB | 2.3 kB | 4.8/105 kBProgress (5): 1.3/1.5 MB | 2.9/50 MB | 1.7/8.9 MB | 2.3 kB | 21/105 kB Progress (5): 1.3/1.5 MB | 2.9/50 MB | 1.7/8.9 MB | 2.3 kB | 21/105 kBProgress (5): 1.3/1.5 MB | 2.9/50 MB | 1.7/8.9 MB | 2.3 kB | 38/105 kBProgress (5): 1.3/1.5 MB | 2.9/50 MB | 1.7/8.9 MB | 2.3 kB | 38/105 kBProgress (5): 1.3/1.5 MB | 2.9/50 MB | 1.7/8.9 MB | 2.3 kB | 38/105 kBProgress (5): 1.3/1.5 MB | 2.9/50 MB | 1.7/8.9 MB | 2.3 kB | 54/105 kBProgress (5): 1.3/1.5 MB | 2.9/50 MB | 1.7/8.9 MB | 2.3 kB | 70/105 kBProgress (5): 1.3/1.5 MB | 2.9/50 MB | 1.7/8.9 MB | 2.3 kB | 70/105 kBProgress (5): 1.3/1.5 MB | 2.9/50 MB | 1.7/8.9 MB | 2.3 kB | 70/105 kBProgress (5): 1.3/1.5 MB | 2.9/50 MB | 1.7/8.9 MB | 2.3 kB | 70/105 kBProgress (5): 1.3/1.5 MB | 2.9/50 MB | 1.7/8.9 MB | 2.3 kB | 70/105 kBProgress (5): 1.3/1.5 MB | 2.9/50 MB | 1.7/8.9 MB | 2.3 kB | 87/105 kBProgress (5): 1.3/1.5 MB | 3.0/50 MB | 1.7/8.9 MB | 2.3 kB | 87/105 kBProgress (5): 1.3/1.5 MB | 3.0/50 MB | 1.7/8.9 MB | 2.3 kB | 87/105 kBProgress (5): 1.3/1.5 MB | 3.0/50 MB | 1.7/8.9 MB | 2.3 kB | 87/105 kBProgress (5): 1.3/1.5 MB | 3.0/50 MB | 1.8/8.9 MB | 2.3 kB | 87/105 kBProgress (5): 1.3/1.5 MB | 3.0/50 MB | 1.8/8.9 MB | 2.3 kB | 87/105 kBProgress (5): 1.3/1.5 MB | 3.0/50 MB | 1.8/8.9 MB | 2.3 kB | 87/105 kBProgress (5): 1.3/1.5 MB | 3.0/50 MB | 1.8/8.9 MB | 2.3 kB | 103/105 kBProgress (5): 1.3/1.5 MB | 3.0/50 MB | 1.8/8.9 MB | 2.3 kB | 105 kB    Progress (5): 1.3/1.5 MB | 3.0/50 MB | 1.8/8.9 MB | 2.3 kB | 105 kBProgress (5): 1.3/1.5 MB | 3.0/50 MB | 1.8/8.9 MB | 2.3 kB | 105 kBProgress (5): 1.3/1.5 MB | 3.0/50 MB | 1.8/8.9 MB | 2.3 kB | 105 kBProgress (5): 1.3/1.5 MB | 3.0/50 MB | 1.8/8.9 MB | 2.3 kB | 105 kBProgress (5): 1.3/1.5 MB | 3.0/50 MB | 1.8/8.9 MB | 2.3 kB | 105 kBProgress (5): 1.4/1.5 MB | 3.0/50 MB | 1.8/8.9 MB | 2.3 kB | 105 kBProgress (5): 1.4/1.5 MB | 3.0/50 MB | 1.8/8.9 MB | 2.3 kB | 105 kBProgress (5): 1.4/1.5 MB | 3.0/50 MB | 1.8/8.9 MB | 2.3 kB | 105 kBProgress (5): 1.4/1.5 MB | 3.0/50 MB | 1.8/8.9 MB | 2.3 kB | 105 kBProgress (5): 1.4/1.5 MB | 3.0/50 MB | 1.9/8.9 MB | 2.3 kB | 105 kBProgress (5): 1.4/1.5 MB | 3.0/50 MB | 1.9/8.9 MB | 2.3 kB | 105 kBProgress (5): 1.4/1.5 MB | 3.0/50 MB | 1.9/8.9 MB | 2.3 kB | 105 kBProgress (5): 1.4/1.5 MB | 3.0/50 MB | 1.9/8.9 MB | 2.3 kB | 105 kBProgress (5): 1.4/1.5 MB | 3.0/50 MB | 1.9/8.9 MB | 2.3 kB | 105 kBProgress (5): 1.4/1.5 MB | 3.1/50 MB | 1.9/8.9 MB | 2.3 kB | 105 kBProgress (5): 1.4/1.5 MB | 3.1/50 MB | 1.9/8.9 MB | 2.3 kB | 105 kBProgress (5): 1.4/1.5 MB | 3.1/50 MB | 1.9/8.9 MB | 2.3 kB | 105 kBProgress (5): 1.4/1.5 MB | 3.1/50 MB | 1.9/8.9 MB | 2.3 kB | 105 kBProgress (5): 1.4/1.5 MB | 3.1/50 MB | 1.9/8.9 MB | 2.3 kB | 105 kBProgress (5): 1.4/1.5 MB | 3.1/50 MB | 1.9/8.9 MB | 2.3 kB | 105 kBProgress (5): 1.4/1.5 MB | 3.1/50 MB | 1.9/8.9 MB | 2.3 kB | 105 kBProgress (5): 1.4/1.5 MB | 3.1/50 MB | 1.9/8.9 MB | 2.3 kB | 105 kBProgress (5): 1.4/1.5 MB | 3.1/50 MB | 2.0/8.9 MB | 2.3 kB | 105 kBProgress (5): 1.4/1.5 MB | 3.1/50 MB | 2.0/8.9 MB | 2.3 kB | 105 kBProgress (5): 1.4/1.5 MB | 3.1/50 MB | 2.0/8.9 MB | 2.3 kB | 105 kBProgress (5): 1.4/1.5 MB | 3.2/50 MB | 2.0/8.9 MB | 2.3 kB | 105 kBProgress (5): 1.4/1.5 MB | 3.2/50 MB | 2.0/8.9 MB | 2.3 kB | 105 kBProgress (5): 1.4/1.5 MB | 3.2/50 MB | 2.0/8.9 MB | 2.3 kB | 105 kBProgress (5): 1.4/1.5 MB | 3.2/50 MB | 2.0/8.9 MB | 2.3 kB | 105 kBProgress (5): 1.4/1.5 MB | 3.2/50 MB | 2.0/8.9 MB | 2.3 kB | 105 kBProgress (5): 1.4/1.5 MB | 3.2/50 MB | 2.0/8.9 MB | 2.3 kB | 105 kBProgress (5): 1.4/1.5 MB | 3.2/50 MB | 2.0/8.9 MB | 2.3 kB | 105 kBProgress (5): 1.4/1.5 MB | 3.2/50 MB | 2.0/8.9 MB | 2.3 kB | 105 kBProgress (5): 1.4/1.5 MB | 3.2/50 MB | 2.1/8.9 MB | 2.3 kB | 105 kBProgress (5): 1.4/1.5 MB | 3.2/50 MB | 2.1/8.9 MB | 2.3 kB | 105 kBProgress (5): 1.4/1.5 MB | 3.2/50 MB | 2.1/8.9 MB | 2.3 kB | 105 kBProgress (5): 1.4/1.5 MB | 3.2/50 MB | 2.1/8.9 MB | 2.3 kB | 105 kBProgress (5): 1.4/1.5 MB | 3.3/50 MB | 2.1/8.9 MB | 2.3 kB | 105 kBProgress (5): 1.4/1.5 MB | 3.3/50 MB | 2.1/8.9 MB | 2.3 kB | 105 kBProgress (5): 1.4/1.5 MB | 3.3/50 MB | 2.1/8.9 MB | 2.3 kB | 105 kBProgress (5): 1.4/1.5 MB | 3.3/50 MB | 2.1/8.9 MB | 2.3 kB | 105 kBProgress (5): 1.4/1.5 MB | 3.3/50 MB | 2.1/8.9 MB | 2.3 kB | 105 kBProgress (5): 1.4/1.5 MB | 3.3/50 MB | 2.1/8.9 MB | 2.3 kB | 105 kBProgress (5): 1.4/1.5 MB | 3.3/50 MB | 2.1/8.9 MB | 2.3 kB | 105 kBProgress (5): 1.4/1.5 MB | 3.3/50 MB | 2.1/8.9 MB | 2.3 kB | 105 kBProgress (5): 1.4/1.5 MB | 3.3/50 MB | 2.1/8.9 MB | 2.3 kB | 105 kBProgress (5): 1.4/1.5 MB | 3.3/50 MB | 2.1/8.9 MB | 2.3 kB | 105 kBProgress (5): 1.4/1.5 MB | 3.3/50 MB | 2.2/8.9 MB | 2.3 kB | 105 kBProgress (5): 1.4/1.5 MB | 3.3/50 MB | 2.2/8.9 MB | 2.3 kB | 105 kBProgress (5): 1.4/1.5 MB | 3.3/50 MB | 2.2/8.9 MB | 2.3 kB | 105 kBProgress (5): 1.4/1.5 MB | 3.3/50 MB | 2.2/8.9 MB | 2.3 kB | 105 kBProgress (5): 1.4/1.5 MB | 3.3/50 MB | 2.2/8.9 MB | 2.3 kB | 105 kBProgress (5): 1.4/1.5 MB | 3.3/50 MB | 2.2/8.9 MB | 2.3 kB | 105 kBProgress (5): 1.4/1.5 MB | 3.4/50 MB | 2.2/8.9 MB | 2.3 kB | 105 kBProgress (5): 1.4/1.5 MB | 3.4/50 MB | 2.2/8.9 MB | 2.3 kB | 105 kBProgress (5): 1.4/1.5 MB | 3.4/50 MB | 2.2/8.9 MB | 2.3 kB | 105 kBProgress (5): 1.4/1.5 MB | 3.4/50 MB | 2.2/8.9 MB | 2.3 kB | 105 kBProgress (5): 1.4/1.5 MB | 3.4/50 MB | 2.2/8.9 MB | 2.3 kB | 105 kBProgress (5): 1.4/1.5 MB | 3.4/50 MB | 2.2/8.9 MB | 2.3 kB | 105 kBProgress (5): 1.4/1.5 MB | 3.4/50 MB | 2.2/8.9 MB | 2.3 kB | 105 kBProgress (5): 1.4/1.5 MB | 3.4/50 MB | 2.2/8.9 MB | 2.3 kB | 105 kBProgress (5): 1.4/1.5 MB | 3.4/50 MB | 2.3/8.9 MB | 2.3 kB | 105 kBProgress (5): 1.4/1.5 MB | 3.4/50 MB | 2.3/8.9 MB | 2.3 kB | 105 kBProgress (5): 1.4/1.5 MB | 3.4/50 MB | 2.3/8.9 MB | 2.3 kB | 105 kBProgress (5): 1.4/1.5 MB | 3.4/50 MB | 2.3/8.9 MB | 2.3 kB | 105 kBProgress (5): 1.4/1.5 MB | 3.4/50 MB | 2.3/8.9 MB | 2.3 kB | 105 kBProgress (5): 1.4/1.5 MB | 3.4/50 MB | 2.3/8.9 MB | 2.3 kB | 105 kBProgress (5): 1.4/1.5 MB | 3.4/50 MB | 2.3/8.9 MB | 2.3 kB | 105 kBProgress (5): 1.4/1.5 MB | 3.5/50 MB | 2.3/8.9 MB | 2.3 kB | 105 kBProgress (5): 1.4/1.5 MB | 3.5/50 MB | 2.3/8.9 MB | 2.3 kB | 105 kBProgress (5): 1.5/1.5 MB | 3.5/50 MB | 2.3/8.9 MB | 2.3 kB | 105 kBProgress (5): 1.5/1.5 MB | 3.5/50 MB | 2.3/8.9 MB | 2.3 kB | 105 kBProgress (5): 1.5/1.5 MB | 3.5/50 MB | 2.4/8.9 MB | 2.3 kB | 105 kBProgress (5): 1.5/1.5 MB | 3.5/50 MB | 2.4/8.9 MB | 2.3 kB | 105 kB                                                                   Downloaded from aliyun: https://maven.aliyun.com/repository/public/io/jsonwebtoken/jjwt/0.12.3/jjwt-0.12.3.jar (2.3 kB at 1.4 kB/s)
Downloading from aliyun: https://maven.aliyun.com/repository/public/io/jsonwebtoken/jjwt-api/0.12.3/jjwt-api-0.12.3.jar
Progress (4): 1.5/1.5 MB | 3.5/50 MB | 2.4/8.9 MB | 105 kBProgress (4): 1.5/1.5 MB | 3.5/50 MB | 2.4/8.9 MB | 105 kBProgress (4): 1.5/1.5 MB | 3.5/50 MB | 2.4/8.9 MB | 105 kBProgress (4): 1.5/1.5 MB | 3.5/50 MB | 2.4/8.9 MB | 105 kBProgress (4): 1.5/1.5 MB | 3.5/50 MB | 2.4/8.9 MB | 105 kBProgress (4): 1.5/1.5 MB | 3.5/50 MB | 2.4/8.9 MB | 105 kBProgress (4): 1.5/1.5 MB | 3.6/50 MB | 2.4/8.9 MB | 105 kBProgress (4): 1.5/1.5 MB | 3.6/50 MB | 2.4/8.9 MB | 105 kBProgress (4): 1.5/1.5 MB | 3.6/50 MB | 2.4/8.9 MB | 105 kBProgress (4): 1.5/1.5 MB | 3.6/50 MB | 2.4/8.9 MB | 105 kBProgress (4): 1.5/1.5 MB | 3.6/50 MB | 2.4/8.9 MB | 105 kBProgress (4): 1.5/1.5 MB | 3.6/50 MB | 2.4/8.9 MB | 105 kBProgress (4): 1.5/1.5 MB | 3.6/50 MB | 2.4/8.9 MB | 105 kBProgress (4): 1.5/1.5 MB | 3.6/50 MB | 2.4/8.9 MB | 105 kBProgress (4): 1.5/1.5 MB | 3.6/50 MB | 2.5/8.9 MB | 105 kBProgress (4): 1.5/1.5 MB | 3.6/50 MB | 2.5/8.9 MB | 105 kBProgress (4): 1.5/1.5 MB | 3.6/50 MB | 2.5/8.9 MB | 105 kBProgress (4): 1.5/1.5 MB | 3.7/50 MB | 2.5/8.9 MB | 105 kBProgress (4): 1.5/1.5 MB | 3.7/50 MB | 2.5/8.9 MB | 105 kBProgress (4): 1.5/1.5 MB | 3.7/50 MB | 2.5/8.9 MB | 105 kBProgress (4): 1.5/1.5 MB | 3.7/50 MB | 2.5/8.9 MB | 105 kBProgress (5): 1.5/1.5 MB | 3.7/50 MB | 2.5/8.9 MB | 105 kB | 4.9/140 kBProgress (5): 1.5/1.5 MB | 3.7/50 MB | 2.5/8.9 MB | 105 kB | 21/140 kB Progress (5): 1.5/1.5 MB | 3.7/50 MB | 2.5/8.9 MB | 105 kB | 21/140 kBProgress (5): 1.5/1.5 MB | 3.7/50 MB | 2.5/8.9 MB | 105 kB | 21/140 kBProgress (5): 1.5/1.5 MB | 3.7/50 MB | 2.5/8.9 MB | 105 kB | 21/140 kBProgress (5): 1.5/1.5 MB | 3.7/50 MB | 2.5/8.9 MB | 105 kB | 21/140 kBProgress (5): 1.5/1.5 MB | 3.7/50 MB | 2.5/8.9 MB | 105 kB | 21/140 kBProgress (5): 1.5/1.5 MB | 3.7/50 MB | 2.5/8.9 MB | 105 kB | 38/140 kBProgress (5): 1.5/1.5 MB | 3.7/50 MB | 2.5/8.9 MB | 105 kB | 38/140 kBProgress (5): 1.5/1.5 MB | 3.7/50 MB | 2.5/8.9 MB | 105 kB | 54/140 kBProgress (5): 1.5/1.5 MB | 3.7/50 MB | 2.5/8.9 MB | 105 kB | 54/140 kBProgress (5): 1.5/1.5 MB | 3.8/50 MB | 2.5/8.9 MB | 105 kB | 54/140 kBProgress (5): 1.5/1.5 MB | 3.8/50 MB | 2.5/8.9 MB | 105 kB | 54/140 kBProgress (5): 1.5/1.5 MB | 3.8/50 MB | 2.5/8.9 MB | 105 kB | 54/140 kBProgress (5): 1.5/1.5 MB | 3.8/50 MB | 2.6/8.9 MB | 105 kB | 54/140 kBProgress (5): 1.5/1.5 MB | 3.8/50 MB | 2.6/8.9 MB | 105 kB | 54/140 kBProgress (5): 1.5/1.5 MB | 3.8/50 MB | 2.6/8.9 MB | 105 kB | 54/140 kBProgress (5): 1.5/1.5 MB | 3.8/50 MB | 2.6/8.9 MB | 105 kB | 63/140 kBProgress (5): 1.5/1.5 MB | 3.8/50 MB | 2.6/8.9 MB | 105 kB | 63/140 kBProgress (5): 1.5/1.5 MB | 3.8/50 MB | 2.6/8.9 MB | 105 kB | 66/140 kBProgress (5): 1.5/1.5 MB | 3.8/50 MB | 2.6/8.9 MB | 105 kB | 66/140 kBProgress (5): 1.5/1.5 MB | 3.8/50 MB | 2.6/8.9 MB | 105 kB | 66/140 kBProgress (5): 1.5/1.5 MB | 3.8/50 MB | 2.6/8.9 MB | 105 kB | 78/140 kBProgress (5): 1.5/1.5 MB | 3.8/50 MB | 2.6/8.9 MB | 105 kB | 78/140 kBProgress (5): 1.5/1.5 MB | 3.8/50 MB | 2.6/8.9 MB | 105 kB | 78/140 kBProgress (5): 1.5/1.5 MB | 3.8/50 MB | 2.6/8.9 MB | 105 kB | 78/140 kBProgress (5): 1.5/1.5 MB | 3.8/50 MB | 2.6/8.9 MB | 105 kB | 78/140 kBProgress (5): 1.5/1.5 MB | 3.8/50 MB | 2.6/8.9 MB | 105 kB | 94/140 kBProgress (5): 1.5/1.5 MB | 3.8/50 MB | 2.7/8.9 MB | 105 kB | 94/140 kBProgress (5): 1.5/1.5 MB | 3.8/50 MB | 2.7/8.9 MB | 105 kB | 94/140 kBProgress (5): 1.5/1.5 MB | 3.8/50 MB | 2.7/8.9 MB | 105 kB | 109/140 kBProgress (5): 1.5/1.5 MB | 3.8/50 MB | 2.7/8.9 MB | 105 kB | 109/140 kBProgress (5): 1.5/1.5 MB | 3.9/50 MB | 2.7/8.9 MB | 105 kB | 109/140 kBProgress (5): 1.5/1.5 MB | 3.9/50 MB | 2.7/8.9 MB | 105 kB | 109/140 kBProgress (5): 1.5/1.5 MB | 3.9/50 MB | 2.7/8.9 MB | 105 kB | 109/140 kBProgress (5): 1.5/1.5 MB | 3.9/50 MB | 2.7/8.9 MB | 105 kB | 109/140 kB                                                                       Downloaded from aliyun: https://maven.aliyun.com/repository/public/dev/langchain4j/langchain4j-zhipu-ai/0.35.0/langchain4j-zhipu-ai-0.35.0.jar (105 kB at 59 kB/s)
Downloading from aliyun: https://maven.aliyun.com/repository/public/dev/langchain4j/langchain4j-qianfan/0.35.0/langchain4j-qianfan-0.35.0.jar
Progress (4): 1.5/1.5 MB | 3.9/50 MB | 2.7/8.9 MB | 109/140 kBProgress (4): 1.5/1.5 MB | 3.9/50 MB | 2.7/8.9 MB | 109/140 kBProgress (4): 1.5/1.5 MB | 3.9/50 MB | 2.7/8.9 MB | 125/140 kBProgress (4): 1.5/1.5 MB | 3.9/50 MB | 2.7/8.9 MB | 127/140 kBProgress (4): 1.5/1.5 MB | 3.9/50 MB | 2.7/8.9 MB | 127/140 kBProgress (4): 1.5/1.5 MB | 3.9/50 MB | 2.7/8.9 MB | 133/140 kBProgress (4): 1.5/1.5 MB | 3.9/50 MB | 2.7/8.9 MB | 133/140 kBProgress (4): 1.5/1.5 MB | 3.9/50 MB | 2.7/8.9 MB | 140 kB    Progress (4): 1.5/1.5 MB | 3.9/50 MB | 2.7/8.9 MB | 140 kBProgress (4): 1.5/1.5 MB | 3.9/50 MB | 2.7/8.9 MB | 140 kBProgress (4): 1.5/1.5 MB | 3.9/50 MB | 2.8/8.9 MB | 140 kBProgress (4): 1.5/1.5 MB | 3.9/50 MB | 2.8/8.9 MB | 140 kBProgress (4): 1.5/1.5 MB | 3.9/50 MB | 2.8/8.9 MB | 140 kBProgress (4): 1.5/1.5 MB | 3.9/50 MB | 2.8/8.9 MB | 140 kBProgress (4): 1.5/1.5 MB | 4.0/50 MB | 2.8/8.9 MB | 140 kBProgress (4): 1.5/1.5 MB | 4.0/50 MB | 2.8/8.9 MB | 140 kBProgress (4): 1.5/1.5 MB | 4.0/50 MB | 2.8/8.9 MB | 140 kBProgress (5): 1.5/1.5 MB | 4.0/50 MB | 2.8/8.9 MB | 140 kB | 4.8/130 kBProgress (5): 1.5/1.5 MB | 4.0/50 MB | 2.8/8.9 MB | 140 kB | 4.8/130 kBProgress (5): 1.5/1.5 MB | 4.0/50 MB | 2.8/8.9 MB | 140 kB | 4.8/130 kBProgress (5): 1.5/1.5 MB | 4.0/50 MB | 2.8/8.9 MB | 140 kB | 4.8/130 kBProgress (5): 1.5/1.5 MB | 4.0/50 MB | 2.9/8.9 MB | 140 kB | 4.8/130 kBProgress (5): 1.5/1.5 MB | 4.0/50 MB | 2.9/8.9 MB | 140 kB | 4.8/130 kBProgress (5): 1.5 MB | 4.0/50 MB | 2.9/8.9 MB | 140 kB | 4.8/130 kB    Progress (5): 1.5 MB | 4.0/50 MB | 2.9/8.9 MB | 140 kB | 4.8/130 kBProgress (5): 1.5 MB | 4.0/50 MB | 2.9/8.9 MB | 140 kB | 4.8/130 kBProgress (5): 1.5 MB | 4.0/50 MB | 2.9/8.9 MB | 140 kB | 4.8/130 kBProgress (5): 1.5 MB | 4.0/50 MB | 2.9/8.9 MB | 140 kB | 4.8/130 kBProgress (5): 1.5 MB | 4.0/50 MB | 2.9/8.9 MB | 140 kB | 4.8/130 kBProgress (5): 1.5 MB | 4.0/50 MB | 2.9/8.9 MB | 140 kB | 21/130 kB Progress (5): 1.5 MB | 4.0/50 MB | 2.9/8.9 MB | 140 kB | 38/130 kBProgress (5): 1.5 MB | 4.0/50 MB | 2.9/8.9 MB | 140 kB | 38/130 kBProgress (5): 1.5 MB | 4.0/50 MB | 2.9/8.9 MB | 140 kB | 54/130 kBProgress (5): 1.5 MB | 4.0/50 MB | 2.9/8.9 MB | 140 kB | 54/130 kBProgress (5): 1.5 MB | 4.0/50 MB | 3.0/8.9 MB | 140 kB | 54/130 kBProgress (5): 1.5 MB | 4.0/50 MB | 3.0/8.9 MB | 140 kB | 54/130 kBProgress (5): 1.5 MB | 4.0/50 MB | 3.0/8.9 MB | 140 kB | 54/130 kBProgress (5): 1.5 MB | 4.0/50 MB | 3.0/8.9 MB | 140 kB | 54/130 kBProgress (5): 1.5 MB | 4.0/50 MB | 3.0/8.9 MB | 140 kB | 54/130 kBProgress (5): 1.5 MB | 4.0/50 MB | 3.0/8.9 MB | 140 kB | 70/130 kBProgress (5): 1.5 MB | 4.1/50 MB | 3.0/8.9 MB | 140 kB | 70/130 kBProgress (5): 1.5 MB | 4.1/50 MB | 3.0/8.9 MB | 140 kB | 70/130 kBProgress (5): 1.5 MB | 4.1/50 MB | 3.0/8.9 MB | 140 kB | 70/130 kBProgress (5): 1.5 MB | 4.1/50 MB | 3.1/8.9 MB | 140 kB | 70/130 kBProgress (5): 1.5 MB | 4.1/50 MB | 3.1/8.9 MB | 140 kB | 70/130 kBProgress (5): 1.5 MB | 4.1/50 MB | 3.1/8.9 MB | 140 kB | 70/130 kBProgress (5): 1.5 MB | 4.1/50 MB | 3.1/8.9 MB | 140 kB | 70/130 kBProgress (5): 1.5 MB | 4.1/50 MB | 3.1/8.9 MB | 140 kB | 87/130 kBProgress (5): 1.5 MB | 4.1/50 MB | 3.1/8.9 MB | 140 kB | 103/130 kBProgress (5): 1.5 MB | 4.1/50 MB | 3.1/8.9 MB | 140 kB | 103/130 kBProgress (5): 1.5 MB | 4.1/50 MB | 3.1/8.9 MB | 140 kB | 103/130 kBProgress (5): 1.5 MB | 4.1/50 MB | 3.1/8.9 MB | 140 kB | 103/130 kBProgress (5): 1.5 MB | 4.1/50 MB | 3.1/8.9 MB | 140 kB | 103/130 kBProgress (5): 1.5 MB | 4.1/50 MB | 3.2/8.9 MB | 140 kB | 103/130 kBProgress (5): 1.5 MB | 4.1/50 MB | 3.2/8.9 MB | 140 kB | 103/130 kBProgress (5): 1.5 MB | 4.1/50 MB | 3.2/8.9 MB | 140 kB | 103/130 kBProgress (5): 1.5 MB | 4.1/50 MB | 3.2/8.9 MB | 140 kB | 119/130 kBProgress (5): 1.5 MB | 4.1/50 MB | 3.2/8.9 MB | 140 kB | 130 kB    Progress (5): 1.5 MB | 4.1/50 MB | 3.2/8.9 MB | 140 kB | 130 kBProgress (5): 1.5 MB | 4.1/50 MB | 3.2/8.9 MB | 140 kB | 130 kBProgress (5): 1.5 MB | 4.1/50 MB | 3.2/8.9 MB | 140 kB | 130 kBProgress (5): 1.5 MB | 4.2/50 MB | 3.2/8.9 MB | 140 kB | 130 kBProgress (5): 1.5 MB | 4.2/50 MB | 3.2/8.9 MB | 140 kB | 130 kBProgress (5): 1.5 MB | 4.2/50 MB | 3.2/8.9 MB | 140 kB | 130 kBProgress (5): 1.5 MB | 4.2/50 MB | 3.2/8.9 MB | 140 kB | 130 kBProgress (5): 1.5 MB | 4.2/50 MB | 3.3/8.9 MB | 140 kB | 130 kBProgress (5): 1.5 MB | 4.2/50 MB | 3.3/8.9 MB | 140 kB | 130 kBProgress (5): 1.5 MB | 4.2/50 MB | 3.3/8.9 MB | 140 kB | 130 kBProgress (5): 1.5 MB | 4.2/50 MB | 3.3/8.9 MB | 140 kB | 130 kBProgress (5): 1.5 MB | 4.2/50 MB | 3.3/8.9 MB | 140 kB | 130 kBProgress (5): 1.5 MB | 4.2/50 MB | 3.3/8.9 MB | 140 kB | 130 kBProgress (5): 1.5 MB | 4.2/50 MB | 3.3/8.9 MB | 140 kB | 130 kBProgress (5): 1.5 MB | 4.2/50 MB | 3.3/8.9 MB | 140 kB | 130 kBProgress (5): 1.5 MB | 4.2/50 MB | 3.3/8.9 MB | 140 kB | 130 kBProgress (5): 1.5 MB | 4.2/50 MB | 3.4/8.9 MB | 140 kB | 130 kBProgress (5): 1.5 MB | 4.2/50 MB | 3.4/8.9 MB | 140 kB | 130 kBProgress (5): 1.5 MB | 4.2/50 MB | 3.4/8.9 MB | 140 kB | 130 kBProgress (5): 1.5 MB | 4.2/50 MB | 3.4/8.9 MB | 140 kB | 130 kB                                                               Downloaded from aliyun: https://maven.aliyun.com/repository/public/org/jetbrains/kotlinx/kotlinx-coroutines-core-jvm/1.8.1/kotlinx-coroutines-core-jvm-1.8.1.jar (1.5 MB at 813 kB/s)
Downloading from aliyun: https://maven.aliyun.com/repository/public/com/squareup/retrofit2/converter-gson/2.9.0/converter-gson-2.9.0.jar
Progress (4): 4.3/50 MB | 3.4/8.9 MB | 140 kB | 130 kBProgress (4): 4.3/50 MB | 3.4/8.9 MB | 140 kB | 130 kBProgress (4): 4.3/50 MB | 3.4/8.9 MB | 140 kB | 130 kBProgress (5): 4.3/50 MB | 3.4/8.9 MB | 140 kB | 130 kB | 4.6 kBProgress (5): 4.3/50 MB | 3.4/8.9 MB | 140 kB | 130 kB | 4.6 kBProgress (5): 4.3/50 MB | 3.4/8.9 MB | 140 kB | 130 kB | 4.6 kBProgress (5): 4.3/50 MB | 3.4/8.9 MB | 140 kB | 130 kB | 4.6 kBProgress (5): 4.3/50 MB | 3.4/8.9 MB | 140 kB | 130 kB | 4.6 kBProgress (5): 4.4/50 MB | 3.4/8.9 MB | 140 kB | 130 kB | 4.6 kBProgress (5): 4.4/50 MB | 3.4/8.9 MB | 140 kB | 130 kB | 4.6 kBProgress (5): 4.4/50 MB | 3.4/8.9 MB | 140 kB | 130 kB | 4.6 kB                                                               Downloaded from aliyun: https://maven.aliyun.com/repository/public/io/jsonwebtoken/jjwt-api/0.12.3/jjwt-api-0.12.3.jar (140 kB at 72 kB/s)
Downloading from aliyun: https://maven.aliyun.com/repository/public/dev/langchain4j/langchain4j-dashscope/0.35.0/langchain4j-dashscope-0.35.0.jar
Progress (4): 4.4/50 MB | 3.4/8.9 MB | 130 kB | 4.6 kBProgress (4): 4.4/50 MB | 3.4/8.9 MB | 130 kB | 4.6 kBProgress (4): 4.4/50 MB | 3.4/8.9 MB | 130 kB | 4.6 kBProgress (4): 4.4/50 MB | 3.5/8.9 MB | 130 kB | 4.6 kBProgress (4): 4.4/50 MB | 3.5/8.9 MB | 130 kB | 4.6 kBProgress (4): 4.4/50 MB | 3.5/8.9 MB | 130 kB | 4.6 kBProgress (4): 4.4/50 MB | 3.5/8.9 MB | 130 kB | 4.6 kBProgress (4): 4.4/50 MB | 3.5/8.9 MB | 130 kB | 4.6 kBProgress (4): 4.4/50 MB | 3.5/8.9 MB | 130 kB | 4.6 kBProgress (4): 4.4/50 MB | 3.5/8.9 MB | 130 kB | 4.6 kBProgress (4): 4.4/50 MB | 3.5/8.9 MB | 130 kB | 4.6 kBProgress (4): 4.4/50 MB | 3.5/8.9 MB | 130 kB | 4.6 kBProgress (4): 4.4/50 MB | 3.6/8.9 MB | 130 kB | 4.6 kBProgress (4): 4.5/50 MB | 3.6/8.9 MB | 130 kB | 4.6 kBProgress (4): 4.5/50 MB | 3.6/8.9 MB | 130 kB | 4.6 kBProgress (4): 4.5/50 MB | 3.6/8.9 MB | 130 kB | 4.6 kBProgress (4): 4.5/50 MB | 3.6/8.9 MB | 130 kB | 4.6 kBProgress (4): 4.5/50 MB | 3.6/8.9 MB | 130 kB | 4.6 kBProgress (4): 4.5/50 MB | 3.6/8.9 MB | 130 kB | 4.6 kBProgress (4): 4.5/50 MB | 3.6/8.9 MB | 130 kB | 4.6 kBProgress (5): 4.5/50 MB | 3.6/8.9 MB | 130 kB | 4.6 kB | 6.3/70 kBProgress (5): 4.5/50 MB | 3.6/8.9 MB | 130 kB | 4.6 kB | 6.3/70 kBProgress (5): 4.5/50 MB | 3.6/8.9 MB | 130 kB | 4.6 kB | 23/70 kB Progress (5): 4.5/50 MB | 3.6/8.9 MB | 130 kB | 4.6 kB | 39/70 kBProgress (5): 4.5/50 MB | 3.6/8.9 MB | 130 kB | 4.6 kB | 39/70 kBProgress (5): 4.5/50 MB | 3.6/8.9 MB | 130 kB | 4.6 kB | 39/70 kBProgress (5): 4.5/50 MB | 3.6/8.9 MB | 130 kB | 4.6 kB | 39/70 kBProgress (5): 4.6/50 MB | 3.6/8.9 MB | 130 kB | 4.6 kB | 39/70 kBProgress (5): 4.6/50 MB | 3.7/8.9 MB | 130 kB | 4.6 kB | 39/70 kBProgress (5): 4.6/50 MB | 3.7/8.9 MB | 130 kB | 4.6 kB | 39/70 kBProgress (5): 4.6/50 MB | 3.7/8.9 MB | 130 kB | 4.6 kB | 39/70 kBProgress (5): 4.6/50 MB | 3.7/8.9 MB | 130 kB | 4.6 kB | 39/70 kBProgress (5): 4.6/50 MB | 3.7/8.9 MB | 130 kB | 4.6 kB | 39/70 kBProgress (5): 4.6/50 MB | 3.7/8.9 MB | 130 kB | 4.6 kB | 39/70 kBProgress (5): 4.6/50 MB | 3.7/8.9 MB | 130 kB | 4.6 kB | 55/70 kBProgress (5): 4.6/50 MB | 3.7/8.9 MB | 130 kB | 4.6 kB | 55/70 kBProgress (5): 4.6/50 MB | 3.7/8.9 MB | 130 kB | 4.6 kB | 55/70 kBProgress (5): 4.6/50 MB | 3.7/8.9 MB | 130 kB | 4.6 kB | 70 kB   Progress (5): 4.6/50 MB | 3.7/8.9 MB | 130 kB | 4.6 kB | 70 kBProgress (5): 4.7/50 MB | 3.7/8.9 MB | 130 kB | 4.6 kB | 70 kBProgress (5): 4.7/50 MB | 3.7/8.9 MB | 130 kB | 4.6 kB | 70 kBProgress (5): 4.7/50 MB | 3.7/8.9 MB | 130 kB | 4.6 kB | 70 kBProgress (5): 4.7/50 MB | 3.7/8.9 MB | 130 kB | 4.6 kB | 70 kBProgress (5): 4.7/50 MB | 3.7/8.9 MB | 130 kB | 4.6 kB | 70 kBProgress (5): 4.7/50 MB | 3.8/8.9 MB | 130 kB | 4.6 kB | 70 kBProgress (5): 4.7/50 MB | 3.8/8.9 MB | 130 kB | 4.6 kB | 70 kBProgress (5): 4.7/50 MB | 3.8/8.9 MB | 130 kB | 4.6 kB | 70 kBProgress (5): 4.7/50 MB | 3.8/8.9 MB | 130 kB | 4.6 kB | 70 kBProgress (5): 4.7/50 MB | 3.8/8.9 MB | 130 kB | 4.6 kB | 70 kBProgress (5): 4.7/50 MB | 3.8/8.9 MB | 130 kB | 4.6 kB | 70 kBProgress (5): 4.7/50 MB | 3.8/8.9 MB | 130 kB | 4.6 kB | 70 kBProgress (5): 4.7/50 MB | 3.8/8.9 MB | 130 kB | 4.6 kB | 70 kBProgress (5): 4.7/50 MB | 3.9/8.9 MB | 130 kB | 4.6 kB | 70 kBProgress (5): 4.7/50 MB | 3.9/8.9 MB | 130 kB | 4.6 kB | 70 kB                                                              Downloaded from aliyun: https://maven.aliyun.com/repository/public/dev/langchain4j/langchain4j-qianfan/0.35.0/langchain4j-qianfan-0.35.0.jar (130 kB at 63 kB/s)
Downloading from aliyun: https://maven.aliyun.com/repository/public/com/alibaba/dashscope-sdk-java/2.16.4/dashscope-sdk-java-2.16.4.jar
Progress (4): 4.7/50 MB | 3.9/8.9 MB | 4.6 kB | 70 kBProgress (4): 4.7/50 MB | 3.9/8.9 MB | 4.6 kB | 70 kBProgress (4): 4.7/50 MB | 3.9/8.9 MB | 4.6 kB | 70 kBProgress (4): 4.7/50 MB | 3.9/8.9 MB | 4.6 kB | 70 kBProgress (4): 4.8/50 MB | 3.9/8.9 MB | 4.6 kB | 70 kBProgress (4): 4.8/50 MB | 3.9/8.9 MB | 4.6 kB | 70 kBProgress (4): 4.8/50 MB | 3.9/8.9 MB | 4.6 kB | 70 kBProgress (4): 4.8/50 MB | 3.9/8.9 MB | 4.6 kB | 70 kBProgress (4): 4.8/50 MB | 3.9/8.9 MB | 4.6 kB | 70 kBProgress (4): 4.8/50 MB | 3.9/8.9 MB | 4.6 kB | 70 kBProgress (4): 4.8/50 MB | 3.9/8.9 MB | 4.6 kB | 70 kBProgress (4): 4.8/50 MB | 3.9/8.9 MB | 4.6 kB | 70 kBProgress (4): 4.8/50 MB | 3.9/8.9 MB | 4.6 kB | 70 kBProgress (4): 4.8/50 MB | 4.0/8.9 MB | 4.6 kB | 70 kBProgress (4): 4.9/50 MB | 4.0/8.9 MB | 4.6 kB | 70 kBProgress (4): 4.9/50 MB | 4.0/8.9 MB | 4.6 kB | 70 kBProgress (4): 4.9/50 MB | 4.0/8.9 MB | 4.6 kB | 70 kBProgress (4): 4.9/50 MB | 4.0/8.9 MB | 4.6 kB | 70 kBProgress (4): 4.9/50 MB | 4.0/8.9 MB | 4.6 kB | 70 kBProgress (5): 4.9/50 MB | 4.0/8.9 MB | 4.6 kB | 70 kB | 0/2.1 MBProgress (5): 4.9/50 MB | 4.0/8.9 MB | 4.6 kB | 70 kB | 0/2.1 MBProgress (5): 4.9/50 MB | 4.0/8.9 MB | 4.6 kB | 70 kB | 0/2.1 MBProgress (5): 4.9/50 MB | 4.0/8.9 MB | 4.6 kB | 70 kB | 0/2.1 MBProgress (5): 4.9/50 MB | 4.0/8.9 MB | 4.6 kB | 70 kB | 0/2.1 MBProgress (5): 5.0/50 MB | 4.0/8.9 MB | 4.6 kB | 70 kB | 0/2.1 MBProgress (5): 5.0/50 MB | 4.0/8.9 MB | 4.6 kB | 70 kB | 0/2.1 MBProgress (5): 5.0/50 MB | 4.0/8.9 MB | 4.6 kB | 70 kB | 0/2.1 MBProgress (5): 5.0/50 MB | 4.0/8.9 MB | 4.6 kB | 70 kB | 0/2.1 MBProgress (5): 5.0/50 MB | 4.0/8.9 MB | 4.6 kB | 70 kB | 0/2.1 MBProgress (5): 5.0/50 MB | 4.0/8.9 MB | 4.6 kB | 70 kB | 0/2.1 MBProgress (5): 5.0/50 MB | 4.0/8.9 MB | 4.6 kB | 70 kB | 0/2.1 MBProgress (5): 5.0/50 MB | 4.0/8.9 MB | 4.6 kB | 70 kB | 0/2.1 MBProgress (5): 5.0/50 MB | 4.0/8.9 MB | 4.6 kB | 70 kB | 0/2.1 MBProgress (5): 5.0/50 MB | 4.0/8.9 MB | 4.6 kB | 70 kB | 0/2.1 MBProgress (5): 5.1/50 MB | 4.0/8.9 MB | 4.6 kB | 70 kB | 0/2.1 MBProgress (5): 5.1/50 MB | 4.1/8.9 MB | 4.6 kB | 70 kB | 0/2.1 MBProgress (5): 5.1/50 MB | 4.1/8.9 MB | 4.6 kB | 70 kB | 0/2.1 MBProgress (5): 5.1/50 MB | 4.1/8.9 MB | 4.6 kB | 70 kB | 0/2.1 MBProgress (5): 5.1/50 MB | 4.1/8.9 MB | 4.6 kB | 70 kB | 0/2.1 MB                                                                Downloaded from aliyun: https://maven.aliyun.com/repository/public/com/squareup/retrofit2/converter-gson/2.9.0/converter-gson-2.9.0.jar (4.6 kB at 2.2 kB/s)
Downloading from aliyun: https://maven.aliyun.com/repository/public/io/reactivex/rxjava2/rxjava/2.2.21/rxjava-2.2.21.jar
Progress (4): 5.1/50 MB | 4.1/8.9 MB | 70 kB | 0/2.1 MBProgress (4): 5.1/50 MB | 4.1/8.9 MB | 70 kB | 0/2.1 MBProgress (4): 5.1/50 MB | 4.1/8.9 MB | 70 kB | 0/2.1 MBProgress (4): 5.1/50 MB | 4.1/8.9 MB | 70 kB | 0/2.1 MBProgress (4): 5.1/50 MB | 4.1/8.9 MB | 70 kB | 0/2.1 MBProgress (4): 5.2/50 MB | 4.1/8.9 MB | 70 kB | 0/2.1 MBProgress (4): 5.2/50 MB | 4.1/8.9 MB | 70 kB | 0/2.1 MBProgress (4): 5.2/50 MB | 4.1/8.9 MB | 70 kB | 0/2.1 MBProgress (4): 5.2/50 MB | 4.1/8.9 MB | 70 kB | 0/2.1 MBProgress (4): 5.2/50 MB | 4.2/8.9 MB | 70 kB | 0/2.1 MBProgress (4): 5.2/50 MB | 4.2/8.9 MB | 70 kB | 0/2.1 MBProgress (4): 5.2/50 MB | 4.2/8.9 MB | 70 kB | 0/2.1 MBProgress (4): 5.2/50 MB | 4.2/8.9 MB | 70 kB | 0.1/2.1 MBProgress (4): 5.2/50 MB | 4.2/8.9 MB | 70 kB | 0.1/2.1 MBProgress (4): 5.2/50 MB | 4.2/8.9 MB | 70 kB | 0.1/2.1 MBProgress (4): 5.2/50 MB | 4.2/8.9 MB | 70 kB | 0.1/2.1 MBProgress (4): 5.2/50 MB | 4.2/8.9 MB | 70 kB | 0.1/2.1 MBProgress (4): 5.2/50 MB | 4.2/8.9 MB | 70 kB | 0.1/2.1 MBProgress (4): 5.2/50 MB | 4.2/8.9 MB | 70 kB | 0.1/2.1 MBProgress (4): 5.2/50 MB | 4.2/8.9 MB | 70 kB | 0.1/2.1 MBProgress (4): 5.3/50 MB | 4.2/8.9 MB | 70 kB | 0.1/2.1 MBProgress (4): 5.3/50 MB | 4.2/8.9 MB | 70 kB | 0.1/2.1 MBProgress (4): 5.3/50 MB | 4.2/8.9 MB | 70 kB | 0.1/2.1 MBProgress (4): 5.3/50 MB | 4.2/8.9 MB | 70 kB | 0.1/2.1 MBProgress (4): 5.3/50 MB | 4.2/8.9 MB | 70 kB | 0.1/2.1 MBProgress (4): 5.3/50 MB | 4.3/8.9 MB | 70 kB | 0.1/2.1 MBProgress (4): 5.3/50 MB | 4.3/8.9 MB | 70 kB | 0.1/2.1 MBProgress (4): 5.3/50 MB | 4.3/8.9 MB | 70 kB | 0.1/2.1 MBProgress (4): 5.3/50 MB | 4.3/8.9 MB | 70 kB | 0.1/2.1 MBProgress (4): 5.3/50 MB | 4.3/8.9 MB | 70 kB | 0.1/2.1 MBProgress (4): 5.3/50 MB | 4.3/8.9 MB | 70 kB | 0.1/2.1 MBProgress (4): 5.3/50 MB | 4.3/8.9 MB | 70 kB | 0.1/2.1 MBProgress (4): 5.3/50 MB | 4.3/8.9 MB | 70 kB | 0.1/2.1 MBProgress (5): 5.3/50 MB | 4.3/8.9 MB | 70 kB | 0.1/2.1 MB | 0/2.4 MBProgress (5): 5.3/50 MB | 4.3/8.9 MB | 70 kB | 0.1/2.1 MB | 0/2.4 MBProgress (5): 5.4/50 MB | 4.3/8.9 MB | 70 kB | 0.1/2.1 MB | 0/2.4 MBProgress (5): 5.4/50 MB | 4.3/8.9 MB | 70 kB | 0.1/2.1 MB | 0/2.4 MBProgress (5): 5.4/50 MB | 4.3/8.9 MB | 70 kB | 0.1/2.1 MB | 0/2.4 MBProgress (5): 5.4/50 MB | 4.3/8.9 MB | 70 kB | 0.1/2.1 MB | 0/2.4 MBProgress (5): 5.4/50 MB | 4.3/8.9 MB | 70 kB | 0.1/2.1 MB | 0/2.4 MBProgress (5): 5.4/50 MB | 4.3/8.9 MB | 70 kB | 0.1/2.1 MB | 0/2.4 MBProgress (5): 5.5/50 MB | 4.3/8.9 MB | 70 kB | 0.1/2.1 MB | 0/2.4 MBProgress (5): 5.5/50 MB | 4.3/8.9 MB | 70 kB | 0.1/2.1 MB | 0/2.4 MBProgress (5): 5.5/50 MB | 4.3/8.9 MB | 70 kB | 0.1/2.1 MB | 0/2.4 MBProgress (5): 5.5/50 MB | 4.3/8.9 MB | 70 kB | 0.2/2.1 MB | 0/2.4 MBProgress (5): 5.5/50 MB | 4.3/8.9 MB | 70 kB | 0.2/2.1 MB | 0/2.4 MBProgress (5): 5.5/50 MB | 4.3/8.9 MB | 70 kB | 0.2/2.1 MB | 0/2.4 MBProgress (5): 5.5/50 MB | 4.3/8.9 MB | 70 kB | 0.2/2.1 MB | 0/2.4 MBProgress (5): 5.5/50 MB | 4.3/8.9 MB | 70 kB | 0.2/2.1 MB | 0/2.4 MBProgress (5): 5.5/50 MB | 4.4/8.9 MB | 70 kB | 0.2/2.1 MB | 0/2.4 MBProgress (5): 5.5/50 MB | 4.4/8.9 MB | 70 kB | 0.2/2.1 MB | 0/2.4 MBProgress (5): 5.5/50 MB | 4.4/8.9 MB | 70 kB | 0.2/2.1 MB | 0/2.4 MBProgress (5): 5.5/50 MB | 4.4/8.9 MB | 70 kB | 0.2/2.1 MB | 0/2.4 MBProgress (5): 5.5/50 MB | 4.4/8.9 MB | 70 kB | 0.2/2.1 MB | 0/2.4 MBProgress (5): 5.5/50 MB | 4.4/8.9 MB | 70 kB | 0.2/2.1 MB | 0/2.4 MBProgress (5): 5.5/50 MB | 4.4/8.9 MB | 70 kB | 0.2/2.1 MB | 0/2.4 MBProgress (5): 5.5/50 MB | 4.4/8.9 MB | 70 kB | 0.2/2.1 MB | 0/2.4 MBProgress (5): 5.5/50 MB | 4.4/8.9 MB | 70 kB | 0.2/2.1 MB | 0.1/2.4 MBProgress (5): 5.5/50 MB | 4.4/8.9 MB | 70 kB | 0.2/2.1 MB | 0.1/2.4 MBProgress (5): 5.5/50 MB | 4.4/8.9 MB | 70 kB | 0.2/2.1 MB | 0.1/2.4 MBProgress (5): 5.6/50 MB | 4.4/8.9 MB | 70 kB | 0.2/2.1 MB | 0.1/2.4 MB                                                                      Downloaded from aliyun: https://maven.aliyun.com/repository/public/dev/langchain4j/langchain4j-dashscope/0.35.0/langchain4j-dashscope-0.35.0.jar (70 kB at 32 kB/s)
Downloading from aliyun: https://maven.aliyun.com/repository/public/com/squareup/okhttp3/logging-interceptor/4.12.0/logging-interceptor-4.12.0.jar
Progress (4): 5.6/50 MB | 4.4/8.9 MB | 0.2/2.1 MB | 0.1/2.4 MBProgress (4): 5.6/50 MB | 4.4/8.9 MB | 0.2/2.1 MB | 0.1/2.4 MBProgress (4): 5.6/50 MB | 4.4/8.9 MB | 0.2/2.1 MB | 0.1/2.4 MBProgress (4): 5.6/50 MB | 4.4/8.9 MB | 0.2/2.1 MB | 0.1/2.4 MBProgress (4): 5.6/50 MB | 4.4/8.9 MB | 0.2/2.1 MB | 0.1/2.4 MBProgress (4): 5.6/50 MB | 4.4/8.9 MB | 0.2/2.1 MB | 0.1/2.4 MBProgress (4): 5.6/50 MB | 4.4/8.9 MB | 0.2/2.1 MB | 0.1/2.4 MBProgress (5): 5.6/50 MB | 4.4/8.9 MB | 0.2/2.1 MB | 0.1/2.4 MB | 1.9/16 kBProgress (5): 5.6/50 MB | 4.4/8.9 MB | 0.2/2.1 MB | 0.1/2.4 MB | 1.9/16 kBProgress (5): 5.6/50 MB | 4.4/8.9 MB | 0.2/2.1 MB | 0.1/2.4 MB | 1.9/16 kBProgress (5): 5.7/50 MB | 4.4/8.9 MB | 0.2/2.1 MB | 0.1/2.4 MB | 1.9/16 kBProgress (5): 5.7/50 MB | 4.4/8.9 MB | 0.2/2.1 MB | 0.1/2.4 MB | 1.9/16 kBProgress (5): 5.7/50 MB | 4.4/8.9 MB | 0.2/2.1 MB | 0.1/2.4 MB | 1.9/16 kBProgress (5): 5.7/50 MB | 4.4/8.9 MB | 0.2/2.1 MB | 0.1/2.4 MB | 1.9/16 kBProgress (5): 5.7/50 MB | 4.4/8.9 MB | 0.2/2.1 MB | 0.1/2.4 MB | 1.9/16 kBProgress (5): 5.7/50 MB | 4.5/8.9 MB | 0.2/2.1 MB | 0.1/2.4 MB | 1.9/16 kBProgress (5): 5.7/50 MB | 4.5/8.9 MB | 0.2/2.1 MB | 0.1/2.4 MB | 1.9/16 kBProgress (5): 5.7/50 MB | 4.5/8.9 MB | 0.2/2.1 MB | 0.1/2.4 MB | 1.9/16 kBProgress (5): 5.7/50 MB | 4.5/8.9 MB | 0.2/2.1 MB | 0.1/2.4 MB | 1.9/16 kBProgress (5): 5.7/50 MB | 4.5/8.9 MB | 0.2/2.1 MB | 0.1/2.4 MB | 16 kB    Progress (5): 5.7/50 MB | 4.5/8.9 MB | 0.2/2.1 MB | 0.1/2.4 MB | 16 kBProgress (5): 5.7/50 MB | 4.5/8.9 MB | 0.2/2.1 MB | 0.1/2.4 MB | 16 kBProgress (5): 5.7/50 MB | 4.5/8.9 MB | 0.2/2.1 MB | 0.1/2.4 MB | 16 kBProgress (5): 5.7/50 MB | 4.5/8.9 MB | 0.2/2.1 MB | 0.1/2.4 MB | 16 kBProgress (5): 5.7/50 MB | 4.5/8.9 MB | 0.2/2.1 MB | 0.1/2.4 MB | 16 kBProgress (5): 5.7/50 MB | 4.5/8.9 MB | 0.2/2.1 MB | 0.1/2.4 MB | 16 kBProgress (5): 5.7/50 MB | 4.5/8.9 MB | 0.2/2.1 MB | 0.1/2.4 MB | 16 kBProgress (5): 5.7/50 MB | 4.5/8.9 MB | 0.2/2.1 MB | 0.1/2.4 MB | 16 kBProgress (5): 5.7/50 MB | 4.5/8.9 MB | 0.2/2.1 MB | 0.1/2.4 MB | 16 kBProgress (5): 5.7/50 MB | 4.6/8.9 MB | 0.2/2.1 MB | 0.1/2.4 MB | 16 kBProgress (5): 5.8/50 MB | 4.6/8.9 MB | 0.2/2.1 MB | 0.1/2.4 MB | 16 kBProgress (5): 5.8/50 MB | 4.6/8.9 MB | 0.2/2.1 MB | 0.1/2.4 MB | 16 kBProgress (5): 5.8/50 MB | 4.6/8.9 MB | 0.2/2.1 MB | 0.1/2.4 MB | 16 kBProgress (5): 5.8/50 MB | 4.6/8.9 MB | 0.2/2.1 MB | 0.1/2.4 MB | 16 kBProgress (5): 5.8/50 MB | 4.6/8.9 MB | 0.2/2.1 MB | 0.1/2.4 MB | 16 kBProgress (5): 5.8/50 MB | 4.6/8.9 MB | 0.2/2.1 MB | 0.1/2.4 MB | 16 kBProgress (5): 5.8/50 MB | 4.6/8.9 MB | 0.2/2.1 MB | 0.1/2.4 MB | 16 kBProgress (5): 5.8/50 MB | 4.6/8.9 MB | 0.2/2.1 MB | 0.1/2.4 MB | 16 kBProgress (5): 5.8/50 MB | 4.6/8.9 MB | 0.2/2.1 MB | 0.1/2.4 MB | 16 kBProgress (5): 5.8/50 MB | 4.6/8.9 MB | 0.2/2.1 MB | 0.1/2.4 MB | 16 kBProgress (5): 5.8/50 MB | 4.6/8.9 MB | 0.2/2.1 MB | 0.1/2.4 MB | 16 kBProgress (5): 5.8/50 MB | 4.6/8.9 MB | 0.3/2.1 MB | 0.1/2.4 MB | 16 kBProgress (5): 5.8/50 MB | 4.6/8.9 MB | 0.3/2.1 MB | 0.1/2.4 MB | 16 kBProgress (5): 5.8/50 MB | 4.6/8.9 MB | 0.3/2.1 MB | 0.1/2.4 MB | 16 kBProgress (5): 5.8/50 MB | 4.6/8.9 MB | 0.3/2.1 MB | 0.1/2.4 MB | 16 kBProgress (5): 5.8/50 MB | 4.6/8.9 MB | 0.3/2.1 MB | 0.1/2.4 MB | 16 kBProgress (5): 5.9/50 MB | 4.6/8.9 MB | 0.3/2.1 MB | 0.1/2.4 MB | 16 kBProgress (5): 5.9/50 MB | 4.6/8.9 MB | 0.3/2.1 MB | 0.1/2.4 MB | 16 kBProgress (5): 5.9/50 MB | 4.6/8.9 MB | 0.3/2.1 MB | 0.1/2.4 MB | 16 kBProgress (5): 5.9/50 MB | 4.6/8.9 MB | 0.3/2.1 MB | 0.1/2.4 MB | 16 kBProgress (5): 5.9/50 MB | 4.6/8.9 MB | 0.3/2.1 MB | 0.1/2.4 MB | 16 kBProgress (5): 5.9/50 MB | 4.6/8.9 MB | 0.3/2.1 MB | 0.1/2.4 MB | 16 kBProgress (5): 5.9/50 MB | 4.6/8.9 MB | 0.3/2.1 MB | 0.1/2.4 MB | 16 kB                                                                      Downloaded from aliyun: https://maven.aliyun.com/repository/public/com/squareup/okhttp3/logging-interceptor/4.12.0/logging-interceptor-4.12.0.jar (16 kB at 6.8 kB/s)
Downloading from aliyun: https://maven.aliyun.com/repository/public/com/github/victools/jsonschema-generator/4.31.1/jsonschema-generator-4.31.1.jar
Progress (4): 5.9/50 MB | 4.6/8.9 MB | 0.3/2.1 MB | 0.2/2.4 MBProgress (4): 6.0/50 MB | 4.6/8.9 MB | 0.3/2.1 MB | 0.2/2.4 MBProgress (4): 6.0/50 MB | 4.6/8.9 MB | 0.3/2.1 MB | 0.2/2.4 MBProgress (4): 6.0/50 MB | 4.6/8.9 MB | 0.3/2.1 MB | 0.2/2.4 MBProgress (4): 6.0/50 MB | 4.6/8.9 MB | 0.3/2.1 MB | 0.2/2.4 MBProgress (4): 6.0/50 MB | 4.7/8.9 MB | 0.3/2.1 MB | 0.2/2.4 MBProgress (4): 6.0/50 MB | 4.7/8.9 MB | 0.3/2.1 MB | 0.2/2.4 MBProgress (4): 6.0/50 MB | 4.7/8.9 MB | 0.3/2.1 MB | 0.2/2.4 MBProgress (4): 6.0/50 MB | 4.7/8.9 MB | 0.3/2.1 MB | 0.2/2.4 MBProgress (4): 6.0/50 MB | 4.7/8.9 MB | 0.3/2.1 MB | 0.2/2.4 MBProgress (4): 6.0/50 MB | 4.7/8.9 MB | 0.3/2.1 MB | 0.2/2.4 MBProgress (4): 6.0/50 MB | 4.7/8.9 MB | 0.3/2.1 MB | 0.2/2.4 MBProgress (4): 6.0/50 MB | 4.7/8.9 MB | 0.3/2.1 MB | 0.2/2.4 MBProgress (4): 6.0/50 MB | 4.7/8.9 MB | 0.3/2.1 MB | 0.2/2.4 MBProgress (4): 6.0/50 MB | 4.7/8.9 MB | 0.3/2.1 MB | 0.2/2.4 MBProgress (4): 6.0/50 MB | 4.8/8.9 MB | 0.3/2.1 MB | 0.2/2.4 MBProgress (4): 6.0/50 MB | 4.8/8.9 MB | 0.3/2.1 MB | 0.2/2.4 MBProgress (4): 6.1/50 MB | 4.8/8.9 MB | 0.3/2.1 MB | 0.2/2.4 MBProgress (4): 6.1/50 MB | 4.8/8.9 MB | 0.3/2.1 MB | 0.2/2.4 MBProgress (4): 6.1/50 MB | 4.8/8.9 MB | 0.3/2.1 MB | 0.2/2.4 MBProgress (4): 6.1/50 MB | 4.8/8.9 MB | 0.3/2.1 MB | 0.2/2.4 MBProgress (4): 6.1/50 MB | 4.8/8.9 MB | 0.3/2.1 MB | 0.2/2.4 MBProgress (4): 6.1/50 MB | 4.8/8.9 MB | 0.4/2.1 MB | 0.2/2.4 MBProgress (4): 6.1/50 MB | 4.8/8.9 MB | 0.4/2.1 MB | 0.2/2.4 MBProgress (4): 6.1/50 MB | 4.8/8.9 MB | 0.4/2.1 MB | 0.2/2.4 MBProgress (4): 6.1/50 MB | 4.8/8.9 MB | 0.4/2.1 MB | 0.2/2.4 MBProgress (5): 6.1/50 MB | 4.8/8.9 MB | 0.4/2.1 MB | 0.2/2.4 MB | 7.3/144 kBProgress (5): 6.1/50 MB | 4.8/8.9 MB | 0.4/2.1 MB | 0.2/2.4 MB | 16/144 kB Progress (5): 6.1/50 MB | 4.8/8.9 MB | 0.4/2.1 MB | 0.2/2.4 MB | 32/144 kBProgress (5): 6.1/50 MB | 4.8/8.9 MB | 0.4/2.1 MB | 0.2/2.4 MB | 32/144 kBProgress (5): 6.1/50 MB | 4.8/8.9 MB | 0.4/2.1 MB | 0.2/2.4 MB | 32/144 kBProgress (5): 6.1/50 MB | 4.8/8.9 MB | 0.4/2.1 MB | 0.2/2.4 MB | 32/144 kBProgress (5): 6.1/50 MB | 4.8/8.9 MB | 0.4/2.1 MB | 0.2/2.4 MB | 32/144 kBProgress (5): 6.1/50 MB | 4.8/8.9 MB | 0.4/2.1 MB | 0.2/2.4 MB | 32/144 kBProgress (5): 6.1/50 MB | 4.8/8.9 MB | 0.4/2.1 MB | 0.2/2.4 MB | 32/144 kBProgress (5): 6.2/50 MB | 4.8/8.9 MB | 0.4/2.1 MB | 0.2/2.4 MB | 32/144 kBProgress (5): 6.2/50 MB | 4.8/8.9 MB | 0.4/2.1 MB | 0.2/2.4 MB | 32/144 kBProgress (5): 6.2/50 MB | 4.8/8.9 MB | 0.4/2.1 MB | 0.2/2.4 MB | 32/144 kBProgress (5): 6.2/50 MB | 4.8/8.9 MB | 0.4/2.1 MB | 0.2/2.4 MB | 32/144 kBProgress (5): 6.2/50 MB | 4.8/8.9 MB | 0.4/2.1 MB | 0.2/2.4 MB | 48/144 kBProgress (5): 6.2/50 MB | 4.8/8.9 MB | 0.4/2.1 MB | 0.2/2.4 MB | 48/144 kBProgress (5): 6.2/50 MB | 4.8/8.9 MB | 0.4/2.1 MB | 0.2/2.4 MB | 48/144 kBProgress (5): 6.2/50 MB | 4.8/8.9 MB | 0.4/2.1 MB | 0.2/2.4 MB | 48/144 kBProgress (5): 6.2/50 MB | 4.8/8.9 MB | 0.4/2.1 MB | 0.2/2.4 MB | 48/144 kBProgress (5): 6.2/50 MB | 4.9/8.9 MB | 0.4/2.1 MB | 0.2/2.4 MB | 48/144 kBProgress (5): 6.2/50 MB | 4.9/8.9 MB | 0.4/2.1 MB | 0.2/2.4 MB | 48/144 kBProgress (5): 6.2/50 MB | 4.9/8.9 MB | 0.4/2.1 MB | 0.2/2.4 MB | 65/144 kBProgress (5): 6.2/50 MB | 4.9/8.9 MB | 0.4/2.1 MB | 0.2/2.4 MB | 81/144 kBProgress (5): 6.2/50 MB | 4.9/8.9 MB | 0.4/2.1 MB | 0.2/2.4 MB | 81/144 kBProgress (5): 6.2/50 MB | 4.9/8.9 MB | 0.4/2.1 MB | 0.2/2.4 MB | 81/144 kBProgress (5): 6.2/50 MB | 4.9/8.9 MB | 0.4/2.1 MB | 0.2/2.4 MB | 81/144 kBProgress (5): 6.2/50 MB | 4.9/8.9 MB | 0.4/2.1 MB | 0.2/2.4 MB | 81/144 kBProgress (5): 6.2/50 MB | 4.9/8.9 MB | 0.4/2.1 MB | 0.2/2.4 MB | 81/144 kBProgress (5): 6.2/50 MB | 4.9/8.9 MB | 0.5/2.1 MB | 0.2/2.4 MB | 81/144 kBProgress (5): 6.2/50 MB | 4.9/8.9 MB | 0.5/2.1 MB | 0.2/2.4 MB | 81/144 kBProgress (5): 6.2/50 MB | 4.9/8.9 MB | 0.5/2.1 MB | 0.2/2.4 MB | 97/144 kBProgress (5): 6.2/50 MB | 4.9/8.9 MB | 0.5/2.1 MB | 0.2/2.4 MB | 97/144 kBProgress (5): 6.2/50 MB | 4.9/8.9 MB | 0.5/2.1 MB | 0.2/2.4 MB | 97/144 kBProgress (5): 6.2/50 MB | 4.9/8.9 MB | 0.5/2.1 MB | 0.2/2.4 MB | 97/144 kBProgress (5): 6.2/50 MB | 4.9/8.9 MB | 0.5/2.1 MB | 0.2/2.4 MB | 97/144 kBProgress (5): 6.2/50 MB | 4.9/8.9 MB | 0.5/2.1 MB | 0.2/2.4 MB | 97/144 kBProgress (5): 6.2/50 MB | 4.9/8.9 MB | 0.5/2.1 MB | 0.2/2.4 MB | 97/144 kBProgress (5): 6.2/50 MB | 4.9/8.9 MB | 0.5/2.1 MB | 0.3/2.4 MB | 97/144 kBProgress (5): 6.2/50 MB | 4.9/8.9 MB | 0.5/2.1 MB | 0.3/2.4 MB | 97/144 kBProgress (5): 6.2/50 MB | 4.9/8.9 MB | 0.5/2.1 MB | 0.3/2.4 MB | 97/144 kBProgress (5): 6.2/50 MB | 4.9/8.9 MB | 0.5/2.1 MB | 0.3/2.4 MB | 97/144 kBProgress (5): 6.2/50 MB | 4.9/8.9 MB | 0.6/2.1 MB | 0.3/2.4 MB | 97/144 kBProgress (5): 6.3/50 MB | 4.9/8.9 MB | 0.6/2.1 MB | 0.3/2.4 MB | 97/144 kBProgress (5): 6.3/50 MB | 4.9/8.9 MB | 0.6/2.1 MB | 0.3/2.4 MB | 114/144 kBProgress (5): 6.3/50 MB | 4.9/8.9 MB | 0.6/2.1 MB | 0.3/2.4 MB | 114/144 kBProgress (5): 6.3/50 MB | 5.0/8.9 MB | 0.6/2.1 MB | 0.3/2.4 MB | 114/144 kBProgress (5): 6.3/50 MB | 5.0/8.9 MB | 0.6/2.1 MB | 0.3/2.4 MB | 114/144 kBProgress (5): 6.3/50 MB | 5.0/8.9 MB | 0.6/2.1 MB | 0.3/2.4 MB | 114/144 kBProgress (5): 6.3/50 MB | 5.0/8.9 MB | 0.6/2.1 MB | 0.3/2.4 MB | 114/144 kBProgress (5): 6.3/50 MB | 5.0/8.9 MB | 0.6/2.1 MB | 0.3/2.4 MB | 130/144 kBProgress (5): 6.3/50 MB | 5.0/8.9 MB | 0.6/2.1 MB | 0.3/2.4 MB | 130/144 kBProgress (5): 6.3/50 MB | 5.0/8.9 MB | 0.6/2.1 MB | 0.3/2.4 MB | 130/144 kBProgress (5): 6.3/50 MB | 5.0/8.9 MB | 0.6/2.1 MB | 0.3/2.4 MB | 130/144 kBProgress (5): 6.3/50 MB | 5.0/8.9 MB | 0.6/2.1 MB | 0.3/2.4 MB | 130/144 kBProgress (5): 6.3/50 MB | 5.0/8.9 MB | 0.6/2.1 MB | 0.3/2.4 MB | 130/144 kBProgress (5): 6.3/50 MB | 5.0/8.9 MB | 0.6/2.1 MB | 0.3/2.4 MB | 130/144 kBProgress (5): 6.3/50 MB | 5.0/8.9 MB | 0.6/2.1 MB | 0.3/2.4 MB | 130/144 kBProgress (5): 6.3/50 MB | 5.0/8.9 MB | 0.6/2.1 MB | 0.3/2.4 MB | 130/144 kBProgress (5): 6.3/50 MB | 5.0/8.9 MB | 0.6/2.1 MB | 0.3/2.4 MB | 144 kB    Progress (5): 6.3/50 MB | 5.0/8.9 MB | 0.6/2.1 MB | 0.3/2.4 MB | 144 kBProgress (5): 6.3/50 MB | 5.0/8.9 MB | 0.6/2.1 MB | 0.3/2.4 MB | 144 kBProgress (5): 6.3/50 MB | 5.0/8.9 MB | 0.6/2.1 MB | 0.3/2.4 MB | 144 kBProgress (5): 6.3/50 MB | 5.0/8.9 MB | 0.6/2.1 MB | 0.3/2.4 MB | 144 kBProgress (5): 6.3/50 MB | 5.0/8.9 MB | 0.7/2.1 MB | 0.3/2.4 MB | 144 kBProgress (5): 6.3/50 MB | 5.0/8.9 MB | 0.7/2.1 MB | 0.3/2.4 MB | 144 kBProgress (5): 6.3/50 MB | 5.1/8.9 MB | 0.7/2.1 MB | 0.3/2.4 MB | 144 kBProgress (5): 6.3/50 MB | 5.1/8.9 MB | 0.7/2.1 MB | 0.3/2.4 MB | 144 kBProgress (5): 6.3/50 MB | 5.1/8.9 MB | 0.7/2.1 MB | 0.3/2.4 MB | 144 kBProgress (5): 6.3/50 MB | 5.1/8.9 MB | 0.7/2.1 MB | 0.3/2.4 MB | 144 kBProgress (5): 6.4/50 MB | 5.1/8.9 MB | 0.7/2.1 MB | 0.3/2.4 MB | 144 kBProgress (5): 6.4/50 MB | 5.1/8.9 MB | 0.7/2.1 MB | 0.3/2.4 MB | 144 kBProgress (5): 6.4/50 MB | 5.1/8.9 MB | 0.7/2.1 MB | 0.3/2.4 MB | 144 kBProgress (5): 6.4/50 MB | 5.1/8.9 MB | 0.7/2.1 MB | 0.3/2.4 MB | 144 kBProgress (5): 6.4/50 MB | 5.1/8.9 MB | 0.7/2.1 MB | 0.3/2.4 MB | 144 kBProgress (5): 6.4/50 MB | 5.1/8.9 MB | 0.7/2.1 MB | 0.3/2.4 MB | 144 kBProgress (5): 6.4/50 MB | 5.1/8.9 MB | 0.7/2.1 MB | 0.3/2.4 MB | 144 kBProgress (5): 6.4/50 MB | 5.1/8.9 MB | 0.7/2.1 MB | 0.3/2.4 MB | 144 kBProgress (5): 6.4/50 MB | 5.1/8.9 MB | 0.8/2.1 MB | 0.3/2.4 MB | 144 kBProgress (5): 6.4/50 MB | 5.1/8.9 MB | 0.8/2.1 MB | 0.3/2.4 MB | 144 kB                                                                       Downloaded from aliyun: https://maven.aliyun.com/repository/public/com/github/victools/jsonschema-generator/4.31.1/jsonschema-generator-4.31.1.jar (144 kB at 58 kB/s)
Downloading from aliyun: https://maven.aliyun.com/repository/public/org/jeecgframework/langchain4j-pgvector/0.35.0/langchain4j-pgvector-0.35.0.jar
Progress (4): 6.4/50 MB | 5.1/8.9 MB | 0.8/2.1 MB | 0.3/2.4 MBProgress (4): 6.4/50 MB | 5.1/8.9 MB | 0.8/2.1 MB | 0.3/2.4 MBProgress (4): 6.4/50 MB | 5.2/8.9 MB | 0.8/2.1 MB | 0.3/2.4 MBProgress (4): 6.4/50 MB | 5.2/8.9 MB | 0.8/2.1 MB | 0.3/2.4 MBProgress (4): 6.4/50 MB | 5.2/8.9 MB | 0.8/2.1 MB | 0.3/2.4 MBProgress (4): 6.4/50 MB | 5.2/8.9 MB | 0.8/2.1 MB | 0.3/2.4 MBProgress (4): 6.4/50 MB | 5.2/8.9 MB | 0.8/2.1 MB | 0.3/2.4 MBProgress (4): 6.4/50 MB | 5.2/8.9 MB | 0.8/2.1 MB | 0.3/2.4 MBProgress (4): 6.4/50 MB | 5.2/8.9 MB | 0.8/2.1 MB | 0.3/2.4 MBProgress (4): 6.4/50 MB | 5.2/8.9 MB | 0.8/2.1 MB | 0.3/2.4 MBProgress (4): 6.4/50 MB | 5.2/8.9 MB | 0.8/2.1 MB | 0.3/2.4 MBProgress (4): 6.4/50 MB | 5.2/8.9 MB | 0.8/2.1 MB | 0.3/2.4 MBProgress (4): 6.4/50 MB | 5.2/8.9 MB | 0.8/2.1 MB | 0.3/2.4 MBProgress (4): 6.4/50 MB | 5.2/8.9 MB | 0.8/2.1 MB | 0.3/2.4 MBProgress (4): 6.4/50 MB | 5.3/8.9 MB | 0.8/2.1 MB | 0.3/2.4 MBProgress (4): 6.5/50 MB | 5.3/8.9 MB | 0.8/2.1 MB | 0.3/2.4 MBProgress (4): 6.5/50 MB | 5.3/8.9 MB | 0.8/2.1 MB | 0.3/2.4 MBProgress (4): 6.5/50 MB | 5.3/8.9 MB | 0.8/2.1 MB | 0.3/2.4 MBProgress (4): 6.5/50 MB | 5.3/8.9 MB | 0.8/2.1 MB | 0.3/2.4 MBProgress (4): 6.5/50 MB | 5.3/8.9 MB | 0.8/2.1 MB | 0.3/2.4 MBProgress (4): 6.5/50 MB | 5.3/8.9 MB | 0.8/2.1 MB | 0.3/2.4 MBProgress (4): 6.5/50 MB | 5.3/8.9 MB | 0.8/2.1 MB | 0.3/2.4 MBProgress (4): 6.5/50 MB | 5.3/8.9 MB | 0.8/2.1 MB | 0.3/2.4 MBProgress (4): 6.5/50 MB | 5.3/8.9 MB | 0.9/2.1 MB | 0.3/2.4 MBProgress (4): 6.5/50 MB | 5.3/8.9 MB | 0.9/2.1 MB | 0.3/2.4 MBProgress (4): 6.5/50 MB | 5.3/8.9 MB | 0.9/2.1 MB | 0.3/2.4 MBProgress (4): 6.5/50 MB | 5.3/8.9 MB | 0.9/2.1 MB | 0.3/2.4 MBProgress (4): 6.5/50 MB | 5.3/8.9 MB | 0.9/2.1 MB | 0.4/2.4 MBProgress (4): 6.5/50 MB | 5.3/8.9 MB | 0.9/2.1 MB | 0.4/2.4 MBProgress (4): 6.5/50 MB | 5.3/8.9 MB | 0.9/2.1 MB | 0.4/2.4 MBProgress (4): 6.5/50 MB | 5.3/8.9 MB | 0.9/2.1 MB | 0.4/2.4 MBProgress (4): 6.5/50 MB | 5.3/8.9 MB | 0.9/2.1 MB | 0.4/2.4 MBProgress (4): 6.5/50 MB | 5.3/8.9 MB | 0.9/2.1 MB | 0.4/2.4 MBProgress (4): 6.5/50 MB | 5.4/8.9 MB | 0.9/2.1 MB | 0.4/2.4 MBProgress (4): 6.5/50 MB | 5.4/8.9 MB | 0.9/2.1 MB | 0.4/2.4 MBProgress (4): 6.5/50 MB | 5.4/8.9 MB | 0.9/2.1 MB | 0.4/2.4 MBProgress (4): 6.5/50 MB | 5.4/8.9 MB | 0.9/2.1 MB | 0.4/2.4 MBProgress (4): 6.5/50 MB | 5.4/8.9 MB | 0.9/2.1 MB | 0.4/2.4 MBProgress (4): 6.5/50 MB | 5.4/8.9 MB | 0.9/2.1 MB | 0.4/2.4 MBProgress (4): 6.5/50 MB | 5.4/8.9 MB | 0.9/2.1 MB | 0.4/2.4 MBProgress (4): 6.5/50 MB | 5.4/8.9 MB | 0.9/2.1 MB | 0.4/2.4 MBProgress (4): 6.5/50 MB | 5.4/8.9 MB | 0.9/2.1 MB | 0.4/2.4 MBProgress (4): 6.6/50 MB | 5.4/8.9 MB | 0.9/2.1 MB | 0.4/2.4 MBProgress (4): 6.6/50 MB | 5.4/8.9 MB | 0.9/2.1 MB | 0.4/2.4 MBProgress (4): 6.6/50 MB | 5.4/8.9 MB | 0.9/2.1 MB | 0.4/2.4 MBProgress (4): 6.6/50 MB | 5.4/8.9 MB | 0.9/2.1 MB | 0.4/2.4 MBProgress (4): 6.6/50 MB | 5.4/8.9 MB | 1.0/2.1 MB | 0.4/2.4 MBProgress (4): 6.6/50 MB | 5.4/8.9 MB | 1.0/2.1 MB | 0.4/2.4 MBProgress (4): 6.6/50 MB | 5.4/8.9 MB | 1.0/2.1 MB | 0.4/2.4 MBProgress (4): 6.6/50 MB | 5.4/8.9 MB | 1.0/2.1 MB | 0.4/2.4 MBProgress (4): 6.6/50 MB | 5.4/8.9 MB | 1.0/2.1 MB | 0.4/2.4 MBProgress (4): 6.6/50 MB | 5.4/8.9 MB | 1.0/2.1 MB | 0.4/2.4 MBProgress (4): 6.6/50 MB | 5.5/8.9 MB | 1.0/2.1 MB | 0.4/2.4 MBProgress (4): 6.6/50 MB | 5.5/8.9 MB | 1.0/2.1 MB | 0.4/2.4 MBProgress (4): 6.6/50 MB | 5.5/8.9 MB | 1.0/2.1 MB | 0.4/2.4 MBProgress (4): 6.6/50 MB | 5.5/8.9 MB | 1.0/2.1 MB | 0.4/2.4 MBProgress (4): 6.6/50 MB | 5.5/8.9 MB | 1.0/2.1 MB | 0.4/2.4 MBProgress (4): 6.6/50 MB | 5.5/8.9 MB | 1.0/2.1 MB | 0.4/2.4 MBProgress (4): 6.6/50 MB | 5.5/8.9 MB | 1.1/2.1 MB | 0.4/2.4 MBProgress (4): 6.6/50 MB | 5.5/8.9 MB | 1.1/2.1 MB | 0.4/2.4 MBProgress (4): 6.6/50 MB | 5.5/8.9 MB | 1.1/2.1 MB | 0.4/2.4 MBProgress (4): 6.6/50 MB | 5.5/8.9 MB | 1.1/2.1 MB | 0.4/2.4 MBProgress (4): 6.6/50 MB | 5.5/8.9 MB | 1.1/2.1 MB | 0.4/2.4 MBProgress (4): 6.6/50 MB | 5.5/8.9 MB | 1.1/2.1 MB | 0.4/2.4 MBProgress (4): 6.6/50 MB | 5.5/8.9 MB | 1.1/2.1 MB | 0.4/2.4 MBProgress (4): 6.6/50 MB | 5.5/8.9 MB | 1.1/2.1 MB | 0.4/2.4 MBProgress (4): 6.6/50 MB | 5.5/8.9 MB | 1.1/2.1 MB | 0.4/2.4 MBProgress (4): 6.6/50 MB | 5.5/8.9 MB | 1.1/2.1 MB | 0.4/2.4 MBProgress (4): 6.6/50 MB | 5.6/8.9 MB | 1.1/2.1 MB | 0.4/2.4 MBProgress (4): 6.6/50 MB | 5.6/8.9 MB | 1.1/2.1 MB | 0.4/2.4 MBProgress (4): 6.6/50 MB | 5.6/8.9 MB | 1.1/2.1 MB | 0.4/2.4 MBProgress (4): 6.6/50 MB | 5.6/8.9 MB | 1.2/2.1 MB | 0.4/2.4 MBProgress (4): 6.6/50 MB | 5.6/8.9 MB | 1.2/2.1 MB | 0.4/2.4 MBProgress (4): 6.6/50 MB | 5.6/8.9 MB | 1.2/2.1 MB | 0.4/2.4 MBProgress (4): 6.6/50 MB | 5.6/8.9 MB | 1.2/2.1 MB | 0.4/2.4 MBProgress (4): 6.6/50 MB | 5.6/8.9 MB | 1.2/2.1 MB | 0.4/2.4 MBProgress (4): 6.6/50 MB | 5.6/8.9 MB | 1.2/2.1 MB | 0.4/2.4 MBProgress (4): 6.6/50 MB | 5.6/8.9 MB | 1.2/2.1 MB | 0.4/2.4 MBProgress (4): 6.6/50 MB | 5.6/8.9 MB | 1.2/2.1 MB | 0.4/2.4 MBProgress (4): 6.7/50 MB | 5.6/8.9 MB | 1.2/2.1 MB | 0.4/2.4 MBProgress (4): 6.7/50 MB | 5.6/8.9 MB | 1.2/2.1 MB | 0.4/2.4 MBProgress (4): 6.7/50 MB | 5.6/8.9 MB | 1.2/2.1 MB | 0.4/2.4 MBProgress (4): 6.7/50 MB | 5.6/8.9 MB | 1.2/2.1 MB | 0.4/2.4 MBProgress (4): 6.7/50 MB | 5.6/8.9 MB | 1.2/2.1 MB | 0.4/2.4 MBProgress (4): 6.7/50 MB | 5.6/8.9 MB | 1.2/2.1 MB | 0.4/2.4 MBProgress (4): 6.7/50 MB | 5.6/8.9 MB | 1.2/2.1 MB | 0.4/2.4 MBProgress (4): 6.7/50 MB | 5.6/8.9 MB | 1.2/2.1 MB | 0.4/2.4 MBProgress (4): 6.7/50 MB | 5.6/8.9 MB | 1.2/2.1 MB | 0.4/2.4 MBProgress (4): 6.7/50 MB | 5.7/8.9 MB | 1.2/2.1 MB | 0.4/2.4 MBProgress (4): 6.7/50 MB | 5.7/8.9 MB | 1.2/2.1 MB | 0.4/2.4 MBProgress (4): 6.7/50 MB | 5.7/8.9 MB | 1.2/2.1 MB | 0.4/2.4 MBProgress (4): 6.7/50 MB | 5.7/8.9 MB | 1.2/2.1 MB | 0.5/2.4 MBProgress (4): 6.7/50 MB | 5.7/8.9 MB | 1.2/2.1 MB | 0.5/2.4 MBProgress (4): 6.7/50 MB | 5.7/8.9 MB | 1.2/2.1 MB | 0.5/2.4 MBProgress (4): 6.7/50 MB | 5.7/8.9 MB | 1.2/2.1 MB | 0.5/2.4 MBProgress (4): 6.7/50 MB | 5.7/8.9 MB | 1.3/2.1 MB | 0.5/2.4 MBProgress (4): 6.7/50 MB | 5.7/8.9 MB | 1.3/2.1 MB | 0.5/2.4 MBProgress (4): 6.7/50 MB | 5.7/8.9 MB | 1.3/2.1 MB | 0.5/2.4 MBProgress (4): 6.7/50 MB | 5.7/8.9 MB | 1.3/2.1 MB | 0.5/2.4 MBProgress (4): 6.7/50 MB | 5.7/8.9 MB | 1.3/2.1 MB | 0.5/2.4 MBProgress (4): 6.7/50 MB | 5.7/8.9 MB | 1.3/2.1 MB | 0.5/2.4 MBProgress (4): 6.8/50 MB | 5.7/8.9 MB | 1.3/2.1 MB | 0.5/2.4 MBProgress (4): 6.8/50 MB | 5.7/8.9 MB | 1.3/2.1 MB | 0.5/2.4 MBProgress (4): 6.8/50 MB | 5.7/8.9 MB | 1.3/2.1 MB | 0.5/2.4 MBProgress (4): 6.8/50 MB | 5.7/8.9 MB | 1.3/2.1 MB | 0.5/2.4 MBProgress (4): 6.8/50 MB | 5.7/8.9 MB | 1.3/2.1 MB | 0.5/2.4 MBProgress (4): 6.8/50 MB | 5.7/8.9 MB | 1.3/2.1 MB | 0.5/2.4 MBProgress (4): 6.8/50 MB | 5.7/8.9 MB | 1.3/2.1 MB | 0.5/2.4 MBProgress (4): 6.8/50 MB | 5.7/8.9 MB | 1.3/2.1 MB | 0.5/2.4 MBProgress (4): 6.8/50 MB | 5.7/8.9 MB | 1.3/2.1 MB | 0.5/2.4 MBProgress (4): 6.8/50 MB | 5.7/8.9 MB | 1.3/2.1 MB | 0.5/2.4 MBProgress (4): 6.8/50 MB | 5.7/8.9 MB | 1.3/2.1 MB | 0.5/2.4 MBProgress (4): 6.8/50 MB | 5.7/8.9 MB | 1.4/2.1 MB | 0.5/2.4 MBProgress (4): 6.8/50 MB | 5.7/8.9 MB | 1.4/2.1 MB | 0.5/2.4 MBProgress (4): 6.9/50 MB | 5.7/8.9 MB | 1.4/2.1 MB | 0.5/2.4 MBProgress (4): 6.9/50 MB | 5.8/8.9 MB | 1.4/2.1 MB | 0.5/2.4 MBProgress (4): 6.9/50 MB | 5.8/8.9 MB | 1.4/2.1 MB | 0.5/2.4 MBProgress (4): 6.9/50 MB | 5.8/8.9 MB | 1.4/2.1 MB | 0.5/2.4 MBProgress (4): 6.9/50 MB | 5.8/8.9 MB | 1.4/2.1 MB | 0.5/2.4 MBProgress (4): 6.9/50 MB | 5.8/8.9 MB | 1.4/2.1 MB | 0.5/2.4 MBProgress (4): 6.9/50 MB | 5.8/8.9 MB | 1.4/2.1 MB | 0.5/2.4 MBProgress (4): 6.9/50 MB | 5.8/8.9 MB | 1.4/2.1 MB | 0.5/2.4 MBProgress (4): 6.9/50 MB | 5.8/8.9 MB | 1.4/2.1 MB | 0.5/2.4 MBProgress (4): 6.9/50 MB | 5.8/8.9 MB | 1.4/2.1 MB | 0.5/2.4 MBProgress (4): 6.9/50 MB | 5.8/8.9 MB | 1.4/2.1 MB | 0.5/2.4 MBProgress (4): 6.9/50 MB | 5.8/8.9 MB | 1.4/2.1 MB | 0.5/2.4 MBProgress (4): 6.9/50 MB | 5.8/8.9 MB | 1.4/2.1 MB | 0.5/2.4 MBProgress (4): 6.9/50 MB | 5.8/8.9 MB | 1.4/2.1 MB | 0.5/2.4 MBProgress (4): 6.9/50 MB | 5.8/8.9 MB | 1.4/2.1 MB | 0.5/2.4 MBProgress (4): 6.9/50 MB | 5.8/8.9 MB | 1.4/2.1 MB | 0.5/2.4 MBProgress (4): 6.9/50 MB | 5.8/8.9 MB | 1.4/2.1 MB | 0.5/2.4 MBProgress (4): 6.9/50 MB | 5.8/8.9 MB | 1.5/2.1 MB | 0.5/2.4 MBProgress (4): 6.9/50 MB | 5.8/8.9 MB | 1.5/2.1 MB | 0.5/2.4 MBProgress (4): 6.9/50 MB | 5.8/8.9 MB | 1.5/2.1 MB | 0.5/2.4 MBProgress (4): 6.9/50 MB | 5.8/8.9 MB | 1.5/2.1 MB | 0.5/2.4 MBProgress (4): 6.9/50 MB | 5.8/8.9 MB | 1.5/2.1 MB | 0.5/2.4 MBProgress (4): 6.9/50 MB | 5.8/8.9 MB | 1.5/2.1 MB | 0.5/2.4 MBProgress (4): 6.9/50 MB | 5.9/8.9 MB | 1.5/2.1 MB | 0.5/2.4 MBProgress (4): 6.9/50 MB | 5.9/8.9 MB | 1.5/2.1 MB | 0.5/2.4 MBProgress (4): 6.9/50 MB | 5.9/8.9 MB | 1.5/2.1 MB | 0.5/2.4 MBProgress (4): 6.9/50 MB | 5.9/8.9 MB | 1.5/2.1 MB | 0.5/2.4 MBProgress (4): 6.9/50 MB | 5.9/8.9 MB | 1.5/2.1 MB | 0.5/2.4 MBProgress (4): 7.0/50 MB | 5.9/8.9 MB | 1.5/2.1 MB | 0.5/2.4 MBProgress (4): 7.0/50 MB | 5.9/8.9 MB | 1.5/2.1 MB | 0.5/2.4 MBProgress (4): 7.0/50 MB | 5.9/8.9 MB | 1.5/2.1 MB | 0.5/2.4 MBProgress (4): 7.0/50 MB | 5.9/8.9 MB | 1.5/2.1 MB | 0.5/2.4 MBProgress (4): 7.0/50 MB | 5.9/8.9 MB | 1.5/2.1 MB | 0.5/2.4 MBProgress (4): 7.0/50 MB | 5.9/8.9 MB | 1.5/2.1 MB | 0.5/2.4 MBProgress (4): 7.0/50 MB | 5.9/8.9 MB | 1.5/2.1 MB | 0.5/2.4 MBProgress (4): 7.0/50 MB | 5.9/8.9 MB | 1.5/2.1 MB | 0.6/2.4 MBProgress (4): 7.0/50 MB | 5.9/8.9 MB | 1.6/2.1 MB | 0.6/2.4 MBProgress (4): 7.0/50 MB | 5.9/8.9 MB | 1.6/2.1 MB | 0.6/2.4 MBProgress (4): 7.0/50 MB | 5.9/8.9 MB | 1.6/2.1 MB | 0.6/2.4 MBProgress (4): 7.0/50 MB | 5.9/8.9 MB | 1.6/2.1 MB | 0.6/2.4 MBProgress (5): 7.0/50 MB | 5.9/8.9 MB | 1.6/2.1 MB | 0.6/2.4 MB | 16/34 kBProgress (5): 7.0/50 MB | 5.9/8.9 MB | 1.6/2.1 MB | 0.6/2.4 MB | 29/34 kBProgress (5): 7.0/50 MB | 5.9/8.9 MB | 1.6/2.1 MB | 0.6/2.4 MB | 34 kB   Progress (5): 7.0/50 MB | 6.0/8.9 MB | 1.6/2.1 MB | 0.6/2.4 MB | 34 kBProgress (5): 7.0/50 MB | 6.0/8.9 MB | 1.6/2.1 MB | 0.6/2.4 MB | 34 kBProgress (5): 7.0/50 MB | 6.0/8.9 MB | 1.6/2.1 MB | 0.6/2.4 MB | 34 kBProgress (5): 7.0/50 MB | 6.0/8.9 MB | 1.6/2.1 MB | 0.6/2.4 MB | 34 kBProgress (5): 7.0/50 MB | 6.0/8.9 MB | 1.6/2.1 MB | 0.6/2.4 MB | 34 kBProgress (5): 7.0/50 MB | 6.0/8.9 MB | 1.6/2.1 MB | 0.6/2.4 MB | 34 kBProgress (5): 7.0/50 MB | 6.0/8.9 MB | 1.6/2.1 MB | 0.6/2.4 MB | 34 kBProgress (5): 7.0/50 MB | 6.0/8.9 MB | 1.7/2.1 MB | 0.6/2.4 MB | 34 kBProgress (5): 7.0/50 MB | 6.0/8.9 MB | 1.7/2.1 MB | 0.6/2.4 MB | 34 kBProgress (5): 7.0/50 MB | 6.0/8.9 MB | 1.7/2.1 MB | 0.6/2.4 MB | 34 kBProgress (5): 7.0/50 MB | 6.0/8.9 MB | 1.7/2.1 MB | 0.6/2.4 MB | 34 kBProgress (5): 7.0/50 MB | 6.0/8.9 MB | 1.7/2.1 MB | 0.6/2.4 MB | 34 kBProgress (5): 7.0/50 MB | 6.0/8.9 MB | 1.7/2.1 MB | 0.6/2.4 MB | 34 kBProgress (5): 7.0/50 MB | 6.0/8.9 MB | 1.7/2.1 MB | 0.6/2.4 MB | 34 kBProgress (5): 7.0/50 MB | 6.0/8.9 MB | 1.7/2.1 MB | 0.6/2.4 MB | 34 kBProgress (5): 7.0/50 MB | 6.0/8.9 MB | 1.7/2.1 MB | 0.6/2.4 MB | 34 kBProgress (5): 7.0/50 MB | 6.0/8.9 MB | 1.7/2.1 MB | 0.6/2.4 MB | 34 kBProgress (5): 7.0/50 MB | 6.0/8.9 MB | 1.7/2.1 MB | 0.6/2.4 MB | 34 kBProgress (5): 7.0/50 MB | 6.0/8.9 MB | 1.8/2.1 MB | 0.6/2.4 MB | 34 kBProgress (5): 7.0/50 MB | 6.0/8.9 MB | 1.8/2.1 MB | 0.6/2.4 MB | 34 kBProgress (5): 7.0/50 MB | 6.0/8.9 MB | 1.8/2.1 MB | 0.6/2.4 MB | 34 kBProgress (5): 7.0/50 MB | 6.0/8.9 MB | 1.8/2.1 MB | 0.6/2.4 MB | 34 kBProgress (5): 7.0/50 MB | 6.0/8.9 MB | 1.8/2.1 MB | 0.6/2.4 MB | 34 kBProgress (5): 7.0/50 MB | 6.0/8.9 MB | 1.8/2.1 MB | 0.6/2.4 MB | 34 kBProgress (5): 7.0/50 MB | 6.0/8.9 MB | 1.8/2.1 MB | 0.6/2.4 MB | 34 kBProgress (5): 7.0/50 MB | 6.0/8.9 MB | 1.9/2.1 MB | 0.6/2.4 MB | 34 kBProgress (5): 7.1/50 MB | 6.0/8.9 MB | 1.9/2.1 MB | 0.6/2.4 MB | 34 kBProgress (5): 7.1/50 MB | 6.1/8.9 MB | 1.9/2.1 MB | 0.6/2.4 MB | 34 kBProgress (5): 7.1/50 MB | 6.1/8.9 MB | 1.9/2.1 MB | 0.6/2.4 MB | 34 kBProgress (5): 7.1/50 MB | 6.1/8.9 MB | 1.9/2.1 MB | 0.6/2.4 MB | 34 kBProgress (5): 7.1/50 MB | 6.1/8.9 MB | 1.9/2.1 MB | 0.6/2.4 MB | 34 kBProgress (5): 7.1/50 MB | 6.1/8.9 MB | 1.9/2.1 MB | 0.6/2.4 MB | 34 kBProgress (5): 7.1/50 MB | 6.1/8.9 MB | 1.9/2.1 MB | 0.6/2.4 MB | 34 kBProgress (5): 7.1/50 MB | 6.1/8.9 MB | 1.9/2.1 MB | 0.6/2.4 MB | 34 kBProgress (5): 7.1/50 MB | 6.1/8.9 MB | 1.9/2.1 MB | 0.6/2.4 MB | 34 kBProgress (5): 7.1/50 MB | 6.1/8.9 MB | 1.9/2.1 MB | 0.6/2.4 MB | 34 kBProgress (5): 7.1/50 MB | 6.1/8.9 MB | 1.9/2.1 MB | 0.6/2.4 MB | 34 kBProgress (5): 7.1/50 MB | 6.1/8.9 MB | 1.9/2.1 MB | 0.6/2.4 MB | 34 kBProgress (5): 7.1/50 MB | 6.1/8.9 MB | 1.9/2.1 MB | 0.6/2.4 MB | 34 kBProgress (5): 7.1/50 MB | 6.1/8.9 MB | 1.9/2.1 MB | 0.6/2.4 MB | 34 kBProgress (5): 7.1/50 MB | 6.1/8.9 MB | 1.9/2.1 MB | 0.6/2.4 MB | 34 kBProgress (5): 7.1/50 MB | 6.1/8.9 MB | 1.9/2.1 MB | 0.6/2.4 MB | 34 kBProgress (5): 7.1/50 MB | 6.1/8.9 MB | 1.9/2.1 MB | 0.6/2.4 MB | 34 kBProgress (5): 7.1/50 MB | 6.1/8.9 MB | 2.0/2.1 MB | 0.6/2.4 MB | 34 kBProgress (5): 7.1/50 MB | 6.1/8.9 MB | 2.0/2.1 MB | 0.6/2.4 MB | 34 kBProgress (5): 7.1/50 MB | 6.1/8.9 MB | 2.0/2.1 MB | 0.6/2.4 MB | 34 kBProgress (5): 7.1/50 MB | 6.2/8.9 MB | 2.0/2.1 MB | 0.6/2.4 MB | 34 kBProgress (5): 7.1/50 MB | 6.2/8.9 MB | 2.0/2.1 MB | 0.6/2.4 MB | 34 kBProgress (5): 7.1/50 MB | 6.2/8.9 MB | 2.0/2.1 MB | 0.6/2.4 MB | 34 kBProgress (5): 7.1/50 MB | 6.2/8.9 MB | 2.0/2.1 MB | 0.6/2.4 MB | 34 kBProgress (5): 7.1/50 MB | 6.2/8.9 MB | 2.0/2.1 MB | 0.6/2.4 MB | 34 kBProgress (5): 7.1/50 MB | 6.2/8.9 MB | 2.0/2.1 MB | 0.6/2.4 MB | 34 kBProgress (5): 7.1/50 MB | 6.2/8.9 MB | 2.0/2.1 MB | 0.6/2.4 MB | 34 kBProgress (5): 7.1/50 MB | 6.2/8.9 MB | 2.0/2.1 MB | 0.6/2.4 MB | 34 kBProgress (5): 7.1/50 MB | 6.2/8.9 MB | 2.0/2.1 MB | 0.6/2.4 MB | 34 kBProgress (5): 7.1/50 MB | 6.2/8.9 MB | 2.0/2.1 MB | 0.6/2.4 MB | 34 kBProgress (5): 7.1/50 MB | 6.2/8.9 MB | 2.0/2.1 MB | 0.6/2.4 MB | 34 kBProgress (5): 7.1/50 MB | 6.2/8.9 MB | 2.1/2.1 MB | 0.6/2.4 MB | 34 kBProgress (5): 7.1/50 MB | 6.2/8.9 MB | 2.1/2.1 MB | 0.6/2.4 MB | 34 kBProgress (5): 7.2/50 MB | 6.2/8.9 MB | 2.1/2.1 MB | 0.6/2.4 MB | 34 kBProgress (5): 7.2/50 MB | 6.2/8.9 MB | 2.1/2.1 MB | 0.6/2.4 MB | 34 kBProgress (5): 7.2/50 MB | 6.2/8.9 MB | 2.1/2.1 MB | 0.6/2.4 MB | 34 kBProgress (5): 7.2/50 MB | 6.2/8.9 MB | 2.1/2.1 MB | 0.6/2.4 MB | 34 kBProgress (5): 7.2/50 MB | 6.2/8.9 MB | 2.1/2.1 MB | 0.6/2.4 MB | 34 kBProgress (5): 7.2/50 MB | 6.2/8.9 MB | 2.1/2.1 MB | 0.6/2.4 MB | 34 kBProgress (5): 7.2/50 MB | 6.2/8.9 MB | 2.1/2.1 MB | 0.6/2.4 MB | 34 kBProgress (5): 7.2/50 MB | 6.2/8.9 MB | 2.1/2.1 MB | 0.6/2.4 MB | 34 kBProgress (5): 7.2/50 MB | 6.2/8.9 MB | 2.1/2.1 MB | 0.6/2.4 MB | 34 kBProgress (5): 7.2/50 MB | 6.2/8.9 MB | 2.1/2.1 MB | 0.6/2.4 MB | 34 kBProgress (5): 7.2/50 MB | 6.2/8.9 MB | 2.1/2.1 MB | 0.6/2.4 MB | 34 kBProgress (5): 7.3/50 MB | 6.2/8.9 MB | 2.1/2.1 MB | 0.6/2.4 MB | 34 kBProgress (5): 7.3/50 MB | 6.2/8.9 MB | 2.1/2.1 MB | 0.6/2.4 MB | 34 kBProgress (5): 7.3/50 MB | 6.2/8.9 MB | 2.1/2.1 MB | 0.7/2.4 MB | 34 kBProgress (5): 7.3/50 MB | 6.2/8.9 MB | 2.1/2.1 MB | 0.7/2.4 MB | 34 kBProgress (5): 7.3/50 MB | 6.3/8.9 MB | 2.1/2.1 MB | 0.7/2.4 MB | 34 kBProgress (5): 7.3/50 MB | 6.3/8.9 MB | 2.1/2.1 MB | 0.7/2.4 MB | 34 kBProgress (5): 7.3/50 MB | 6.3/8.9 MB | 2.1/2.1 MB | 0.7/2.4 MB | 34 kBProgress (5): 7.3/50 MB | 6.3/8.9 MB | 2.1/2.1 MB | 0.7/2.4 MB | 34 kBProgress (5): 7.3/50 MB | 6.3/8.9 MB | 2.1/2.1 MB | 0.7/2.4 MB | 34 kBProgress (5): 7.3/50 MB | 6.3/8.9 MB | 2.1/2.1 MB | 0.7/2.4 MB | 34 kBProgress (5): 7.3/50 MB | 6.3/8.9 MB | 2.1/2.1 MB | 0.7/2.4 MB | 34 kBProgress (5): 7.3/50 MB | 6.3/8.9 MB | 2.1/2.1 MB | 0.7/2.4 MB | 34 kBProgress (5): 7.3/50 MB | 6.3/8.9 MB | 2.1/2.1 MB | 0.7/2.4 MB | 34 kBProgress (5): 7.4/50 MB | 6.3/8.9 MB | 2.1/2.1 MB | 0.7/2.4 MB | 34 kBProgress (5): 7.4/50 MB | 6.3/8.9 MB | 2.1/2.1 MB | 0.7/2.4 MB | 34 kBProgress (5): 7.4/50 MB | 6.3/8.9 MB | 2.1 MB | 0.7/2.4 MB | 34 kB    Progress (5): 7.4/50 MB | 6.3/8.9 MB | 2.1 MB | 0.7/2.4 MB | 34 kBProgress (5): 7.4/50 MB | 6.3/8.9 MB | 2.1 MB | 0.7/2.4 MB | 34 kBProgress (5): 7.4/50 MB | 6.3/8.9 MB | 2.1 MB | 0.7/2.4 MB | 34 kBProgress (5): 7.4/50 MB | 6.3/8.9 MB | 2.1 MB | 0.7/2.4 MB | 34 kBProgress (5): 7.4/50 MB | 6.3/8.9 MB | 2.1 MB | 0.7/2.4 MB | 34 kBProgress (5): 7.4/50 MB | 6.3/8.9 MB | 2.1 MB | 0.7/2.4 MB | 34 kBProgress (5): 7.5/50 MB | 6.3/8.9 MB | 2.1 MB | 0.7/2.4 MB | 34 kBProgress (5): 7.5/50 MB | 6.3/8.9 MB | 2.1 MB | 0.7/2.4 MB | 34 kBProgress (5): 7.5/50 MB | 6.3/8.9 MB | 2.1 MB | 0.7/2.4 MB | 34 kBProgress (5): 7.5/50 MB | 6.3/8.9 MB | 2.1 MB | 0.7/2.4 MB | 34 kBProgress (5): 7.5/50 MB | 6.3/8.9 MB | 2.1 MB | 0.7/2.4 MB | 34 kB                                                                  Downloaded from aliyun: https://maven.aliyun.com/repository/public/org/jeecgframework/langchain4j-pgvector/0.35.0/langchain4j-pgvector-0.35.0.jar (34 kB at 12 kB/s)
Downloading from aliyun: https://maven.aliyun.com/repository/public/com/pgvector/pgvector/0.1.4/pgvector-0.1.4.jar
Progress (4): 7.5/50 MB | 6.3/8.9 MB | 2.1 MB | 0.7/2.4 MBProgress (4): 7.5/50 MB | 6.4/8.9 MB | 2.1 MB | 0.7/2.4 MBProgress (4): 7.5/50 MB | 6.4/8.9 MB | 2.1 MB | 0.7/2.4 MBProgress (4): 7.6/50 MB | 6.4/8.9 MB | 2.1 MB | 0.7/2.4 MBProgress (4): 7.6/50 MB | 6.4/8.9 MB | 2.1 MB | 0.7/2.4 MBProgress (4): 7.6/50 MB | 6.4/8.9 MB | 2.1 MB | 0.7/2.4 MBProgress (4): 7.6/50 MB | 6.4/8.9 MB | 2.1 MB | 0.7/2.4 MBProgress (4): 7.6/50 MB | 6.4/8.9 MB | 2.1 MB | 0.7/2.4 MBProgress (4): 7.6/50 MB | 6.4/8.9 MB | 2.1 MB | 0.7/2.4 MBProgress (4): 7.6/50 MB | 6.4/8.9 MB | 2.1 MB | 0.7/2.4 MBProgress (4): 7.6/50 MB | 6.4/8.9 MB | 2.1 MB | 0.7/2.4 MBProgress (4): 7.6/50 MB | 6.4/8.9 MB | 2.1 MB | 0.7/2.4 MBProgress (4): 7.6/50 MB | 6.4/8.9 MB | 2.1 MB | 0.7/2.4 MBProgress (4): 7.6/50 MB | 6.4/8.9 MB | 2.1 MB | 0.7/2.4 MBProgress (4): 7.6/50 MB | 6.4/8.9 MB | 2.1 MB | 0.7/2.4 MBProgress (4): 7.7/50 MB | 6.4/8.9 MB | 2.1 MB | 0.7/2.4 MBProgress (4): 7.7/50 MB | 6.4/8.9 MB | 2.1 MB | 0.7/2.4 MBProgress (4): 7.7/50 MB | 6.4/8.9 MB | 2.1 MB | 0.7/2.4 MBProgress (4): 7.7/50 MB | 6.4/8.9 MB | 2.1 MB | 0.7/2.4 MBProgress (4): 7.7/50 MB | 6.4/8.9 MB | 2.1 MB | 0.7/2.4 MBProgress (4): 7.7/50 MB | 6.4/8.9 MB | 2.1 MB | 0.7/2.4 MBProgress (4): 7.7/50 MB | 6.5/8.9 MB | 2.1 MB | 0.7/2.4 MBProgress (4): 7.7/50 MB | 6.5/8.9 MB | 2.1 MB | 0.7/2.4 MBProgress (4): 7.7/50 MB | 6.5/8.9 MB | 2.1 MB | 0.7/2.4 MBProgress (4): 7.7/50 MB | 6.5/8.9 MB | 2.1 MB | 0.7/2.4 MBProgress (4): 7.8/50 MB | 6.5/8.9 MB | 2.1 MB | 0.7/2.4 MBProgress (4): 7.8/50 MB | 6.5/8.9 MB | 2.1 MB | 0.7/2.4 MBProgress (4): 7.8/50 MB | 6.5/8.9 MB | 2.1 MB | 0.7/2.4 MBProgress (4): 7.8/50 MB | 6.5/8.9 MB | 2.1 MB | 0.7/2.4 MBProgress (4): 7.8/50 MB | 6.5/8.9 MB | 2.1 MB | 0.7/2.4 MBProgress (4): 7.8/50 MB | 6.5/8.9 MB | 2.1 MB | 0.7/2.4 MBProgress (4): 7.8/50 MB | 6.5/8.9 MB | 2.1 MB | 0.7/2.4 MBProgress (4): 7.8/50 MB | 6.5/8.9 MB | 2.1 MB | 0.7/2.4 MBProgress (5): 7.8/50 MB | 6.5/8.9 MB | 2.1 MB | 0.7/2.4 MB | 1.9/5.0 kBProgress (5): 7.9/50 MB | 6.5/8.9 MB | 2.1 MB | 0.7/2.4 MB | 1.9/5.0 kBProgress (5): 7.9/50 MB | 6.5/8.9 MB | 2.1 MB | 0.7/2.4 MB | 5.0 kB    Progress (5): 7.9/50 MB | 6.5/8.9 MB | 2.1 MB | 0.7/2.4 MB | 5.0 kBProgress (5): 7.9/50 MB | 6.5/8.9 MB | 2.1 MB | 0.7/2.4 MB | 5.0 kBProgress (5): 7.9/50 MB | 6.5/8.9 MB | 2.1 MB | 0.7/2.4 MB | 5.0 kBProgress (5): 7.9/50 MB | 6.5/8.9 MB | 2.1 MB | 0.7/2.4 MB | 5.0 kBProgress (5): 7.9/50 MB | 6.5/8.9 MB | 2.1 MB | 0.7/2.4 MB | 5.0 kBProgress (5): 7.9/50 MB | 6.5/8.9 MB | 2.1 MB | 0.7/2.4 MB | 5.0 kBProgress (5): 7.9/50 MB | 6.5/8.9 MB | 2.1 MB | 0.8/2.4 MB | 5.0 kBProgress (5): 7.9/50 MB | 6.5/8.9 MB | 2.1 MB | 0.8/2.4 MB | 5.0 kBProgress (5): 7.9/50 MB | 6.5/8.9 MB | 2.1 MB | 0.8/2.4 MB | 5.0 kBProgress (5): 8.0/50 MB | 6.5/8.9 MB | 2.1 MB | 0.8/2.4 MB | 5.0 kBProgress (5): 8.0/50 MB | 6.5/8.9 MB | 2.1 MB | 0.8/2.4 MB | 5.0 kBProgress (5): 8.0/50 MB | 6.6/8.9 MB | 2.1 MB | 0.8/2.4 MB | 5.0 kBProgress (5): 8.0/50 MB | 6.6/8.9 MB | 2.1 MB | 0.8/2.4 MB | 5.0 kBProgress (5): 8.0/50 MB | 6.6/8.9 MB | 2.1 MB | 0.8/2.4 MB | 5.0 kBProgress (5): 8.0/50 MB | 6.6/8.9 MB | 2.1 MB | 0.8/2.4 MB | 5.0 kBProgress (5): 8.0/50 MB | 6.6/8.9 MB | 2.1 MB | 0.8/2.4 MB | 5.0 kBProgress (5): 8.1/50 MB | 6.6/8.9 MB | 2.1 MB | 0.8/2.4 MB | 5.0 kBProgress (5): 8.1/50 MB | 6.6/8.9 MB | 2.1 MB | 0.8/2.4 MB | 5.0 kBProgress (5): 8.1/50 MB | 6.6/8.9 MB | 2.1 MB | 0.8/2.4 MB | 5.0 kBProgress (5): 8.1/50 MB | 6.6/8.9 MB | 2.1 MB | 0.8/2.4 MB | 5.0 kBProgress (5): 8.1/50 MB | 6.6/8.9 MB | 2.1 MB | 0.8/2.4 MB | 5.0 kBProgress (5): 8.1/50 MB | 6.6/8.9 MB | 2.1 MB | 0.8/2.4 MB | 5.0 kBProgress (5): 8.2/50 MB | 6.6/8.9 MB | 2.1 MB | 0.8/2.4 MB | 5.0 kBProgress (5): 8.2/50 MB | 6.6/8.9 MB | 2.1 MB | 0.8/2.4 MB | 5.0 kBProgress (5): 8.2/50 MB | 6.6/8.9 MB | 2.1 MB | 0.8/2.4 MB | 5.0 kBProgress (5): 8.2/50 MB | 6.6/8.9 MB | 2.1 MB | 0.8/2.4 MB | 5.0 kBProgress (5): 8.2/50 MB | 6.6/8.9 MB | 2.1 MB | 0.8/2.4 MB | 5.0 kBProgress (5): 8.2/50 MB | 6.6/8.9 MB | 2.1 MB | 0.8/2.4 MB | 5.0 kBProgress (5): 8.2/50 MB | 6.6/8.9 MB | 2.1 MB | 0.8/2.4 MB | 5.0 kBProgress (5): 8.2/50 MB | 6.6/8.9 MB | 2.1 MB | 0.8/2.4 MB | 5.0 kBProgress (5): 8.2/50 MB | 6.6/8.9 MB | 2.1 MB | 0.8/2.4 MB | 5.0 kBProgress (5): 8.2/50 MB | 6.6/8.9 MB | 2.1 MB | 0.8/2.4 MB | 5.0 kBProgress (5): 8.3/50 MB | 6.6/8.9 MB | 2.1 MB | 0.8/2.4 MB | 5.0 kBProgress (5): 8.3/50 MB | 6.6/8.9 MB | 2.1 MB | 0.8/2.4 MB | 5.0 kBProgress (5): 8.3/50 MB | 6.6/8.9 MB | 2.1 MB | 0.8/2.4 MB | 5.0 kBProgress (5): 8.3/50 MB | 6.6/8.9 MB | 2.1 MB | 0.8/2.4 MB | 5.0 kBProgress (5): 8.3/50 MB | 6.6/8.9 MB | 2.1 MB | 0.8/2.4 MB | 5.0 kBProgress (5): 8.3/50 MB | 6.6/8.9 MB | 2.1 MB | 0.8/2.4 MB | 5.0 kBProgress (5): 8.4/50 MB | 6.6/8.9 MB | 2.1 MB | 0.8/2.4 MB | 5.0 kBProgress (5): 8.4/50 MB | 6.6/8.9 MB | 2.1 MB | 0.8/2.4 MB | 5.0 kBProgress (5): 8.4/50 MB | 6.6/8.9 MB | 2.1 MB | 0.8/2.4 MB | 5.0 kBProgress (5): 8.4/50 MB | 6.6/8.9 MB | 2.1 MB | 0.8/2.4 MB | 5.0 kBProgress (5): 8.4/50 MB | 6.6/8.9 MB | 2.1 MB | 0.8/2.4 MB | 5.0 kBProgress (5): 8.4/50 MB | 6.6/8.9 MB | 2.1 MB | 0.8/2.4 MB | 5.0 kBProgress (5): 8.4/50 MB | 6.6/8.9 MB | 2.1 MB | 0.8/2.4 MB | 5.0 kBProgress (5): 8.4/50 MB | 6.6/8.9 MB | 2.1 MB | 0.8/2.4 MB | 5.0 kBProgress (5): 8.5/50 MB | 6.6/8.9 MB | 2.1 MB | 0.8/2.4 MB | 5.0 kBProgress (5): 8.5/50 MB | 6.6/8.9 MB | 2.1 MB | 0.8/2.4 MB | 5.0 kBProgress (5): 8.5/50 MB | 6.6/8.9 MB | 2.1 MB | 0.8/2.4 MB | 5.0 kBProgress (5): 8.5/50 MB | 6.6/8.9 MB | 2.1 MB | 0.8/2.4 MB | 5.0 kBProgress (5): 8.5/50 MB | 6.6/8.9 MB | 2.1 MB | 0.8/2.4 MB | 5.0 kBProgress (5): 8.5/50 MB | 6.6/8.9 MB | 2.1 MB | 0.8/2.4 MB | 5.0 kBProgress (5): 8.5/50 MB | 6.7/8.9 MB | 2.1 MB | 0.8/2.4 MB | 5.0 kBProgress (5): 8.5/50 MB | 6.7/8.9 MB | 2.1 MB | 0.8/2.4 MB | 5.0 kBProgress (5): 8.5/50 MB | 6.7/8.9 MB | 2.1 MB | 0.8/2.4 MB | 5.0 kBProgress (5): 8.5/50 MB | 6.7/8.9 MB | 2.1 MB | 0.8/2.4 MB | 5.0 kBProgress (5): 8.5/50 MB | 6.7/8.9 MB | 2.1 MB | 0.8/2.4 MB | 5.0 kBProgress (5): 8.5/50 MB | 6.7/8.9 MB | 2.1 MB | 0.8/2.4 MB | 5.0 kBProgress (5): 8.6/50 MB | 6.7/8.9 MB | 2.1 MB | 0.8/2.4 MB | 5.0 kBProgress (5): 8.6/50 MB | 6.7/8.9 MB | 2.1 MB | 0.8/2.4 MB | 5.0 kBProgress (5): 8.6/50 MB | 6.7/8.9 MB | 2.1 MB | 0.8/2.4 MB | 5.0 kBProgress (5): 8.6/50 MB | 6.7/8.9 MB | 2.1 MB | 0.8/2.4 MB | 5.0 kBProgress (5): 8.6/50 MB | 6.7/8.9 MB | 2.1 MB | 0.8/2.4 MB | 5.0 kBProgress (5): 8.6/50 MB | 6.7/8.9 MB | 2.1 MB | 0.8/2.4 MB | 5.0 kBProgress (5): 8.6/50 MB | 6.7/8.9 MB | 2.1 MB | 0.8/2.4 MB | 5.0 kBProgress (5): 8.7/50 MB | 6.7/8.9 MB | 2.1 MB | 0.8/2.4 MB | 5.0 kBProgress (5): 8.7/50 MB | 6.7/8.9 MB | 2.1 MB | 0.8/2.4 MB | 5.0 kBProgress (5): 8.7/50 MB | 6.7/8.9 MB | 2.1 MB | 0.8/2.4 MB | 5.0 kBProgress (5): 8.7/50 MB | 6.7/8.9 MB | 2.1 MB | 0.8/2.4 MB | 5.0 kBProgress (5): 8.7/50 MB | 6.7/8.9 MB | 2.1 MB | 0.8/2.4 MB | 5.0 kBProgress (5): 8.7/50 MB | 6.7/8.9 MB | 2.1 MB | 0.8/2.4 MB | 5.0 kBProgress (5): 8.8/50 MB | 6.7/8.9 MB | 2.1 MB | 0.8/2.4 MB | 5.0 kBProgress (5): 8.8/50 MB | 6.7/8.9 MB | 2.1 MB | 0.8/2.4 MB | 5.0 kBProgress (5): 8.8/50 MB | 6.7/8.9 MB | 2.1 MB | 0.8/2.4 MB | 5.0 kBProgress (5): 8.8/50 MB | 6.7/8.9 MB | 2.1 MB | 0.8/2.4 MB | 5.0 kBProgress (5): 8.8/50 MB | 6.7/8.9 MB | 2.1 MB | 0.8/2.4 MB | 5.0 kBProgress (5): 8.8/50 MB | 6.8/8.9 MB | 2.1 MB | 0.8/2.4 MB | 5.0 kBProgress (5): 8.8/50 MB | 6.8/8.9 MB | 2.1 MB | 0.8/2.4 MB | 5.0 kB                                                                   Downloaded from aliyun: https://maven.aliyun.com/repository/public/com/alibaba/dashscope-sdk-java/2.16.4/dashscope-sdk-java-2.16.4.jar (2.1 MB at 701 kB/s)
Downloading from aliyun: https://maven.aliyun.com/repository/public/org/apache/tika/tika-core/2.9.1/tika-core-2.9.1.jar
Progress (4): 8.8/50 MB | 6.8/8.9 MB | 0.8/2.4 MB | 5.0 kBProgress (4): 8.8/50 MB | 6.8/8.9 MB | 0.8/2.4 MB | 5.0 kBProgress (4): 8.8/50 MB | 6.8/8.9 MB | 0.8/2.4 MB | 5.0 kBProgress (4): 8.8/50 MB | 6.8/8.9 MB | 0.8/2.4 MB | 5.0 kBProgress (4): 8.8/50 MB | 6.8/8.9 MB | 0.8/2.4 MB | 5.0 kBProgress (4): 8.8/50 MB | 6.8/8.9 MB | 0.8/2.4 MB | 5.0 kBProgress (4): 8.8/50 MB | 6.8/8.9 MB | 0.8/2.4 MB | 5.0 kBProgress (4): 8.8/50 MB | 6.8/8.9 MB | 0.9/2.4 MB | 5.0 kBProgress (4): 8.8/50 MB | 6.8/8.9 MB | 0.9/2.4 MB | 5.0 kBProgress (4): 8.8/50 MB | 6.8/8.9 MB | 0.9/2.4 MB | 5.0 kBProgress (4): 8.8/50 MB | 6.8/8.9 MB | 0.9/2.4 MB | 5.0 kBProgress (4): 8.9/50 MB | 6.8/8.9 MB | 0.9/2.4 MB | 5.0 kBProgress (4): 8.9/50 MB | 6.8/8.9 MB | 0.9/2.4 MB | 5.0 kBProgress (4): 8.9/50 MB | 6.8/8.9 MB | 0.9/2.4 MB | 5.0 kBProgress (4): 8.9/50 MB | 6.8/8.9 MB | 0.9/2.4 MB | 5.0 kBProgress (4): 8.9/50 MB | 6.8/8.9 MB | 0.9/2.4 MB | 5.0 kBProgress (4): 8.9/50 MB | 6.8/8.9 MB | 0.9/2.4 MB | 5.0 kBProgress (4): 8.9/50 MB | 6.8/8.9 MB | 0.9/2.4 MB | 5.0 kBProgress (4): 8.9/50 MB | 6.9/8.9 MB | 0.9/2.4 MB | 5.0 kBProgress (4): 8.9/50 MB | 6.9/8.9 MB | 0.9/2.4 MB | 5.0 kBProgress (4): 8.9/50 MB | 6.9/8.9 MB | 0.9/2.4 MB | 5.0 kBProgress (4): 8.9/50 MB | 6.9/8.9 MB | 0.9/2.4 MB | 5.0 kBProgress (4): 8.9/50 MB | 6.9/8.9 MB | 0.9/2.4 MB | 5.0 kBProgress (4): 8.9/50 MB | 6.9/8.9 MB | 0.9/2.4 MB | 5.0 kBProgress (4): 8.9/50 MB | 6.9/8.9 MB | 0.9/2.4 MB | 5.0 kBProgress (4): 9.0/50 MB | 6.9/8.9 MB | 0.9/2.4 MB | 5.0 kBProgress (4): 9.0/50 MB | 6.9/8.9 MB | 0.9/2.4 MB | 5.0 kBProgress (4): 9.0/50 MB | 6.9/8.9 MB | 0.9/2.4 MB | 5.0 kBProgress (4): 9.0/50 MB | 6.9/8.9 MB | 0.9/2.4 MB | 5.0 kBProgress (4): 9.0/50 MB | 7.0/8.9 MB | 0.9/2.4 MB | 5.0 kBProgress (4): 9.0/50 MB | 7.0/8.9 MB | 0.9/2.4 MB | 5.0 kBProgress (4): 9.0/50 MB | 7.0/8.9 MB | 0.9/2.4 MB | 5.0 kBProgress (5): 9.0/50 MB | 7.0/8.9 MB | 0.9/2.4 MB | 5.0 kB | 6.3/738 kBProgress (5): 9.0/50 MB | 7.0/8.9 MB | 0.9/2.4 MB | 5.0 kB | 23/738 kB Progress (5): 9.0/50 MB | 7.0/8.9 MB | 0.9/2.4 MB | 5.0 kB | 23/738 kB                                                                      Downloaded from aliyun: https://maven.aliyun.com/repository/public/com/pgvector/pgvector/0.1.4/pgvector-0.1.4.jar (5.0 kB at 1.6 kB/s)
Downloading from aliyun: https://maven.aliyun.com/repository/public/org/apache/tika/tika-parser-html-module/2.9.1/tika-parser-html-module-2.9.1.jar
Progress (4): 9.0/50 MB | 7.0/8.9 MB | 0.9/2.4 MB | 23/738 kBProgress (4): 9.0/50 MB | 7.0/8.9 MB | 0.9/2.4 MB | 23/738 kBProgress (4): 9.0/50 MB | 7.0/8.9 MB | 0.9/2.4 MB | 39/738 kBProgress (4): 9.0/50 MB | 7.0/8.9 MB | 0.9/2.4 MB | 39/738 kBProgress (4): 9.0/50 MB | 7.0/8.9 MB | 0.9/2.4 MB | 39/738 kBProgress (4): 9.0/50 MB | 7.0/8.9 MB | 0.9/2.4 MB | 39/738 kBProgress (4): 9.0/50 MB | 7.1/8.9 MB | 0.9/2.4 MB | 39/738 kBProgress (4): 9.0/50 MB | 7.1/8.9 MB | 0.9/2.4 MB | 39/738 kBProgress (4): 9.0/50 MB | 7.1/8.9 MB | 0.9/2.4 MB | 39/738 kBProgress (4): 9.0/50 MB | 7.1/8.9 MB | 0.9/2.4 MB | 39/738 kBProgress (4): 9.0/50 MB | 7.1/8.9 MB | 0.9/2.4 MB | 55/738 kBProgress (4): 9.0/50 MB | 7.1/8.9 MB | 0.9/2.4 MB | 72/738 kBProgress (4): 9.0/50 MB | 7.1/8.9 MB | 0.9/2.4 MB | 88/738 kBProgress (4): 9.0/50 MB | 7.1/8.9 MB | 0.9/2.4 MB | 105/738 kBProgress (4): 9.0/50 MB | 7.1/8.9 MB | 0.9/2.4 MB | 105/738 kBProgress (4): 9.0/50 MB | 7.1/8.9 MB | 0.9/2.4 MB | 121/738 kBProgress (4): 9.0/50 MB | 7.1/8.9 MB | 0.9/2.4 MB | 121/738 kBProgress (4): 9.0/50 MB | 7.1/8.9 MB | 0.9/2.4 MB | 121/738 kBProgress (4): 9.1/50 MB | 7.1/8.9 MB | 0.9/2.4 MB | 121/738 kBProgress (4): 9.1/50 MB | 7.1/8.9 MB | 0.9/2.4 MB | 121/738 kBProgress (4): 9.1/50 MB | 7.1/8.9 MB | 1.0/2.4 MB | 121/738 kBProgress (4): 9.1/50 MB | 7.1/8.9 MB | 1.0/2.4 MB | 121/738 kBProgress (4): 9.1/50 MB | 7.1/8.9 MB | 1.0/2.4 MB | 121/738 kBProgress (4): 9.1/50 MB | 7.1/8.9 MB | 1.0/2.4 MB | 121/738 kBProgress (4): 9.1/50 MB | 7.1/8.9 MB | 1.0/2.4 MB | 137/738 kBProgress (4): 9.1/50 MB | 7.1/8.9 MB | 1.0/2.4 MB | 154/738 kBProgress (4): 9.1/50 MB | 7.2/8.9 MB | 1.0/2.4 MB | 154/738 kBProgress (4): 9.1/50 MB | 7.2/8.9 MB | 1.0/2.4 MB | 170/738 kBProgress (4): 9.1/50 MB | 7.2/8.9 MB | 1.0/2.4 MB | 187/738 kBProgress (4): 9.1/50 MB | 7.2/8.9 MB | 1.0/2.4 MB | 203/738 kBProgress (4): 9.1/50 MB | 7.2/8.9 MB | 1.0/2.4 MB | 203/738 kBProgress (4): 9.1/50 MB | 7.2/8.9 MB | 1.0/2.4 MB | 203/738 kBProgress (4): 9.1/50 MB | 7.2/8.9 MB | 1.0/2.4 MB | 203/738 kBProgress (4): 9.1/50 MB | 7.2/8.9 MB | 1.0/2.4 MB | 203/738 kBProgress (4): 9.1/50 MB | 7.2/8.9 MB | 1.0/2.4 MB | 203/738 kBProgress (4): 9.1/50 MB | 7.2/8.9 MB | 1.0/2.4 MB | 203/738 kBProgress (4): 9.1/50 MB | 7.2/8.9 MB | 1.0/2.4 MB | 203/738 kBProgress (4): 9.1/50 MB | 7.2/8.9 MB | 1.0/2.4 MB | 203/738 kBProgress (4): 9.1/50 MB | 7.2/8.9 MB | 1.0/2.4 MB | 219/738 kBProgress (4): 9.1/50 MB | 7.2/8.9 MB | 1.0/2.4 MB | 219/738 kBProgress (4): 9.1/50 MB | 7.2/8.9 MB | 1.0/2.4 MB | 219/738 kBProgress (5): 9.1/50 MB | 7.2/8.9 MB | 1.0/2.4 MB | 219/738 kB | 16/53 kBProgress (5): 9.1/50 MB | 7.2/8.9 MB | 1.0/2.4 MB | 219/738 kB | 16/53 kBProgress (5): 9.1/50 MB | 7.2/8.9 MB | 1.0/2.4 MB | 236/738 kB | 16/53 kBProgress (5): 9.1/50 MB | 7.3/8.9 MB | 1.0/2.4 MB | 236/738 kB | 16/53 kBProgress (5): 9.1/50 MB | 7.3/8.9 MB | 1.0/2.4 MB | 252/738 kB | 16/53 kBProgress (5): 9.1/50 MB | 7.3/8.9 MB | 1.0/2.4 MB | 252/738 kB | 16/53 kBProgress (5): 9.1/50 MB | 7.3/8.9 MB | 1.0/2.4 MB | 268/738 kB | 16/53 kBProgress (5): 9.1/50 MB | 7.3/8.9 MB | 1.0/2.4 MB | 268/738 kB | 16/53 kBProgress (5): 9.2/50 MB | 7.3/8.9 MB | 1.0/2.4 MB | 268/738 kB | 16/53 kBProgress (5): 9.2/50 MB | 7.3/8.9 MB | 1.0/2.4 MB | 285/738 kB | 16/53 kBProgress (5): 9.2/50 MB | 7.3/8.9 MB | 1.0/2.4 MB | 285/738 kB | 32/53 kBProgress (5): 9.2/50 MB | 7.3/8.9 MB | 1.0/2.4 MB | 285/738 kB | 32/53 kBProgress (5): 9.2/50 MB | 7.3/8.9 MB | 1.0/2.4 MB | 285/738 kB | 32/53 kBProgress (5): 9.2/50 MB | 7.3/8.9 MB | 1.0/2.4 MB | 294/738 kB | 32/53 kBProgress (5): 9.2/50 MB | 7.3/8.9 MB | 1.0/2.4 MB | 294/738 kB | 32/53 kBProgress (5): 9.2/50 MB | 7.3/8.9 MB | 1.0/2.4 MB | 310/738 kB | 32/53 kBProgress (5): 9.2/50 MB | 7.3/8.9 MB | 1.0/2.4 MB | 327/738 kB | 32/53 kBProgress (5): 9.2/50 MB | 7.3/8.9 MB | 1.0/2.4 MB | 327/738 kB | 48/53 kBProgress (5): 9.2/50 MB | 7.3/8.9 MB | 1.0/2.4 MB | 327/738 kB | 49/53 kBProgress (5): 9.2/50 MB | 7.3/8.9 MB | 1.1/2.4 MB | 327/738 kB | 49/53 kBProgress (5): 9.2/50 MB | 7.3/8.9 MB | 1.1/2.4 MB | 327/738 kB | 49/53 kBProgress (5): 9.2/50 MB | 7.3/8.9 MB | 1.1/2.4 MB | 327/738 kB | 49/53 kBProgress (5): 9.2/50 MB | 7.3/8.9 MB | 1.1/2.4 MB | 327/738 kB | 49/53 kBProgress (5): 9.2/50 MB | 7.4/8.9 MB | 1.1/2.4 MB | 327/738 kB | 49/53 kBProgress (5): 9.2/50 MB | 7.4/8.9 MB | 1.1/2.4 MB | 343/738 kB | 49/53 kBProgress (5): 9.2/50 MB | 7.4/8.9 MB | 1.1/2.4 MB | 343/738 kB | 53 kB   Progress (5): 9.2/50 MB | 7.4/8.9 MB | 1.1/2.4 MB | 343/738 kB | 53 kBProgress (5): 9.2/50 MB | 7.4/8.9 MB | 1.1/2.4 MB | 343/738 kB | 53 kBProgress (5): 9.2/50 MB | 7.4/8.9 MB | 1.1/2.4 MB | 359/738 kB | 53 kBProgress (5): 9.2/50 MB | 7.4/8.9 MB | 1.1/2.4 MB | 359/738 kB | 53 kBProgress (5): 9.2/50 MB | 7.4/8.9 MB | 1.1/2.4 MB | 359/738 kB | 53 kBProgress (5): 9.2/50 MB | 7.4/8.9 MB | 1.1/2.4 MB | 359/738 kB | 53 kBProgress (5): 9.2/50 MB | 7.4/8.9 MB | 1.1/2.4 MB | 376/738 kB | 53 kBProgress (5): 9.2/50 MB | 7.4/8.9 MB | 1.1/2.4 MB | 377/738 kB | 53 kBProgress (5): 9.2/50 MB | 7.4/8.9 MB | 1.1/2.4 MB | 380/738 kB | 53 kBProgress (5): 9.2/50 MB | 7.4/8.9 MB | 1.1/2.4 MB | 389/738 kB | 53 kBProgress (5): 9.3/50 MB | 7.4/8.9 MB | 1.1/2.4 MB | 389/738 kB | 53 kBProgress (5): 9.3/50 MB | 7.4/8.9 MB | 1.1/2.4 MB | 389/738 kB | 53 kBProgress (5): 9.3/50 MB | 7.4/8.9 MB | 1.1/2.4 MB | 405/738 kB | 53 kBProgress (5): 9.3/50 MB | 7.4/8.9 MB | 1.1/2.4 MB | 405/738 kB | 53 kBProgress (5): 9.3/50 MB | 7.4/8.9 MB | 1.1/2.4 MB | 405/738 kB | 53 kBProgress (5): 9.3/50 MB | 7.4/8.9 MB | 1.1/2.4 MB | 422/738 kB | 53 kBProgress (5): 9.3/50 MB | 7.4/8.9 MB | 1.1/2.4 MB | 438/738 kB | 53 kBProgress (5): 9.3/50 MB | 7.4/8.9 MB | 1.1/2.4 MB | 438/738 kB | 53 kBProgress (5): 9.3/50 MB | 7.4/8.9 MB | 1.1/2.4 MB | 438/738 kB | 53 kBProgress (5): 9.3/50 MB | 7.4/8.9 MB | 1.1/2.4 MB | 438/738 kB | 53 kBProgress (5): 9.3/50 MB | 7.4/8.9 MB | 1.1/2.4 MB | 438/738 kB | 53 kBProgress (5): 9.3/50 MB | 7.4/8.9 MB | 1.1/2.4 MB | 438/738 kB | 53 kBProgress (5): 9.3/50 MB | 7.4/8.9 MB | 1.1/2.4 MB | 438/738 kB | 53 kBProgress (5): 9.3/50 MB | 7.4/8.9 MB | 1.1/2.4 MB | 438/738 kB | 53 kBProgress (5): 9.3/50 MB | 7.4/8.9 MB | 1.1/2.4 MB | 438/738 kB | 53 kBProgress (5): 9.3/50 MB | 7.4/8.9 MB | 1.1/2.4 MB | 438/738 kB | 53 kBProgress (5): 9.3/50 MB | 7.4/8.9 MB | 1.1/2.4 MB | 454/738 kB | 53 kBProgress (5): 9.3/50 MB | 7.4/8.9 MB | 1.1/2.4 MB | 471/738 kB | 53 kBProgress (5): 9.3/50 MB | 7.4/8.9 MB | 1.1/2.4 MB | 475/738 kB | 53 kBProgress (5): 9.3/50 MB | 7.4/8.9 MB | 1.1/2.4 MB | 484/738 kB | 53 kBProgress (5): 9.3/50 MB | 7.4/8.9 MB | 1.1/2.4 MB | 500/738 kB | 53 kBProgress (5): 9.3/50 MB | 7.4/8.9 MB | 1.1/2.4 MB | 517/738 kB | 53 kBProgress (5): 9.3/50 MB | 7.4/8.9 MB | 1.1/2.4 MB | 524/738 kB | 53 kBProgress (5): 9.3/50 MB | 7.4/8.9 MB | 1.1/2.4 MB | 530/738 kB | 53 kBProgress (5): 9.3/50 MB | 7.4/8.9 MB | 1.1/2.4 MB | 541/738 kB | 53 kBProgress (5): 9.3/50 MB | 7.4/8.9 MB | 1.1/2.4 MB | 557/738 kB | 53 kBProgress (5): 9.3/50 MB | 7.4/8.9 MB | 1.1/2.4 MB | 563/738 kB | 53 kBProgress (5): 9.3/50 MB | 7.4/8.9 MB | 1.1/2.4 MB | 579/738 kB | 53 kBProgress (5): 9.3/50 MB | 7.4/8.9 MB | 1.1/2.4 MB | 596/738 kB | 53 kBProgress (5): 9.3/50 MB | 7.4/8.9 MB | 1.1/2.4 MB | 612/738 kB | 53 kBProgress (5): 9.3/50 MB | 7.4/8.9 MB | 1.1/2.4 MB | 612/738 kB | 53 kBProgress (5): 9.3/50 MB | 7.4/8.9 MB | 1.2/2.4 MB | 612/738 kB | 53 kBProgress (5): 9.3/50 MB | 7.4/8.9 MB | 1.2/2.4 MB | 628/738 kB | 53 kBProgress (5): 9.3/50 MB | 7.5/8.9 MB | 1.2/2.4 MB | 628/738 kB | 53 kBProgress (5): 9.3/50 MB | 7.5/8.9 MB | 1.2/2.4 MB | 628/738 kB | 53 kBProgress (5): 9.3/50 MB | 7.5/8.9 MB | 1.2/2.4 MB | 645/738 kB | 53 kBProgress (5): 9.3/50 MB | 7.5/8.9 MB | 1.2/2.4 MB | 661/738 kB | 53 kBProgress (5): 9.4/50 MB | 7.5/8.9 MB | 1.2/2.4 MB | 661/738 kB | 53 kBProgress (5): 9.4/50 MB | 7.5/8.9 MB | 1.2/2.4 MB | 661/738 kB | 53 kBProgress (5): 9.4/50 MB | 7.5/8.9 MB | 1.2/2.4 MB | 661/738 kB | 53 kBProgress (5): 9.4/50 MB | 7.5/8.9 MB | 1.2/2.4 MB | 661/738 kB | 53 kBProgress (5): 9.4/50 MB | 7.5/8.9 MB | 1.2/2.4 MB | 661/738 kB | 53 kBProgress (5): 9.4/50 MB | 7.5/8.9 MB | 1.2/2.4 MB | 678/738 kB | 53 kBProgress (5): 9.4/50 MB | 7.5/8.9 MB | 1.2/2.4 MB | 678/738 kB | 53 kBProgress (5): 9.4/50 MB | 7.5/8.9 MB | 1.2/2.4 MB | 694/738 kB | 53 kBProgress (5): 9.4/50 MB | 7.5/8.9 MB | 1.2/2.4 MB | 694/738 kB | 53 kBProgress (5): 9.4/50 MB | 7.5/8.9 MB | 1.2/2.4 MB | 694/738 kB | 53 kBProgress (5): 9.4/50 MB | 7.5/8.9 MB | 1.2/2.4 MB | 710/738 kB | 53 kBProgress (5): 9.4/50 MB | 7.5/8.9 MB | 1.2/2.4 MB | 727/738 kB | 53 kBProgress (5): 9.4/50 MB | 7.5/8.9 MB | 1.2/2.4 MB | 738 kB | 53 kB    Progress (5): 9.5/50 MB | 7.5/8.9 MB | 1.2/2.4 MB | 738 kB | 53 kBProgress (5): 9.5/50 MB | 7.5/8.9 MB | 1.2/2.4 MB | 738 kB | 53 kBProgress (5): 9.5/50 MB | 7.5/8.9 MB | 1.2/2.4 MB | 738 kB | 53 kBProgress (5): 9.5/50 MB | 7.5/8.9 MB | 1.2/2.4 MB | 738 kB | 53 kBProgress (5): 9.5/50 MB | 7.5/8.9 MB | 1.2/2.4 MB | 738 kB | 53 kBProgress (5): 9.5/50 MB | 7.5/8.9 MB | 1.2/2.4 MB | 738 kB | 53 kBProgress (5): 9.5/50 MB | 7.5/8.9 MB | 1.2/2.4 MB | 738 kB | 53 kBProgress (5): 9.5/50 MB | 7.5/8.9 MB | 1.2/2.4 MB | 738 kB | 53 kBProgress (5): 9.5/50 MB | 7.5/8.9 MB | 1.2/2.4 MB | 738 kB | 53 kBProgress (5): 9.5/50 MB | 7.5/8.9 MB | 1.2/2.4 MB | 738 kB | 53 kBProgress (5): 9.5/50 MB | 7.5/8.9 MB | 1.2/2.4 MB | 738 kB | 53 kBProgress (5): 9.5/50 MB | 7.5/8.9 MB | 1.2/2.4 MB | 738 kB | 53 kBProgress (5): 9.5/50 MB | 7.5/8.9 MB | 1.2/2.4 MB | 738 kB | 53 kBProgress (5): 9.5/50 MB | 7.6/8.9 MB | 1.2/2.4 MB | 738 kB | 53 kBProgress (5): 9.5/50 MB | 7.6/8.9 MB | 1.2/2.4 MB | 738 kB | 53 kBProgress (5): 9.6/50 MB | 7.6/8.9 MB | 1.2/2.4 MB | 738 kB | 53 kBProgress (5): 9.6/50 MB | 7.6/8.9 MB | 1.2/2.4 MB | 738 kB | 53 kBProgress (5): 9.6/50 MB | 7.6/8.9 MB | 1.2/2.4 MB | 738 kB | 53 kBProgress (5): 9.6/50 MB | 7.6/8.9 MB | 1.2/2.4 MB | 738 kB | 53 kBProgress (5): 9.6/50 MB | 7.6/8.9 MB | 1.2/2.4 MB | 738 kB | 53 kBProgress (5): 9.6/50 MB | 7.6/8.9 MB | 1.2/2.4 MB | 738 kB | 53 kBProgress (5): 9.6/50 MB | 7.6/8.9 MB | 1.2/2.4 MB | 738 kB | 53 kBProgress (5): 9.6/50 MB | 7.6/8.9 MB | 1.3/2.4 MB | 738 kB | 53 kBProgress (5): 9.6/50 MB | 7.6/8.9 MB | 1.3/2.4 MB | 738 kB | 53 kBProgress (5): 9.6/50 MB | 7.6/8.9 MB | 1.3/2.4 MB | 738 kB | 53 kBProgress (5): 9.6/50 MB | 7.6/8.9 MB | 1.3/2.4 MB | 738 kB | 53 kBProgress (5): 9.6/50 MB | 7.6/8.9 MB | 1.3/2.4 MB | 738 kB | 53 kBProgress (5): 9.7/50 MB | 7.6/8.9 MB | 1.3/2.4 MB | 738 kB | 53 kBProgress (5): 9.7/50 MB | 7.6/8.9 MB | 1.3/2.4 MB | 738 kB | 53 kBProgress (5): 9.7/50 MB | 7.7/8.9 MB | 1.3/2.4 MB | 738 kB | 53 kBProgress (5): 9.7/50 MB | 7.7/8.9 MB | 1.3/2.4 MB | 738 kB | 53 kBProgress (5): 9.7/50 MB | 7.7/8.9 MB | 1.3/2.4 MB | 738 kB | 53 kBProgress (5): 9.7/50 MB | 7.7/8.9 MB | 1.3/2.4 MB | 738 kB | 53 kBProgress (5): 9.7/50 MB | 7.7/8.9 MB | 1.3/2.4 MB | 738 kB | 53 kBProgress (5): 9.7/50 MB | 7.7/8.9 MB | 1.3/2.4 MB | 738 kB | 53 kBProgress (5): 9.7/50 MB | 7.7/8.9 MB | 1.3/2.4 MB | 738 kB | 53 kBProgress (5): 9.7/50 MB | 7.7/8.9 MB | 1.3/2.4 MB | 738 kB | 53 kBProgress (5): 9.7/50 MB | 7.7/8.9 MB | 1.3/2.4 MB | 738 kB | 53 kBProgress (5): 9.7/50 MB | 7.7/8.9 MB | 1.4/2.4 MB | 738 kB | 53 kBProgress (5): 9.7/50 MB | 7.7/8.9 MB | 1.4/2.4 MB | 738 kB | 53 kBProgress (5): 9.7/50 MB | 7.7/8.9 MB | 1.4/2.4 MB | 738 kB | 53 kBProgress (5): 9.7/50 MB | 7.7/8.9 MB | 1.4/2.4 MB | 738 kB | 53 kBProgress (5): 9.7/50 MB | 7.7/8.9 MB | 1.4/2.4 MB | 738 kB | 53 kBProgress (5): 9.8/50 MB | 7.7/8.9 MB | 1.4/2.4 MB | 738 kB | 53 kBProgress (5): 9.8/50 MB | 7.7/8.9 MB | 1.4/2.4 MB | 738 kB | 53 kBProgress (5): 9.8/50 MB | 7.7/8.9 MB | 1.4/2.4 MB | 738 kB | 53 kBProgress (5): 9.8/50 MB | 7.7/8.9 MB | 1.4/2.4 MB | 738 kB | 53 kBProgress (5): 9.8/50 MB | 7.7/8.9 MB | 1.4/2.4 MB | 738 kB | 53 kBProgress (5): 9.8/50 MB | 7.7/8.9 MB | 1.4/2.4 MB | 738 kB | 53 kBProgress (5): 9.8/50 MB | 7.7/8.9 MB | 1.4/2.4 MB | 738 kB | 53 kBProgress (5): 9.8/50 MB | 7.8/8.9 MB | 1.4/2.4 MB | 738 kB | 53 kBProgress (5): 9.8/50 MB | 7.8/8.9 MB | 1.4/2.4 MB | 738 kB | 53 kBProgress (5): 9.8/50 MB | 7.8/8.9 MB | 1.4/2.4 MB | 738 kB | 53 kBProgress (5): 9.8/50 MB | 7.8/8.9 MB | 1.4/2.4 MB | 738 kB | 53 kBProgress (5): 9.8/50 MB | 7.8/8.9 MB | 1.4/2.4 MB | 738 kB | 53 kBProgress (5): 9.8/50 MB | 7.8/8.9 MB | 1.4/2.4 MB | 738 kB | 53 kBProgress (5): 9.8/50 MB | 7.8/8.9 MB | 1.4/2.4 MB | 738 kB | 53 kBProgress (5): 9.8/50 MB | 7.8/8.9 MB | 1.4/2.4 MB | 738 kB | 53 kBProgress (5): 9.8/50 MB | 7.8/8.9 MB | 1.4/2.4 MB | 738 kB | 53 kBProgress (5): 9.9/50 MB | 7.8/8.9 MB | 1.4/2.4 MB | 738 kB | 53 kBProgress (5): 9.9/50 MB | 7.8/8.9 MB | 1.4/2.4 MB | 738 kB | 53 kBProgress (5): 9.9/50 MB | 7.8/8.9 MB | 1.4/2.4 MB | 738 kB | 53 kBProgress (5): 9.9/50 MB | 7.8/8.9 MB | 1.4/2.4 MB | 738 kB | 53 kBProgress (5): 9.9/50 MB | 7.8/8.9 MB | 1.4/2.4 MB | 738 kB | 53 kBProgress (5): 9.9/50 MB | 7.8/8.9 MB | 1.5/2.4 MB | 738 kB | 53 kBProgress (5): 9.9/50 MB | 7.8/8.9 MB | 1.5/2.4 MB | 738 kB | 53 kBProgress (5): 9.9/50 MB | 7.8/8.9 MB | 1.5/2.4 MB | 738 kB | 53 kBProgress (5): 9.9/50 MB | 7.8/8.9 MB | 1.5/2.4 MB | 738 kB | 53 kBProgress (5): 9.9/50 MB | 7.8/8.9 MB | 1.5/2.4 MB | 738 kB | 53 kBProgress (5): 10.0/50 MB | 7.8/8.9 MB | 1.5/2.4 MB | 738 kB | 53 kBProgress (5): 10.0/50 MB | 7.8/8.9 MB | 1.5/2.4 MB | 738 kB | 53 kBProgress (5): 10.0/50 MB | 7.8/8.9 MB | 1.5/2.4 MB | 738 kB | 53 kBProgress (5): 10.0/50 MB | 7.8/8.9 MB | 1.5/2.4 MB | 738 kB | 53 kBProgress (5): 10/50 MB | 7.8/8.9 MB | 1.5/2.4 MB | 738 kB | 53 kB  Progress (5): 10/50 MB | 7.9/8.9 MB | 1.5/2.4 MB | 738 kB | 53 kBProgress (5): 10/50 MB | 7.9/8.9 MB | 1.5/2.4 MB | 738 kB | 53 kBProgress (5): 10/50 MB | 7.9/8.9 MB | 1.5/2.4 MB | 738 kB | 53 kBProgress (5): 10/50 MB | 7.9/8.9 MB | 1.5/2.4 MB | 738 kB | 53 kBProgress (5): 10/50 MB | 7.9/8.9 MB | 1.5/2.4 MB | 738 kB | 53 kBProgress (5): 10/50 MB | 7.9/8.9 MB | 1.5/2.4 MB | 738 kB | 53 kBProgress (5): 10/50 MB | 7.9/8.9 MB | 1.5/2.4 MB | 738 kB | 53 kBProgress (5): 10/50 MB | 7.9/8.9 MB | 1.5/2.4 MB | 738 kB | 53 kBProgress (5): 10/50 MB | 7.9/8.9 MB | 1.5/2.4 MB | 738 kB | 53 kBProgress (5): 10/50 MB | 7.9/8.9 MB | 1.5/2.4 MB | 738 kB | 53 kBProgress (5): 10/50 MB | 7.9/8.9 MB | 1.5/2.4 MB | 738 kB | 53 kBProgress (5): 10/50 MB | 7.9/8.9 MB | 1.5/2.4 MB | 738 kB | 53 kBProgress (5): 10/50 MB | 7.9/8.9 MB | 1.5/2.4 MB | 738 kB | 53 kBProgress (5): 10/50 MB | 7.9/8.9 MB | 1.5/2.4 MB | 738 kB | 53 kBProgress (5): 10/50 MB | 7.9/8.9 MB | 1.5/2.4 MB | 738 kB | 53 kBProgress (5): 10/50 MB | 8.0/8.9 MB | 1.5/2.4 MB | 738 kB | 53 kBProgress (5): 10/50 MB | 8.0/8.9 MB | 1.5/2.4 MB | 738 kB | 53 kBProgress (5): 10/50 MB | 8.0/8.9 MB | 1.5/2.4 MB | 738 kB | 53 kBProgress (5): 10/50 MB | 8.0/8.9 MB | 1.5/2.4 MB | 738 kB | 53 kBProgress (5): 10/50 MB | 8.0/8.9 MB | 1.5/2.4 MB | 738 kB | 53 kBProgress (5): 10/50 MB | 8.0/8.9 MB | 1.5/2.4 MB | 738 kB | 53 kBProgress (5): 10/50 MB | 8.0/8.9 MB | 1.5/2.4 MB | 738 kB | 53 kBProgress (5): 10/50 MB | 8.0/8.9 MB | 1.5/2.4 MB | 738 kB | 53 kBProgress (5): 10/50 MB | 8.0/8.9 MB | 1.5/2.4 MB | 738 kB | 53 kBProgress (5): 10/50 MB | 8.0/8.9 MB | 1.5/2.4 MB | 738 kB | 53 kBProgress (5): 10/50 MB | 8.0/8.9 MB | 1.5/2.4 MB | 738 kB | 53 kBProgress (5): 10/50 MB | 8.0/8.9 MB | 1.5/2.4 MB | 738 kB | 53 kBProgress (5): 10/50 MB | 8.0/8.9 MB | 1.5/2.4 MB | 738 kB | 53 kBProgress (5): 10/50 MB | 8.0/8.9 MB | 1.5/2.4 MB | 738 kB | 53 kB                                                                 Downloaded from aliyun: https://maven.aliyun.com/repository/public/org/apache/tika/tika-core/2.9.1/tika-core-2.9.1.jar (738 kB at 215 kB/s)
Downloading from aliyun: https://maven.aliyun.com/repository/public/org/ccil/cowan/tagsoup/tagsoup/1.2.1/tagsoup-1.2.1.jar
Progress (4): 10/50 MB | 8.0/8.9 MB | 1.5/2.4 MB | 53 kBProgress (4): 10/50 MB | 8.1/8.9 MB | 1.5/2.4 MB | 53 kBProgress (4): 10/50 MB | 8.1/8.9 MB | 1.5/2.4 MB | 53 kBProgress (4): 10/50 MB | 8.1/8.9 MB | 1.5/2.4 MB | 53 kBProgress (4): 10/50 MB | 8.1/8.9 MB | 1.6/2.4 MB | 53 kBProgress (4): 10/50 MB | 8.1/8.9 MB | 1.6/2.4 MB | 53 kBProgress (4): 10/50 MB | 8.1/8.9 MB | 1.6/2.4 MB | 53 kBProgress (4): 10/50 MB | 8.1/8.9 MB | 1.6/2.4 MB | 53 kBProgress (4): 10/50 MB | 8.1/8.9 MB | 1.6/2.4 MB | 53 kBProgress (4): 10/50 MB | 8.1/8.9 MB | 1.6/2.4 MB | 53 kBProgress (4): 10/50 MB | 8.1/8.9 MB | 1.6/2.4 MB | 53 kB                                                        Downloaded from aliyun: https://maven.aliyun.com/repository/public/org/apache/tika/tika-parser-html-module/2.9.1/tika-parser-html-module-2.9.1.jar (53 kB at 15 kB/s)
Downloading from aliyun: https://maven.aliyun.com/repository/public/org/apache/tika/tika-parser-pdf-module/2.9.1/tika-parser-pdf-module-2.9.1.jar
Progress (3): 10/50 MB | 8.1/8.9 MB | 1.6/2.4 MBProgress (3): 10/50 MB | 8.1/8.9 MB | 1.6/2.4 MBProgress (3): 10/50 MB | 8.1/8.9 MB | 1.6/2.4 MBProgress (3): 10/50 MB | 8.1/8.9 MB | 1.6/2.4 MBProgress (3): 10/50 MB | 8.1/8.9 MB | 1.6/2.4 MBProgress (4): 10/50 MB | 8.1/8.9 MB | 1.6/2.4 MB | 6.3/91 kBProgress (4): 10/50 MB | 8.1/8.9 MB | 1.6/2.4 MB | 6.3/91 kBProgress (4): 10/50 MB | 8.2/8.9 MB | 1.6/2.4 MB | 6.3/91 kBProgress (4): 10/50 MB | 8.2/8.9 MB | 1.6/2.4 MB | 6.3/91 kBProgress (4): 10/50 MB | 8.2/8.9 MB | 1.6/2.4 MB | 6.3/91 kBProgress (4): 10/50 MB | 8.2/8.9 MB | 1.6/2.4 MB | 6.3/91 kBProgress (4): 10/50 MB | 8.2/8.9 MB | 1.6/2.4 MB | 6.3/91 kBProgress (4): 10/50 MB | 8.2/8.9 MB | 1.6/2.4 MB | 6.3/91 kBProgress (4): 10/50 MB | 8.2/8.9 MB | 1.6/2.4 MB | 6.3/91 kBProgress (4): 10/50 MB | 8.2/8.9 MB | 1.6/2.4 MB | 6.3/91 kBProgress (4): 10/50 MB | 8.2/8.9 MB | 1.6/2.4 MB | 6.3/91 kBProgress (4): 10/50 MB | 8.2/8.9 MB | 1.6/2.4 MB | 6.3/91 kBProgress (4): 10/50 MB | 8.2/8.9 MB | 1.6/2.4 MB | 6.3/91 kBProgress (4): 10/50 MB | 8.2/8.9 MB | 1.6/2.4 MB | 6.3/91 kBProgress (4): 10/50 MB | 8.2/8.9 MB | 1.6/2.4 MB | 6.3/91 kBProgress (4): 10/50 MB | 8.2/8.9 MB | 1.6/2.4 MB | 6.3/91 kBProgress (4): 10/50 MB | 8.2/8.9 MB | 1.6/2.4 MB | 6.3/91 kBProgress (4): 10/50 MB | 8.2/8.9 MB | 1.6/2.4 MB | 6.3/91 kBProgress (4): 10/50 MB | 8.3/8.9 MB | 1.6/2.4 MB | 6.3/91 kBProgress (5): 10/50 MB | 8.3/8.9 MB | 1.6/2.4 MB | 6.3/91 kB | 7.3/138 kBProgress (5): 10/50 MB | 8.3/8.9 MB | 1.6/2.4 MB | 6.3/91 kB | 16/138 kB Progress (5): 10/50 MB | 8.3/8.9 MB | 1.6/2.4 MB | 6.3/91 kB | 17/138 kBProgress (5): 10/50 MB | 8.3/8.9 MB | 1.6/2.4 MB | 6.3/91 kB | 33/138 kBProgress (5): 10/50 MB | 8.3/8.9 MB | 1.6/2.4 MB | 6.3/91 kB | 33/138 kBProgress (5): 10/50 MB | 8.3/8.9 MB | 1.6/2.4 MB | 6.3/91 kB | 33/138 kBProgress (5): 10/50 MB | 8.3/8.9 MB | 1.6/2.4 MB | 23/91 kB | 33/138 kB Progress (5): 10/50 MB | 8.3/8.9 MB | 1.6/2.4 MB | 23/91 kB | 33/138 kBProgress (5): 11/50 MB | 8.3/8.9 MB | 1.6/2.4 MB | 23/91 kB | 33/138 kBProgress (5): 11/50 MB | 8.3/8.9 MB | 1.6/2.4 MB | 23/91 kB | 33/138 kBProgress (5): 11/50 MB | 8.3/8.9 MB | 1.6/2.4 MB | 23/91 kB | 33/138 kBProgress (5): 11/50 MB | 8.3/8.9 MB | 1.6/2.4 MB | 23/91 kB | 33/138 kBProgress (5): 11/50 MB | 8.3/8.9 MB | 1.6/2.4 MB | 23/91 kB | 49/138 kBProgress (5): 11/50 MB | 8.3/8.9 MB | 1.6/2.4 MB | 23/91 kB | 56/138 kBProgress (5): 11/50 MB | 8.3/8.9 MB | 1.6/2.4 MB | 23/91 kB | 60/138 kBProgress (5): 11/50 MB | 8.3/8.9 MB | 1.6/2.4 MB | 23/91 kB | 60/138 kBProgress (5): 11/50 MB | 8.3/8.9 MB | 1.6/2.4 MB | 23/91 kB | 60/138 kBProgress (5): 11/50 MB | 8.3/8.9 MB | 1.6/2.4 MB | 23/91 kB | 60/138 kBProgress (5): 11/50 MB | 8.3/8.9 MB | 1.6/2.4 MB | 23/91 kB | 60/138 kBProgress (5): 11/50 MB | 8.3/8.9 MB | 1.6/2.4 MB | 23/91 kB | 77/138 kBProgress (5): 11/50 MB | 8.3/8.9 MB | 1.6/2.4 MB | 23/91 kB | 77/138 kBProgress (5): 11/50 MB | 8.3/8.9 MB | 1.6/2.4 MB | 23/91 kB | 77/138 kBProgress (5): 11/50 MB | 8.3/8.9 MB | 1.7/2.4 MB | 23/91 kB | 77/138 kBProgress (5): 11/50 MB | 8.3/8.9 MB | 1.7/2.4 MB | 23/91 kB | 77/138 kBProgress (5): 11/50 MB | 8.3/8.9 MB | 1.7/2.4 MB | 23/91 kB | 77/138 kBProgress (5): 11/50 MB | 8.3/8.9 MB | 1.7/2.4 MB | 39/91 kB | 77/138 kBProgress (5): 11/50 MB | 8.3/8.9 MB | 1.7/2.4 MB | 55/91 kB | 77/138 kBProgress (5): 11/50 MB | 8.3/8.9 MB | 1.7/2.4 MB | 72/91 kB | 77/138 kBProgress (5): 11/50 MB | 8.3/8.9 MB | 1.7/2.4 MB | 88/91 kB | 77/138 kBProgress (5): 11/50 MB | 8.3/8.9 MB | 1.7/2.4 MB | 91 kB | 77/138 kB   Progress (5): 11/50 MB | 8.4/8.9 MB | 1.7/2.4 MB | 91 kB | 77/138 kBProgress (5): 11/50 MB | 8.4/8.9 MB | 1.7/2.4 MB | 91 kB | 77/138 kBProgress (5): 11/50 MB | 8.4/8.9 MB | 1.7/2.4 MB | 91 kB | 77/138 kBProgress (5): 11/50 MB | 8.4/8.9 MB | 1.7/2.4 MB | 91 kB | 77/138 kBProgress (5): 11/50 MB | 8.4/8.9 MB | 1.7/2.4 MB | 91 kB | 77/138 kBProgress (5): 11/50 MB | 8.4/8.9 MB | 1.7/2.4 MB | 91 kB | 93/138 kBProgress (5): 11/50 MB | 8.4/8.9 MB | 1.7/2.4 MB | 91 kB | 109/138 kBProgress (5): 11/50 MB | 8.4/8.9 MB | 1.7/2.4 MB | 91 kB | 120/138 kBProgress (5): 11/50 MB | 8.4/8.9 MB | 1.7/2.4 MB | 91 kB | 129/138 kBProgress (5): 11/50 MB | 8.4/8.9 MB | 1.7/2.4 MB | 91 kB | 129/138 kBProgress (5): 11/50 MB | 8.4/8.9 MB | 1.7/2.4 MB | 91 kB | 129/138 kBProgress (5): 11/50 MB | 8.4/8.9 MB | 1.7/2.4 MB | 91 kB | 129/138 kBProgress (5): 11/50 MB | 8.4/8.9 MB | 1.7/2.4 MB | 91 kB | 129/138 kBProgress (5): 11/50 MB | 8.4/8.9 MB | 1.7/2.4 MB | 91 kB | 129/138 kBProgress (5): 11/50 MB | 8.4/8.9 MB | 1.7/2.4 MB | 91 kB | 129/138 kBProgress (5): 11/50 MB | 8.4/8.9 MB | 1.7/2.4 MB | 91 kB | 129/138 kBProgress (5): 11/50 MB | 8.4/8.9 MB | 1.7/2.4 MB | 91 kB | 129/138 kB                                                                     Downloaded from aliyun: https://maven.aliyun.com/repository/public/org/ccil/cowan/tagsoup/tagsoup/1.2.1/tagsoup-1.2.1.jar (91 kB at 26 kB/s)
Downloading from aliyun: https://maven.aliyun.com/repository/public/org/apache/tika/tika-parser-xmp-commons/2.9.1/tika-parser-xmp-commons-2.9.1.jar
Progress (4): 11/50 MB | 8.4/8.9 MB | 1.7/2.4 MB | 138 kBProgress (4): 11/50 MB | 8.4/8.9 MB | 1.7/2.4 MB | 138 kBProgress (4): 11/50 MB | 8.4/8.9 MB | 1.7/2.4 MB | 138 kBProgress (4): 11/50 MB | 8.4/8.9 MB | 1.7/2.4 MB | 138 kBProgress (4): 11/50 MB | 8.4/8.9 MB | 1.7/2.4 MB | 138 kBProgress (4): 11/50 MB | 8.4/8.9 MB | 1.7/2.4 MB | 138 kBProgress (4): 11/50 MB | 8.5/8.9 MB | 1.7/2.4 MB | 138 kBProgress (4): 11/50 MB | 8.5/8.9 MB | 1.7/2.4 MB | 138 kBProgress (4): 11/50 MB | 8.5/8.9 MB | 1.7/2.4 MB | 138 kBProgress (4): 11/50 MB | 8.5/8.9 MB | 1.7/2.4 MB | 138 kBProgress (4): 11/50 MB | 8.5/8.9 MB | 1.7/2.4 MB | 138 kBProgress (4): 11/50 MB | 8.5/8.9 MB | 1.7/2.4 MB | 138 kBProgress (4): 11/50 MB | 8.5/8.9 MB | 1.7/2.4 MB | 138 kBProgress (4): 11/50 MB | 8.5/8.9 MB | 1.7/2.4 MB | 138 kBProgress (4): 11/50 MB | 8.5/8.9 MB | 1.7/2.4 MB | 138 kBProgress (4): 11/50 MB | 8.5/8.9 MB | 1.7/2.4 MB | 138 kBProgress (4): 11/50 MB | 8.5/8.9 MB | 1.7/2.4 MB | 138 kBProgress (4): 11/50 MB | 8.5/8.9 MB | 1.7/2.4 MB | 138 kBProgress (4): 11/50 MB | 8.5/8.9 MB | 1.7/2.4 MB | 138 kBProgress (5): 11/50 MB | 8.5/8.9 MB | 1.7/2.4 MB | 138 kB | 0.5/15 kBProgress (5): 11/50 MB | 8.5/8.9 MB | 1.7/2.4 MB | 138 kB | 0.5/15 kBProgress (5): 11/50 MB | 8.5/8.9 MB | 1.7/2.4 MB | 138 kB | 0.5/15 kBProgress (5): 11/50 MB | 8.5/8.9 MB | 1.7/2.4 MB | 138 kB | 0.5/15 kBProgress (5): 11/50 MB | 8.5/8.9 MB | 1.7/2.4 MB | 138 kB | 0.5/15 kBProgress (5): 11/50 MB | 8.5/8.9 MB | 1.7/2.4 MB | 138 kB | 0.5/15 kBProgress (5): 11/50 MB | 8.5/8.9 MB | 1.7/2.4 MB | 138 kB | 0.5/15 kBProgress (5): 11/50 MB | 8.5/8.9 MB | 1.7/2.4 MB | 138 kB | 0.5/15 kBProgress (5): 11/50 MB | 8.5/8.9 MB | 1.7/2.4 MB | 138 kB | 0.5/15 kBProgress (5): 11/50 MB | 8.5/8.9 MB | 1.7/2.4 MB | 138 kB | 0.5/15 kBProgress (5): 11/50 MB | 8.5/8.9 MB | 1.7/2.4 MB | 138 kB | 0.5/15 kBProgress (5): 11/50 MB | 8.5/8.9 MB | 1.7/2.4 MB | 138 kB | 0.5/15 kBProgress (5): 11/50 MB | 8.5/8.9 MB | 1.7/2.4 MB | 138 kB | 0.5/15 kBProgress (5): 11/50 MB | 8.5/8.9 MB | 1.7/2.4 MB | 138 kB | 0.5/15 kBProgress (5): 11/50 MB | 8.6/8.9 MB | 1.7/2.4 MB | 138 kB | 0.5/15 kBProgress (5): 11/50 MB | 8.6/8.9 MB | 1.7/2.4 MB | 138 kB | 0.5/15 kBProgress (5): 11/50 MB | 8.6/8.9 MB | 1.7/2.4 MB | 138 kB | 0.5/15 kBProgress (5): 11/50 MB | 8.6/8.9 MB | 1.7/2.4 MB | 138 kB | 0.5/15 kBProgress (5): 11/50 MB | 8.6/8.9 MB | 1.7/2.4 MB | 138 kB | 0.5/15 kBProgress (5): 11/50 MB | 8.6/8.9 MB | 1.8/2.4 MB | 138 kB | 0.5/15 kBProgress (5): 11/50 MB | 8.6/8.9 MB | 1.8/2.4 MB | 138 kB | 0.5/15 kBProgress (5): 11/50 MB | 8.6/8.9 MB | 1.8/2.4 MB | 138 kB | 0.5/15 kBProgress (5): 11/50 MB | 8.6/8.9 MB | 1.8/2.4 MB | 138 kB | 15 kB    Progress (5): 11/50 MB | 8.6/8.9 MB | 1.8/2.4 MB | 138 kB | 15 kBProgress (5): 11/50 MB | 8.6/8.9 MB | 1.8/2.4 MB | 138 kB | 15 kBProgress (5): 11/50 MB | 8.6/8.9 MB | 1.8/2.4 MB | 138 kB | 15 kBProgress (5): 11/50 MB | 8.6/8.9 MB | 1.8/2.4 MB | 138 kB | 15 kBProgress (5): 11/50 MB | 8.6/8.9 MB | 1.8/2.4 MB | 138 kB | 15 kBProgress (5): 11/50 MB | 8.6/8.9 MB | 1.8/2.4 MB | 138 kB | 15 kBProgress (5): 11/50 MB | 8.6/8.9 MB | 1.8/2.4 MB | 138 kB | 15 kBProgress (5): 11/50 MB | 8.6/8.9 MB | 1.8/2.4 MB | 138 kB | 15 kBProgress (5): 11/50 MB | 8.6/8.9 MB | 1.8/2.4 MB | 138 kB | 15 kBProgress (5): 11/50 MB | 8.6/8.9 MB | 1.8/2.4 MB | 138 kB | 15 kBProgress (5): 11/50 MB | 8.6/8.9 MB | 1.8/2.4 MB | 138 kB | 15 kBProgress (5): 11/50 MB | 8.6/8.9 MB | 1.8/2.4 MB | 138 kB | 15 kBProgress (5): 11/50 MB | 8.6/8.9 MB | 1.8/2.4 MB | 138 kB | 15 kBProgress (5): 11/50 MB | 8.7/8.9 MB | 1.8/2.4 MB | 138 kB | 15 kBProgress (5): 11/50 MB | 8.7/8.9 MB | 1.8/2.4 MB | 138 kB | 15 kBProgress (5): 11/50 MB | 8.7/8.9 MB | 1.8/2.4 MB | 138 kB | 15 kBProgress (5): 11/50 MB | 8.7/8.9 MB | 1.8/2.4 MB | 138 kB | 15 kBProgress (5): 11/50 MB | 8.7/8.9 MB | 1.8/2.4 MB | 138 kB | 15 kBProgress (5): 11/50 MB | 8.7/8.9 MB | 1.8/2.4 MB | 138 kB | 15 kBProgress (5): 11/50 MB | 8.7/8.9 MB | 1.8/2.4 MB | 138 kB | 15 kBProgress (5): 11/50 MB | 8.7/8.9 MB | 1.8/2.4 MB | 138 kB | 15 kBProgress (5): 11/50 MB | 8.7/8.9 MB | 1.9/2.4 MB | 138 kB | 15 kBProgress (5): 11/50 MB | 8.7/8.9 MB | 1.9/2.4 MB | 138 kB | 15 kBProgress (5): 11/50 MB | 8.7/8.9 MB | 1.9/2.4 MB | 138 kB | 15 kBProgress (5): 11/50 MB | 8.7/8.9 MB | 1.9/2.4 MB | 138 kB | 15 kBProgress (5): 11/50 MB | 8.7/8.9 MB | 1.9/2.4 MB | 138 kB | 15 kBProgress (5): 11/50 MB | 8.7/8.9 MB | 1.9/2.4 MB | 138 kB | 15 kBProgress (5): 11/50 MB | 8.7/8.9 MB | 1.9/2.4 MB | 138 kB | 15 kBProgress (5): 11/50 MB | 8.7/8.9 MB | 1.9/2.4 MB | 138 kB | 15 kBProgress (5): 11/50 MB | 8.7/8.9 MB | 1.9/2.4 MB | 138 kB | 15 kBProgress (5): 11/50 MB | 8.7/8.9 MB | 1.9/2.4 MB | 138 kB | 15 kBProgress (5): 11/50 MB | 8.7/8.9 MB | 1.9/2.4 MB | 138 kB | 15 kBProgress (5): 11/50 MB | 8.7/8.9 MB | 1.9/2.4 MB | 138 kB | 15 kBProgress (5): 11/50 MB | 8.7/8.9 MB | 1.9/2.4 MB | 138 kB | 15 kBProgress (5): 11/50 MB | 8.7/8.9 MB | 1.9/2.4 MB | 138 kB | 15 kBProgress (5): 11/50 MB | 8.7/8.9 MB | 1.9/2.4 MB | 138 kB | 15 kBProgress (5): 11/50 MB | 8.7/8.9 MB | 1.9/2.4 MB | 138 kB | 15 kBProgress (5): 11/50 MB | 8.7/8.9 MB | 1.9/2.4 MB | 138 kB | 15 kBProgress (5): 11/50 MB | 8.7/8.9 MB | 1.9/2.4 MB | 138 kB | 15 kBProgress (5): 11/50 MB | 8.7/8.9 MB | 1.9/2.4 MB | 138 kB | 15 kBProgress (5): 11/50 MB | 8.7/8.9 MB | 1.9/2.4 MB | 138 kB | 15 kBProgress (5): 12/50 MB | 8.7/8.9 MB | 1.9/2.4 MB | 138 kB | 15 kBProgress (5): 12/50 MB | 8.7/8.9 MB | 1.9/2.4 MB | 138 kB | 15 kBProgress (5): 12/50 MB | 8.7/8.9 MB | 1.9/2.4 MB | 138 kB | 15 kBProgress (5): 12/50 MB | 8.7/8.9 MB | 1.9/2.4 MB | 138 kB | 15 kBProgress (5): 12/50 MB | 8.7/8.9 MB | 1.9/2.4 MB | 138 kB | 15 kBProgress (5): 12/50 MB | 8.8/8.9 MB | 1.9/2.4 MB | 138 kB | 15 kBProgress (5): 12/50 MB | 8.8/8.9 MB | 1.9/2.4 MB | 138 kB | 15 kBProgress (5): 12/50 MB | 8.8/8.9 MB | 1.9/2.4 MB | 138 kB | 15 kBProgress (5): 12/50 MB | 8.8/8.9 MB | 1.9/2.4 MB | 138 kB | 15 kBProgress (5): 12/50 MB | 8.8/8.9 MB | 1.9/2.4 MB | 138 kB | 15 kBProgress (5): 12/50 MB | 8.8/8.9 MB | 1.9/2.4 MB | 138 kB | 15 kBProgress (5): 12/50 MB | 8.8/8.9 MB | 1.9/2.4 MB | 138 kB | 15 kBProgress (5): 12/50 MB | 8.8/8.9 MB | 1.9/2.4 MB | 138 kB | 15 kBProgress (5): 12/50 MB | 8.8/8.9 MB | 1.9/2.4 MB | 138 kB | 15 kBProgress (5): 12/50 MB | 8.8/8.9 MB | 1.9/2.4 MB | 138 kB | 15 kBProgress (5): 12/50 MB | 8.8/8.9 MB | 1.9/2.4 MB | 138 kB | 15 kBProgress (5): 12/50 MB | 8.8/8.9 MB | 1.9/2.4 MB | 138 kB | 15 kBProgress (5): 12/50 MB | 8.8/8.9 MB | 1.9/2.4 MB | 138 kB | 15 kBProgress (5): 12/50 MB | 8.8/8.9 MB | 1.9/2.4 MB | 138 kB | 15 kBProgress (5): 12/50 MB | 8.8/8.9 MB | 1.9/2.4 MB | 138 kB | 15 kBProgress (5): 12/50 MB | 8.8/8.9 MB | 1.9/2.4 MB | 138 kB | 15 kBProgress (5): 12/50 MB | 8.8/8.9 MB | 1.9/2.4 MB | 138 kB | 15 kBProgress (5): 12/50 MB | 8.8/8.9 MB | 1.9/2.4 MB | 138 kB | 15 kBProgress (5): 12/50 MB | 8.8/8.9 MB | 1.9/2.4 MB | 138 kB | 15 kBProgress (5): 12/50 MB | 8.8/8.9 MB | 1.9/2.4 MB | 138 kB | 15 kBProgress (5): 12/50 MB | 8.8/8.9 MB | 1.9/2.4 MB | 138 kB | 15 kBProgress (5): 12/50 MB | 8.8/8.9 MB | 1.9/2.4 MB | 138 kB | 15 kBProgress (5): 12/50 MB | 8.9/8.9 MB | 1.9/2.4 MB | 138 kB | 15 kBProgress (5): 12/50 MB | 8.9/8.9 MB | 1.9/2.4 MB | 138 kB | 15 kBProgress (5): 12/50 MB | 8.9/8.9 MB | 1.9/2.4 MB | 138 kB | 15 kBProgress (5): 12/50 MB | 8.9/8.9 MB | 1.9/2.4 MB | 138 kB | 15 kBProgress (5): 12/50 MB | 8.9/8.9 MB | 1.9/2.4 MB | 138 kB | 15 kBProgress (5): 12/50 MB | 8.9/8.9 MB | 1.9/2.4 MB | 138 kB | 15 kBProgress (5): 12/50 MB | 8.9/8.9 MB | 2.0/2.4 MB | 138 kB | 15 kBProgress (5): 12/50 MB | 8.9/8.9 MB | 2.0/2.4 MB | 138 kB | 15 kBProgress (5): 12/50 MB | 8.9/8.9 MB | 2.0/2.4 MB | 138 kB | 15 kBProgress (5): 12/50 MB | 8.9/8.9 MB | 2.0/2.4 MB | 138 kB | 15 kBProgress (5): 12/50 MB | 8.9/8.9 MB | 2.0/2.4 MB | 138 kB | 15 kBProgress (5): 12/50 MB | 8.9/8.9 MB | 2.0/2.4 MB | 138 kB | 15 kBProgress (5): 12/50 MB | 8.9/8.9 MB | 2.0/2.4 MB | 138 kB | 15 kBProgress (5): 12/50 MB | 8.9/8.9 MB | 2.0/2.4 MB | 138 kB | 15 kBProgress (5): 12/50 MB | 8.9/8.9 MB | 2.0/2.4 MB | 138 kB | 15 kBProgress (5): 12/50 MB | 8.9/8.9 MB | 2.0/2.4 MB | 138 kB | 15 kBProgress (5): 12/50 MB | 8.9/8.9 MB | 2.0/2.4 MB | 138 kB | 15 kBProgress (5): 12/50 MB | 8.9/8.9 MB | 2.0/2.4 MB | 138 kB | 15 kBProgress (5): 12/50 MB | 8.9/8.9 MB | 2.0/2.4 MB | 138 kB | 15 kBProgress (5): 12/50 MB | 8.9/8.9 MB | 2.0/2.4 MB | 138 kB | 15 kBProgress (5): 12/50 MB | 8.9 MB | 2.0/2.4 MB | 138 kB | 15 kB    Progress (5): 12/50 MB | 8.9 MB | 2.0/2.4 MB | 138 kB | 15 kBProgress (5): 12/50 MB | 8.9 MB | 2.0/2.4 MB | 138 kB | 15 kBProgress (5): 12/50 MB | 8.9 MB | 2.0/2.4 MB | 138 kB | 15 kBProgress (5): 12/50 MB | 8.9 MB | 2.0/2.4 MB | 138 kB | 15 kBProgress (5): 12/50 MB | 8.9 MB | 2.0/2.4 MB | 138 kB | 15 kBProgress (5): 12/50 MB | 8.9 MB | 2.0/2.4 MB | 138 kB | 15 kBProgress (5): 12/50 MB | 8.9 MB | 2.0/2.4 MB | 138 kB | 15 kBProgress (5): 12/50 MB | 8.9 MB | 2.0/2.4 MB | 138 kB | 15 kBProgress (5): 12/50 MB | 8.9 MB | 2.0/2.4 MB | 138 kB | 15 kBProgress (5): 12/50 MB | 8.9 MB | 2.0/2.4 MB | 138 kB | 15 kBProgress (5): 12/50 MB | 8.9 MB | 2.0/2.4 MB | 138 kB | 15 kB                                                             Downloaded from aliyun: https://maven.aliyun.com/repository/public/org/apache/tika/tika-parser-pdf-module/2.9.1/tika-parser-pdf-module-2.9.1.jar (138 kB at 37 kB/s)
Downloading from aliyun: https://maven.aliyun.com/repository/public/org/apache/pdfbox/xmpbox/2.0.29/xmpbox-2.0.29.jar
Progress (4): 12/50 MB | 8.9 MB | 2.0/2.4 MB | 15 kBProgress (4): 12/50 MB | 8.9 MB | 2.0/2.4 MB | 15 kBProgress (4): 12/50 MB | 8.9 MB | 2.0/2.4 MB | 15 kBProgress (4): 12/50 MB | 8.9 MB | 2.0/2.4 MB | 15 kBProgress (4): 12/50 MB | 8.9 MB | 2.0/2.4 MB | 15 kBProgress (4): 12/50 MB | 8.9 MB | 2.0/2.4 MB | 15 kBProgress (4): 12/50 MB | 8.9 MB | 2.0/2.4 MB | 15 kBProgress (4): 12/50 MB | 8.9 MB | 2.0/2.4 MB | 15 kBProgress (4): 12/50 MB | 8.9 MB | 2.0/2.4 MB | 15 kBProgress (4): 12/50 MB | 8.9 MB | 2.0/2.4 MB | 15 kBProgress (4): 12/50 MB | 8.9 MB | 2.0/2.4 MB | 15 kBProgress (4): 12/50 MB | 8.9 MB | 2.0/2.4 MB | 15 kBProgress (4): 12/50 MB | 8.9 MB | 2.0/2.4 MB | 15 kBProgress (4): 12/50 MB | 8.9 MB | 2.0/2.4 MB | 15 kBProgress (4): 12/50 MB | 8.9 MB | 2.0/2.4 MB | 15 kBProgress (4): 12/50 MB | 8.9 MB | 2.0/2.4 MB | 15 kBProgress (4): 12/50 MB | 8.9 MB | 2.0/2.4 MB | 15 kBProgress (4): 12/50 MB | 8.9 MB | 2.1/2.4 MB | 15 kBProgress (4): 12/50 MB | 8.9 MB | 2.1/2.4 MB | 15 kBProgress (4): 12/50 MB | 8.9 MB | 2.1/2.4 MB | 15 kBProgress (4): 12/50 MB | 8.9 MB | 2.1/2.4 MB | 15 kBProgress (4): 12/50 MB | 8.9 MB | 2.1/2.4 MB | 15 kBProgress (4): 12/50 MB | 8.9 MB | 2.1/2.4 MB | 15 kBProgress (4): 12/50 MB | 8.9 MB | 2.1/2.4 MB | 15 kBProgress (4): 12/50 MB | 8.9 MB | 2.1/2.4 MB | 15 kBProgress (4): 12/50 MB | 8.9 MB | 2.1/2.4 MB | 15 kBProgress (4): 12/50 MB | 8.9 MB | 2.1/2.4 MB | 15 kBProgress (4): 12/50 MB | 8.9 MB | 2.1/2.4 MB | 15 kBProgress (4): 13/50 MB | 8.9 MB | 2.1/2.4 MB | 15 kBProgress (4): 13/50 MB | 8.9 MB | 2.1/2.4 MB | 15 kBProgress (4): 13/50 MB | 8.9 MB | 2.1/2.4 MB | 15 kB                                                    Downloaded from aliyun: https://maven.aliyun.com/repository/public/org/graalvm/truffle/truffle-api/22.0.0/truffle-api-22.0.0.jar (8.9 MB at 2.3 MB/s)
Downloading from aliyun: https://maven.aliyun.com/repository/public/org/apache/pdfbox/pdfbox/2.0.29/pdfbox-2.0.29.jar
Progress (3): 13/50 MB | 2.1/2.4 MB | 15 kBProgress (3): 13/50 MB | 2.1/2.4 MB | 15 kBProgress (4): 13/50 MB | 2.1/2.4 MB | 15 kB | 6.3/133 kBProgress (4): 13/50 MB | 2.1/2.4 MB | 15 kB | 6.3/133 kBProgress (4): 13/50 MB | 2.2/2.4 MB | 15 kB | 6.3/133 kB                                                        Downloaded from aliyun: https://maven.aliyun.com/repository/public/org/apache/tika/tika-parser-xmp-commons/2.9.1/tika-parser-xmp-commons-2.9.1.jar (15 kB at 4.0 kB/s)
Downloading from aliyun: https://maven.aliyun.com/repository/public/org/apache/pdfbox/fontbox/2.0.29/fontbox-2.0.29.jar
Progress (3): 13/50 MB | 2.2/2.4 MB | 6.3/133 kBProgress (3): 13/50 MB | 2.2/2.4 MB | 6.3/133 kBProgress (3): 13/50 MB | 2.2/2.4 MB | 6.3/133 kBProgress (3): 13/50 MB | 2.2/2.4 MB | 6.3/133 kBProgress (3): 13/50 MB | 2.2/2.4 MB | 6.3/133 kBProgress (3): 13/50 MB | 2.2/2.4 MB | 6.3/133 kBProgress (3): 13/50 MB | 2.2/2.4 MB | 6.3/133 kBProgress (4): 13/50 MB | 2.2/2.4 MB | 6.3/133 kB | 0/1.6 MBProgress (4): 13/50 MB | 2.2/2.4 MB | 23/133 kB | 0/1.6 MB Progress (5): 13/50 MB | 2.2/2.4 MB | 23/133 kB | 0/1.6 MB | 0/2.8 MBProgress (5): 13/50 MB | 2.2/2.4 MB | 38/133 kB | 0/1.6 MB | 0/2.8 MBProgress (5): 13/50 MB | 2.2/2.4 MB | 50/133 kB | 0/1.6 MB | 0/2.8 MBProgress (5): 13/50 MB | 2.2/2.4 MB | 66/133 kB | 0/1.6 MB | 0/2.8 MBProgress (5): 13/50 MB | 2.2/2.4 MB | 82/133 kB | 0/1.6 MB | 0/2.8 MBProgress (5): 13/50 MB | 2.2/2.4 MB | 90/133 kB | 0/1.6 MB | 0/2.8 MBProgress (5): 13/50 MB | 2.2/2.4 MB | 104/133 kB | 0/1.6 MB | 0/2.8 MBProgress (5): 13/50 MB | 2.2/2.4 MB | 107/133 kB | 0/1.6 MB | 0/2.8 MBProgress (5): 13/50 MB | 2.2/2.4 MB | 123/133 kB | 0/1.6 MB | 0/2.8 MBProgress (5): 13/50 MB | 2.2/2.4 MB | 133 kB | 0/1.6 MB | 0/2.8 MB    Progress (5): 13/50 MB | 2.2/2.4 MB | 133 kB | 0/1.6 MB | 0/2.8 MBProgress (5): 13/50 MB | 2.2/2.4 MB | 133 kB | 0/1.6 MB | 0/2.8 MBProgress (5): 13/50 MB | 2.2/2.4 MB | 133 kB | 0/1.6 MB | 0/2.8 MBProgress (5): 13/50 MB | 2.2/2.4 MB | 133 kB | 0/1.6 MB | 0/2.8 MBProgress (5): 13/50 MB | 2.2/2.4 MB | 133 kB | 0/1.6 MB | 0/2.8 MBProgress (5): 13/50 MB | 2.2/2.4 MB | 133 kB | 0/1.6 MB | 0/2.8 MBProgress (5): 13/50 MB | 2.2/2.4 MB | 133 kB | 0/1.6 MB | 0/2.8 MBProgress (5): 13/50 MB | 2.2/2.4 MB | 133 kB | 0/1.6 MB | 0/2.8 MBProgress (5): 13/50 MB | 2.2/2.4 MB | 133 kB | 0/1.6 MB | 0/2.8 MBProgress (5): 13/50 MB | 2.2/2.4 MB | 133 kB | 0/1.6 MB | 0/2.8 MBProgress (5): 13/50 MB | 2.2/2.4 MB | 133 kB | 0/1.6 MB | 0/2.8 MBProgress (5): 13/50 MB | 2.2/2.4 MB | 133 kB | 0/1.6 MB | 0/2.8 MBProgress (5): 13/50 MB | 2.2/2.4 MB | 133 kB | 0/1.6 MB | 0/2.8 MBProgress (5): 13/50 MB | 2.2/2.4 MB | 133 kB | 0/1.6 MB | 0/2.8 MBProgress (5): 13/50 MB | 2.2/2.4 MB | 133 kB | 0/1.6 MB | 0/2.8 MBProgress (5): 13/50 MB | 2.3/2.4 MB | 133 kB | 0/1.6 MB | 0/2.8 MBProgress (5): 13/50 MB | 2.3/2.4 MB | 133 kB | 0/1.6 MB | 0/2.8 MBProgress (5): 13/50 MB | 2.3/2.4 MB | 133 kB | 0/1.6 MB | 0.1/2.8 MBProgress (5): 13/50 MB | 2.3/2.4 MB | 133 kB | 0/1.6 MB | 0.1/2.8 MBProgress (5): 13/50 MB | 2.3/2.4 MB | 133 kB | 0/1.6 MB | 0.1/2.8 MBProgress (5): 13/50 MB | 2.3/2.4 MB | 133 kB | 0/1.6 MB | 0.1/2.8 MBProgress (5): 13/50 MB | 2.3/2.4 MB | 133 kB | 0.1/1.6 MB | 0.1/2.8 MBProgress (5): 13/50 MB | 2.3/2.4 MB | 133 kB | 0.1/1.6 MB | 0.1/2.8 MBProgress (5): 13/50 MB | 2.3/2.4 MB | 133 kB | 0.1/1.6 MB | 0.1/2.8 MBProgress (5): 13/50 MB | 2.3/2.4 MB | 133 kB | 0.1/1.6 MB | 0.1/2.8 MBProgress (5): 13/50 MB | 2.3/2.4 MB | 133 kB | 0.1/1.6 MB | 0.1/2.8 MBProgress (5): 13/50 MB | 2.3/2.4 MB | 133 kB | 0.1/1.6 MB | 0.1/2.8 MBProgress (5): 13/50 MB | 2.3/2.4 MB | 133 kB | 0.1/1.6 MB | 0.1/2.8 MBProgress (5): 13/50 MB | 2.3/2.4 MB | 133 kB | 0.1/1.6 MB | 0.1/2.8 MBProgress (5): 13/50 MB | 2.3/2.4 MB | 133 kB | 0.1/1.6 MB | 0.1/2.8 MBProgress (5): 13/50 MB | 2.3/2.4 MB | 133 kB | 0.1/1.6 MB | 0.1/2.8 MBProgress (5): 13/50 MB | 2.3/2.4 MB | 133 kB | 0.1/1.6 MB | 0.1/2.8 MBProgress (5): 13/50 MB | 2.3/2.4 MB | 133 kB | 0.1/1.6 MB | 0.1/2.8 MBProgress (5): 13/50 MB | 2.3/2.4 MB | 133 kB | 0.1/1.6 MB | 0.1/2.8 MBProgress (5): 13/50 MB | 2.3/2.4 MB | 133 kB | 0.1/1.6 MB | 0.1/2.8 MBProgress (5): 13/50 MB | 2.3/2.4 MB | 133 kB | 0.1/1.6 MB | 0.1/2.8 MBProgress (5): 13/50 MB | 2.3/2.4 MB | 133 kB | 0.1/1.6 MB | 0.1/2.8 MBProgress (5): 13/50 MB | 2.3/2.4 MB | 133 kB | 0.1/1.6 MB | 0.1/2.8 MBProgress (5): 13/50 MB | 2.3/2.4 MB | 133 kB | 0.1/1.6 MB | 0.1/2.8 MBProgress (5): 13/50 MB | 2.3/2.4 MB | 133 kB | 0.1/1.6 MB | 0.1/2.8 MBProgress (5): 13/50 MB | 2.3/2.4 MB | 133 kB | 0.1/1.6 MB | 0.1/2.8 MBProgress (5): 13/50 MB | 2.3/2.4 MB | 133 kB | 0.1/1.6 MB | 0.1/2.8 MBProgress (5): 13/50 MB | 2.3/2.4 MB | 133 kB | 0.2/1.6 MB | 0.1/2.8 MBProgress (5): 13/50 MB | 2.3/2.4 MB | 133 kB | 0.2/1.6 MB | 0.1/2.8 MBProgress (5): 13/50 MB | 2.3/2.4 MB | 133 kB | 0.2/1.6 MB | 0.1/2.8 MBProgress (5): 13/50 MB | 2.3/2.4 MB | 133 kB | 0.2/1.6 MB | 0.1/2.8 MBProgress (5): 13/50 MB | 2.3/2.4 MB | 133 kB | 0.2/1.6 MB | 0.1/2.8 MBProgress (5): 13/50 MB | 2.3/2.4 MB | 133 kB | 0.2/1.6 MB | 0.1/2.8 MBProgress (5): 13/50 MB | 2.3/2.4 MB | 133 kB | 0.2/1.6 MB | 0.1/2.8 MBProgress (5): 13/50 MB | 2.3/2.4 MB | 133 kB | 0.2/1.6 MB | 0.1/2.8 MBProgress (5): 13/50 MB | 2.3/2.4 MB | 133 kB | 0.2/1.6 MB | 0.1/2.8 MBProgress (5): 13/50 MB | 2.3/2.4 MB | 133 kB | 0.2/1.6 MB | 0.1/2.8 MBProgress (5): 13/50 MB | 2.3/2.4 MB | 133 kB | 0.2/1.6 MB | 0.1/2.8 MBProgress (5): 13/50 MB | 2.3/2.4 MB | 133 kB | 0.2/1.6 MB | 0.1/2.8 MBProgress (5): 13/50 MB | 2.3/2.4 MB | 133 kB | 0.2/1.6 MB | 0.1/2.8 MBProgress (5): 13/50 MB | 2.3/2.4 MB | 133 kB | 0.2/1.6 MB | 0.1/2.8 MBProgress (5): 13/50 MB | 2.3/2.4 MB | 133 kB | 0.2/1.6 MB | 0.1/2.8 MBProgress (5): 13/50 MB | 2.3/2.4 MB | 133 kB | 0.2/1.6 MB | 0.1/2.8 MBProgress (5): 13/50 MB | 2.3/2.4 MB | 133 kB | 0.2/1.6 MB | 0.1/2.8 MBProgress (5): 13/50 MB | 2.4/2.4 MB | 133 kB | 0.2/1.6 MB | 0.1/2.8 MBProgress (5): 13/50 MB | 2.4 MB | 133 kB | 0.2/1.6 MB | 0.1/2.8 MB    Progress (5): 13/50 MB | 2.4 MB | 133 kB | 0.2/1.6 MB | 0.1/2.8 MBProgress (5): 13/50 MB | 2.4 MB | 133 kB | 0.2/1.6 MB | 0.1/2.8 MBProgress (5): 13/50 MB | 2.4 MB | 133 kB | 0.2/1.6 MB | 0.1/2.8 MBProgress (5): 13/50 MB | 2.4 MB | 133 kB | 0.2/1.6 MB | 0.1/2.8 MBProgress (5): 13/50 MB | 2.4 MB | 133 kB | 0.2/1.6 MB | 0.1/2.8 MBProgress (5): 13/50 MB | 2.4 MB | 133 kB | 0.2/1.6 MB | 0.1/2.8 MBProgress (5): 13/50 MB | 2.4 MB | 133 kB | 0.2/1.6 MB | 0.1/2.8 MBProgress (5): 13/50 MB | 2.4 MB | 133 kB | 0.2/1.6 MB | 0.1/2.8 MBProgress (5): 13/50 MB | 2.4 MB | 133 kB | 0.3/1.6 MB | 0.1/2.8 MBProgress (5): 13/50 MB | 2.4 MB | 133 kB | 0.3/1.6 MB | 0.1/2.8 MBProgress (5): 13/50 MB | 2.4 MB | 133 kB | 0.3/1.6 MB | 0.1/2.8 MBProgress (5): 13/50 MB | 2.4 MB | 133 kB | 0.3/1.6 MB | 0.1/2.8 MBProgress (5): 13/50 MB | 2.4 MB | 133 kB | 0.3/1.6 MB | 0.1/2.8 MBProgress (5): 13/50 MB | 2.4 MB | 133 kB | 0.3/1.6 MB | 0.1/2.8 MBProgress (5): 13/50 MB | 2.4 MB | 133 kB | 0.3/1.6 MB | 0.1/2.8 MBProgress (5): 13/50 MB | 2.4 MB | 133 kB | 0.3/1.6 MB | 0.1/2.8 MBProgress (5): 13/50 MB | 2.4 MB | 133 kB | 0.3/1.6 MB | 0.1/2.8 MBProgress (5): 13/50 MB | 2.4 MB | 133 kB | 0.3/1.6 MB | 0.1/2.8 MBProgress (5): 13/50 MB | 2.4 MB | 133 kB | 0.3/1.6 MB | 0.1/2.8 MBProgress (5): 13/50 MB | 2.4 MB | 133 kB | 0.3/1.6 MB | 0.1/2.8 MBProgress (5): 13/50 MB | 2.4 MB | 133 kB | 0.3/1.6 MB | 0.1/2.8 MBProgress (5): 13/50 MB | 2.4 MB | 133 kB | 0.3/1.6 MB | 0.1/2.8 MBProgress (5): 13/50 MB | 2.4 MB | 133 kB | 0.3/1.6 MB | 0.2/2.8 MBProgress (5): 13/50 MB | 2.4 MB | 133 kB | 0.3/1.6 MB | 0.2/2.8 MBProgress (5): 13/50 MB | 2.4 MB | 133 kB | 0.3/1.6 MB | 0.2/2.8 MBProgress (5): 13/50 MB | 2.4 MB | 133 kB | 0.4/1.6 MB | 0.2/2.8 MBProgress (5): 13/50 MB | 2.4 MB | 133 kB | 0.4/1.6 MB | 0.2/2.8 MBProgress (5): 13/50 MB | 2.4 MB | 133 kB | 0.4/1.6 MB | 0.2/2.8 MBProgress (5): 13/50 MB | 2.4 MB | 133 kB | 0.4/1.6 MB | 0.2/2.8 MBProgress (5): 13/50 MB | 2.4 MB | 133 kB | 0.4/1.6 MB | 0.2/2.8 MBProgress (5): 13/50 MB | 2.4 MB | 133 kB | 0.4/1.6 MB | 0.2/2.8 MBProgress (5): 13/50 MB | 2.4 MB | 133 kB | 0.4/1.6 MB | 0.2/2.8 MBProgress (5): 13/50 MB | 2.4 MB | 133 kB | 0.4/1.6 MB | 0.2/2.8 MBProgress (5): 13/50 MB | 2.4 MB | 133 kB | 0.4/1.6 MB | 0.2/2.8 MBProgress (5): 13/50 MB | 2.4 MB | 133 kB | 0.4/1.6 MB | 0.2/2.8 MBProgress (5): 13/50 MB | 2.4 MB | 133 kB | 0.4/1.6 MB | 0.2/2.8 MBProgress (5): 13/50 MB | 2.4 MB | 133 kB | 0.4/1.6 MB | 0.2/2.8 MB                                                                  Downloaded from aliyun: https://maven.aliyun.com/repository/public/io/reactivex/rxjava2/rxjava/2.2.21/rxjava-2.2.21.jar (2.4 MB at 586 kB/s)
Downloading from aliyun: https://maven.aliyun.com/repository/public/org/apache/pdfbox/pdfbox-tools/2.0.29/pdfbox-tools-2.0.29.jar
Progress (4): 13/50 MB | 133 kB | 0.4/1.6 MB | 0.2/2.8 MBProgress (4): 13/50 MB | 133 kB | 0.4/1.6 MB | 0.2/2.8 MBProgress (4): 13/50 MB | 133 kB | 0.4/1.6 MB | 0.2/2.8 MBProgress (4): 13/50 MB | 133 kB | 0.4/1.6 MB | 0.2/2.8 MBProgress (4): 13/50 MB | 133 kB | 0.4/1.6 MB | 0.2/2.8 MBProgress (4): 13/50 MB | 133 kB | 0.5/1.6 MB | 0.2/2.8 MBProgress (4): 13/50 MB | 133 kB | 0.5/1.6 MB | 0.2/2.8 MBProgress (4): 13/50 MB | 133 kB | 0.5/1.6 MB | 0.2/2.8 MBProgress (4): 13/50 MB | 133 kB | 0.5/1.6 MB | 0.2/2.8 MBProgress (4): 13/50 MB | 133 kB | 0.5/1.6 MB | 0.2/2.8 MBProgress (4): 13/50 MB | 133 kB | 0.5/1.6 MB | 0.2/2.8 MBProgress (4): 13/50 MB | 133 kB | 0.5/1.6 MB | 0.2/2.8 MBProgress (4): 13/50 MB | 133 kB | 0.5/1.6 MB | 0.2/2.8 MBProgress (4): 13/50 MB | 133 kB | 0.5/1.6 MB | 0.2/2.8 MBProgress (4): 13/50 MB | 133 kB | 0.5/1.6 MB | 0.3/2.8 MBProgress (4): 14/50 MB | 133 kB | 0.5/1.6 MB | 0.3/2.8 MBProgress (4): 14/50 MB | 133 kB | 0.5/1.6 MB | 0.3/2.8 MBProgress (4): 14/50 MB | 133 kB | 0.5/1.6 MB | 0.3/2.8 MBProgress (4): 14/50 MB | 133 kB | 0.5/1.6 MB | 0.3/2.8 MBProgress (4): 14/50 MB | 133 kB | 0.6/1.6 MB | 0.3/2.8 MBProgress (4): 14/50 MB | 133 kB | 0.6/1.6 MB | 0.3/2.8 MBProgress (4): 14/50 MB | 133 kB | 0.6/1.6 MB | 0.3/2.8 MBProgress (4): 14/50 MB | 133 kB | 0.6/1.6 MB | 0.3/2.8 MBProgress (4): 14/50 MB | 133 kB | 0.6/1.6 MB | 0.3/2.8 MBProgress (4): 14/50 MB | 133 kB | 0.6/1.6 MB | 0.3/2.8 MBProgress (4): 14/50 MB | 133 kB | 0.6/1.6 MB | 0.3/2.8 MBProgress (4): 14/50 MB | 133 kB | 0.6/1.6 MB | 0.3/2.8 MBProgress (4): 14/50 MB | 133 kB | 0.6/1.6 MB | 0.3/2.8 MBProgress (4): 14/50 MB | 133 kB | 0.6/1.6 MB | 0.3/2.8 MBProgress (4): 14/50 MB | 133 kB | 0.6/1.6 MB | 0.3/2.8 MBProgress (4): 14/50 MB | 133 kB | 0.7/1.6 MB | 0.3/2.8 MBProgress (4): 14/50 MB | 133 kB | 0.7/1.6 MB | 0.3/2.8 MBProgress (4): 14/50 MB | 133 kB | 0.7/1.6 MB | 0.3/2.8 MBProgress (4): 14/50 MB | 133 kB | 0.7/1.6 MB | 0.3/2.8 MBProgress (4): 14/50 MB | 133 kB | 0.7/1.6 MB | 0.3/2.8 MBProgress (4): 14/50 MB | 133 kB | 0.7/1.6 MB | 0.3/2.8 MBProgress (5): 14/50 MB | 133 kB | 0.7/1.6 MB | 0.3/2.8 MB | 7.3/88 kBProgress (5): 14/50 MB | 133 kB | 0.7/1.6 MB | 0.3/2.8 MB | 16/88 kB Progress (5): 14/50 MB | 133 kB | 0.7/1.6 MB | 0.3/2.8 MB | 21/88 kBProgress (5): 14/50 MB | 133 kB | 0.7/1.6 MB | 0.3/2.8 MB | 21/88 kBProgress (5): 14/50 MB | 133 kB | 0.7/1.6 MB | 0.3/2.8 MB | 21/88 kBProgress (5): 14/50 MB | 133 kB | 0.7/1.6 MB | 0.3/2.8 MB | 21/88 kBProgress (5): 14/50 MB | 133 kB | 0.7/1.6 MB | 0.4/2.8 MB | 21/88 kB                                                                    Downloaded from aliyun: https://maven.aliyun.com/repository/public/org/apache/pdfbox/xmpbox/2.0.29/xmpbox-2.0.29.jar (133 kB at 32 kB/s)
Downloading from aliyun: https://maven.aliyun.com/repository/public/org/apache/pdfbox/jempbox/1.8.17/jempbox-1.8.17.jar
Progress (4): 14/50 MB | 0.7/1.6 MB | 0.4/2.8 MB | 21/88 kBProgress (4): 14/50 MB | 0.7/1.6 MB | 0.4/2.8 MB | 21/88 kBProgress (4): 14/50 MB | 0.7/1.6 MB | 0.4/2.8 MB | 21/88 kBProgress (4): 14/50 MB | 0.7/1.6 MB | 0.4/2.8 MB | 21/88 kBProgress (4): 14/50 MB | 0.7/1.6 MB | 0.4/2.8 MB | 21/88 kBProgress (4): 14/50 MB | 0.7/1.6 MB | 0.4/2.8 MB | 21/88 kBProgress (4): 14/50 MB | 0.7/1.6 MB | 0.4/2.8 MB | 21/88 kBProgress (4): 14/50 MB | 0.7/1.6 MB | 0.4/2.8 MB | 21/88 kBProgress (4): 14/50 MB | 0.8/1.6 MB | 0.4/2.8 MB | 21/88 kBProgress (4): 14/50 MB | 0.8/1.6 MB | 0.4/2.8 MB | 37/88 kBProgress (4): 14/50 MB | 0.8/1.6 MB | 0.4/2.8 MB | 37/88 kBProgress (4): 14/50 MB | 0.8/1.6 MB | 0.4/2.8 MB | 37/88 kBProgress (4): 14/50 MB | 0.8/1.6 MB | 0.5/2.8 MB | 37/88 kBProgress (4): 14/50 MB | 0.8/1.6 MB | 0.5/2.8 MB | 54/88 kBProgress (4): 14/50 MB | 0.8/1.6 MB | 0.5/2.8 MB | 54/88 kBProgress (4): 14/50 MB | 0.8/1.6 MB | 0.5/2.8 MB | 70/88 kBProgress (4): 14/50 MB | 0.8/1.6 MB | 0.5/2.8 MB | 70/88 kBProgress (4): 14/50 MB | 0.8/1.6 MB | 0.5/2.8 MB | 70/88 kBProgress (4): 14/50 MB | 0.8/1.6 MB | 0.5/2.8 MB | 70/88 kBProgress (4): 14/50 MB | 0.8/1.6 MB | 0.5/2.8 MB | 70/88 kBProgress (5): 14/50 MB | 0.8/1.6 MB | 0.5/2.8 MB | 70/88 kB | 4.9/52 kBProgress (5): 14/50 MB | 0.8/1.6 MB | 0.5/2.8 MB | 70/88 kB | 14/52 kB Progress (5): 14/50 MB | 0.8/1.6 MB | 0.5/2.8 MB | 70/88 kB | 30/52 kBProgress (5): 14/50 MB | 0.8/1.6 MB | 0.5/2.8 MB | 70/88 kB | 30/52 kBProgress (5): 14/50 MB | 0.8/1.6 MB | 0.5/2.8 MB | 70/88 kB | 30/52 kBProgress (5): 14/50 MB | 0.8/1.6 MB | 0.5/2.8 MB | 70/88 kB | 30/52 kBProgress (5): 14/50 MB | 0.8/1.6 MB | 0.5/2.8 MB | 70/88 kB | 30/52 kBProgress (5): 14/50 MB | 0.8/1.6 MB | 0.5/2.8 MB | 70/88 kB | 30/52 kBProgress (5): 14/50 MB | 0.8/1.6 MB | 0.5/2.8 MB | 70/88 kB | 30/52 kBProgress (5): 14/50 MB | 0.8/1.6 MB | 0.6/2.8 MB | 70/88 kB | 30/52 kBProgress (5): 14/50 MB | 0.8/1.6 MB | 0.6/2.8 MB | 70/88 kB | 30/52 kBProgress (5): 14/50 MB | 0.8/1.6 MB | 0.6/2.8 MB | 70/88 kB | 30/52 kBProgress (5): 14/50 MB | 0.9/1.6 MB | 0.6/2.8 MB | 70/88 kB | 30/52 kBProgress (5): 14/50 MB | 0.9/1.6 MB | 0.6/2.8 MB | 70/88 kB | 46/52 kBProgress (5): 14/50 MB | 0.9/1.6 MB | 0.6/2.8 MB | 70/88 kB | 52 kB   Progress (5): 14/50 MB | 0.9/1.6 MB | 0.6/2.8 MB | 70/88 kB | 52 kBProgress (5): 14/50 MB | 0.9/1.6 MB | 0.6/2.8 MB | 70/88 kB | 52 kBProgress (5): 14/50 MB | 0.9/1.6 MB | 0.6/2.8 MB | 70/88 kB | 52 kBProgress (5): 14/50 MB | 0.9/1.6 MB | 0.6/2.8 MB | 70/88 kB | 52 kBProgress (5): 14/50 MB | 0.9/1.6 MB | 0.6/2.8 MB | 70/88 kB | 52 kBProgress (5): 14/50 MB | 0.9/1.6 MB | 0.6/2.8 MB | 70/88 kB | 52 kBProgress (5): 14/50 MB | 0.9/1.6 MB | 0.6/2.8 MB | 70/88 kB | 52 kBProgress (5): 14/50 MB | 0.9/1.6 MB | 0.6/2.8 MB | 70/88 kB | 52 kB                                                                   Downloaded from aliyun: https://maven.aliyun.com/repository/public/org/apache/pdfbox/jempbox/1.8.17/jempbox-1.8.17.jar (52 kB at 13 kB/s)
Downloading from aliyun: https://maven.aliyun.com/repository/public/org/bouncycastle/bcmail-jdk18on/1.76/bcmail-jdk18on-1.76.jar
Progress (4): 14/50 MB | 0.9/1.6 MB | 0.6/2.8 MB | 70/88 kBProgress (4): 14/50 MB | 0.9/1.6 MB | 0.6/2.8 MB | 70/88 kBProgress (4): 14/50 MB | 0.9/1.6 MB | 0.6/2.8 MB | 70/88 kBProgress (4): 14/50 MB | 0.9/1.6 MB | 0.6/2.8 MB | 70/88 kBProgress (4): 14/50 MB | 0.9/1.6 MB | 0.7/2.8 MB | 70/88 kBProgress (4): 14/50 MB | 0.9/1.6 MB | 0.7/2.8 MB | 70/88 kBProgress (4): 14/50 MB | 0.9/1.6 MB | 0.7/2.8 MB | 86/88 kBProgress (4): 14/50 MB | 0.9/1.6 MB | 0.7/2.8 MB | 88 kB   Progress (4): 14/50 MB | 0.9/1.6 MB | 0.7/2.8 MB | 88 kBProgress (4): 14/50 MB | 0.9/1.6 MB | 0.7/2.8 MB | 88 kBProgress (4): 14/50 MB | 0.9/1.6 MB | 0.7/2.8 MB | 88 kBProgress (4): 14/50 MB | 1.0/1.6 MB | 0.7/2.8 MB | 88 kBProgress (4): 14/50 MB | 1.0/1.6 MB | 0.7/2.8 MB | 88 kBProgress (4): 14/50 MB | 1.0/1.6 MB | 0.7/2.8 MB | 88 kBProgress (4): 14/50 MB | 1.0/1.6 MB | 0.7/2.8 MB | 88 kBProgress (4): 14/50 MB | 1.0/1.6 MB | 0.7/2.8 MB | 88 kBProgress (4): 14/50 MB | 1.0/1.6 MB | 0.7/2.8 MB | 88 kBProgress (5): 14/50 MB | 1.0/1.6 MB | 0.7/2.8 MB | 88 kB | 4.8/111 kBProgress (5): 14/50 MB | 1.0/1.6 MB | 0.7/2.8 MB | 88 kB | 4.8/111 kBProgress (5): 14/50 MB | 1.0/1.6 MB | 0.7/2.8 MB | 88 kB | 17/111 kB Progress (5): 14/50 MB | 1.0/1.6 MB | 0.7/2.8 MB | 88 kB | 17/111 kBProgress (5): 14/50 MB | 1.0/1.6 MB | 0.7/2.8 MB | 88 kB | 17/111 kBProgress (5): 14/50 MB | 1.0/1.6 MB | 0.8/2.8 MB | 88 kB | 17/111 kBProgress (5): 14/50 MB | 1.0/1.6 MB | 0.8/2.8 MB | 88 kB | 17/111 kBProgress (5): 14/50 MB | 1.0/1.6 MB | 0.8/2.8 MB | 88 kB | 17/111 kBProgress (5): 14/50 MB | 1.0/1.6 MB | 0.8/2.8 MB | 88 kB | 17/111 kBProgress (5): 14/50 MB | 1.0/1.6 MB | 0.8/2.8 MB | 88 kB | 17/111 kBProgress (5): 14/50 MB | 1.0/1.6 MB | 0.8/2.8 MB | 88 kB | 17/111 kBProgress (5): 14/50 MB | 1.0/1.6 MB | 0.8/2.8 MB | 88 kB | 17/111 kBProgress (5): 14/50 MB | 1.0/1.6 MB | 0.8/2.8 MB | 88 kB | 17/111 kBProgress (5): 14/50 MB | 1.0/1.6 MB | 0.8/2.8 MB | 88 kB | 17/111 kBProgress (5): 14/50 MB | 1.1/1.6 MB | 0.8/2.8 MB | 88 kB | 17/111 kBProgress (5): 14/50 MB | 1.1/1.6 MB | 0.8/2.8 MB | 88 kB | 17/111 kBProgress (5): 14/50 MB | 1.1/1.6 MB | 0.8/2.8 MB | 88 kB | 21/111 kBProgress (5): 14/50 MB | 1.1/1.6 MB | 0.8/2.8 MB | 88 kB | 21/111 kBProgress (5): 14/50 MB | 1.1/1.6 MB | 0.8/2.8 MB | 88 kB | 37/111 kBProgress (5): 14/50 MB | 1.1/1.6 MB | 0.8/2.8 MB | 88 kB | 54/111 kBProgress (5): 14/50 MB | 1.1/1.6 MB | 0.8/2.8 MB | 88 kB | 54/111 kBProgress (5): 14/50 MB | 1.1/1.6 MB | 0.8/2.8 MB | 88 kB | 70/111 kB                                                                    Downloaded from aliyun: https://maven.aliyun.com/repository/public/org/apache/pdfbox/pdfbox-tools/2.0.29/pdfbox-tools-2.0.29.jar (88 kB at 21 kB/s)
Downloading from aliyun: https://maven.aliyun.com/repository/public/org/bouncycastle/bcutil-jdk18on/1.76/bcutil-jdk18on-1.76.jar
Progress (4): 14/50 MB | 1.1/1.6 MB | 0.8/2.8 MB | 75/111 kBProgress (4): 14/50 MB | 1.1/1.6 MB | 0.8/2.8 MB | 75/111 kBProgress (4): 14/50 MB | 1.1/1.6 MB | 0.8/2.8 MB | 75/111 kBProgress (4): 14/50 MB | 1.1/1.6 MB | 0.9/2.8 MB | 75/111 kBProgress (4): 14/50 MB | 1.1/1.6 MB | 0.9/2.8 MB | 75/111 kBProgress (4): 14/50 MB | 1.1/1.6 MB | 0.9/2.8 MB | 75/111 kBProgress (4): 14/50 MB | 1.1/1.6 MB | 0.9/2.8 MB | 75/111 kBProgress (4): 14/50 MB | 1.1/1.6 MB | 0.9/2.8 MB | 75/111 kBProgress (4): 14/50 MB | 1.1/1.6 MB | 0.9/2.8 MB | 75/111 kBProgress (4): 14/50 MB | 1.1/1.6 MB | 0.9/2.8 MB | 75/111 kBProgress (4): 14/50 MB | 1.1/1.6 MB | 0.9/2.8 MB | 75/111 kBProgress (4): 14/50 MB | 1.1/1.6 MB | 0.9/2.8 MB | 75/111 kBProgress (4): 14/50 MB | 1.1/1.6 MB | 0.9/2.8 MB | 87/111 kBProgress (4): 14/50 MB | 1.1/1.6 MB | 0.9/2.8 MB | 94/111 kBProgress (4): 14/50 MB | 1.1/1.6 MB | 0.9/2.8 MB | 110/111 kBProgress (4): 14/50 MB | 1.1/1.6 MB | 0.9/2.8 MB | 111 kB    Progress (4): 14/50 MB | 1.1/1.6 MB | 0.9/2.8 MB | 111 kBProgress (4): 14/50 MB | 1.1/1.6 MB | 0.9/2.8 MB | 111 kBProgress (4): 14/50 MB | 1.1/1.6 MB | 0.9/2.8 MB | 111 kBProgress (4): 14/50 MB | 1.1/1.6 MB | 0.9/2.8 MB | 111 kBProgress (4): 14/50 MB | 1.1/1.6 MB | 0.9/2.8 MB | 111 kBProgress (4): 14/50 MB | 1.1/1.6 MB | 0.9/2.8 MB | 111 kBProgress (4): 14/50 MB | 1.1/1.6 MB | 0.9/2.8 MB | 111 kBProgress (4): 14/50 MB | 1.2/1.6 MB | 0.9/2.8 MB | 111 kBProgress (4): 14/50 MB | 1.2/1.6 MB | 0.9/2.8 MB | 111 kBProgress (4): 14/50 MB | 1.2/1.6 MB | 1.0/2.8 MB | 111 kBProgress (4): 14/50 MB | 1.2/1.6 MB | 1.0/2.8 MB | 111 kBProgress (4): 14/50 MB | 1.2/1.6 MB | 1.0/2.8 MB | 111 kBProgress (4): 14/50 MB | 1.2/1.6 MB | 1.0/2.8 MB | 111 kBProgress (4): 14/50 MB | 1.2/1.6 MB | 1.0/2.8 MB | 111 kBProgress (5): 14/50 MB | 1.2/1.6 MB | 1.0/2.8 MB | 111 kB | 7.3/677 kBProgress (5): 14/50 MB | 1.2/1.6 MB | 1.0/2.8 MB | 111 kB | 12/677 kB Progress (5): 14/50 MB | 1.2/1.6 MB | 1.0/2.8 MB | 111 kB | 12/677 kBProgress (5): 14/50 MB | 1.2/1.6 MB | 1.0/2.8 MB | 111 kB | 12/677 kBProgress (5): 14/50 MB | 1.2/1.6 MB | 1.0/2.8 MB | 111 kB | 12/677 kBProgress (5): 14/50 MB | 1.2/1.6 MB | 1.0/2.8 MB | 111 kB | 12/677 kBProgress (5): 14/50 MB | 1.2/1.6 MB | 1.0/2.8 MB | 111 kB | 12/677 kBProgress (5): 14/50 MB | 1.2/1.6 MB | 1.0/2.8 MB | 111 kB | 12/677 kBProgress (5): 14/50 MB | 1.2/1.6 MB | 1.0/2.8 MB | 111 kB | 12/677 kBProgress (5): 14/50 MB | 1.2/1.6 MB | 1.0/2.8 MB | 111 kB | 12/677 kBProgress (5): 14/50 MB | 1.2/1.6 MB | 1.0/2.8 MB | 111 kB | 12/677 kBProgress (5): 14/50 MB | 1.2/1.6 MB | 1.1/2.8 MB | 111 kB | 12/677 kBProgress (5): 14/50 MB | 1.2/1.6 MB | 1.1/2.8 MB | 111 kB | 12/677 kBProgress (5): 14/50 MB | 1.2/1.6 MB | 1.1/2.8 MB | 111 kB | 12/677 kBProgress (5): 14/50 MB | 1.2/1.6 MB | 1.1/2.8 MB | 111 kB | 12/677 kBProgress (5): 14/50 MB | 1.2/1.6 MB | 1.1/2.8 MB | 111 kB | 12/677 kBProgress (5): 14/50 MB | 1.2/1.6 MB | 1.1/2.8 MB | 111 kB | 12/677 kBProgress (5): 14/50 MB | 1.2/1.6 MB | 1.1/2.8 MB | 111 kB | 12/677 kBProgress (5): 14/50 MB | 1.2/1.6 MB | 1.1/2.8 MB | 111 kB | 12/677 kBProgress (5): 14/50 MB | 1.2/1.6 MB | 1.1/2.8 MB | 111 kB | 12/677 kBProgress (5): 14/50 MB | 1.2/1.6 MB | 1.1/2.8 MB | 111 kB | 12/677 kBProgress (5): 14/50 MB | 1.2/1.6 MB | 1.1/2.8 MB | 111 kB | 12/677 kBProgress (5): 14/50 MB | 1.2/1.6 MB | 1.1/2.8 MB | 111 kB | 12/677 kBProgress (5): 14/50 MB | 1.2/1.6 MB | 1.1/2.8 MB | 111 kB | 12/677 kBProgress (5): 14/50 MB | 1.2/1.6 MB | 1.1/2.8 MB | 111 kB | 12/677 kBProgress (5): 14/50 MB | 1.2/1.6 MB | 1.1/2.8 MB | 111 kB | 28/677 kBProgress (5): 14/50 MB | 1.2/1.6 MB | 1.2/2.8 MB | 111 kB | 28/677 kBProgress (5): 14/50 MB | 1.2/1.6 MB | 1.2/2.8 MB | 111 kB | 28/677 kBProgress (5): 14/50 MB | 1.3/1.6 MB | 1.2/2.8 MB | 111 kB | 28/677 kBProgress (5): 14/50 MB | 1.3/1.6 MB | 1.2/2.8 MB | 111 kB | 28/677 kBProgress (5): 14/50 MB | 1.3/1.6 MB | 1.2/2.8 MB | 111 kB | 43/677 kBProgress (5): 14/50 MB | 1.3/1.6 MB | 1.2/2.8 MB | 111 kB | 59/677 kBProgress (5): 14/50 MB | 1.3/1.6 MB | 1.2/2.8 MB | 111 kB | 59/677 kBProgress (5): 14/50 MB | 1.3/1.6 MB | 1.2/2.8 MB | 111 kB | 59/677 kBProgress (5): 14/50 MB | 1.3/1.6 MB | 1.2/2.8 MB | 111 kB | 59/677 kBProgress (5): 14/50 MB | 1.3/1.6 MB | 1.2/2.8 MB | 111 kB | 59/677 kBProgress (5): 14/50 MB | 1.3/1.6 MB | 1.2/2.8 MB | 111 kB | 68/677 kBProgress (5): 14/50 MB | 1.3/1.6 MB | 1.2/2.8 MB | 111 kB | 68/677 kBProgress (5): 14/50 MB | 1.3/1.6 MB | 1.2/2.8 MB | 111 kB | 68/677 kBProgress (5): 14/50 MB | 1.3/1.6 MB | 1.2/2.8 MB | 111 kB | 68/677 kBProgress (5): 14/50 MB | 1.3/1.6 MB | 1.2/2.8 MB | 111 kB | 68/677 kBProgress (5): 14/50 MB | 1.3/1.6 MB | 1.3/2.8 MB | 111 kB | 68/677 kBProgress (5): 14/50 MB | 1.3/1.6 MB | 1.3/2.8 MB | 111 kB | 68/677 kBProgress (5): 14/50 MB | 1.3/1.6 MB | 1.3/2.8 MB | 111 kB | 68/677 kBProgress (5): 14/50 MB | 1.3/1.6 MB | 1.3/2.8 MB | 111 kB | 68/677 kBProgress (5): 14/50 MB | 1.3/1.6 MB | 1.3/2.8 MB | 111 kB | 68/677 kBProgress (5): 14/50 MB | 1.3/1.6 MB | 1.3/2.8 MB | 111 kB | 68/677 kBProgress (5): 14/50 MB | 1.3/1.6 MB | 1.3/2.8 MB | 111 kB | 68/677 kBProgress (5): 14/50 MB | 1.3/1.6 MB | 1.3/2.8 MB | 111 kB | 68/677 kBProgress (5): 14/50 MB | 1.3/1.6 MB | 1.3/2.8 MB | 111 kB | 68/677 kBProgress (5): 14/50 MB | 1.3/1.6 MB | 1.3/2.8 MB | 111 kB | 68/677 kBProgress (5): 14/50 MB | 1.3/1.6 MB | 1.4/2.8 MB | 111 kB | 68/677 kBProgress (5): 14/50 MB | 1.3/1.6 MB | 1.4/2.8 MB | 111 kB | 68/677 kBProgress (5): 14/50 MB | 1.3/1.6 MB | 1.4/2.8 MB | 111 kB | 68/677 kBProgress (5): 14/50 MB | 1.3/1.6 MB | 1.4/2.8 MB | 111 kB | 79/677 kBProgress (5): 14/50 MB | 1.3/1.6 MB | 1.4/2.8 MB | 111 kB | 79/677 kBProgress (5): 14/50 MB | 1.3/1.6 MB | 1.4/2.8 MB | 111 kB | 79/677 kBProgress (5): 14/50 MB | 1.3/1.6 MB | 1.4/2.8 MB | 111 kB | 79/677 kBProgress (5): 14/50 MB | 1.3/1.6 MB | 1.4/2.8 MB | 111 kB | 79/677 kBProgress (5): 14/50 MB | 1.3/1.6 MB | 1.4/2.8 MB | 111 kB | 79/677 kBProgress (5): 14/50 MB | 1.3/1.6 MB | 1.4/2.8 MB | 111 kB | 79/677 kBProgress (5): 14/50 MB | 1.3/1.6 MB | 1.4/2.8 MB | 111 kB | 79/677 kBProgress (5): 14/50 MB | 1.3/1.6 MB | 1.4/2.8 MB | 111 kB | 79/677 kBProgress (5): 14/50 MB | 1.3/1.6 MB | 1.4/2.8 MB | 111 kB | 92/677 kBProgress (5): 14/50 MB | 1.3/1.6 MB | 1.5/2.8 MB | 111 kB | 92/677 kBProgress (5): 14/50 MB | 1.3/1.6 MB | 1.5/2.8 MB | 111 kB | 92/677 kBProgress (5): 14/50 MB | 1.3/1.6 MB | 1.5/2.8 MB | 111 kB | 100/677 kBProgress (5): 14/50 MB | 1.3/1.6 MB | 1.5/2.8 MB | 111 kB | 100/677 kBProgress (5): 14/50 MB | 1.4/1.6 MB | 1.5/2.8 MB | 111 kB | 100/677 kBProgress (5): 14/50 MB | 1.4/1.6 MB | 1.5/2.8 MB | 111 kB | 100/677 kBProgress (5): 14/50 MB | 1.4/1.6 MB | 1.5/2.8 MB | 111 kB | 100/677 kBProgress (5): 14/50 MB | 1.4/1.6 MB | 1.5/2.8 MB | 111 kB | 116/677 kBProgress (5): 14/50 MB | 1.4/1.6 MB | 1.5/2.8 MB | 111 kB | 116/677 kBProgress (5): 14/50 MB | 1.4/1.6 MB | 1.5/2.8 MB | 111 kB | 116/677 kBProgress (5): 14/50 MB | 1.4/1.6 MB | 1.5/2.8 MB | 111 kB | 116/677 kBProgress (5): 14/50 MB | 1.4/1.6 MB | 1.5/2.8 MB | 111 kB | 116/677 kBProgress (5): 14/50 MB | 1.4/1.6 MB | 1.5/2.8 MB | 111 kB | 116/677 kBProgress (5): 14/50 MB | 1.4/1.6 MB | 1.5/2.8 MB | 111 kB | 116/677 kBProgress (5): 14/50 MB | 1.4/1.6 MB | 1.6/2.8 MB | 111 kB | 116/677 kBProgress (5): 14/50 MB | 1.4/1.6 MB | 1.6/2.8 MB | 111 kB | 116/677 kBProgress (5): 14/50 MB | 1.4/1.6 MB | 1.6/2.8 MB | 111 kB | 116/677 kBProgress (5): 14/50 MB | 1.4/1.6 MB | 1.6/2.8 MB | 111 kB | 116/677 kBProgress (5): 14/50 MB | 1.4/1.6 MB | 1.6/2.8 MB | 111 kB | 116/677 kBProgress (5): 14/50 MB | 1.4/1.6 MB | 1.6/2.8 MB | 111 kB | 116/677 kBProgress (5): 14/50 MB | 1.4/1.6 MB | 1.6/2.8 MB | 111 kB | 116/677 kBProgress (5): 14/50 MB | 1.4/1.6 MB | 1.6/2.8 MB | 111 kB | 116/677 kBProgress (5): 14/50 MB | 1.4/1.6 MB | 1.6/2.8 MB | 111 kB | 116/677 kBProgress (5): 14/50 MB | 1.4/1.6 MB | 1.6/2.8 MB | 111 kB | 116/677 kBProgress (5): 14/50 MB | 1.4/1.6 MB | 1.6/2.8 MB | 111 kB | 116/677 kBProgress (5): 14/50 MB | 1.4/1.6 MB | 1.6/2.8 MB | 111 kB | 116/677 kBProgress (5): 14/50 MB | 1.4/1.6 MB | 1.6/2.8 MB | 111 kB | 116/677 kBProgress (5): 14/50 MB | 1.4/1.6 MB | 1.6/2.8 MB | 111 kB | 116/677 kBProgress (5): 14/50 MB | 1.4/1.6 MB | 1.7/2.8 MB | 111 kB | 116/677 kBProgress (5): 14/50 MB | 1.4/1.6 MB | 1.7/2.8 MB | 111 kB | 116/677 kBProgress (5): 14/50 MB | 1.5/1.6 MB | 1.7/2.8 MB | 111 kB | 116/677 kBProgress (5): 14/50 MB | 1.5/1.6 MB | 1.7/2.8 MB | 111 kB | 116/677 kBProgress (5): 14/50 MB | 1.5/1.6 MB | 1.7/2.8 MB | 111 kB | 116/677 kBProgress (5): 14/50 MB | 1.5/1.6 MB | 1.7/2.8 MB | 111 kB | 116/677 kBProgress (5): 14/50 MB | 1.5/1.6 MB | 1.7/2.8 MB | 111 kB | 116/677 kBProgress (5): 14/50 MB | 1.5/1.6 MB | 1.7/2.8 MB | 111 kB | 116/677 kBProgress (5): 14/50 MB | 1.5/1.6 MB | 1.7/2.8 MB | 111 kB | 116/677 kBProgress (5): 14/50 MB | 1.5/1.6 MB | 1.7/2.8 MB | 111 kB | 116/677 kBProgress (5): 14/50 MB | 1.5/1.6 MB | 1.7/2.8 MB | 111 kB | 116/677 kBProgress (5): 14/50 MB | 1.5/1.6 MB | 1.7/2.8 MB | 111 kB | 116/677 kBProgress (5): 14/50 MB | 1.5/1.6 MB | 1.7/2.8 MB | 111 kB | 132/677 kBProgress (5): 14/50 MB | 1.5/1.6 MB | 1.7/2.8 MB | 111 kB | 146/677 kBProgress (5): 14/50 MB | 1.5/1.6 MB | 1.7/2.8 MB | 111 kB | 157/677 kBProgress (5): 14/50 MB | 1.5/1.6 MB | 1.7/2.8 MB | 111 kB | 163/677 kBProgress (5): 14/50 MB | 1.5/1.6 MB | 1.7/2.8 MB | 111 kB | 168/677 kBProgress (5): 14/50 MB | 1.5/1.6 MB | 1.7/2.8 MB | 111 kB | 168/677 kBProgress (5): 14/50 MB | 1.5/1.6 MB | 1.7/2.8 MB | 111 kB | 168/677 kBProgress (5): 14/50 MB | 1.5/1.6 MB | 1.7/2.8 MB | 111 kB | 185/677 kBProgress (5): 14/50 MB | 1.5/1.6 MB | 1.7/2.8 MB | 111 kB | 195/677 kBProgress (5): 14/50 MB | 1.5/1.6 MB | 1.8/2.8 MB | 111 kB | 195/677 kBProgress (5): 14/50 MB | 1.5/1.6 MB | 1.8/2.8 MB | 111 kB | 195/677 kBProgress (5): 14/50 MB | 1.5/1.6 MB | 1.8/2.8 MB | 111 kB | 195/677 kBProgress (5): 14/50 MB | 1.5/1.6 MB | 1.8/2.8 MB | 111 kB | 195/677 kBProgress (5): 14/50 MB | 1.5/1.6 MB | 1.8/2.8 MB | 111 kB | 195/677 kB                                                                      Downloaded from aliyun: https://maven.aliyun.com/repository/public/org/bouncycastle/bcmail-jdk18on/1.76/bcmail-jdk18on-1.76.jar (111 kB at 25 kB/s)
Downloading from aliyun: https://maven.aliyun.com/repository/public/org/bouncycastle/bcpkix-jdk18on/1.76/bcpkix-jdk18on-1.76.jar
Progress (4): 14/50 MB | 1.5/1.6 MB | 1.8/2.8 MB | 195/677 kBProgress (4): 14/50 MB | 1.5/1.6 MB | 1.8/2.8 MB | 211/677 kBProgress (4): 14/50 MB | 1.5/1.6 MB | 1.8/2.8 MB | 211/677 kBProgress (4): 14/50 MB | 1.5/1.6 MB | 1.8/2.8 MB | 211/677 kBProgress (4): 14/50 MB | 1.5/1.6 MB | 1.8/2.8 MB | 211/677 kBProgress (4): 14/50 MB | 1.5/1.6 MB | 1.9/2.8 MB | 211/677 kBProgress (4): 15/50 MB | 1.5/1.6 MB | 1.9/2.8 MB | 211/677 kBProgress (4): 15/50 MB | 1.5/1.6 MB | 1.9/2.8 MB | 211/677 kBProgress (4): 15/50 MB | 1.5/1.6 MB | 1.9/2.8 MB | 211/677 kBProgress (4): 15/50 MB | 1.5/1.6 MB | 1.9/2.8 MB | 211/677 kBProgress (4): 15/50 MB | 1.5/1.6 MB | 1.9/2.8 MB | 211/677 kBProgress (4): 15/50 MB | 1.6/1.6 MB | 1.9/2.8 MB | 211/677 kBProgress (5): 15/50 MB | 1.6/1.6 MB | 1.9/2.8 MB | 211/677 kB | 0/1.1 MBProgress (5): 15/50 MB | 1.6 MB | 1.9/2.8 MB | 211/677 kB | 0/1.1 MB    Progress (5): 15/50 MB | 1.6 MB | 1.9/2.8 MB | 221/677 kB | 0/1.1 MBProgress (5): 15/50 MB | 1.6 MB | 1.9/2.8 MB | 236/677 kB | 0/1.1 MBProgress (5): 15/50 MB | 1.6 MB | 1.9/2.8 MB | 236/677 kB | 0/1.1 MBProgress (5): 15/50 MB | 1.6 MB | 1.9/2.8 MB | 236/677 kB | 0/1.1 MBProgress (5): 15/50 MB | 1.6 MB | 1.9/2.8 MB | 236/677 kB | 0/1.1 MBProgress (5): 15/50 MB | 1.6 MB | 1.9/2.8 MB | 236/677 kB | 0/1.1 MBProgress (5): 15/50 MB | 1.6 MB | 1.9/2.8 MB | 236/677 kB | 0/1.1 MBProgress (5): 15/50 MB | 1.6 MB | 1.9/2.8 MB | 236/677 kB | 0/1.1 MBProgress (5): 15/50 MB | 1.6 MB | 1.9/2.8 MB | 236/677 kB | 0/1.1 MBProgress (5): 15/50 MB | 1.6 MB | 1.9/2.8 MB | 236/677 kB | 0/1.1 MBProgress (5): 15/50 MB | 1.6 MB | 1.9/2.8 MB | 236/677 kB | 0/1.1 MBProgress (5): 15/50 MB | 1.6 MB | 1.9/2.8 MB | 236/677 kB | 0/1.1 MBProgress (5): 15/50 MB | 1.6 MB | 1.9/2.8 MB | 236/677 kB | 0/1.1 MBProgress (5): 15/50 MB | 1.6 MB | 1.9/2.8 MB | 236/677 kB | 0/1.1 MBProgress (5): 15/50 MB | 1.6 MB | 2.0/2.8 MB | 236/677 kB | 0/1.1 MBProgress (5): 15/50 MB | 1.6 MB | 2.0/2.8 MB | 236/677 kB | 0/1.1 MBProgress (5): 15/50 MB | 1.6 MB | 2.0/2.8 MB | 236/677 kB | 0/1.1 MBProgress (5): 15/50 MB | 1.6 MB | 2.0/2.8 MB | 236/677 kB | 0/1.1 MBProgress (5): 15/50 MB | 1.6 MB | 2.0/2.8 MB | 236/677 kB | 0/1.1 MBProgress (5): 15/50 MB | 1.6 MB | 2.0/2.8 MB | 252/677 kB | 0/1.1 MBProgress (5): 15/50 MB | 1.6 MB | 2.0/2.8 MB | 253/677 kB | 0/1.1 MBProgress (5): 15/50 MB | 1.6 MB | 2.0/2.8 MB | 259/677 kB | 0/1.1 MBProgress (5): 15/50 MB | 1.6 MB | 2.0/2.8 MB | 259/677 kB | 0/1.1 MBProgress (5): 15/50 MB | 1.6 MB | 2.0/2.8 MB | 259/677 kB | 0/1.1 MBProgress (5): 15/50 MB | 1.6 MB | 2.0/2.8 MB | 259/677 kB | 0/1.1 MBProgress (5): 15/50 MB | 1.6 MB | 2.0/2.8 MB | 259/677 kB | 0/1.1 MBProgress (5): 15/50 MB | 1.6 MB | 2.1/2.8 MB | 259/677 kB | 0/1.1 MBProgress (5): 15/50 MB | 1.6 MB | 2.1/2.8 MB | 259/677 kB | 0/1.1 MBProgress (5): 15/50 MB | 1.6 MB | 2.1/2.8 MB | 259/677 kB | 0/1.1 MBProgress (5): 15/50 MB | 1.6 MB | 2.1/2.8 MB | 259/677 kB | 0/1.1 MBProgress (5): 15/50 MB | 1.6 MB | 2.1/2.8 MB | 259/677 kB | 0/1.1 MBProgress (5): 15/50 MB | 1.6 MB | 2.1/2.8 MB | 259/677 kB | 0/1.1 MBProgress (5): 15/50 MB | 1.6 MB | 2.1/2.8 MB | 259/677 kB | 0.1/1.1 MBProgress (5): 15/50 MB | 1.6 MB | 2.1/2.8 MB | 259/677 kB | 0.1/1.1 MB                                                                      Downloaded from aliyun: https://maven.aliyun.com/repository/public/org/apache/pdfbox/fontbox/2.0.29/fontbox-2.0.29.jar (1.6 MB at 350 kB/s)
Downloading from aliyun: https://maven.aliyun.com/repository/public/org/apache/tika/tika-parser-text-module/2.9.1/tika-parser-text-module-2.9.1.jar
Progress (4): 15/50 MB | 2.1/2.8 MB | 259/677 kB | 0.1/1.1 MBProgress (4): 15/50 MB | 2.1/2.8 MB | 259/677 kB | 0.1/1.1 MBProgress (4): 15/50 MB | 2.1/2.8 MB | 275/677 kB | 0.1/1.1 MBProgress (4): 15/50 MB | 2.1/2.8 MB | 285/677 kB | 0.1/1.1 MBProgress (4): 15/50 MB | 2.1/2.8 MB | 285/677 kB | 0.1/1.1 MBProgress (4): 15/50 MB | 2.1/2.8 MB | 285/677 kB | 0.1/1.1 MBProgress (4): 15/50 MB | 2.1/2.8 MB | 285/677 kB | 0.1/1.1 MBProgress (4): 15/50 MB | 2.1/2.8 MB | 285/677 kB | 0.1/1.1 MBProgress (4): 15/50 MB | 2.2/2.8 MB | 285/677 kB | 0.1/1.1 MBProgress (4): 15/50 MB | 2.2/2.8 MB | 285/677 kB | 0.1/1.1 MBProgress (4): 15/50 MB | 2.2/2.8 MB | 285/677 kB | 0.1/1.1 MBProgress (4): 15/50 MB | 2.2/2.8 MB | 285/677 kB | 0.1/1.1 MBProgress (4): 15/50 MB | 2.2/2.8 MB | 285/677 kB | 0.1/1.1 MBProgress (4): 15/50 MB | 2.2/2.8 MB | 302/677 kB | 0.1/1.1 MBProgress (4): 15/50 MB | 2.2/2.8 MB | 302/677 kB | 0.1/1.1 MBProgress (4): 15/50 MB | 2.2/2.8 MB | 302/677 kB | 0.1/1.1 MBProgress (4): 15/50 MB | 2.2/2.8 MB | 302/677 kB | 0.1/1.1 MBProgress (4): 15/50 MB | 2.2/2.8 MB | 302/677 kB | 0.1/1.1 MBProgress (4): 15/50 MB | 2.2/2.8 MB | 302/677 kB | 0.1/1.1 MBProgress (4): 15/50 MB | 2.2/2.8 MB | 302/677 kB | 0.1/1.1 MBProgress (4): 15/50 MB | 2.2/2.8 MB | 302/677 kB | 0.1/1.1 MBProgress (4): 15/50 MB | 2.2/2.8 MB | 302/677 kB | 0.1/1.1 MBProgress (4): 15/50 MB | 2.2/2.8 MB | 302/677 kB | 0.1/1.1 MBProgress (4): 15/50 MB | 2.2/2.8 MB | 302/677 kB | 0.1/1.1 MBProgress (4): 15/50 MB | 2.2/2.8 MB | 302/677 kB | 0.1/1.1 MBProgress (4): 15/50 MB | 2.2/2.8 MB | 302/677 kB | 0.1/1.1 MBProgress (4): 15/50 MB | 2.2/2.8 MB | 302/677 kB | 0.1/1.1 MBProgress (4): 15/50 MB | 2.2/2.8 MB | 302/677 kB | 0.1/1.1 MBProgress (4): 15/50 MB | 2.2/2.8 MB | 302/677 kB | 0.1/1.1 MBProgress (4): 15/50 MB | 2.2/2.8 MB | 302/677 kB | 0.1/1.1 MBProgress (4): 15/50 MB | 2.2/2.8 MB | 318/677 kB | 0.1/1.1 MBProgress (4): 15/50 MB | 2.2/2.8 MB | 318/677 kB | 0.1/1.1 MBProgress (4): 15/50 MB | 2.2/2.8 MB | 334/677 kB | 0.1/1.1 MBProgress (4): 15/50 MB | 2.2/2.8 MB | 334/677 kB | 0.1/1.1 MBProgress (4): 15/50 MB | 2.2/2.8 MB | 339/677 kB | 0.1/1.1 MBProgress (4): 15/50 MB | 2.3/2.8 MB | 339/677 kB | 0.1/1.1 MBProgress (4): 15/50 MB | 2.3/2.8 MB | 339/677 kB | 0.1/1.1 MBProgress (4): 15/50 MB | 2.3/2.8 MB | 339/677 kB | 0.1/1.1 MBProgress (5): 15/50 MB | 2.3/2.8 MB | 339/677 kB | 0.1/1.1 MB | 4.9/123 kBProgress (5): 15/50 MB | 2.3/2.8 MB | 339/677 kB | 0.1/1.1 MB | 21/123 kB Progress (5): 15/50 MB | 2.3/2.8 MB | 339/677 kB | 0.1/1.1 MB | 21/123 kBProgress (5): 15/50 MB | 2.3/2.8 MB | 339/677 kB | 0.1/1.1 MB | 32/123 kBProgress (5): 15/50 MB | 2.3/2.8 MB | 339/677 kB | 0.1/1.1 MB | 32/123 kBProgress (5): 15/50 MB | 2.3/2.8 MB | 339/677 kB | 0.2/1.1 MB | 32/123 kBProgress (5): 15/50 MB | 2.3/2.8 MB | 339/677 kB | 0.2/1.1 MB | 32/123 kBProgress (5): 15/50 MB | 2.3/2.8 MB | 339/677 kB | 0.2/1.1 MB | 32/123 kBProgress (5): 15/50 MB | 2.3/2.8 MB | 339/677 kB | 0.2/1.1 MB | 32/123 kBProgress (5): 15/50 MB | 2.3/2.8 MB | 339/677 kB | 0.2/1.1 MB | 32/123 kBProgress (5): 15/50 MB | 2.3/2.8 MB | 339/677 kB | 0.2/1.1 MB | 32/123 kBProgress (5): 15/50 MB | 2.3/2.8 MB | 339/677 kB | 0.2/1.1 MB | 32/123 kBProgress (5): 15/50 MB | 2.3/2.8 MB | 339/677 kB | 0.2/1.1 MB | 32/123 kBProgress (5): 15/50 MB | 2.3/2.8 MB | 339/677 kB | 0.2/1.1 MB | 32/123 kBProgress (5): 15/50 MB | 2.4/2.8 MB | 339/677 kB | 0.2/1.1 MB | 32/123 kBProgress (5): 15/50 MB | 2.4/2.8 MB | 339/677 kB | 0.2/1.1 MB | 32/123 kBProgress (5): 15/50 MB | 2.4/2.8 MB | 339/677 kB | 0.2/1.1 MB | 32/123 kBProgress (5): 15/50 MB | 2.4/2.8 MB | 339/677 kB | 0.2/1.1 MB | 32/123 kBProgress (5): 15/50 MB | 2.4/2.8 MB | 346/677 kB | 0.2/1.1 MB | 32/123 kBProgress (5): 15/50 MB | 2.4/2.8 MB | 349/677 kB | 0.2/1.1 MB | 32/123 kBProgress (5): 15/50 MB | 2.4/2.8 MB | 357/677 kB | 0.2/1.1 MB | 32/123 kBProgress (5): 15/50 MB | 2.4/2.8 MB | 357/677 kB | 0.2/1.1 MB | 32/123 kBProgress (5): 15/50 MB | 2.4/2.8 MB | 357/677 kB | 0.2/1.1 MB | 32/123 kBProgress (5): 15/50 MB | 2.4/2.8 MB | 357/677 kB | 0.2/1.1 MB | 32/123 kBProgress (5): 15/50 MB | 2.4/2.8 MB | 357/677 kB | 0.2/1.1 MB | 32/123 kBProgress (5): 15/50 MB | 2.4/2.8 MB | 357/677 kB | 0.2/1.1 MB | 48/123 kBProgress (5): 15/50 MB | 2.4/2.8 MB | 371/677 kB | 0.2/1.1 MB | 48/123 kBProgress (5): 15/50 MB | 2.4/2.8 MB | 371/677 kB | 0.2/1.1 MB | 58/123 kBProgress (5): 15/50 MB | 2.4/2.8 MB | 371/677 kB | 0.2/1.1 MB | 58/123 kBProgress (5): 15/50 MB | 2.4/2.8 MB | 371/677 kB | 0.2/1.1 MB | 58/123 kBProgress (5): 15/50 MB | 2.4/2.8 MB | 371/677 kB | 0.2/1.1 MB | 58/123 kBProgress (5): 15/50 MB | 2.4/2.8 MB | 371/677 kB | 0.2/1.1 MB | 58/123 kBProgress (5): 15/50 MB | 2.4/2.8 MB | 371/677 kB | 0.2/1.1 MB | 58/123 kBProgress (5): 15/50 MB | 2.4/2.8 MB | 371/677 kB | 0.2/1.1 MB | 75/123 kBProgress (5): 15/50 MB | 2.4/2.8 MB | 371/677 kB | 0.2/1.1 MB | 75/123 kBProgress (5): 15/50 MB | 2.5/2.8 MB | 371/677 kB | 0.2/1.1 MB | 75/123 kBProgress (5): 15/50 MB | 2.5/2.8 MB | 371/677 kB | 0.2/1.1 MB | 75/123 kBProgress (5): 15/50 MB | 2.5/2.8 MB | 388/677 kB | 0.2/1.1 MB | 75/123 kBProgress (5): 15/50 MB | 2.5/2.8 MB | 388/677 kB | 0.2/1.1 MB | 75/123 kBProgress (5): 15/50 MB | 2.5/2.8 MB | 388/677 kB | 0.2/1.1 MB | 75/123 kBProgress (5): 15/50 MB | 2.5/2.8 MB | 388/677 kB | 0.2/1.1 MB | 91/123 kBProgress (5): 15/50 MB | 2.5/2.8 MB | 388/677 kB | 0.2/1.1 MB | 92/123 kBProgress (5): 15/50 MB | 2.5/2.8 MB | 388/677 kB | 0.2/1.1 MB | 96/123 kBProgress (5): 15/50 MB | 2.5/2.8 MB | 388/677 kB | 0.2/1.1 MB | 96/123 kBProgress (5): 15/50 MB | 2.5/2.8 MB | 388/677 kB | 0.2/1.1 MB | 105/123 kBProgress (5): 15/50 MB | 2.5/2.8 MB | 388/677 kB | 0.2/1.1 MB | 105/123 kBProgress (5): 15/50 MB | 2.5/2.8 MB | 388/677 kB | 0.2/1.1 MB | 113/123 kBProgress (5): 15/50 MB | 2.5/2.8 MB | 400/677 kB | 0.2/1.1 MB | 113/123 kBProgress (5): 15/50 MB | 2.5/2.8 MB | 400/677 kB | 0.3/1.1 MB | 113/123 kBProgress (5): 15/50 MB | 2.5/2.8 MB | 400/677 kB | 0.3/1.1 MB | 113/123 kBProgress (5): 15/50 MB | 2.5/2.8 MB | 400/677 kB | 0.3/1.1 MB | 113/123 kBProgress (5): 15/50 MB | 2.5/2.8 MB | 408/677 kB | 0.3/1.1 MB | 113/123 kBProgress (5): 15/50 MB | 2.6/2.8 MB | 408/677 kB | 0.3/1.1 MB | 113/123 kBProgress (5): 15/50 MB | 2.6/2.8 MB | 408/677 kB | 0.3/1.1 MB | 113/123 kBProgress (5): 15/50 MB | 2.6/2.8 MB | 408/677 kB | 0.3/1.1 MB | 113/123 kBProgress (5): 15/50 MB | 2.6/2.8 MB | 408/677 kB | 0.3/1.1 MB | 113/123 kBProgress (5): 15/50 MB | 2.6/2.8 MB | 408/677 kB | 0.3/1.1 MB | 121/123 kBProgress (5): 15/50 MB | 2.6/2.8 MB | 408/677 kB | 0.3/1.1 MB | 123 kB    Progress (5): 15/50 MB | 2.6/2.8 MB | 408/677 kB | 0.3/1.1 MB | 123 kBProgress (5): 15/50 MB | 2.6/2.8 MB | 408/677 kB | 0.3/1.1 MB | 123 kBProgress (5): 15/50 MB | 2.6/2.8 MB | 424/677 kB | 0.3/1.1 MB | 123 kBProgress (5): 15/50 MB | 2.6/2.8 MB | 424/677 kB | 0.3/1.1 MB | 123 kBProgress (5): 15/50 MB | 2.6/2.8 MB | 428/677 kB | 0.3/1.1 MB | 123 kBProgress (5): 15/50 MB | 2.6/2.8 MB | 428/677 kB | 0.3/1.1 MB | 123 kBProgress (5): 15/50 MB | 2.6/2.8 MB | 428/677 kB | 0.3/1.1 MB | 123 kBProgress (5): 15/50 MB | 2.6/2.8 MB | 445/677 kB | 0.3/1.1 MB | 123 kBProgress (5): 15/50 MB | 2.6/2.8 MB | 445/677 kB | 0.3/1.1 MB | 123 kBProgress (5): 15/50 MB | 2.6/2.8 MB | 445/677 kB | 0.3/1.1 MB | 123 kBProgress (5): 15/50 MB | 2.6/2.8 MB | 445/677 kB | 0.3/1.1 MB | 123 kBProgress (5): 15/50 MB | 2.6/2.8 MB | 445/677 kB | 0.3/1.1 MB | 123 kBProgress (5): 15/50 MB | 2.6/2.8 MB | 461/677 kB | 0.3/1.1 MB | 123 kBProgress (5): 15/50 MB | 2.7/2.8 MB | 461/677 kB | 0.3/1.1 MB | 123 kBProgress (5): 15/50 MB | 2.7/2.8 MB | 461/677 kB | 0.3/1.1 MB | 123 kBProgress (5): 15/50 MB | 2.7/2.8 MB | 461/677 kB | 0.3/1.1 MB | 123 kBProgress (5): 15/50 MB | 2.7/2.8 MB | 461/677 kB | 0.3/1.1 MB | 123 kBProgress (5): 15/50 MB | 2.7/2.8 MB | 461/677 kB | 0.3/1.1 MB | 123 kBProgress (5): 15/50 MB | 2.7/2.8 MB | 461/677 kB | 0.3/1.1 MB | 123 kBProgress (5): 15/50 MB | 2.7/2.8 MB | 461/677 kB | 0.3/1.1 MB | 123 kBProgress (5): 15/50 MB | 2.7/2.8 MB | 461/677 kB | 0.3/1.1 MB | 123 kBProgress (5): 15/50 MB | 2.7/2.8 MB | 461/677 kB | 0.3/1.1 MB | 123 kBProgress (5): 15/50 MB | 2.7/2.8 MB | 461/677 kB | 0.3/1.1 MB | 123 kBProgress (5): 15/50 MB | 2.7/2.8 MB | 461/677 kB | 0.3/1.1 MB | 123 kBProgress (5): 15/50 MB | 2.8/2.8 MB | 461/677 kB | 0.3/1.1 MB | 123 kBProgress (5): 15/50 MB | 2.8/2.8 MB | 461/677 kB | 0.3/1.1 MB | 123 kBProgress (5): 15/50 MB | 2.8/2.8 MB | 477/677 kB | 0.3/1.1 MB | 123 kBProgress (5): 15/50 MB | 2.8/2.8 MB | 494/677 kB | 0.3/1.1 MB | 123 kBProgress (5): 15/50 MB | 2.8/2.8 MB | 494/677 kB | 0.3/1.1 MB | 123 kBProgress (5): 15/50 MB | 2.8 MB | 494/677 kB | 0.3/1.1 MB | 123 kB    Progress (5): 15/50 MB | 2.8 MB | 494/677 kB | 0.3/1.1 MB | 123 kBProgress (5): 15/50 MB | 2.8 MB | 494/677 kB | 0.3/1.1 MB | 123 kBProgress (5): 15/50 MB | 2.8 MB | 494/677 kB | 0.3/1.1 MB | 123 kBProgress (5): 15/50 MB | 2.8 MB | 510/677 kB | 0.3/1.1 MB | 123 kBProgress (5): 15/50 MB | 2.8 MB | 524/677 kB | 0.3/1.1 MB | 123 kBProgress (5): 15/50 MB | 2.8 MB | 524/677 kB | 0.3/1.1 MB | 123 kBProgress (5): 15/50 MB | 2.8 MB | 527/677 kB | 0.3/1.1 MB | 123 kBProgress (5): 15/50 MB | 2.8 MB | 543/677 kB | 0.3/1.1 MB | 123 kBProgress (5): 15/50 MB | 2.8 MB | 557/677 kB | 0.3/1.1 MB | 123 kBProgress (5): 15/50 MB | 2.8 MB | 573/677 kB | 0.3/1.1 MB | 123 kBProgress (5): 15/50 MB | 2.8 MB | 573/677 kB | 0.3/1.1 MB | 123 kBProgress (5): 15/50 MB | 2.8 MB | 590/677 kB | 0.3/1.1 MB | 123 kBProgress (5): 15/50 MB | 2.8 MB | 590/677 kB | 0.3/1.1 MB | 123 kBProgress (5): 15/50 MB | 2.8 MB | 590/677 kB | 0.4/1.1 MB | 123 kBProgress (5): 15/50 MB | 2.8 MB | 606/677 kB | 0.4/1.1 MB | 123 kBProgress (5): 15/50 MB | 2.8 MB | 606/677 kB | 0.4/1.1 MB | 123 kBProgress (5): 15/50 MB | 2.8 MB | 606/677 kB | 0.4/1.1 MB | 123 kBProgress (5): 15/50 MB | 2.8 MB | 623/677 kB | 0.4/1.1 MB | 123 kBProgress (5): 15/50 MB | 2.8 MB | 623/677 kB | 0.4/1.1 MB | 123 kBProgress (5): 15/50 MB | 2.8 MB | 623/677 kB | 0.4/1.1 MB | 123 kBProgress (5): 15/50 MB | 2.8 MB | 623/677 kB | 0.4/1.1 MB | 123 kBProgress (5): 15/50 MB | 2.8 MB | 639/677 kB | 0.4/1.1 MB | 123 kBProgress (5): 15/50 MB | 2.8 MB | 639/677 kB | 0.4/1.1 MB | 123 kBProgress (5): 15/50 MB | 2.8 MB | 639/677 kB | 0.4/1.1 MB | 123 kBProgress (5): 16/50 MB | 2.8 MB | 639/677 kB | 0.4/1.1 MB | 123 kBProgress (5): 16/50 MB | 2.8 MB | 655/677 kB | 0.4/1.1 MB | 123 kBProgress (5): 16/50 MB | 2.8 MB | 655/677 kB | 0.4/1.1 MB | 123 kBProgress (5): 16/50 MB | 2.8 MB | 655/677 kB | 0.4/1.1 MB | 123 kBProgress (5): 16/50 MB | 2.8 MB | 655/677 kB | 0.4/1.1 MB | 123 kBProgress (5): 16/50 MB | 2.8 MB | 655/677 kB | 0.4/1.1 MB | 123 kBProgress (5): 16/50 MB | 2.8 MB | 655/677 kB | 0.4/1.1 MB | 123 kBProgress (5): 16/50 MB | 2.8 MB | 655/677 kB | 0.4/1.1 MB | 123 kBProgress (5): 16/50 MB | 2.8 MB | 655/677 kB | 0.4/1.1 MB | 123 kBProgress (5): 16/50 MB | 2.8 MB | 655/677 kB | 0.5/1.1 MB | 123 kBProgress (5): 16/50 MB | 2.8 MB | 655/677 kB | 0.5/1.1 MB | 123 kBProgress (5): 16/50 MB | 2.8 MB | 655/677 kB | 0.5/1.1 MB | 123 kBProgress (5): 16/50 MB | 2.8 MB | 655/677 kB | 0.5/1.1 MB | 123 kBProgress (5): 16/50 MB | 2.8 MB | 672/677 kB | 0.5/1.1 MB | 123 kBProgress (5): 16/50 MB | 2.8 MB | 677 kB | 0.5/1.1 MB | 123 kB    Progress (5): 16/50 MB | 2.8 MB | 677 kB | 0.5/1.1 MB | 123 kBProgress (5): 16/50 MB | 2.8 MB | 677 kB | 0.5/1.1 MB | 123 kB                                                              Downloaded from aliyun: https://maven.aliyun.com/repository/public/org/apache/pdfbox/pdfbox/2.0.29/pdfbox-2.0.29.jar (2.8 MB at 588 kB/s)
Downloading from aliyun: https://maven.aliyun.com/repository/public/com/github/albfernandez/juniversalchardet/2.4.0/juniversalchardet-2.4.0.jar
Progress (4): 16/50 MB | 677 kB | 0.5/1.1 MB | 123 kBProgress (4): 16/50 MB | 677 kB | 0.5/1.1 MB | 123 kBProgress (4): 16/50 MB | 677 kB | 0.5/1.1 MB | 123 kBProgress (4): 16/50 MB | 677 kB | 0.5/1.1 MB | 123 kBProgress (4): 16/50 MB | 677 kB | 0.5/1.1 MB | 123 kBProgress (4): 16/50 MB | 677 kB | 0.5/1.1 MB | 123 kBProgress (4): 16/50 MB | 677 kB | 0.5/1.1 MB | 123 kBProgress (4): 16/50 MB | 677 kB | 0.6/1.1 MB | 123 kBProgress (4): 16/50 MB | 677 kB | 0.6/1.1 MB | 123 kBProgress (4): 16/50 MB | 677 kB | 0.6/1.1 MB | 123 kBProgress (4): 16/50 MB | 677 kB | 0.6/1.1 MB | 123 kBProgress (4): 16/50 MB | 677 kB | 0.6/1.1 MB | 123 kBProgress (4): 16/50 MB | 677 kB | 0.6/1.1 MB | 123 kBProgress (4): 16/50 MB | 677 kB | 0.6/1.1 MB | 123 kBProgress (4): 16/50 MB | 677 kB | 0.6/1.1 MB | 123 kBProgress (4): 16/50 MB | 677 kB | 0.6/1.1 MB | 123 kBProgress (4): 16/50 MB | 677 kB | 0.6/1.1 MB | 123 kBProgress (4): 16/50 MB | 677 kB | 0.6/1.1 MB | 123 kB                                                     Downloaded from aliyun: https://maven.aliyun.com/repository/public/org/bouncycastle/bcutil-jdk18on/1.76/bcutil-jdk18on-1.76.jar (677 kB at 142 kB/s)
Downloading from aliyun: https://maven.aliyun.com/repository/public/org/apache/commons/commons-csv/1.10.0/commons-csv-1.10.0.jar
Progress (4): 16/50 MB | 0.6/1.1 MB | 123 kB | 4.9/245 kBProgress (4): 16/50 MB | 0.6/1.1 MB | 123 kB | 4.9/245 kBProgress (4): 16/50 MB | 0.6/1.1 MB | 123 kB | 21/245 kB Progress (4): 16/50 MB | 0.6/1.1 MB | 123 kB | 21/245 kBProgress (4): 16/50 MB | 0.6/1.1 MB | 123 kB | 38/245 kBProgress (4): 16/50 MB | 0.6/1.1 MB | 123 kB | 38/245 kBProgress (4): 16/50 MB | 0.6/1.1 MB | 123 kB | 38/245 kBProgress (4): 16/50 MB | 0.6/1.1 MB | 123 kB | 54/245 kBProgress (4): 16/50 MB | 0.6/1.1 MB | 123 kB | 54/245 kBProgress (4): 16/50 MB | 0.6/1.1 MB | 123 kB | 54/245 kBProgress (4): 16/50 MB | 0.7/1.1 MB | 123 kB | 54/245 kBProgress (4): 16/50 MB | 0.7/1.1 MB | 123 kB | 54/245 kBProgress (5): 16/50 MB | 0.7/1.1 MB | 123 kB | 54/245 kB | 7.3/55 kBProgress (5): 16/50 MB | 0.7/1.1 MB | 123 kB | 54/245 kB | 16/55 kB Progress (5): 16/50 MB | 0.7/1.1 MB | 123 kB | 54/245 kB | 18/55 kBProgress (5): 16/50 MB | 0.7/1.1 MB | 123 kB | 54/245 kB | 34/55 kBProgress (5): 16/50 MB | 0.7/1.1 MB | 123 kB | 54/245 kB | 34/55 kBProgress (5): 16/50 MB | 0.7/1.1 MB | 123 kB | 70/245 kB | 34/55 kBProgress (5): 16/50 MB | 0.7/1.1 MB | 123 kB | 70/245 kB | 34/55 kBProgress (5): 16/50 MB | 0.7/1.1 MB | 123 kB | 70/245 kB | 34/55 kBProgress (5): 16/50 MB | 0.7/1.1 MB | 123 kB | 70/245 kB | 34/55 kBProgress (5): 16/50 MB | 0.7/1.1 MB | 123 kB | 70/245 kB | 34/55 kBProgress (5): 16/50 MB | 0.7/1.1 MB | 123 kB | 70/245 kB | 34/55 kBProgress (5): 16/50 MB | 0.7/1.1 MB | 123 kB | 70/245 kB | 51/55 kBProgress (5): 16/50 MB | 0.7/1.1 MB | 123 kB | 70/245 kB | 55 kB   Progress (5): 16/50 MB | 0.7/1.1 MB | 123 kB | 87/245 kB | 55 kBProgress (5): 16/50 MB | 0.7/1.1 MB | 123 kB | 87/245 kB | 55 kBProgress (5): 16/50 MB | 0.7/1.1 MB | 123 kB | 87/245 kB | 55 kBProgress (5): 16/50 MB | 0.7/1.1 MB | 123 kB | 87/245 kB | 55 kBProgress (5): 16/50 MB | 0.8/1.1 MB | 123 kB | 87/245 kB | 55 kBProgress (5): 16/50 MB | 0.8/1.1 MB | 123 kB | 87/245 kB | 55 kBProgress (5): 16/50 MB | 0.8/1.1 MB | 123 kB | 87/245 kB | 55 kBProgress (5): 16/50 MB | 0.8/1.1 MB | 123 kB | 87/245 kB | 55 kBProgress (5): 16/50 MB | 0.8/1.1 MB | 123 kB | 87/245 kB | 55 kBProgress (5): 16/50 MB | 0.8/1.1 MB | 123 kB | 87/245 kB | 55 kBProgress (5): 16/50 MB | 0.8/1.1 MB | 123 kB | 87/245 kB | 55 kBProgress (5): 16/50 MB | 0.8/1.1 MB | 123 kB | 87/245 kB | 55 kBProgress (5): 16/50 MB | 0.8/1.1 MB | 123 kB | 87/245 kB | 55 kBProgress (5): 16/50 MB | 0.8/1.1 MB | 123 kB | 87/245 kB | 55 kBProgress (5): 16/50 MB | 0.8/1.1 MB | 123 kB | 87/245 kB | 55 kBProgress (5): 16/50 MB | 0.8/1.1 MB | 123 kB | 87/245 kB | 55 kB                                                                Downloaded from aliyun: https://maven.aliyun.com/repository/public/org/apache/tika/tika-parser-text-module/2.9.1/tika-parser-text-module-2.9.1.jar (123 kB at 25 kB/s)
Progress (4): 16/50 MB | 0.8/1.1 MB | 87/245 kB | 55 kBProgress (4): 16/50 MB | 0.8/1.1 MB | 87/245 kB | 55 kBProgress (4): 16/50 MB | 0.8/1.1 MB | 103/245 kB | 55 kBProgress (4): 16/50 MB | 0.8/1.1 MB | 120/245 kB | 55 kBProgress (4): 16/50 MB | 0.8/1.1 MB | 136/245 kB | 55 kBProgress (4): 16/50 MB | 0.8/1.1 MB | 152/245 kB | 55 kBProgress (4): 16/50 MB | 0.8/1.1 MB | 169/245 kB | 55 kBProgress (4): 16/50 MB | 0.8/1.1 MB | 185/245 kB | 55 kBProgress (4): 16/50 MB | 0.8/1.1 MB | 185/245 kB | 55 kBProgress (4): 16/50 MB | 0.8/1.1 MB | 201/245 kB | 55 kBProgress (4): 16/50 MB | 0.9/1.1 MB | 201/245 kB | 55 kBProgress (4): 16/50 MB | 0.9/1.1 MB | 201/245 kB | 55 kBProgress (4): 16/50 MB | 0.9/1.1 MB | 218/245 kB | 55 kBProgress (4): 16/50 MB | 0.9/1.1 MB | 218/245 kB | 55 kBProgress (4): 16/50 MB | 0.9/1.1 MB | 218/245 kB | 55 kBProgress (4): 16/50 MB | 0.9/1.1 MB | 218/245 kB | 55 kBProgress (4): 16/50 MB | 0.9/1.1 MB | 218/245 kB | 55 kBProgress (4): 16/50 MB | 0.9/1.1 MB | 218/245 kB | 55 kBProgress (4): 16/50 MB | 0.9/1.1 MB | 218/245 kB | 55 kBProgress (4): 16/50 MB | 0.9/1.1 MB | 234/245 kB | 55 kBProgress (4): 16/50 MB | 0.9/1.1 MB | 245 kB | 55 kB                                                        Downloaded from aliyun: https://maven.aliyun.com/repository/public/org/apache/commons/commons-csv/1.10.0/commons-csv-1.10.0.jar (55 kB at 11 kB/s)
Progress (3): 16/50 MB | 0.9/1.1 MB | 245 kBProgress (3): 16/50 MB | 0.9/1.1 MB | 245 kBProgress (3): 16/50 MB | 1.0/1.1 MB | 245 kBProgress (3): 16/50 MB | 1.0/1.1 MB | 245 kBProgress (3): 16/50 MB | 1.0/1.1 MB | 245 kBProgress (3): 16/50 MB | 1.0/1.1 MB | 245 kBProgress (3): 16/50 MB | 1.0/1.1 MB | 245 kBProgress (3): 16/50 MB | 1.0/1.1 MB | 245 kBProgress (3): 16/50 MB | 1.0/1.1 MB | 245 kBProgress (3): 16/50 MB | 1.0/1.1 MB | 245 kBProgress (3): 16/50 MB | 1.0/1.1 MB | 245 kBProgress (3): 16/50 MB | 1.0/1.1 MB | 245 kBProgress (3): 16/50 MB | 1.0/1.1 MB | 245 kBProgress (3): 16/50 MB | 1.0/1.1 MB | 245 kBProgress (3): 16/50 MB | 1.0/1.1 MB | 245 kBProgress (3): 16/50 MB | 1.0/1.1 MB | 245 kBProgress (3): 16/50 MB | 1.0/1.1 MB | 245 kBProgress (3): 16/50 MB | 1.0/1.1 MB | 245 kBProgress (3): 16/50 MB | 1.0/1.1 MB | 245 kBProgress (3): 16/50 MB | 1.0/1.1 MB | 245 kBProgress (3): 16/50 MB | 1.0/1.1 MB | 245 kBProgress (3): 16/50 MB | 1.0/1.1 MB | 245 kBProgress (3): 16/50 MB | 1.0/1.1 MB | 245 kBProgress (3): 16/50 MB | 1.1/1.1 MB | 245 kBProgress (3): 16/50 MB | 1.1/1.1 MB | 245 kBProgress (3): 16/50 MB | 1.1/1.1 MB | 245 kBProgress (3): 16/50 MB | 1.1/1.1 MB | 245 kBProgress (3): 16/50 MB | 1.1/1.1 MB | 245 kBProgress (3): 16/50 MB | 1.1 MB | 245 kB    Progress (3): 16/50 MB | 1.1 MB | 245 kBProgress (3): 16/50 MB | 1.1 MB | 245 kBProgress (3): 16/50 MB | 1.1 MB | 245 kB                                        Downloaded from aliyun: https://maven.aliyun.com/repository/public/com/github/albfernandez/juniversalchardet/2.4.0/juniversalchardet-2.4.0.jar (245 kB at 50 kB/s)
Progress (2): 16/50 MB | 1.1 MBProgress (2): 16/50 MB | 1.1 MBProgress (2): 17/50 MB | 1.1 MBProgress (2): 17/50 MB | 1.1 MBProgress (2): 17/50 MB | 1.1 MB                               Downloaded from aliyun: https://maven.aliyun.com/repository/public/org/bouncycastle/bcpkix-jdk18on/1.76/bcpkix-jdk18on-1.76.jar (1.1 MB at 225 kB/s)
Progress (1): 17/50 MBProgress (1): 17/50 MBProgress (1): 17/50 MBProgress (1): 17/50 MBProgress (1): 17/50 MBProgress (1): 17/50 MBProgress (1): 17/50 MBProgress (1): 17/50 MBProgress (1): 17/50 MBProgress (1): 17/50 MBProgress (1): 17/50 MBProgress (1): 17/50 MBProgress (1): 17/50 MBProgress (1): 17/50 MBProgress (1): 17/50 MBProgress (1): 17/50 MBProgress (1): 17/50 MBProgress (1): 17/50 MBProgress (1): 17/50 MBProgress (1): 17/50 MBProgress (1): 17/50 MBProgress (1): 17/50 MBProgress (1): 17/50 MBProgress (1): 17/50 MBProgress (1): 17/50 MBProgress (1): 17/50 MBProgress (1): 17/50 MBProgress (1): 17/50 MBProgress (1): 17/50 MBProgress (1): 17/50 MBProgress (1): 17/50 MBProgress (1): 17/50 MBProgress (1): 17/50 MBProgress (1): 17/50 MBProgress (1): 17/50 MBProgress (1): 17/50 MBProgress (1): 17/50 MBProgress (1): 17/50 MBProgress (1): 17/50 MBProgress (1): 17/50 MBProgress (1): 17/50 MBProgress (1): 17/50 MBProgress (1): 17/50 MBProgress (1): 17/50 MBProgress (1): 17/50 MBProgress (1): 17/50 MBProgress (1): 17/50 MBProgress (1): 17/50 MBProgress (1): 17/50 MBProgress (1): 17/50 MBProgress (1): 17/50 MBProgress (1): 17/50 MBProgress (1): 17/50 MBProgress (1): 17/50 MBProgress (1): 17/50 MBProgress (1): 17/50 MBProgress (1): 17/50 MBProgress (1): 17/50 MBProgress (1): 18/50 MBProgress (1): 18/50 MBProgress (1): 18/50 MBProgress (1): 18/50 MBProgress (1): 18/50 MBProgress (1): 18/50 MBProgress (1): 18/50 MBProgress (1): 18/50 MBProgress (1): 18/50 MBProgress (1): 18/50 MBProgress (1): 18/50 MBProgress (1): 18/50 MBProgress (1): 18/50 MBProgress (1): 18/50 MBProgress (1): 18/50 MBProgress (1): 18/50 MBProgress (1): 18/50 MBProgress (1): 18/50 MBProgress (1): 18/50 MBProgress (1): 18/50 MBProgress (1): 18/50 MBProgress (1): 18/50 MBProgress (1): 18/50 MBProgress (1): 18/50 MBProgress (1): 18/50 MBProgress (1): 18/50 MBProgress (1): 18/50 MBProgress (1): 18/50 MBProgress (1): 18/50 MBProgress (1): 18/50 MBProgress (1): 18/50 MBProgress (1): 18/50 MBProgress (1): 18/50 MBProgress (1): 18/50 MBProgress (1): 18/50 MBProgress (1): 18/50 MBProgress (1): 18/50 MBProgress (1): 18/50 MBProgress (1): 18/50 MBProgress (1): 18/50 MBProgress (1): 18/50 MBProgress (1): 18/50 MBProgress (1): 18/50 MBProgress (1): 18/50 MBProgress (1): 18/50 MBProgress (1): 18/50 MBProgress (1): 18/50 MBProgress (1): 18/50 MBProgress (1): 18/50 MBProgress (1): 18/50 MBProgress (1): 18/50 MBProgress (1): 18/50 MBProgress (1): 18/50 MBProgress (1): 18/50 MBProgress (1): 18/50 MBProgress (1): 18/50 MBProgress (1): 18/50 MBProgress (1): 18/50 MBProgress (1): 18/50 MBProgress (1): 18/50 MBProgress (1): 18/50 MBProgress (1): 18/50 MBProgress (1): 19/50 MBProgress (1): 19/50 MBProgress (1): 19/50 MBProgress (1): 19/50 MBProgress (1): 19/50 MBProgress (1): 19/50 MBProgress (1): 19/50 MBProgress (1): 19/50 MBProgress (1): 19/50 MBProgress (1): 19/50 MBProgress (1): 19/50 MBProgress (1): 19/50 MBProgress (1): 19/50 MBProgress (1): 19/50 MBProgress (1): 19/50 MBProgress (1): 19/50 MBProgress (1): 19/50 MBProgress (1): 19/50 MBProgress (1): 19/50 MBProgress (1): 19/50 MBProgress (1): 19/50 MBProgress (1): 19/50 MBProgress (1): 19/50 MBProgress (1): 19/50 MBProgress (1): 19/50 MBProgress (1): 19/50 MBProgress (1): 19/50 MBProgress (1): 19/50 MBProgress (1): 19/50 MBProgress (1): 19/50 MBProgress (1): 19/50 MBProgress (1): 19/50 MBProgress (1): 19/50 MBProgress (1): 19/50 MBProgress (1): 19/50 MBProgress (1): 19/50 MBProgress (1): 19/50 MBProgress (1): 19/50 MBProgress (1): 19/50 MBProgress (1): 19/50 MBProgress (1): 19/50 MBProgress (1): 19/50 MBProgress (1): 19/50 MBProgress (1): 19/50 MBProgress (1): 19/50 MBProgress (1): 19/50 MBProgress (1): 19/50 MBProgress (1): 19/50 MBProgress (1): 19/50 MBProgress (1): 19/50 MBProgress (1): 19/50 MBProgress (1): 19/50 MBProgress (1): 19/50 MBProgress (1): 19/50 MBProgress (1): 19/50 MBProgress (1): 19/50 MBProgress (1): 19/50 MBProgress (1): 19/50 MBProgress (1): 19/50 MBProgress (1): 19/50 MBProgress (1): 19/50 MBProgress (1): 20/50 MBProgress (1): 20/50 MBProgress (1): 20/50 MBProgress (1): 20/50 MBProgress (1): 20/50 MBProgress (1): 20/50 MBProgress (1): 20/50 MBProgress (1): 20/50 MBProgress (1): 20/50 MBProgress (1): 20/50 MBProgress (1): 20/50 MBProgress (1): 20/50 MBProgress (1): 20/50 MBProgress (1): 20/50 MBProgress (1): 20/50 MBProgress (1): 20/50 MBProgress (1): 20/50 MBProgress (1): 20/50 MBProgress (1): 20/50 MBProgress (1): 20/50 MBProgress (1): 20/50 MBProgress (1): 20/50 MBProgress (1): 20/50 MBProgress (1): 20/50 MBProgress (1): 20/50 MBProgress (1): 20/50 MBProgress (1): 20/50 MBProgress (1): 20/50 MBProgress (1): 20/50 MBProgress (1): 20/50 MBProgress (1): 20/50 MBProgress (1): 20/50 MBProgress (1): 20/50 MBProgress (1): 20/50 MBProgress (1): 20/50 MBProgress (1): 20/50 MBProgress (1): 20/50 MBProgress (1): 20/50 MBProgress (1): 20/50 MBProgress (1): 20/50 MBProgress (1): 20/50 MBProgress (1): 20/50 MBProgress (1): 20/50 MBProgress (1): 20/50 MBProgress (1): 20/50 MBProgress (1): 20/50 MBProgress (1): 20/50 MBProgress (1): 20/50 MBProgress (1): 20/50 MBProgress (1): 20/50 MBProgress (1): 20/50 MBProgress (1): 20/50 MBProgress (1): 20/50 MBProgress (1): 20/50 MBProgress (1): 20/50 MBProgress (1): 20/50 MBProgress (1): 20/50 MBProgress (1): 20/50 MBProgress (1): 20/50 MBProgress (1): 20/50 MBProgress (1): 20/50 MBProgress (1): 21/50 MBProgress (1): 21/50 MBProgress (1): 21/50 MBProgress (1): 21/50 MBProgress (1): 21/50 MBProgress (1): 21/50 MBProgress (1): 21/50 MBProgress (1): 21/50 MBProgress (1): 21/50 MBProgress (1): 21/50 MBProgress (1): 21/50 MBProgress (1): 21/50 MBProgress (1): 21/50 MBProgress (1): 21/50 MBProgress (1): 21/50 MBProgress (1): 21/50 MBProgress (1): 21/50 MBProgress (1): 21/50 MBProgress (1): 21/50 MBProgress (1): 21/50 MBProgress (1): 21/50 MBProgress (1): 21/50 MBProgress (1): 21/50 MBProgress (1): 21/50 MBProgress (1): 21/50 MBProgress (1): 21/50 MBProgress (1): 21/50 MBProgress (1): 21/50 MBProgress (1): 21/50 MBProgress (1): 21/50 MBProgress (1): 21/50 MBProgress (1): 21/50 MBProgress (1): 21/50 MBProgress (1): 21/50 MBProgress (1): 21/50 MBProgress (1): 21/50 MBProgress (1): 21/50 MBProgress (1): 21/50 MBProgress (1): 21/50 MBProgress (1): 21/50 MBProgress (1): 21/50 MBProgress (1): 21/50 MBProgress (1): 21/50 MBProgress (1): 21/50 MBProgress (1): 21/50 MBProgress (1): 21/50 MBProgress (1): 21/50 MBProgress (1): 21/50 MBProgress (1): 21/50 MBProgress (1): 21/50 MBProgress (1): 21/50 MBProgress (1): 21/50 MBProgress (1): 21/50 MBProgress (1): 21/50 MBProgress (1): 21/50 MBProgress (1): 21/50 MBProgress (1): 21/50 MBProgress (1): 21/50 MBProgress (1): 21/50 MBProgress (1): 21/50 MBProgress (1): 21/50 MBProgress (1): 22/50 MBProgress (1): 22/50 MBProgress (1): 22/50 MBProgress (1): 22/50 MBProgress (1): 22/50 MBProgress (1): 22/50 MBProgress (1): 22/50 MBProgress (1): 22/50 MBProgress (1): 22/50 MBProgress (1): 22/50 MBProgress (1): 22/50 MBProgress (1): 22/50 MBProgress (1): 22/50 MBProgress (1): 22/50 MBProgress (1): 22/50 MBProgress (1): 22/50 MBProgress (1): 22/50 MBProgress (1): 22/50 MBProgress (1): 22/50 MBProgress (1): 22/50 MBProgress (1): 22/50 MBProgress (1): 22/50 MBProgress (1): 22/50 MBProgress (1): 22/50 MBProgress (1): 22/50 MBProgress (1): 22/50 MBProgress (1): 22/50 MBProgress (1): 22/50 MBProgress (1): 22/50 MBProgress (1): 22/50 MBProgress (1): 22/50 MBProgress (1): 22/50 MBProgress (1): 22/50 MBProgress (1): 22/50 MBProgress (1): 22/50 MBProgress (1): 22/50 MBProgress (1): 22/50 MBProgress (1): 22/50 MBProgress (1): 22/50 MBProgress (1): 22/50 MBProgress (1): 22/50 MBProgress (1): 22/50 MBProgress (1): 22/50 MBProgress (1): 22/50 MBProgress (1): 22/50 MBProgress (1): 22/50 MBProgress (1): 22/50 MBProgress (1): 22/50 MBProgress (1): 22/50 MBProgress (1): 22/50 MBProgress (1): 22/50 MBProgress (1): 22/50 MBProgress (1): 22/50 MBProgress (1): 22/50 MBProgress (1): 22/50 MBProgress (1): 22/50 MBProgress (1): 22/50 MBProgress (1): 22/50 MBProgress (1): 22/50 MBProgress (1): 22/50 MBProgress (1): 22/50 MBProgress (1): 23/50 MBProgress (1): 23/50 MBProgress (1): 23/50 MBProgress (1): 23/50 MBProgress (1): 23/50 MBProgress (1): 23/50 MBProgress (1): 23/50 MBProgress (1): 23/50 MBProgress (1): 23/50 MBProgress (1): 23/50 MBProgress (1): 23/50 MBProgress (1): 23/50 MBProgress (1): 23/50 MBProgress (1): 23/50 MBProgress (1): 23/50 MBProgress (1): 23/50 MBProgress (1): 23/50 MBProgress (1): 23/50 MBProgress (1): 23/50 MBProgress (1): 23/50 MBProgress (1): 23/50 MBProgress (1): 23/50 MBProgress (1): 23/50 MBProgress (1): 23/50 MBProgress (1): 23/50 MBProgress (1): 23/50 MBProgress (1): 23/50 MBProgress (1): 23/50 MBProgress (1): 23/50 MBProgress (1): 23/50 MBProgress (1): 23/50 MBProgress (1): 23/50 MBProgress (1): 23/50 MBProgress (1): 23/50 MBProgress (1): 23/50 MBProgress (1): 23/50 MBProgress (1): 23/50 MBProgress (1): 23/50 MBProgress (1): 23/50 MBProgress (1): 23/50 MBProgress (1): 23/50 MBProgress (1): 23/50 MBProgress (1): 23/50 MBProgress (1): 23/50 MBProgress (1): 23/50 MBProgress (1): 23/50 MBProgress (1): 23/50 MBProgress (1): 23/50 MBProgress (1): 23/50 MBProgress (1): 23/50 MBProgress (1): 23/50 MBProgress (1): 23/50 MBProgress (1): 23/50 MBProgress (1): 23/50 MBProgress (1): 23/50 MBProgress (1): 23/50 MBProgress (1): 23/50 MBProgress (1): 23/50 MBProgress (1): 23/50 MBProgress (1): 23/50 MBProgress (1): 23/50 MBProgress (1): 24/50 MBProgress (1): 24/50 MBProgress (1): 24/50 MBProgress (1): 24/50 MBProgress (1): 24/50 MBProgress (1): 24/50 MBProgress (1): 24/50 MBProgress (1): 24/50 MBProgress (1): 24/50 MBProgress (1): 24/50 MBProgress (1): 24/50 MBProgress (1): 24/50 MBProgress (1): 24/50 MBProgress (1): 24/50 MBProgress (1): 24/50 MBProgress (1): 24/50 MBProgress (1): 24/50 MBProgress (1): 24/50 MBProgress (1): 24/50 MBProgress (1): 24/50 MBProgress (1): 24/50 MBProgress (1): 24/50 MBProgress (1): 24/50 MBProgress (1): 24/50 MBProgress (1): 24/50 MBProgress (1): 24/50 MBProgress (1): 24/50 MBProgress (1): 24/50 MBProgress (1): 24/50 MBProgress (1): 24/50 MBProgress (1): 24/50 MBProgress (1): 24/50 MBProgress (1): 24/50 MBProgress (1): 24/50 MBProgress (1): 24/50 MBProgress (1): 24/50 MBProgress (1): 24/50 MBProgress (1): 24/50 MBProgress (1): 24/50 MBProgress (1): 24/50 MBProgress (1): 24/50 MBProgress (1): 24/50 MBProgress (1): 24/50 MBProgress (1): 24/50 MBProgress (1): 24/50 MBProgress (1): 24/50 MBProgress (1): 24/50 MBProgress (1): 24/50 MBProgress (1): 24/50 MBProgress (1): 24/50 MBProgress (1): 24/50 MBProgress (1): 24/50 MBProgress (1): 24/50 MBProgress (1): 24/50 MBProgress (1): 24/50 MBProgress (1): 24/50 MBProgress (1): 24/50 MBProgress (1): 24/50 MBProgress (1): 24/50 MBProgress (1): 24/50 MBProgress (1): 24/50 MBProgress (1): 25/50 MBProgress (1): 25/50 MBProgress (1): 25/50 MBProgress (1): 25/50 MBProgress (1): 25/50 MBProgress (1): 25/50 MBProgress (1): 25/50 MBProgress (1): 25/50 MBProgress (1): 25/50 MBProgress (1): 25/50 MBProgress (1): 25/50 MBProgress (1): 25/50 MBProgress (1): 25/50 MBProgress (1): 25/50 MBProgress (1): 25/50 MBProgress (1): 25/50 MBProgress (1): 25/50 MBProgress (1): 25/50 MBProgress (1): 25/50 MBProgress (1): 25/50 MBProgress (1): 25/50 MBProgress (1): 25/50 MBProgress (1): 25/50 MBProgress (1): 25/50 MBProgress (1): 25/50 MBProgress (1): 25/50 MBProgress (1): 25/50 MBProgress (1): 25/50 MBProgress (1): 25/50 MBProgress (1): 25/50 MBProgress (1): 25/50 MBProgress (1): 25/50 MBProgress (1): 25/50 MBProgress (1): 25/50 MBProgress (1): 25/50 MBProgress (1): 25/50 MBProgress (1): 25/50 MBProgress (1): 25/50 MBProgress (1): 25/50 MBProgress (1): 25/50 MBProgress (1): 25/50 MBProgress (1): 25/50 MBProgress (1): 25/50 MBProgress (1): 25/50 MBProgress (1): 25/50 MBProgress (1): 25/50 MBProgress (1): 25/50 MBProgress (1): 25/50 MBProgress (1): 25/50 MBProgress (1): 25/50 MBProgress (1): 25/50 MBProgress (1): 25/50 MBProgress (1): 25/50 MBProgress (1): 25/50 MBProgress (1): 25/50 MBProgress (1): 25/50 MBProgress (1): 25/50 MBProgress (1): 25/50 MBProgress (1): 25/50 MBProgress (1): 25/50 MBProgress (1): 25/50 MBProgress (1): 26/50 MBProgress (1): 26/50 MBProgress (1): 26/50 MBProgress (1): 26/50 MBProgress (1): 26/50 MBProgress (1): 26/50 MBProgress (1): 26/50 MBProgress (1): 26/50 MBProgress (1): 26/50 MBProgress (1): 26/50 MBProgress (1): 26/50 MBProgress (1): 26/50 MBProgress (1): 26/50 MBProgress (1): 26/50 MBProgress (1): 26/50 MBProgress (1): 26/50 MBProgress (1): 26/50 MBProgress (1): 26/50 MBProgress (1): 26/50 MBProgress (1): 26/50 MBProgress (1): 26/50 MBProgress (1): 26/50 MBProgress (1): 26/50 MBProgress (1): 26/50 MBProgress (1): 26/50 MBProgress (1): 26/50 MBProgress (1): 26/50 MBProgress (1): 26/50 MBProgress (1): 26/50 MBProgress (1): 26/50 MBProgress (1): 26/50 MBProgress (1): 26/50 MBProgress (1): 26/50 MBProgress (1): 26/50 MBProgress (1): 26/50 MBProgress (1): 26/50 MBProgress (1): 26/50 MBProgress (1): 26/50 MBProgress (1): 26/50 MBProgress (1): 26/50 MBProgress (1): 26/50 MBProgress (1): 26/50 MBProgress (1): 26/50 MBProgress (1): 26/50 MBProgress (1): 26/50 MBProgress (1): 26/50 MBProgress (1): 26/50 MBProgress (1): 26/50 MBProgress (1): 26/50 MBProgress (1): 26/50 MBProgress (1): 26/50 MBProgress (1): 26/50 MBProgress (1): 26/50 MBProgress (1): 26/50 MBProgress (1): 26/50 MBProgress (1): 26/50 MBProgress (1): 26/50 MBProgress (1): 26/50 MBProgress (1): 26/50 MBProgress (1): 26/50 MBProgress (1): 26/50 MBProgress (1): 27/50 MBProgress (1): 27/50 MBProgress (1): 27/50 MBProgress (1): 27/50 MBProgress (1): 27/50 MBProgress (1): 27/50 MBProgress (1): 27/50 MBProgress (1): 27/50 MBProgress (1): 27/50 MBProgress (1): 27/50 MBProgress (1): 27/50 MBProgress (1): 27/50 MBProgress (1): 27/50 MBProgress (1): 27/50 MBProgress (1): 27/50 MBProgress (1): 27/50 MBProgress (1): 27/50 MBProgress (1): 27/50 MBProgress (1): 27/50 MBProgress (1): 27/50 MBProgress (1): 27/50 MBProgress (1): 27/50 MBProgress (1): 27/50 MBProgress (1): 27/50 MBProgress (1): 27/50 MBProgress (1): 27/50 MBProgress (1): 27/50 MBProgress (1): 27/50 MBProgress (1): 27/50 MBProgress (1): 27/50 MBProgress (1): 27/50 MBProgress (1): 27/50 MBProgress (1): 27/50 MBProgress (1): 27/50 MBProgress (1): 27/50 MBProgress (1): 27/50 MBProgress (1): 27/50 MBProgress (1): 27/50 MBProgress (1): 27/50 MBProgress (1): 27/50 MBProgress (1): 27/50 MBProgress (1): 27/50 MBProgress (1): 27/50 MBProgress (1): 27/50 MBProgress (1): 27/50 MBProgress (1): 27/50 MBProgress (1): 27/50 MBProgress (1): 27/50 MBProgress (1): 27/50 MBProgress (1): 27/50 MBProgress (1): 27/50 MBProgress (1): 27/50 MBProgress (1): 27/50 MBProgress (1): 27/50 MBProgress (1): 27/50 MBProgress (1): 27/50 MBProgress (1): 27/50 MBProgress (1): 27/50 MBProgress (1): 27/50 MBProgress (1): 27/50 MBProgress (1): 27/50 MBProgress (1): 28/50 MBProgress (1): 28/50 MBProgress (1): 28/50 MBProgress (1): 28/50 MBProgress (1): 28/50 MBProgress (1): 28/50 MBProgress (1): 28/50 MBProgress (1): 28/50 MBProgress (1): 28/50 MBProgress (1): 28/50 MBProgress (1): 28/50 MBProgress (1): 28/50 MBProgress (1): 28/50 MBProgress (1): 28/50 MBProgress (1): 28/50 MBProgress (1): 28/50 MBProgress (1): 28/50 MBProgress (1): 28/50 MBProgress (1): 28/50 MBProgress (1): 28/50 MBProgress (1): 28/50 MBProgress (1): 28/50 MBProgress (1): 28/50 MBProgress (1): 28/50 MBProgress (1): 28/50 MBProgress (1): 28/50 MBProgress (1): 28/50 MBProgress (1): 28/50 MBProgress (1): 28/50 MBProgress (1): 28/50 MBProgress (1): 28/50 MBProgress (1): 28/50 MBProgress (1): 28/50 MBProgress (1): 28/50 MBProgress (1): 28/50 MBProgress (1): 28/50 MBProgress (1): 28/50 MBProgress (1): 28/50 MBProgress (1): 28/50 MBProgress (1): 28/50 MBProgress (1): 28/50 MBProgress (1): 28/50 MBProgress (1): 28/50 MBProgress (1): 28/50 MBProgress (1): 28/50 MBProgress (1): 28/50 MBProgress (1): 28/50 MBProgress (1): 28/50 MBProgress (1): 28/50 MBProgress (1): 28/50 MBProgress (1): 28/50 MBProgress (1): 28/50 MBProgress (1): 28/50 MBProgress (1): 28/50 MBProgress (1): 28/50 MBProgress (1): 28/50 MBProgress (1): 28/50 MBProgress (1): 28/50 MBProgress (1): 28/50 MBProgress (1): 28/50 MBProgress (1): 28/50 MBProgress (1): 29/50 MBProgress (1): 29/50 MBProgress (1): 29/50 MBProgress (1): 29/50 MBProgress (1): 29/50 MBProgress (1): 29/50 MBProgress (1): 29/50 MBProgress (1): 29/50 MBProgress (1): 29/50 MBProgress (1): 29/50 MBProgress (1): 29/50 MBProgress (1): 29/50 MBProgress (1): 29/50 MBProgress (1): 29/50 MBProgress (1): 29/50 MBProgress (1): 29/50 MBProgress (1): 29/50 MBProgress (1): 29/50 MBProgress (1): 29/50 MBProgress (1): 29/50 MBProgress (1): 29/50 MBProgress (1): 29/50 MBProgress (1): 29/50 MBProgress (1): 29/50 MBProgress (1): 29/50 MBProgress (1): 29/50 MBProgress (1): 29/50 MBProgress (1): 29/50 MBProgress (1): 29/50 MBProgress (1): 29/50 MBProgress (1): 29/50 MBProgress (1): 29/50 MBProgress (1): 29/50 MBProgress (1): 29/50 MBProgress (1): 29/50 MBProgress (1): 29/50 MBProgress (1): 29/50 MBProgress (1): 29/50 MBProgress (1): 29/50 MBProgress (1): 29/50 MBProgress (1): 29/50 MBProgress (1): 29/50 MBProgress (1): 29/50 MBProgress (1): 29/50 MBProgress (1): 29/50 MBProgress (1): 29/50 MBProgress (1): 29/50 MBProgress (1): 29/50 MBProgress (1): 29/50 MBProgress (1): 29/50 MBProgress (1): 29/50 MBProgress (1): 29/50 MBProgress (1): 29/50 MBProgress (1): 29/50 MBProgress (1): 29/50 MBProgress (1): 29/50 MBProgress (1): 29/50 MBProgress (1): 29/50 MBProgress (1): 29/50 MBProgress (1): 29/50 MBProgress (1): 29/50 MBProgress (1): 30/50 MBProgress (1): 30/50 MBProgress (1): 30/50 MBProgress (1): 30/50 MBProgress (1): 30/50 MBProgress (1): 30/50 MBProgress (1): 30/50 MBProgress (1): 30/50 MBProgress (1): 30/50 MBProgress (1): 30/50 MBProgress (1): 30/50 MBProgress (1): 30/50 MBProgress (1): 30/50 MBProgress (1): 30/50 MBProgress (1): 30/50 MBProgress (1): 30/50 MBProgress (1): 30/50 MBProgress (1): 30/50 MBProgress (1): 30/50 MBProgress (1): 30/50 MBProgress (1): 30/50 MBProgress (1): 30/50 MBProgress (1): 30/50 MBProgress (1): 30/50 MBProgress (1): 30/50 MBProgress (1): 30/50 MBProgress (1): 30/50 MBProgress (1): 30/50 MBProgress (1): 30/50 MBProgress (1): 30/50 MBProgress (1): 30/50 MBProgress (1): 30/50 MBProgress (1): 30/50 MBProgress (1): 30/50 MBProgress (1): 30/50 MBProgress (1): 30/50 MBProgress (1): 30/50 MBProgress (1): 30/50 MBProgress (1): 30/50 MBProgress (1): 30/50 MBProgress (1): 30/50 MBProgress (1): 30/50 MBProgress (1): 30/50 MBProgress (1): 30/50 MBProgress (1): 30/50 MBProgress (1): 30/50 MBProgress (1): 30/50 MBProgress (1): 30/50 MBProgress (1): 30/50 MBProgress (1): 30/50 MBProgress (1): 30/50 MBProgress (1): 30/50 MBProgress (1): 30/50 MBProgress (1): 30/50 MBProgress (1): 30/50 MBProgress (1): 30/50 MBProgress (1): 30/50 MBProgress (1): 30/50 MBProgress (1): 30/50 MBProgress (1): 30/50 MBProgress (1): 30/50 MBProgress (1): 31/50 MBProgress (1): 31/50 MBProgress (1): 31/50 MBProgress (1): 31/50 MBProgress (1): 31/50 MBProgress (1): 31/50 MBProgress (1): 31/50 MBProgress (1): 31/50 MBProgress (1): 31/50 MBProgress (1): 31/50 MBProgress (1): 31/50 MBProgress (1): 31/50 MBProgress (1): 31/50 MBProgress (1): 31/50 MBProgress (1): 31/50 MBProgress (1): 31/50 MBProgress (1): 31/50 MBProgress (1): 31/50 MBProgress (1): 31/50 MBProgress (1): 31/50 MBProgress (1): 31/50 MBProgress (1): 31/50 MBProgress (1): 31/50 MBProgress (1): 31/50 MBProgress (1): 31/50 MBProgress (1): 31/50 MBProgress (1): 31/50 MBProgress (1): 31/50 MBProgress (1): 31/50 MBProgress (1): 31/50 MBProgress (1): 31/50 MBProgress (1): 31/50 MBProgress (1): 31/50 MBProgress (1): 31/50 MBProgress (1): 31/50 MBProgress (1): 31/50 MBProgress (1): 31/50 MBProgress (1): 31/50 MBProgress (1): 31/50 MBProgress (1): 31/50 MBProgress (1): 31/50 MBProgress (1): 31/50 MBProgress (1): 31/50 MBProgress (1): 31/50 MBProgress (1): 31/50 MBProgress (1): 31/50 MBProgress (1): 31/50 MBProgress (1): 31/50 MBProgress (1): 31/50 MBProgress (1): 31/50 MBProgress (1): 31/50 MBProgress (1): 31/50 MBProgress (1): 31/50 MBProgress (1): 31/50 MBProgress (1): 31/50 MBProgress (1): 31/50 MBProgress (1): 31/50 MBProgress (1): 31/50 MBProgress (1): 31/50 MBProgress (1): 31/50 MBProgress (1): 31/50 MBProgress (1): 32/50 MBProgress (1): 32/50 MBProgress (1): 32/50 MBProgress (1): 32/50 MBProgress (1): 32/50 MBProgress (1): 32/50 MBProgress (1): 32/50 MBProgress (1): 32/50 MBProgress (1): 32/50 MBProgress (1): 32/50 MBProgress (1): 32/50 MBProgress (1): 32/50 MBProgress (1): 32/50 MBProgress (1): 32/50 MBProgress (1): 32/50 MBProgress (1): 32/50 MBProgress (1): 32/50 MBProgress (1): 32/50 MBProgress (1): 32/50 MBProgress (1): 32/50 MBProgress (1): 32/50 MBProgress (1): 32/50 MBProgress (1): 32/50 MBProgress (1): 32/50 MBProgress (1): 32/50 MBProgress (1): 32/50 MBProgress (1): 32/50 MBProgress (1): 32/50 MBProgress (1): 32/50 MBProgress (1): 32/50 MBProgress (1): 32/50 MBProgress (1): 32/50 MBProgress (1): 32/50 MBProgress (1): 32/50 MBProgress (1): 32/50 MBProgress (1): 32/50 MBProgress (1): 32/50 MBProgress (1): 32/50 MBProgress (1): 32/50 MBProgress (1): 32/50 MBProgress (1): 32/50 MBProgress (1): 32/50 MBProgress (1): 32/50 MBProgress (1): 32/50 MBProgress (1): 32/50 MBProgress (1): 32/50 MBProgress (1): 32/50 MBProgress (1): 32/50 MBProgress (1): 32/50 MBProgress (1): 32/50 MBProgress (1): 32/50 MBProgress (1): 32/50 MBProgress (1): 32/50 MBProgress (1): 32/50 MBProgress (1): 32/50 MBProgress (1): 32/50 MBProgress (1): 32/50 MBProgress (1): 32/50 MBProgress (1): 32/50 MBProgress (1): 32/50 MBProgress (1): 32/50 MBProgress (1): 33/50 MBProgress (1): 33/50 MBProgress (1): 33/50 MBProgress (1): 33/50 MBProgress (1): 33/50 MBProgress (1): 33/50 MBProgress (1): 33/50 MBProgress (1): 33/50 MBProgress (1): 33/50 MBProgress (1): 33/50 MBProgress (1): 33/50 MBProgress (1): 33/50 MBProgress (1): 33/50 MBProgress (1): 33/50 MBProgress (1): 33/50 MBProgress (1): 33/50 MBProgress (1): 33/50 MBProgress (1): 33/50 MBProgress (1): 33/50 MBProgress (1): 33/50 MBProgress (1): 33/50 MBProgress (1): 33/50 MBProgress (1): 33/50 MBProgress (1): 33/50 MBProgress (1): 33/50 MBProgress (1): 33/50 MBProgress (1): 33/50 MBProgress (1): 33/50 MBProgress (1): 33/50 MBProgress (1): 33/50 MBProgress (1): 33/50 MBProgress (1): 33/50 MBProgress (1): 33/50 MBProgress (1): 33/50 MBProgress (1): 33/50 MBProgress (1): 33/50 MBProgress (1): 33/50 MBProgress (1): 33/50 MBProgress (1): 33/50 MBProgress (1): 33/50 MBProgress (1): 33/50 MBProgress (1): 33/50 MBProgress (1): 33/50 MBProgress (1): 33/50 MBProgress (1): 33/50 MBProgress (1): 33/50 MBProgress (1): 33/50 MBProgress (1): 33/50 MBProgress (1): 33/50 MBProgress (1): 33/50 MBProgress (1): 33/50 MBProgress (1): 33/50 MBProgress (1): 33/50 MBProgress (1): 33/50 MBProgress (1): 33/50 MBProgress (1): 33/50 MBProgress (1): 33/50 MBProgress (1): 33/50 MBProgress (1): 33/50 MBProgress (1): 33/50 MBProgress (1): 33/50 MBProgress (1): 34/50 MBProgress (1): 34/50 MBProgress (1): 34/50 MBProgress (1): 34/50 MBProgress (1): 34/50 MBProgress (1): 34/50 MBProgress (1): 34/50 MBProgress (1): 34/50 MBProgress (1): 34/50 MBProgress (1): 34/50 MBProgress (1): 34/50 MBProgress (1): 34/50 MBProgress (1): 34/50 MBProgress (1): 34/50 MBProgress (1): 34/50 MBProgress (1): 34/50 MBProgress (1): 34/50 MBProgress (1): 34/50 MBProgress (1): 34/50 MBProgress (1): 34/50 MBProgress (1): 34/50 MBProgress (1): 34/50 MBProgress (1): 34/50 MBProgress (1): 34/50 MBProgress (1): 34/50 MBProgress (1): 34/50 MBProgress (1): 34/50 MBProgress (1): 34/50 MBProgress (1): 34/50 MBProgress (1): 34/50 MBProgress (1): 34/50 MBProgress (1): 34/50 MBProgress (1): 34/50 MBProgress (1): 34/50 MBProgress (1): 34/50 MBProgress (1): 34/50 MBProgress (1): 34/50 MBProgress (1): 34/50 MBProgress (1): 34/50 MBProgress (1): 34/50 MBProgress (1): 34/50 MBProgress (1): 34/50 MBProgress (1): 34/50 MBProgress (1): 34/50 MBProgress (1): 34/50 MBProgress (1): 34/50 MBProgress (1): 34/50 MBProgress (1): 34/50 MBProgress (1): 34/50 MBProgress (1): 34/50 MBProgress (1): 34/50 MBProgress (1): 34/50 MBProgress (1): 34/50 MBProgress (1): 34/50 MBProgress (1): 34/50 MBProgress (1): 34/50 MBProgress (1): 34/50 MBProgress (1): 34/50 MBProgress (1): 34/50 MBProgress (1): 34/50 MBProgress (1): 34/50 MBProgress (1): 35/50 MBProgress (1): 35/50 MBProgress (1): 35/50 MBProgress (1): 35/50 MBProgress (1): 35/50 MBProgress (1): 35/50 MBProgress (1): 35/50 MBProgress (1): 35/50 MBProgress (1): 35/50 MBProgress (1): 35/50 MBProgress (1): 35/50 MBProgress (1): 35/50 MBProgress (1): 35/50 MBProgress (1): 35/50 MBProgress (1): 35/50 MBProgress (1): 35/50 MBProgress (1): 35/50 MBProgress (1): 35/50 MBProgress (1): 35/50 MBProgress (1): 35/50 MBProgress (1): 35/50 MBProgress (1): 35/50 MBProgress (1): 35/50 MBProgress (1): 35/50 MBProgress (1): 35/50 MBProgress (1): 35/50 MBProgress (1): 35/50 MBProgress (1): 35/50 MBProgress (1): 35/50 MBProgress (1): 35/50 MBProgress (1): 35/50 MBProgress (1): 35/50 MBProgress (1): 35/50 MBProgress (1): 35/50 MBProgress (1): 35/50 MBProgress (1): 35/50 MBProgress (1): 35/50 MBProgress (1): 35/50 MBProgress (1): 35/50 MBProgress (1): 35/50 MBProgress (1): 35/50 MBProgress (1): 35/50 MBProgress (1): 35/50 MBProgress (1): 35/50 MBProgress (1): 35/50 MBProgress (1): 35/50 MBProgress (1): 35/50 MBProgress (1): 35/50 MBProgress (1): 35/50 MBProgress (1): 35/50 MBProgress (1): 35/50 MBProgress (1): 35/50 MBProgress (1): 35/50 MBProgress (1): 35/50 MBProgress (1): 35/50 MBProgress (1): 35/50 MBProgress (1): 35/50 MBProgress (1): 35/50 MBProgress (1): 35/50 MBProgress (1): 35/50 MBProgress (1): 35/50 MBProgress (1): 36/50 MBProgress (1): 36/50 MBProgress (1): 36/50 MBProgress (1): 36/50 MBProgress (1): 36/50 MBProgress (1): 36/50 MBProgress (1): 36/50 MBProgress (1): 36/50 MBProgress (1): 36/50 MBProgress (1): 36/50 MBProgress (1): 36/50 MBProgress (1): 36/50 MBProgress (1): 36/50 MBProgress (1): 36/50 MBProgress (1): 36/50 MBProgress (1): 36/50 MBProgress (1): 36/50 MBProgress (1): 36/50 MBProgress (1): 36/50 MBProgress (1): 36/50 MBProgress (1): 36/50 MBProgress (1): 36/50 MBProgress (1): 36/50 MBProgress (1): 36/50 MBProgress (1): 36/50 MBProgress (1): 36/50 MBProgress (1): 36/50 MBProgress (1): 36/50 MBProgress (1): 36/50 MBProgress (1): 36/50 MBProgress (1): 36/50 MBProgress (1): 36/50 MBProgress (1): 36/50 MBProgress (1): 36/50 MBProgress (1): 36/50 MBProgress (1): 36/50 MBProgress (1): 36/50 MBProgress (1): 36/50 MBProgress (1): 36/50 MBProgress (1): 36/50 MBProgress (1): 36/50 MBProgress (1): 36/50 MBProgress (1): 36/50 MBProgress (1): 36/50 MBProgress (1): 36/50 MBProgress (1): 36/50 MBProgress (1): 36/50 MBProgress (1): 36/50 MBProgress (1): 36/50 MBProgress (1): 36/50 MBProgress (1): 36/50 MBProgress (1): 36/50 MBProgress (1): 36/50 MBProgress (1): 36/50 MBProgress (1): 36/50 MBProgress (1): 36/50 MBProgress (1): 36/50 MBProgress (1): 36/50 MBProgress (1): 36/50 MBProgress (1): 36/50 MBProgress (1): 36/50 MBProgress (1): 37/50 MBProgress (1): 37/50 MBProgress (1): 37/50 MBProgress (1): 37/50 MBProgress (1): 37/50 MBProgress (1): 37/50 MBProgress (1): 37/50 MBProgress (1): 37/50 MBProgress (1): 37/50 MBProgress (1): 37/50 MBProgress (1): 37/50 MBProgress (1): 37/50 MBProgress (1): 37/50 MBProgress (1): 37/50 MBProgress (1): 37/50 MBProgress (1): 37/50 MBProgress (1): 37/50 MBProgress (1): 37/50 MBProgress (1): 37/50 MBProgress (1): 37/50 MBProgress (1): 37/50 MBProgress (1): 37/50 MBProgress (1): 37/50 MBProgress (1): 37/50 MBProgress (1): 37/50 MBProgress (1): 37/50 MBProgress (1): 37/50 MBProgress (1): 37/50 MBProgress (1): 37/50 MBProgress (1): 37/50 MBProgress (1): 37/50 MBProgress (1): 37/50 MBProgress (1): 37/50 MB[WARNING] /D:/gmj/date/2026/project_kolbox/backend/jeecg-boot-module/jeecg-boot-module-celebrity/src/main/java/org/jeecg/modules/kol/model/KolAttributeModel.java:[13,1] Generating equals/hashCode implementation but without a call to superclass, even though this class does not extend java.lang.Object. If this is intentional, add '@EqualsAndHashCode(callSuper=false)' to your type.
[WARNING] /D:/gmj/date/2026/project_kolbox/backend/jeecg-boot-module/jeecg-boot-module-celebrity/src/main/java/org/jeecg/modules/kol/entity/KolTags.java:[26,1] Not generating equals and hashCode: A method with one of those names already exists. (Either both or none of these methods will be generated).
[WARNING] /D:/gmj/date/2026/project_kolbox/backend/jeecg-boot-module/jeecg-boot-module-celebrity/src/main/java/org/jeecg/modules/kol/model/KolCategoryModel.java:[14,1] Generating equals/hashCode implementation but without a call to superclass, even though this class does not extend java.lang.Object. If this is intentional, add '@EqualsAndHashCode(callSuper=false)' to your type.
[WARNING] /D:/gmj/date/2026/project_kolbox/backend/jeecg-boot-module/jeecg-boot-module-celebrity/src/main/java/org/jeecg/modules/kol/entity/KolContact.java:[27,1] Not generating equals and hashCode: A method with one of those names already exists. (Either both or none of these methods will be generated).
[WARNING] /D:/gmj/date/2026/project_kolbox/backend/jeecg-boot-module/jeecg-boot-module-celebrity/src/main/java/org/jeecg/modules/kol/model/KolAttributeTreeModel.java:[15,1] Generating equals/hashCode implementation but without a call to superclass, even though this class does not extend java.lang.Object. If this is intentional, add '@EqualsAndHashCode(callSuper=false)' to your type.
[WARNING] /D:/gmj/date/2026/project_kolbox/backend/jeecg-boot-module/jeecg-boot-module-celebrity/src/main/java/org/jeecg/modules/kol/model/KolTagCategoryTreeModel.java:[15,1] Generating equals/hashCode implementation but without a call to superclass, even though this class does not extend java.lang.Object. If this is intentional, add '@EqualsAndHashCode(callSuper=false)' to your type.
[WARNING] /D:/gmj/date/2026/project_kolbox/backend/jeecg-boot-module/jeecg-boot-module-celebrity/src/main/java/org/jeecg/modules/kol/model/KolProductCategoryModel.java:[14,1] Generating equals/hashCode implementation but without a call to superclass, even though this class does not extend java.lang.Object. If this is intentional, add '@EqualsAndHashCode(callSuper=false)' to your type.
[WARNING] /D:/gmj/date/2026/project_kolbox/backend/jeecg-boot-module/jeecg-boot-module-celebrity/src/main/java/org/jeecg/modules/tiktok/model/TiktokVideoModel.java:[15,1] Generating equals/hashCode implementation but without a call to superclass, even though this class does not extend java.lang.Object. If this is intentional, add '@EqualsAndHashCode(callSuper=false)' to your type.
[WARNING] /D:/gmj/date/2026/project_kolbox/backend/jeecg-boot-module/jeecg-boot-module-celebrity/src/main/java/org/jeecg/modules/kol/model/KolSearchModel.java:[21,1] Not generating equals and hashCode: A method with one of those names already exists. (Either both or none of these methods will be generated).
[WARNING] /D:/gmj/date/2026/project_kolbox/backend/jeecg-boot-module/jeecg-boot-module-celebrity/src/main/java/org/jeecg/modules/kol/model/KolProductAttributeRelationModel.java:[14,1] Generating equals/hashCode implementation but without a call to superclass, even though this class does not extend java.lang.Object. If this is intentional, add '@EqualsAndHashCode(callSuper=false)' to your type.
[WARNING] /D:/gmj/date/2026/project_kolbox/backend/jeecg-boot-module/jeecg-boot-module-celebrity/src/main/java/org/jeecg/modules/email/model/EmailBatchPushModel.java:[18,1] Generating equals/hashCode implementation but without a call to superclass, even though this class does not extend java.lang.Object. If this is intentional, add '@EqualsAndHashCode(callSuper=false)' to your type.
[INFO] /D:/gmj/date/2026/project_kolbox/backend/jeecg-boot-module/jeecg-boot-module-celebrity/src/main/java/org/jeecg/modules/feishu/service/impl/FeishuServiceImpl.java: 某些输入文件使用或覆盖了已过时的 API。
[INFO] /D:/gmj/date/2026/project_kolbox/backend/jeecg-boot-module/jeecg-boot-module-celebrity/src/main/java/org/jeecg/modules/feishu/service/impl/FeishuServiceImpl.java: 有关详细信息, 请使用 -Xlint:deprecation 重新编译。
[INFO] /D:/gmj/date/2026/project_kolbox/backend/jeecg-boot-module/jeecg-boot-module-celebrity/src/main/java/org/jeecg/modules/email/controller/EmailReplyController.java: 某些输入文件使用了未经检查或不安全的操作。
[INFO] /D:/gmj/date/2026/project_kolbox/backend/jeecg-boot-module/jeecg-boot-module-celebrity/src/main/java/org/jeecg/modules/email/controller/EmailReplyController.java: 有关详细信息, 请使用 -Xlint:unchecked 重新编译。
Progress (1): 37/50 MBProgress (1): 37/50 MBProgress (1): 37/50 MBProgress (1): 37/50 MBProgress (1): 37/50 MBProgress (1): 37/50 MBProgress (1): 37/50 MBProgress (1): 37/50 MBProgress (1): 37/50 MBProgress (1): 37/50 MBProgress (1): 37/50 MBProgress (1): 37/50 MBProgress (1): 37/50 MBProgress (1): 37/50 MBProgress (1): 37/50 MBProgress (1): 37/50 MBProgress (1): 37/50 MBProgress (1): 37/50 MBProgress (1): 37/50 MBProgress (1): 37/50 MBProgress (1): 37/50 MBProgress (1): 37/50 MBProgress (1): 37/50 MBProgress (1): 37/50 MBProgress (1): 37/50 MBProgress (1): 37/50 MBProgress (1): 37/50 MBProgress (1): 37/50 MBProgress (1): 38/50 MBProgress (1): 38/50 MBProgress (1): 38/50 MBProgress (1): 38/50 MBProgress (1): 38/50 MBProgress (1): 38/50 MBProgress (1): 38/50 MBProgress (1): 38/50 MBProgress (1): 38/50 MBProgress (1): 38/50 MBProgress (1): 38/50 MBProgress (1): 38/50 MBProgress (1): 38/50 MBProgress (1): 38/50 MBProgress (1): 38/50 MBProgress (1): 38/50 MBProgress (1): 38/50 MBProgress (1): 38/50 MBProgress (1): 38/50 MBProgress (1): 38/50 MBProgress (1): 38/50 MBProgress (1): 38/50 MBProgress (1): 38/50 MBProgress (1): 38/50 MBProgress (1): 38/50 MBProgress (1): 38/50 MBProgress (1): 38/50 MBProgress (1): 38/50 MBProgress (1): 38/50 MBProgress (1): 38/50 MBProgress (1): 38/50 MBProgress (1): 38/50 MBProgress (1): 38/50 MBProgress (1): 38/50 MBProgress (1): 38/50 MBProgress (1): 38/50 MBProgress (1): 38/50 MBProgress (1): 38/50 MBProgress (1): 38/50 MBProgress (1): 38/50 MBProgress (1): 38/50 MBProgress (1): 38/50 MBProgress (1): 38/50 MBProgress (1): 38/50 MBProgress (1): 38/50 MBProgress (1): 38/50 MBProgress (1): 38/50 MBProgress (1): 38/50 MBProgress (1): 38/50 MBProgress (1): 38/50 MBProgress (1): 38/50 MBProgress (1): 38/50 MBProgress (1): 38/50 MBProgress (1): 38/50 MBProgress (1): 38/50 MBProgress (1): 38/50 MBProgress (1): 38/50 MBProgress (1): 38/50 MBProgress (1): 38/50 MBProgress (1): 38/50 MBProgress (1): 38/50 MBProgress (1): 39/50 MBProgress (1): 39/50 MBProgress (1): 39/50 MBProgress (1): 39/50 MBProgress (1): 39/50 MBProgress (1): 39/50 MBProgress (1): 39/50 MBProgress (1): 39/50 MBProgress (1): 39/50 MBProgress (1): 39/50 MBProgress (1): 39/50 MBProgress (1): 39/50 MBProgress (1): 39/50 MBProgress (1): 39/50 MBProgress (1): 39/50 MBProgress (1): 39/50 MBProgress (1): 39/50 MBProgress (1): 39/50 MBProgress (1): 39/50 MBProgress (1): 39/50 MBProgress (1): 39/50 MBProgress (1): 39/50 MBProgress (1): 39/50 MBProgress (1): 39/50 MBProgress (1): 39/50 MBProgress (1): 39/50 MBProgress (1): 39/50 MBProgress (1): 39/50 MBProgress (1): 39/50 MBProgress (1): 39/50 MBProgress (1): 39/50 MBProgress (1): 39/50 MBProgress (1): 39/50 MBProgress (1): 39/50 MBProgress (1): 39/50 MBProgress (1): 39/50 MBProgress (1): 39/50 MBProgress (1): 39/50 MBProgress (1): 39/50 MBProgress (1): 39/50 MBProgress (1): 39/50 MBProgress (1): 39/50 MBProgress (1): 39/50 MBProgress (1): 39/50 MBProgress (1): 39/50 MBProgress (1): 39/50 MBProgress (1): 39/50 MBProgress (1): 39/50 MBProgress (1): 39/50 MBProgress (1): 39/50 MBProgress (1): 39/50 MBProgress (1): 39/50 MBProgress (1): 39/50 MBProgress (1): 39/50 MBProgress (1): 39/50 MBProgress (1): 39/50 MBProgress (1): 39/50 MBProgress (1): 39/50 MBProgress (1): 39/50 MBProgress (1): 39/50 MBProgress (1): 39/50 MBProgress (1): 40/50 MBProgress (1): 40/50 MBProgress (1): 40/50 MBProgress (1): 40/50 MBProgress (1): 40/50 MBProgress (1): 40/50 MBProgress (1): 40/50 MBProgress (1): 40/50 MBProgress (1): 40/50 MBProgress (1): 40/50 MBProgress (1): 40/50 MBProgress (1): 40/50 MBProgress (1): 40/50 MBProgress (1): 40/50 MBProgress (1): 40/50 MBProgress (1): 40/50 MBProgress (1): 40/50 MBProgress (1): 40/50 MBProgress (1): 40/50 MBProgress (1): 40/50 MBProgress (1): 40/50 MBProgress (1): 40/50 MBProgress (1): 40/50 MBProgress (1): 40/50 MBProgress (1): 40/50 MBProgress (1): 40/50 MBProgress (1): 40/50 MBProgress (1): 40/50 MBProgress (1): 40/50 MBProgress (1): 40/50 MBProgress (1): 40/50 MBProgress (1): 40/50 MBProgress (1): 40/50 MBProgress (1): 40/50 MBProgress (1): 40/50 MBProgress (1): 40/50 MBProgress (1): 40/50 MBProgress (1): 40/50 MBProgress (1): 40/50 MBProgress (1): 40/50 MBProgress (1): 40/50 MBProgress (1): 40/50 MBProgress (1): 40/50 MBProgress (1): 40/50 MBProgress (1): 40/50 MBProgress (1): 40/50 MBProgress (1): 40/50 MBProgress (1): 40/50 MBProgress (1): 40/50 MBProgress (1): 40/50 MBProgress (1): 40/50 MBProgress (1): 40/50 MBProgress (1): 40/50 MBProgress (1): 40/50 MBProgress (1): 40/50 MBProgress (1): 40/50 MBProgress (1): 40/50 MBProgress (1): 40/50 MBProgress (1): 40/50 MBProgress (1): 40/50 MBProgress (1): 40/50 MBProgress (1): 41/50 MBProgress (1): 41/50 MBProgress (1): 41/50 MBProgress (1): 41/50 MBProgress (1): 41/50 MBProgress (1): 41/50 MBProgress (1): 41/50 MBProgress (1): 41/50 MBProgress (1): 41/50 MBProgress (1): 41/50 MBProgress (1): 41/50 MBProgress (1): 41/50 MBProgress (1): 41/50 MBProgress (1): 41/50 MBProgress (1): 41/50 MBProgress (1): 41/50 MBProgress (1): 41/50 MBProgress (1): 41/50 MBProgress (1): 41/50 MBProgress (1): 41/50 MBProgress (1): 41/50 MBProgress (1): 41/50 MBProgress (1): 41/50 MBProgress (1): 41/50 MBProgress (1): 41/50 MBProgress (1): 41/50 MBProgress (1): 41/50 MBProgress (1): 41/50 MBProgress (1): 41/50 MBProgress (1): 41/50 MBProgress (1): 41/50 MBProgress (1): 41/50 MBProgress (1): 41/50 MBProgress (1): 41/50 MBProgress (1): 41/50 MBProgress (1): 41/50 MBProgress (1): 41/50 MBProgress (1): 41/50 MBProgress (1): 41/50 MBProgress (1): 41/50 MBProgress (1): 41/50 MBProgress (1): 41/50 MBProgress (1): 41/50 MBProgress (1): 41/50 MBProgress (1): 41/50 MBProgress (1): 41/50 MBProgress (1): 41/50 MBProgress (1): 41/50 MBProgress (1): 41/50 MBProgress (1): 41/50 MBProgress (1): 41/50 MBProgress (1): 41/50 MBProgress (1): 41/50 MBProgress (1): 41/50 MBProgress (1): 41/50 MBProgress (1): 41/50 MBProgress (1): 41/50 MBProgress (1): 41/50 MBProgress (1): 41/50 MBProgress (1): 41/50 MBProgress (1): 41/50 MBProgress (1): 42/50 MBProgress (1): 42/50 MBProgress (1): 42/50 MBProgress (1): 42/50 MBProgress (1): 42/50 MBProgress (1): 42/50 MBProgress (1): 42/50 MBProgress (1): 42/50 MBProgress (1): 42/50 MBProgress (1): 42/50 MBProgress (1): 42/50 MBProgress (1): 42/50 MBProgress (1): 42/50 MBProgress (1): 42/50 MBProgress (1): 42/50 MBProgress (1): 42/50 MBProgress (1): 42/50 MBProgress (1): 42/50 MBProgress (1): 42/50 MBProgress (1): 42/50 MBProgress (1): 42/50 MBProgress (1): 42/50 MBProgress (1): 42/50 MBProgress (1): 42/50 MBProgress (1): 42/50 MBProgress (1): 42/50 MBProgress (1): 42/50 MBProgress (1): 42/50 MBProgress (1): 42/50 MBProgress (1): 42/50 MBProgress (1): 42/50 MBProgress (1): 42/50 MBProgress (1): 42/50 MBProgress (1): 42/50 MBProgress (1): 42/50 MBProgress (1): 42/50 MBProgress (1): 42/50 MBProgress (1): 42/50 MBProgress (1): 42/50 MBProgress (1): 42/50 MBProgress (1): 42/50 MBProgress (1): 42/50 MBProgress (1): 42/50 MBProgress (1): 42/50 MBProgress (1): 42/50 MBProgress (1): 42/50 MBProgress (1): 42/50 MBProgress (1): 42/50 MBProgress (1): 42/50 MBProgress (1): 42/50 MBProgress (1): 42/50 MBProgress (1): 42/50 MBProgress (1): 42/50 MBProgress (1): 42/50 MBProgress (1): 42/50 MBProgress (1): 42/50 MBProgress (1): 42/50 MBProgress (1): 42/50 MBProgress (1): 42/50 MBProgress (1): 42/50 MBProgress (1): 42/50 MBProgress (1): 43/50 MBProgress (1): 43/50 MBProgress (1): 43/50 MBProgress (1): 43/50 MBProgress (1): 43/50 MBProgress (1): 43/50 MBProgress (1): 43/50 MBProgress (1): 43/50 MBProgress (1): 43/50 MBProgress (1): 43/50 MBProgress (1): 43/50 MBProgress (1): 43/50 MBProgress (1): 43/50 MBProgress (1): 43/50 MBProgress (1): 43/50 MBProgress (1): 43/50 MBProgress (1): 43/50 MBProgress (1): 43/50 MBProgress (1): 43/50 MBProgress (1): 43/50 MBProgress (1): 43/50 MBProgress (1): 43/50 MBProgress (1): 43/50 MBProgress (1): 43/50 MBProgress (1): 43/50 MBProgress (1): 43/50 MBProgress (1): 43/50 MBProgress (1): 43/50 MBProgress (1): 43/50 MBProgress (1): 43/50 MBProgress (1): 43/50 MBProgress (1): 43/50 MBProgress (1): 43/50 MBProgress (1): 43/50 MBProgress (1): 43/50 MBProgress (1): 43/50 MBProgress (1): 43/50 MBProgress (1): 43/50 MBProgress (1): 43/50 MBProgress (1): 43/50 MBProgress (1): 43/50 MBProgress (1): 43/50 MBProgress (1): 43/50 MBProgress (1): 43/50 MBProgress (1): 43/50 MBProgress (1): 43/50 MBProgress (1): 43/50 MBProgress (1): 43/50 MBProgress (1): 43/50 MBProgress (1): 43/50 MBProgress (1): 43/50 MBProgress (1): 43/50 MBProgress (1): 43/50 MBProgress (1): 43/50 MBProgress (1): 43/50 MBProgress (1): 43/50 MBProgress (1): 43/50 MBProgress (1): 43/50 MBProgress (1): 43/50 MBProgress (1): 43/50 MBProgress (1): 43/50 MBProgress (1): 44/50 MBProgress (1): 44/50 MBProgress (1): 44/50 MBProgress (1): 44/50 MBProgress (1): 44/50 MBProgress (1): 44/50 MBProgress (1): 44/50 MBProgress (1): 44/50 MBProgress (1): 44/50 MBProgress (1): 44/50 MBProgress (1): 44/50 MBProgress (1): 44/50 MBProgress (1): 44/50 MBProgress (1): 44/50 MBProgress (1): 44/50 MBProgress (1): 44/50 MBProgress (1): 44/50 MBProgress (1): 44/50 MBProgress (1): 44/50 MBProgress (1): 44/50 MBProgress (1): 44/50 MBProgress (1): 44/50 MBProgress (1): 44/50 MBProgress (1): 44/50 MBProgress (1): 44/50 MBProgress (1): 44/50 MBProgress (1): 44/50 MBProgress (1): 44/50 MBProgress (1): 44/50 MBProgress (1): 44/50 MBProgress (1): 44/50 MBProgress (1): 44/50 MBProgress (1): 44/50 MBProgress (1): 44/50 MBProgress (1): 44/50 MBProgress (1): 44/50 MBProgress (1): 44/50 MBProgress (1): 44/50 MBProgress (1): 44/50 MBProgress (1): 44/50 MBProgress (1): 44/50 MBProgress (1): 44/50 MBProgress (1): 44/50 MBProgress (1): 44/50 MBProgress (1): 44/50 MBProgress (1): 44/50 MBProgress (1): 44/50 MBProgress (1): 44/50 MBProgress (1): 44/50 MBProgress (1): 44/50 MBProgress (1): 44/50 MBProgress (1): 44/50 MBProgress (1): 44/50 MBProgress (1): 44/50 MBProgress (1): 44/50 MBProgress (1): 44/50 MBProgress (1): 44/50 MBProgress (1): 44/50 MBProgress (1): 44/50 MBProgress (1): 44/50 MBProgress (1): 44/50 MBProgress (1): 44/50 MBProgress (1): 45/50 MBProgress (1): 45/50 MBProgress (1): 45/50 MBProgress (1): 45/50 MBProgress (1): 45/50 MBProgress (1): 45/50 MBProgress (1): 45/50 MBProgress (1): 45/50 MBProgress (1): 45/50 MBProgress (1): 45/50 MBProgress (1): 45/50 MBProgress (1): 45/50 MBProgress (1): 45/50 MBProgress (1): 45/50 MBProgress (1): 45/50 MBProgress (1): 45/50 MBProgress (1): 45/50 MBProgress (1): 45/50 MBProgress (1): 45/50 MBProgress (1): 45/50 MBProgress (1): 45/50 MBProgress (1): 45/50 MBProgress (1): 45/50 MBProgress (1): 45/50 MBProgress (1): 45/50 MBProgress (1): 45/50 MBProgress (1): 45/50 MBProgress (1): 45/50 MBProgress (1): 45/50 MBProgress (1): 45/50 MBProgress (1): 45/50 MBProgress (1): 45/50 MBProgress (1): 45/50 MBProgress (1): 45/50 MBProgress (1): 45/50 MBProgress (1): 45/50 MBProgress (1): 45/50 MBProgress (1): 45/50 MBProgress (1): 45/50 MBProgress (1): 45/50 MBProgress (1): 45/50 MBProgress (1): 45/50 MBProgress (1): 45/50 MBProgress (1): 45/50 MBProgress (1): 45/50 MBProgress (1): 45/50 MBProgress (1): 45/50 MBProgress (1): 45/50 MBProgress (1): 45/50 MBProgress (1): 45/50 MBProgress (1): 45/50 MBProgress (1): 45/50 MBProgress (1): 45/50 MBProgress (1): 45/50 MBProgress (1): 45/50 MBProgress (1): 45/50 MBProgress (1): 45/50 MBProgress (1): 45/50 MBProgress (1): 45/50 MBProgress (1): 45/50 MBProgress (1): 45/50 MBProgress (1): 46/50 MBProgress (1): 46/50 MBProgress (1): 46/50 MBProgress (1): 46/50 MBProgress (1): 46/50 MBProgress (1): 46/50 MBProgress (1): 46/50 MBProgress (1): 46/50 MBProgress (1): 46/50 MBProgress (1): 46/50 MBProgress (1): 46/50 MBProgress (1): 46/50 MBProgress (1): 46/50 MBProgress (1): 46/50 MBProgress (1): 46/50 MBProgress (1): 46/50 MBProgress (1): 46/50 MBProgress (1): 46/50 MBProgress (1): 46/50 MBProgress (1): 46/50 MBProgress (1): 46/50 MBProgress (1): 46/50 MBProgress (1): 46/50 MBProgress (1): 46/50 MBProgress (1): 46/50 MBProgress (1): 46/50 MBProgress (1): 46/50 MBProgress (1): 46/50 MBProgress (1): 46/50 MBProgress (1): 46/50 MBProgress (1): 46/50 MBProgress (1): 46/50 MBProgress (1): 46/50 MBProgress (1): 46/50 MBProgress (1): 46/50 MBProgress (1): 46/50 MBProgress (1): 46/50 MBProgress (1): 46/50 MBProgress (1): 46/50 MBProgress (1): 46/50 MBProgress (1): 46/50 MBProgress (1): 46/50 MBProgress (1): 46/50 MBProgress (1): 46/50 MBProgress (1): 46/50 MBProgress (1): 46/50 MBProgress (1): 46/50 MBProgress (1): 46/50 MBProgress (1): 46/50 MBProgress (1): 46/50 MBProgress (1): 46/50 MBProgress (1): 46/50 MBProgress (1): 46/50 MBProgress (1): 46/50 MBProgress (1): 46/50 MBProgress (1): 46/50 MBProgress (1): 46/50 MBProgress (1): 46/50 MBProgress (1): 46/50 MBProgress (1): 46/50 MBProgress (1): 46/50 MBProgress (1): 47/50 MBProgress (1): 47/50 MBProgress (1): 47/50 MBProgress (1): 47/50 MBProgress (1): 47/50 MBProgress (1): 47/50 MBProgress (1): 47/50 MBProgress (1): 47/50 MBProgress (1): 47/50 MBProgress (1): 47/50 MBProgress (1): 47/50 MBProgress (1): 47/50 MBProgress (1): 47/50 MBProgress (1): 47/50 MBProgress (1): 47/50 MBProgress (1): 47/50 MBProgress (1): 47/50 MBProgress (1): 47/50 MBProgress (1): 47/50 MBProgress (1): 47/50 MBProgress (1): 47/50 MBProgress (1): 47/50 MBProgress (1): 47/50 MBProgress (1): 47/50 MBProgress (1): 47/50 MBProgress (1): 47/50 MBProgress (1): 47/50 MBProgress (1): 47/50 MBProgress (1): 47/50 MBProgress (1): 47/50 MBProgress (1): 47/50 MBProgress (1): 47/50 MBProgress (1): 47/50 MBProgress (1): 47/50 MBProgress (1): 47/50 MBProgress (1): 47/50 MBProgress (1): 47/50 MBProgress (1): 47/50 MBProgress (1): 47/50 MBProgress (1): 47/50 MBProgress (1): 47/50 MBProgress (1): 47/50 MBProgress (1): 47/50 MBProgress (1): 47/50 MBProgress (1): 47/50 MBProgress (1): 47/50 MBProgress (1): 47/50 MBProgress (1): 47/50 MBProgress (1): 47/50 MBProgress (1): 47/50 MBProgress (1): 47/50 MBProgress (1): 47/50 MBProgress (1): 47/50 MBProgress (1): 47/50 MBProgress (1): 47/50 MBProgress (1): 47/50 MBProgress (1): 47/50 MBProgress (1): 47/50 MBProgress (1): 47/50 MBProgress (1): 47/50 MBProgress (1): 47/50 MBProgress (1): 48/50 MBProgress (1): 48/50 MBProgress (1): 48/50 MBProgress (1): 48/50 MBProgress (1): 48/50 MBProgress (1): 48/50 MBProgress (1): 48/50 MBProgress (1): 48/50 MBProgress (1): 48/50 MBProgress (1): 48/50 MBProgress (1): 48/50 MBProgress (1): 48/50 MBProgress (1): 48/50 MBProgress (1): 48/50 MBProgress (1): 48/50 MBProgress (1): 48/50 MBProgress (1): 48/50 MBProgress (1): 48/50 MBProgress (1): 48/50 MBProgress (1): 48/50 MBProgress (1): 48/50 MBProgress (1): 48/50 MBProgress (1): 48/50 MBProgress (1): 48/50 MBProgress (1): 48/50 MBProgress (1): 48/50 MBProgress (1): 48/50 MBProgress (1): 48/50 MBProgress (1): 48/50 MBProgress (1): 48/50 MBProgress (1): 48/50 MBProgress (1): 48/50 MBProgress (1): 48/50 MBProgress (1): 48/50 MBProgress (1): 48/50 MBProgress (1): 48/50 MBProgress (1): 48/50 MBProgress (1): 48/50 MBProgress (1): 48/50 MBProgress (1): 48/50 MBProgress (1): 48/50 MBProgress (1): 48/50 MBProgress (1): 48/50 MBProgress (1): 48/50 MBProgress (1): 48/50 MBProgress (1): 48/50 MBProgress (1): 48/50 MBProgress (1): 48/50 MBProgress (1): 48/50 MBProgress (1): 48/50 MBProgress (1): 48/50 MBProgress (1): 48/50 MBProgress (1): 48/50 MBProgress (1): 48/50 MBProgress (1): 48/50 MBProgress (1): 48/50 MBProgress (1): 48/50 MBProgress (1): 48/50 MBProgress (1): 48/50 MBProgress (1): 48/50 MBProgress (1): 48/50 MBProgress (1): 49/50 MBProgress (1): 49/50 MBProgress (1): 49/50 MBProgress (1): 49/50 MBProgress (1): 49/50 MBProgress (1): 49/50 MBProgress (1): 49/50 MBProgress (1): 49/50 MBProgress (1): 49/50 MBProgress (1): 49/50 MBProgress (1): 49/50 MBProgress (1): 49/50 MBProgress (1): 49/50 MBProgress (1): 49/50 MBProgress (1): 49/50 MBProgress (1): 49/50 MBProgress (1): 49/50 MBProgress (1): 49/50 MBProgress (1): 49/50 MBProgress (1): 49/50 MBProgress (1): 49/50 MBProgress (1): 49/50 MBProgress (1): 49/50 MBProgress (1): 49/50 MBProgress (1): 49/50 MBProgress (1): 49/50 MBProgress (1): 49/50 MBProgress (1): 49/50 MBProgress (1): 49/50 MBProgress (1): 49/50 MBProgress (1): 49/50 MBProgress (1): 49/50 MBProgress (1): 49/50 MBProgress (1): 49/50 MBProgress (1): 49/50 MBProgress (1): 49/50 MBProgress (1): 49/50 MBProgress (1): 49/50 MBProgress (1): 49/50 MBProgress (1): 49/50 MBProgress (1): 49/50 MBProgress (1): 49/50 MBProgress (1): 49/50 MBProgress (1): 49/50 MBProgress (1): 49/50 MBProgress (1): 49/50 MBProgress (1): 49/50 MBProgress (1): 49/50 MBProgress (1): 49/50 MBProgress (1): 49/50 MBProgress (1): 49/50 MBProgress (1): 49/50 MBProgress (1): 49/50 MBProgress (1): 49/50 MBProgress (1): 49/50 MBProgress (1): 49/50 MBProgress (1): 49/50 MBProgress (1): 49/50 MBProgress (1): 49/50 MBProgress (1): 49/50 MBProgress (1): 49/50 MBProgress (1): 50/50 MBProgress (1): 50/50 MBProgress (1): 50/50 MBProgress (1): 50/50 MBProgress (1): 50/50 MBProgress (1): 50/50 MBProgress (1): 50/50 MBProgress (1): 50/50 MBProgress (1): 50/50 MBProgress (1): 50/50 MBProgress (1): 50/50 MBProgress (1): 50/50 MBProgress (1): 50/50 MBProgress (1): 50/50 MBProgress (1): 50/50 MBProgress (1): 50/50 MBProgress (1): 50/50 MBProgress (1): 50/50 MBProgress (1): 50/50 MBProgress (1): 50/50 MBProgress (1): 50/50 MBProgress (1): 50/50 MBProgress (1): 50/50 MBProgress (1): 50/50 MBProgress (1): 50/50 MBProgress (1): 50/50 MBProgress (1): 50/50 MBProgress (1): 50/50 MBProgress (1): 50/50 MBProgress (1): 50/50 MBProgress (1): 50/50 MBProgress (1): 50/50 MBProgress (1): 50/50 MBProgress (1): 50/50 MBProgress (1): 50/50 MBProgress (1): 50/50 MBProgress (1): 50/50 MBProgress (1): 50/50 MBProgress (1): 50/50 MBProgress (1): 50/50 MBProgress (1): 50/50 MBProgress (1): 50 MB                      Downloaded from aliyun: https://maven.aliyun.com/repository/public/org/graalvm/js/js/22.0.0/js-22.0.0.jar (50 MB at 5.6 MB/s)
[INFO] 
[INFO] --- resources:3.1.0:resources (default-resources) @ jeecg-boot-module-airag ---
[INFO] Using 'UTF-8' encoding to copy filtered resources.
[INFO] Copying 1 resource
[INFO] Copying 4 resources
[INFO] 
[INFO] --- compiler:3.14.0:compile (default-compile) @ jeecg-boot-module-airag ---
[INFO] Recompiling the module because of changed dependency.
[INFO] Compiling 40 source files with javac [debug parameters release 17] to target\classes
[WARNING] /D:/gmj/date/2026/project_kolbox/backend/jeecg-boot-module/jeecg-boot-module-airag/src/main/java/org/jeecg/modules/airag/app/vo/AppDebugParams.java:[12,1] Generating equals/hashCode implementation but without a call to superclass, even though this class does not extend java.lang.Object. If this is intentional, add '@EqualsAndHashCode(callSuper=false)' to your type.
[INFO] /D:/gmj/date/2026/project_kolbox/backend/jeecg-boot-module/jeecg-boot-module-airag/src/main/java/org/jeecg/modules/airag/llm/service/impl/AiragKnowledgeDocServiceImpl.java: 某些输入文件使用或覆盖了已过时的 API。
[INFO] /D:/gmj/date/2026/project_kolbox/backend/jeecg-boot-module/jeecg-boot-module-airag/src/main/java/org/jeecg/modules/airag/llm/service/impl/AiragKnowledgeDocServiceImpl.java: 有关详细信息, 请使用 -Xlint:deprecation 重新编译。
[INFO] /D:/gmj/date/2026/project_kolbox/backend/jeecg-boot-module/jeecg-boot-module-airag/src/main/java/org/jeecg/modules/airag/app/service/impl/AiragChatServiceImpl.java: 某些输入文件使用了未经检查或不安全的操作。
[INFO] /D:/gmj/date/2026/project_kolbox/backend/jeecg-boot-module/jeecg-boot-module-airag/src/main/java/org/jeecg/modules/airag/app/service/impl/AiragChatServiceImpl.java: 有关详细信息, 请使用 -Xlint:unchecked 重新编译。
[INFO] 
[INFO] -------------< org.jeecgframework.boot3:jeecg-system-biz >--------------
[INFO] Building jeecg-system-biz 3.8.3                                  [10/11]
[INFO]   from jeecg-module-system\jeecg-system-biz\pom.xml
[INFO] --------------------------------[ jar ]---------------------------------
[WARNING] Parameter 'propertiesEncoding' is unknown for plugin 'maven-resources-plugin:3.1.0:resources (default-resources)'
Downloading from aliyun: https://maven.aliyun.com/repository/public/org/hibernate/hibernate-core/5.6.7.Final/hibernate-core-5.6.7.Final.pom
Progress (1): 1.9/5.5 kBProgress (1): 5.5 kB                        Downloaded from aliyun: https://maven.aliyun.com/repository/public/org/hibernate/hibernate-core/5.6.7.Final/hibernate-core-5.6.7.Final.pom (5.5 kB at 112 kB/s)
Downloading from aliyun: https://maven.aliyun.com/repository/public/javax/persistence/javax.persistence-api/2.2/javax.persistence-api-2.2.pom
Progress (1): 1.9/11 kBProgress (1): 11 kB                       Downloaded from aliyun: https://maven.aliyun.com/repository/public/javax/persistence/javax.persistence-api/2.2/javax.persistence-api-2.2.pom (11 kB at 239 kB/s)
Downloading from aliyun: https://maven.aliyun.com/repository/public/antlr/antlr/2.7.7/antlr-2.7.7.pom
Progress (1): 632 B                   Downloaded from aliyun: https://maven.aliyun.com/repository/public/antlr/antlr/2.7.7/antlr-2.7.7.pom (632 B at 16 kB/s)
Downloading from aliyun: https://maven.aliyun.com/repository/public/org/jboss/spec/javax/transaction/jboss-transaction-api_1.2_spec/1.1.1.Final/jboss-transaction-api_1.2_spec-1.1.1.Final.pom
Progress (1): 5.2 kB                    Downloaded from aliyun: https://maven.aliyun.com/repository/public/org/jboss/spec/javax/transaction/jboss-transaction-api_1.2_spec/1.1.1.Final/jboss-transaction-api_1.2_spec-1.1.1.Final.pom (5.2 kB at 115 kB/s)
Downloading from aliyun: https://maven.aliyun.com/repository/public/org/jboss/jboss-parent/25/jboss-parent-25.pom
Progress (1): 7.3/35 kBProgress (1): 12/35 kB Progress (1): 29/35 kBProgress (1): 35 kB                      Downloaded from aliyun: https://maven.aliyun.com/repository/public/org/jboss/jboss-parent/25/jboss-parent-25.pom (35 kB at 810 kB/s)
Downloading from aliyun: https://maven.aliyun.com/repository/public/org/jboss/jandex/2.4.2.Final/jandex-2.4.2.Final.pom
Progress (1): 6.8 kB                    Downloaded from aliyun: https://maven.aliyun.com/repository/public/org/jboss/jandex/2.4.2.Final/jandex-2.4.2.Final.pom (6.8 kB at 179 kB/s)
Downloading from aliyun: https://maven.aliyun.com/repository/public/org/jboss/jboss-parent/12/jboss-parent-12.pom
Progress (1): 1.9/32 kBProgress (1): 18/32 kB Progress (1): 32 kB                      Downloaded from aliyun: https://maven.aliyun.com/repository/public/org/jboss/jboss-parent/12/jboss-parent-12.pom (32 kB at 544 kB/s)
Downloading from aliyun: https://maven.aliyun.com/repository/public/org/hibernate/common/hibernate-commons-annotations/5.1.2.Final/hibernate-commons-annotations-5.1.2.Final.pom
Progress (1): 1.9 kB                    Downloaded from aliyun: https://maven.aliyun.com/repository/public/org/hibernate/common/hibernate-commons-annotations/5.1.2.Final/hibernate-commons-annotations-5.1.2.Final.pom (1.9 kB at 29 kB/s)
Downloading from aliyun: https://maven.aliyun.com/repository/public/org/jeecgframework/boot3/hibernate-re/3.8.2.2/hibernate-re-3.8.2.2.pom
Progress (1): 1.3 kB                    Downloaded from aliyun: https://maven.aliyun.com/repository/public/org/jeecgframework/boot3/hibernate-re/3.8.2.2/hibernate-re-3.8.2.2.pom (1.3 kB at 3.2 kB/s)
Downloading from aliyun: https://maven.aliyun.com/repository/public/org/jeecgframework/weixin4j/2.0.4/weixin4j-2.0.4.pom
Progress (1): 9.0 kB                    Downloaded from aliyun: https://maven.aliyun.com/repository/public/org/jeecgframework/weixin4j/2.0.4/weixin4j-2.0.4.pom (9.0 kB at 104 kB/s)
Downloading from aliyun: https://maven.aliyun.com/repository/public/org/jdom/jdom/1.1/jdom-1.1.pom
Progress (1): 2.2 kB                    Downloaded from aliyun: https://maven.aliyun.com/repository/public/org/jdom/jdom/1.1/jdom-1.1.pom (2.2 kB at 28 kB/s)
Downloading from aliyun: https://maven.aliyun.com/repository/public/com/google/zxing/javase/3.3.1/javase-3.3.1.pom
Progress (1): 2.3 kB                    Downloaded from aliyun: https://maven.aliyun.com/repository/public/com/google/zxing/javase/3.3.1/javase-3.3.1.pom (2.3 kB at 40 kB/s)
Downloading from aliyun: https://maven.aliyun.com/repository/public/com/google/zxing/zxing-parent/3.3.1/zxing-parent-3.3.1.pom
Progress (1): 4.9/28 kBProgress (1): 21/28 kB Progress (1): 28 kB                      Downloaded from aliyun: https://maven.aliyun.com/repository/public/com/google/zxing/zxing-parent/3.3.1/zxing-parent-3.3.1.pom (28 kB at 489 kB/s)
Downloading from aliyun: https://maven.aliyun.com/repository/public/com/google/zxing/core/3.3.1/core-3.3.1.pom
Progress (1): 2.1 kB                    Downloaded from aliyun: https://maven.aliyun.com/repository/public/com/google/zxing/core/3.3.1/core-3.3.1.pom (2.1 kB at 18 kB/s)
Downloading from aliyun: https://maven.aliyun.com/repository/public/com/beust/jcommander/1.72/jcommander-1.72.pom
Progress (1): 1.2 kB                    Downloaded from aliyun: https://maven.aliyun.com/repository/public/com/beust/jcommander/1.72/jcommander-1.72.pom (1.2 kB at 22 kB/s)
Downloading from aliyun: https://maven.aliyun.com/repository/public/com/github/jai-imageio/jai-imageio-core/1.3.1/jai-imageio-core-1.3.1.pom
Progress (1): 1.9/11 kBProgress (1): 11 kB                       Downloaded from aliyun: https://maven.aliyun.com/repository/public/com/github/jai-imageio/jai-imageio-core/1.3.1/jai-imageio-core-1.3.1.pom (11 kB at 112 kB/s)
Downloading from aliyun: https://maven.aliyun.com/repository/public/com/alipay/sdk/alipay-sdk-java/3.1.0/alipay-sdk-java-3.1.0.pom
Progress (1): 1.9/3.3 kBProgress (1): 3.3 kB                        Downloaded from aliyun: https://maven.aliyun.com/repository/public/com/alipay/sdk/alipay-sdk-java/3.1.0/alipay-sdk-java-3.1.0.pom (3.3 kB at 71 kB/s)
Downloading from aliyun: https://maven.aliyun.com/repository/public/org/jeecgframework/jimureport/jimureport-spring-boot3-starter/2.1.3/jimureport-spring-boot3-starter-2.1.3.pom
Progress (1): 4.8/7.9 kBProgress (1): 7.9 kB                        Downloaded from aliyun: https://maven.aliyun.com/repository/public/org/jeecgframework/jimureport/jimureport-spring-boot3-starter/2.1.3/jimureport-spring-boot3-starter-2.1.3.pom (7.9 kB at 39 kB/s)
Downloading from aliyun: https://maven.aliyun.com/repository/public/org/apache/poi/ooxml-schemas/1.4/ooxml-schemas-1.4.pom
Progress (1): 2.6 kB                    Downloaded from aliyun: https://maven.aliyun.com/repository/public/org/apache/poi/ooxml-schemas/1.4/ooxml-schemas-1.4.pom (2.6 kB at 60 kB/s)
Downloading from aliyun: https://maven.aliyun.com/repository/public/gui/ava/html2image/2.0.1/html2image-2.0.1.pom
Progress (1): 1.9 kB                    Downloaded from aliyun: https://maven.aliyun.com/repository/public/gui/ava/html2image/2.0.1/html2image-2.0.1.pom (1.9 kB at 24 kB/s)
Downloading from aliyun: https://maven.aliyun.com/repository/public/org/xhtmlrenderer/core-renderer/R8/core-renderer-R8.pom
Progress (1): 2.4 kB                    Downloaded from aliyun: https://maven.aliyun.com/repository/public/org/xhtmlrenderer/core-renderer/R8/core-renderer-R8.pom (2.4 kB at 36 kB/s)
Downloading from aliyun: https://maven.aliyun.com/repository/public/net/sourceforge/nekohtml/nekohtml/1.9.22/nekohtml-1.9.22.pom
Progress (1): 1.4 kB                    Downloaded from aliyun: https://maven.aliyun.com/repository/public/net/sourceforge/nekohtml/nekohtml/1.9.22/nekohtml-1.9.22.pom (1.4 kB at 8.3 kB/s)
Downloading from aliyun: https://maven.aliyun.com/repository/public/com/github/librepdf/openpdf/1.3.27/openpdf-1.3.27.pom
Progress (1): 3.6 kB                    Downloaded from aliyun: https://maven.aliyun.com/repository/public/com/github/librepdf/openpdf/1.3.27/openpdf-1.3.27.pom (3.6 kB at 85 kB/s)
Downloading from aliyun: https://maven.aliyun.com/repository/public/com/github/librepdf/openpdf-parent/1.3.27/openpdf-parent-1.3.27.pom
Progress (1): 7.3/20 kBProgress (1): 16/20 kB Progress (1): 20 kB                      Downloaded from aliyun: https://maven.aliyun.com/repository/public/com/github/librepdf/openpdf-parent/1.3.27/openpdf-parent-1.3.27.pom (20 kB at 460 kB/s)
Downloading from aliyun: https://maven.aliyun.com/repository/public/org/jeecgframework/jimureport/jimureport-font/1.2.0/jimureport-font-1.2.0.pom
Progress (1): 0.4/8.8 kBProgress (1): 8.8 kB                        Downloaded from aliyun: https://maven.aliyun.com/repository/public/org/jeecgframework/jimureport/jimureport-font/1.2.0/jimureport-font-1.2.0.pom (8.8 kB at 139 kB/s)
Downloading from aliyun: https://maven.aliyun.com/repository/public/com/googlecode/aviator/aviator/5.2.6/aviator-5.2.6.pom
Progress (1): 0.5/9.7 kBProgress (1): 9.7 kB                        Downloaded from aliyun: https://maven.aliyun.com/repository/public/com/googlecode/aviator/aviator/5.2.6/aviator-5.2.6.pom (9.7 kB at 230 kB/s)
Downloading from aliyun: https://maven.aliyun.com/repository/public/org/sonatype/oss/oss-parent/2/oss-parent-2.pom
Progress (1): 3.3 kB                    Downloaded from aliyun: https://maven.aliyun.com/repository/public/org/sonatype/oss/oss-parent/2/oss-parent-2.pom (3.3 kB at 47 kB/s)
Downloading from aliyun: https://maven.aliyun.com/repository/public/org/apache/httpcomponents/client5/httpclient5/5.5/httpclient5-5.5.pom
Progress (1): 6.1 kB                    Downloaded from aliyun: https://maven.aliyun.com/repository/public/org/apache/httpcomponents/client5/httpclient5/5.5/httpclient5-5.5.pom (6.1 kB at 61 kB/s)
Downloading from aliyun: https://maven.aliyun.com/repository/public/org/apache/httpcomponents/client5/httpclient5-parent/5.5/httpclient5-parent-5.5.pom
Progress (1): 7.2/17 kBProgress (1): 7.7/17 kBProgress (1): 17 kB                       Downloaded from aliyun: https://maven.aliyun.com/repository/public/org/apache/httpcomponents/client5/httpclient5-parent/5.5/httpclient5-parent-5.5.pom (17 kB at 245 kB/s)
Downloading from aliyun: https://maven.aliyun.com/repository/public/org/apache/httpcomponents/httpcomponents-parent/14/httpcomponents-parent-14.pom
Progress (1): 6.2/30 kBProgress (1): 23/30 kB Progress (1): 30 kB                      Downloaded from aliyun: https://maven.aliyun.com/repository/public/org/apache/httpcomponents/httpcomponents-parent/14/httpcomponents-parent-14.pom (30 kB at 620 kB/s)
Downloading from aliyun: https://maven.aliyun.com/repository/public/org/apache/httpcomponents/core5/httpcore5/5.3.4/httpcore5-5.3.4.pom
Progress (1): 3.9 kB                    Downloaded from aliyun: https://maven.aliyun.com/repository/public/org/apache/httpcomponents/core5/httpcore5/5.3.4/httpcore5-5.3.4.pom (3.9 kB at 63 kB/s)
Downloading from aliyun: https://maven.aliyun.com/repository/public/org/apache/httpcomponents/core5/httpcore5-parent/5.3.4/httpcore5-parent-5.3.4.pom
Progress (1): 1.8/14 kBProgress (1): 14 kB                       Downloaded from aliyun: https://maven.aliyun.com/repository/public/org/apache/httpcomponents/core5/httpcore5-parent/5.3.4/httpcore5-parent-5.3.4.pom (14 kB at 232 kB/s)
Downloading from aliyun: https://maven.aliyun.com/repository/public/org/apache/httpcomponents/httpcomponents-parent/13/httpcomponents-parent-13.pom
Progress (1): 1.9/30 kBProgress (1): 18/30 kB Progress (1): 30 kB                      Downloaded from aliyun: https://maven.aliyun.com/repository/public/org/apache/httpcomponents/httpcomponents-parent/13/httpcomponents-parent-13.pom (30 kB at 451 kB/s)
Downloading from aliyun: https://maven.aliyun.com/repository/public/org/apache/httpcomponents/core5/httpcore5-h2/5.3.4/httpcore5-h2-5.3.4.pom
Progress (1): 1.8/3.6 kBProgress (1): 3.6 kB                        Downloaded from aliyun: https://maven.aliyun.com/repository/public/org/apache/httpcomponents/core5/httpcore5-h2/5.3.4/httpcore5-h2-5.3.4.pom (3.6 kB at 39 kB/s)
Downloading from aliyun: https://maven.aliyun.com/repository/public/com/github/promeg/tinypinyin/2.0.3/tinypinyin-2.0.3.pom
Progress (1): 614 B                   Downloaded from aliyun: https://maven.aliyun.com/repository/public/com/github/promeg/tinypinyin/2.0.3/tinypinyin-2.0.3.pom (614 B at 6.7 kB/s)
Downloading from aliyun: https://maven.aliyun.com/repository/public/org/ahocorasick/ahocorasick/0.3.0/ahocorasick-0.3.0.pom
Progress (1): 3.3 kB                    Downloaded from aliyun: https://maven.aliyun.com/repository/public/org/ahocorasick/ahocorasick/0.3.0/ahocorasick-0.3.0.pom (3.3 kB at 49 kB/s)
Downloading from aliyun: https://maven.aliyun.com/repository/public/org/jeecgframework/jimureport/jimureport-nosql-starter/2.1.0/jimureport-nosql-starter-2.1.0.pom
Progress (1): 7.3/13 kBProgress (1): 13 kB                       Downloaded from aliyun: https://maven.aliyun.com/repository/public/org/jeecgframework/jimureport/jimureport-nosql-starter/2.1.0/jimureport-nosql-starter-2.1.0.pom (13 kB at 58 kB/s)
Downloading from aliyun: https://maven.aliyun.com/repository/public/org/springframework/boot/spring-boot-starter-parent/2.7.18/spring-boot-starter-parent-2.7.18.pom
Progress (1): 7.3/9.2 kBProgress (1): 9.2 kB                        Downloaded from aliyun: https://maven.aliyun.com/repository/public/org/springframework/boot/spring-boot-starter-parent/2.7.18/spring-boot-starter-parent-2.7.18.pom (9.2 kB at 121 kB/s)
Downloading from aliyun: https://maven.aliyun.com/repository/public/org/springframework/boot/spring-boot-dependencies/2.7.18/spring-boot-dependencies-2.7.18.pom
Progress (1): 0.5/110 kBProgress (1): 17/110 kB Progress (1): 33/110 kBProgress (1): 50/110 kBProgress (1): 66/110 kBProgress (1): 82/110 kBProgress (1): 99/110 kBProgress (1): 110 kB                       Downloaded from aliyun: https://maven.aliyun.com/repository/public/org/springframework/boot/spring-boot-dependencies/2.7.18/spring-boot-dependencies-2.7.18.pom (110 kB at 2.2 MB/s)
Downloading from central: https://repo.maven.apache.org/maven2/com/datastax/oss/java-driver-bom/4.14.1/java-driver-bom-4.14.1.pom
Progress (1): 845 BProgress (1): 1.8 kBProgress (1): 4.1 kB                    Downloaded from central: https://repo.maven.apache.org/maven2/com/datastax/oss/java-driver-bom/4.14.1/java-driver-bom-4.14.1.pom (4.1 kB at 4.7 kB/s)
Downloading from central: https://repo.maven.apache.org/maven2/io/dropwizard/metrics/metrics-bom/4.2.22/metrics-bom-4.2.22.pom
Progress (1): 6.3 kBProgress (1): 8.2 kB                    Downloaded from central: https://repo.maven.apache.org/maven2/io/dropwizard/metrics/metrics-bom/4.2.22/metrics-bom-4.2.22.pom (8.2 kB at 45 kB/s)
Downloading from central: https://repo.maven.apache.org/maven2/io/dropwizard/metrics/metrics-parent/4.2.22/metrics-parent-4.2.22.pom
Progress (1): 1.8 kBProgress (1): 3.2 kBProgress (1): 5.3 kBProgress (1): 8.5 kBProgress (1): 12 kB Progress (1): 16 kBProgress (1): 20 kBProgress (1): 21 kB                   Downloaded from central: https://repo.maven.apache.org/maven2/io/dropwizard/metrics/metrics-parent/4.2.22/metrics-parent-4.2.22.pom (21 kB at 53 kB/s)
Downloading from central: https://repo.maven.apache.org/maven2/org/codehaus/groovy/groovy-bom/3.0.19/groovy-bom-3.0.19.pom
Progress (1): 959 BProgress (1): 3.5 kBProgress (1): 6.8 kBProgress (1): 11 kB Progress (1): 13 kBProgress (1): 17 kBProgress (1): 21 kBProgress (1): 24 kBProgress (1): 26 kB                   Downloaded from central: https://repo.maven.apache.org/maven2/org/codehaus/groovy/groovy-bom/3.0.19/groovy-bom-3.0.19.pom (26 kB at 145 kB/s)
Downloading from central: https://repo.maven.apache.org/maven2/org/infinispan/infinispan-bom/13.0.20.Final/infinispan-bom-13.0.20.Final.pom
Progress (1): 1.1 kBProgress (1): 2.9 kBProgress (1): 16 kB Progress (1): 18 kB                   Downloaded from central: https://repo.maven.apache.org/maven2/org/infinispan/infinispan-bom/13.0.20.Final/infinispan-bom-13.0.20.Final.pom (18 kB at 100 kB/s)
Downloading from central: https://repo.maven.apache.org/maven2/org/infinispan/infinispan-build-configuration-parent/13.0.20.Final/infinispan-build-configuration-parent-13.0.20.Final.pom
Progress (1): 1.0 kBProgress (1): 2.7 kBProgress (1): 4.9 kBProgress (1): 6.9 kBProgress (1): 8.4 kBProgress (1): 11 kB Progress (1): 13 kBProgress (1): 16 kB                   Downloaded from central: https://repo.maven.apache.org/maven2/org/infinispan/infinispan-build-configuration-parent/13.0.20.Final/infinispan-build-configuration-parent-13.0.20.Final.pom (16 kB at 87 kB/s)
Downloading from central: https://repo.maven.apache.org/maven2/org/jboss/jboss-parent/36/jboss-parent-36.pom
Progress (1): 701 BProgress (1): 1.5 kBProgress (1): 3.9 kBProgress (1): 6.1 kBProgress (1): 7.6 kBProgress (1): 10 kB Progress (1): 15 kBProgress (1): 22 kBProgress (1): 28 kBProgress (1): 32 kBProgress (1): 34 kBProgress (1): 36 kBProgress (1): 41 kBProgress (1): 48 kBProgress (1): 65 kBProgress (1): 66 kB                   Downloaded from central: https://repo.maven.apache.org/maven2/org/jboss/jboss-parent/36/jboss-parent-36.pom (66 kB at 350 kB/s)
Downloading from central: https://repo.maven.apache.org/maven2/com/fasterxml/jackson/jackson-bom/2.13.5/jackson-bom-2.13.5.pom
Progress (1): 931 BProgress (1): 2.0 kBProgress (1): 6.5 kBProgress (1): 16 kB Progress (1): 17 kB                   Downloaded from central: https://repo.maven.apache.org/maven2/com/fasterxml/jackson/jackson-bom/2.13.5/jackson-bom-2.13.5.pom (17 kB at 96 kB/s)
Downloading from central: https://repo.maven.apache.org/maven2/com/fasterxml/jackson/jackson-parent/2.13/jackson-parent-2.13.pom
Progress (1): 1.1 kBProgress (1): 2.1 kBProgress (1): 3.7 kBProgress (1): 5.8 kBProgress (1): 7.4 kB                    Downloaded from central: https://repo.maven.apache.org/maven2/com/fasterxml/jackson/jackson-parent/2.13/jackson-parent-2.13.pom (7.4 kB at 41 kB/s)
Downloading from central: https://repo.maven.apache.org/maven2/com/fasterxml/oss-parent/43/oss-parent-43.pom
Progress (1): 952 BProgress (1): 2.3 kBProgress (1): 3.5 kBProgress (1): 5.5 kBProgress (1): 8.3 kBProgress (1): 10 kB Progress (1): 13 kBProgress (1): 15 kBProgress (1): 18 kBProgress (1): 21 kBProgress (1): 24 kB                   Downloaded from central: https://repo.maven.apache.org/maven2/com/fasterxml/oss-parent/43/oss-parent-43.pom (24 kB at 128 kB/s)
Downloading from central: https://repo.maven.apache.org/maven2/org/glassfish/jersey/jersey-bom/2.35/jersey-bom-2.35.pom
Progress (1): 843 BProgress (1): 4.6 kBProgress (1): 16 kB Progress (1): 19 kB                   Downloaded from central: https://repo.maven.apache.org/maven2/org/glassfish/jersey/jersey-bom/2.35/jersey-bom-2.35.pom (19 kB at 102 kB/s)
Downloading from central: https://repo.maven.apache.org/maven2/org/junit/junit-bom/5.8.2/junit-bom-5.8.2.pom
Progress (1): 907 BProgress (1): 4.1 kBProgress (1): 5.6 kB                    Downloaded from central: https://repo.maven.apache.org/maven2/org/junit/junit-bom/5.8.2/junit-bom-5.8.2.pom (5.6 kB at 32 kB/s)
Downloading from central: https://repo.maven.apache.org/maven2/org/jetbrains/kotlin/kotlin-bom/1.6.21/kotlin-bom-1.6.21.pom
Progress (1): 908 BProgress (1): 5.3 kBProgress (1): 9.3 kB                    Downloaded from central: https://repo.maven.apache.org/maven2/org/jetbrains/kotlin/kotlin-bom/1.6.21/kotlin-bom-1.6.21.pom (9.3 kB at 51 kB/s)
Downloading from central: https://repo.maven.apache.org/maven2/org/apache/logging/log4j/log4j-bom/2.17.2/log4j-bom-2.17.2.pom
Progress (1): 791 BProgress (1): 4.0 kBProgress (1): 8.1 kB                    Downloaded from central: https://repo.maven.apache.org/maven2/org/apache/logging/log4j/log4j-bom/2.17.2/log4j-bom-2.17.2.pom (8.1 kB at 44 kB/s)
Downloading from central: https://repo.maven.apache.org/maven2/io/micrometer/micrometer-bom/1.9.17/micrometer-bom-1.9.17.pom
Progress (1): 1.1 kBProgress (1): 6.5 kBProgress (1): 7.1 kB                    Downloaded from central: https://repo.maven.apache.org/maven2/io/micrometer/micrometer-bom/1.9.17/micrometer-bom-1.9.17.pom (7.1 kB at 40 kB/s)
Downloading from central: https://repo.maven.apache.org/maven2/org/mockito/mockito-bom/4.5.1/mockito-bom-4.5.1.pom
Progress (1): 1.4 kBProgress (1): 3.0 kB                    Downloaded from central: https://repo.maven.apache.org/maven2/org/mockito/mockito-bom/4.5.1/mockito-bom-4.5.1.pom (3.0 kB at 17 kB/s)
Downloading from central: https://repo.maven.apache.org/maven2/io/netty/netty-bom/4.1.101.Final/netty-bom-4.1.101.Final.pom
Progress (1): 787 BProgress (1): 2.4 kBProgress (1): 12 kB Progress (1): 13 kB                   Downloaded from central: https://repo.maven.apache.org/maven2/io/netty/netty-bom/4.1.101.Final/netty-bom-4.1.101.Final.pom (13 kB at 72 kB/s)
Downloading from central: https://repo.maven.apache.org/maven2/com/squareup/okhttp3/okhttp-bom/4.9.3/okhttp-bom-4.9.3.pom
Progress (1): 929 BProgress (1): 3.0 kB                    Downloaded from central: https://repo.maven.apache.org/maven2/com/squareup/okhttp3/okhttp-bom/4.9.3/okhttp-bom-4.9.3.pom (3.0 kB at 17 kB/s)
Downloading from central: https://repo.maven.apache.org/maven2/com/oracle/database/jdbc/ojdbc-bom/21.5.0.0/ojdbc-bom-21.5.0.0.pom
Progress (1): 902 BProgress (1): 3.8 kBProgress (1): 8.6 kBProgress (1): 13 kB                    Downloaded from central: https://repo.maven.apache.org/maven2/com/oracle/database/jdbc/ojdbc-bom/21.5.0.0/ojdbc-bom-21.5.0.0.pom (13 kB at 70 kB/s)
Downloading from central: https://repo.maven.apache.org/maven2/io/prometheus/simpleclient_bom/0.15.0/simpleclient_bom-0.15.0.pom
Progress (1): 1.9 kBProgress (1): 5.8 kB                    Downloaded from central: https://repo.maven.apache.org/maven2/io/prometheus/simpleclient_bom/0.15.0/simpleclient_bom-0.15.0.pom (5.8 kB at 32 kB/s)
Downloading from central: https://repo.maven.apache.org/maven2/io/prometheus/parent/0.15.0/parent-0.15.0.pom
Progress (1): 1.1 kBProgress (1): 3.3 kBProgress (1): 8.0 kBProgress (1): 12 kB                    Downloaded from central: https://repo.maven.apache.org/maven2/io/prometheus/parent/0.15.0/parent-0.15.0.pom (12 kB at 66 kB/s)
Downloading from central: https://repo.maven.apache.org/maven2/io/r2dbc/r2dbc-bom/Borca-SR2/r2dbc-bom-Borca-SR2.pom
Progress (1): 856 BProgress (1): 2.6 kBProgress (1): 3.8 kB                    Downloaded from central: https://repo.maven.apache.org/maven2/io/r2dbc/r2dbc-bom/Borca-SR2/r2dbc-bom-Borca-SR2.pom (3.8 kB at 21 kB/s)
Downloading from central: https://repo.maven.apache.org/maven2/io/projectreactor/reactor-bom/2020.0.38/reactor-bom-2020.0.38.pom
Progress (1): 908 BProgress (1): 4.2 kBProgress (1): 4.6 kB                    Downloaded from central: https://repo.maven.apache.org/maven2/io/projectreactor/reactor-bom/2020.0.38/reactor-bom-2020.0.38.pom (4.6 kB at 25 kB/s)
Downloading from central: https://repo.maven.apache.org/maven2/io/rest-assured/rest-assured-bom/4.5.1/rest-assured-bom-4.5.1.pom
Progress (1): 1.2 kBProgress (1): 5.8 kB                    Downloaded from central: https://repo.maven.apache.org/maven2/io/rest-assured/rest-assured-bom/4.5.1/rest-assured-bom-4.5.1.pom (5.8 kB at 32 kB/s)
Downloading from central: https://repo.maven.apache.org/maven2/org/springframework/integration/spring-integration-bom/5.5.20/spring-integration-bom-5.5.20.pom
Progress (1): 1.1 kBProgress (1): 7.5 kBProgress (1): 9.2 kB                    Downloaded from central: https://repo.maven.apache.org/maven2/org/springframework/integration/spring-integration-bom/5.5.20/spring-integration-bom-5.5.20.pom (9.2 kB at 49 kB/s)
Downloading from central: https://repo.maven.apache.org/maven2/org/springframework/security/spring-security-bom/5.7.11/spring-security-bom-5.7.11.pom
Progress (1): 970 BProgress (1): 5.7 kB                    Downloaded from central: https://repo.maven.apache.org/maven2/org/springframework/security/spring-security-bom/5.7.11/spring-security-bom-5.7.11.pom (5.7 kB at 32 kB/s)
Downloading from central: https://repo.maven.apache.org/maven2/org/springframework/session/spring-session-bom/2021.2.3/spring-session-bom-2021.2.3.pom
Progress (1): 968 BProgress (1): 3.1 kB                    Downloaded from central: https://repo.maven.apache.org/maven2/org/springframework/session/spring-session-bom/2021.2.3/spring-session-bom-2021.2.3.pom (3.1 kB at 17 kB/s)
Downloading from aliyun: https://maven.aliyun.com/repository/public/org/mongodb/mongodb-driver-sync/5.5.1/mongodb-driver-sync-5.5.1.pom
Progress (1): 1.7 kB                    Downloaded from aliyun: https://maven.aliyun.com/repository/public/org/mongodb/mongodb-driver-sync/5.5.1/mongodb-driver-sync-5.5.1.pom (1.7 kB at 7.9 kB/s)
Downloading from aliyun: https://maven.aliyun.com/repository/public/org/mongodb/bson/5.5.1/bson-5.5.1.pom
Progress (1): 1.3 kB                    Downloaded from aliyun: https://maven.aliyun.com/repository/public/org/mongodb/bson/5.5.1/bson-5.5.1.pom (1.3 kB at 3.1 kB/s)
Downloading from aliyun: https://maven.aliyun.com/repository/public/org/mongodb/mongodb-driver-core/5.5.1/mongodb-driver-core-5.5.1.pom
Progress (1): 4.7 kB                    Downloaded from aliyun: https://maven.aliyun.com/repository/public/org/mongodb/mongodb-driver-core/5.5.1/mongodb-driver-core-5.5.1.pom (4.7 kB at 27 kB/s)
Downloading from aliyun: https://maven.aliyun.com/repository/public/io/netty/netty-bom/4.1.87.Final/netty-bom-4.1.87.Final.pom
Progress (1): 7.3/13 kBProgress (1): 13 kB                       Downloaded from aliyun: https://maven.aliyun.com/repository/public/io/netty/netty-bom/4.1.87.Final/netty-bom-4.1.87.Final.pom (13 kB at 78 kB/s)
Downloading from aliyun: https://maven.aliyun.com/repository/public/org/mongodb/bson-record-codec/5.5.1/bson-record-codec-5.5.1.pom
Progress (1): 1.5 kB                    Downloaded from aliyun: https://maven.aliyun.com/repository/public/org/mongodb/bson-record-codec/5.5.1/bson-record-codec-5.5.1.pom (1.5 kB at 4.6 kB/s)
Downloading from aliyun: https://maven.aliyun.com/repository/public/org/apache/calcite/calcite-mongodb/1.36.0/calcite-mongodb-1.36.0.pom
Progress (1): 3.0 kB                    Downloaded from aliyun: https://maven.aliyun.com/repository/public/org/apache/calcite/calcite-mongodb/1.36.0/calcite-mongodb-1.36.0.pom (3.0 kB at 13 kB/s)
Downloading from aliyun: https://maven.aliyun.com/repository/public/org/apache/calcite/calcite-core/1.36.0/calcite-core-1.36.0.pom
Progress (1): 8.8 kB                    Downloaded from aliyun: https://maven.aliyun.com/repository/public/org/apache/calcite/calcite-core/1.36.0/calcite-core-1.36.0.pom (8.8 kB at 34 kB/s)
Downloading from aliyun: https://maven.aliyun.com/repository/public/org/apache/calcite/calcite-linq4j/1.36.0/calcite-linq4j-1.36.0.pom
Progress (1): 2.7 kB                    Downloaded from aliyun: https://maven.aliyun.com/repository/public/org/apache/calcite/calcite-linq4j/1.36.0/calcite-linq4j-1.36.0.pom (2.7 kB at 13 kB/s)
Downloading from aliyun: https://maven.aliyun.com/repository/public/org/apache/calcite/avatica/avatica-core/1.23.0/avatica-core-1.23.0.pom
Progress (1): 3.1 kB                    Downloaded from aliyun: https://maven.aliyun.com/repository/public/org/apache/calcite/avatica/avatica-core/1.23.0/avatica-core-1.23.0.pom (3.1 kB at 51 kB/s)
Downloading from aliyun: https://maven.aliyun.com/repository/public/org/apache/calcite/avatica/avatica-metrics/1.23.0/avatica-metrics-1.23.0.pom
Progress (1): 1.9 kB                    Downloaded from aliyun: https://maven.aliyun.com/repository/public/org/apache/calcite/avatica/avatica-metrics/1.23.0/avatica-metrics-1.23.0.pom (1.9 kB at 24 kB/s)
Downloading from aliyun: https://maven.aliyun.com/repository/public/org/locationtech/jts/jts-core/1.19.0/jts-core-1.19.0.pom
Progress (1): 2.5 kB                    Downloaded from aliyun: https://maven.aliyun.com/repository/public/org/locationtech/jts/jts-core/1.19.0/jts-core-1.19.0.pom (2.5 kB at 37 kB/s)
Downloading from aliyun: https://maven.aliyun.com/repository/public/org/locationtech/jts/jts-modules/1.19.0/jts-modules-1.19.0.pom
Progress (1): 1.3 kB                    Downloaded from aliyun: https://maven.aliyun.com/repository/public/org/locationtech/jts/jts-modules/1.19.0/jts-modules-1.19.0.pom (1.3 kB at 19 kB/s)
Downloading from aliyun: https://maven.aliyun.com/repository/public/org/locationtech/jts/jts/1.19.0/jts-1.19.0.pom
Progress (1): 6.3/20 kBProgress (1): 20 kB                       Downloaded from aliyun: https://maven.aliyun.com/repository/public/org/locationtech/jts/jts/1.19.0/jts-1.19.0.pom (20 kB at 336 kB/s)
Downloading from aliyun: https://maven.aliyun.com/repository/public/org/locationtech/jts/io/jts-io-common/1.19.0/jts-io-common-1.19.0.pom
Progress (1): 2.0 kB                    Downloaded from aliyun: https://maven.aliyun.com/repository/public/org/locationtech/jts/io/jts-io-common/1.19.0/jts-io-common-1.19.0.pom (2.0 kB at 30 kB/s)
Downloading from aliyun: https://maven.aliyun.com/repository/public/org/locationtech/jts/jts-io/1.19.0/jts-io-1.19.0.pom
Progress (1): 1.3 kB                    Downloaded from aliyun: https://maven.aliyun.com/repository/public/org/locationtech/jts/jts-io/1.19.0/jts-io-1.19.0.pom (1.3 kB at 20 kB/s)
Downloading from aliyun: https://maven.aliyun.com/repository/public/com/googlecode/json-simple/json-simple/1.1.1/json-simple-1.1.1.pom
Progress (1): 3.5 kB                    Downloaded from aliyun: https://maven.aliyun.com/repository/public/com/googlecode/json-simple/json-simple/1.1.1/json-simple-1.1.1.pom (3.5 kB at 16 kB/s)
Downloading from aliyun: https://maven.aliyun.com/repository/public/org/locationtech/proj4j/proj4j/1.2.2/proj4j-1.2.2.pom
Progress (1): 4.8/8.4 kBProgress (1): 8.4 kB                        Downloaded from aliyun: https://maven.aliyun.com/repository/public/org/locationtech/proj4j/proj4j/1.2.2/proj4j-1.2.2.pom (8.4 kB at 65 kB/s)
Downloading from aliyun: https://maven.aliyun.com/repository/public/com/google/uzaygezen/uzaygezen-core/0.2/uzaygezen-core-0.2.pom
Progress (1): 1.9/2.0 kBProgress (1): 2.0 kB                        Downloaded from aliyun: https://maven.aliyun.com/repository/public/com/google/uzaygezen/uzaygezen-core/0.2/uzaygezen-core-0.2.pom (2.0 kB at 33 kB/s)
Downloading from aliyun: https://maven.aliyun.com/repository/public/com/google/uzaygezen/uzaygezen/0.2/uzaygezen-0.2.pom
Progress (1): 2.0 kB                    Downloaded from aliyun: https://maven.aliyun.com/repository/public/com/google/uzaygezen/uzaygezen/0.2/uzaygezen-0.2.pom (2.0 kB at 27 kB/s)
Downloading from aliyun: https://maven.aliyun.com/repository/public/com/yahoo/datasketches/sketches-core/0.9.0/sketches-core-0.9.0.pom
Progress (1): 1.9/2.2 kBProgress (1): 2.2 kB                        Downloaded from aliyun: https://maven.aliyun.com/repository/public/com/yahoo/datasketches/sketches-core/0.9.0/sketches-core-0.9.0.pom (2.2 kB at 23 kB/s)
Downloading from aliyun: https://maven.aliyun.com/repository/public/com/yahoo/datasketches/sketches/0.9.0/sketches-0.9.0.pom
Progress (1): 7.3/17 kBProgress (1): 7.8/17 kBProgress (1): 17 kB                       Downloaded from aliyun: https://maven.aliyun.com/repository/public/com/yahoo/datasketches/sketches/0.9.0/sketches-0.9.0.pom (17 kB at 167 kB/s)
Downloading from aliyun: https://maven.aliyun.com/repository/public/com/yahoo/datasketches/memory/0.9.0/memory-0.9.0.pom
Progress (1): 807 B                   Downloaded from aliyun: https://maven.aliyun.com/repository/public/com/yahoo/datasketches/memory/0.9.0/memory-0.9.0.pom (807 B at 9.7 kB/s)
Downloading from aliyun: https://maven.aliyun.com/repository/public/net/hydromatic/aggdesigner-algorithm/6.0/aggdesigner-algorithm-6.0.pom
Progress (1): 1.5 kB                    Downloaded from aliyun: https://maven.aliyun.com/repository/public/net/hydromatic/aggdesigner-algorithm/6.0/aggdesigner-algorithm-6.0.pom (1.5 kB at 24 kB/s)
Downloading from aliyun: https://maven.aliyun.com/repository/public/net/hydromatic/aggdesigner/6.0/aggdesigner-6.0.pom
Progress (1): 7.3/11 kBProgress (1): 11 kB                       Downloaded from aliyun: https://maven.aliyun.com/repository/public/net/hydromatic/aggdesigner/6.0/aggdesigner-6.0.pom (11 kB at 139 kB/s)
Downloading from aliyun: https://maven.aliyun.com/repository/public/org/apache/commons/commons-dbcp2/2.13.0/commons-dbcp2-2.13.0.pom
Progress (1): 16/18 kBProgress (1): 18 kB                      Downloaded from aliyun: https://maven.aliyun.com/repository/public/org/apache/commons/commons-dbcp2/2.13.0/commons-dbcp2-2.13.0.pom (18 kB at 204 kB/s)
Downloading from aliyun: https://maven.aliyun.com/repository/public/jakarta/transaction/jakarta.transaction-api/2.0.1/jakarta.transaction-api-2.0.1.pom
Progress (1): 3.4/14 kBProgress (1): 14 kB                       Downloaded from aliyun: https://maven.aliyun.com/repository/public/jakarta/transaction/jakarta.transaction-api/2.0.1/jakarta.transaction-api-2.0.1.pom (14 kB at 177 kB/s)
Downloading from aliyun: https://maven.aliyun.com/repository/public/org/apache/commons/commons-text/1.10.0/commons-text-1.10.0.pom
Progress (1): 3.4/21 kBProgress (1): 20/21 kB Progress (1): 21 kB                      Downloaded from aliyun: https://maven.aliyun.com/repository/public/org/apache/commons/commons-text/1.10.0/commons-text-1.10.0.pom (21 kB at 347 kB/s)
Downloading from aliyun: https://maven.aliyun.com/repository/public/org/apache/commons/commons-parent/54/commons-parent-54.pom
Progress (1): 7.3/82 kBProgress (1): 9.2/82 kBProgress (1): 26/82 kB Progress (1): 42/82 kBProgress (1): 58/82 kBProgress (1): 66/82 kBProgress (1): 72/82 kBProgress (1): 81/82 kBProgress (1): 82 kB                      Downloaded from aliyun: https://maven.aliyun.com/repository/public/org/apache/commons/commons-parent/54/commons-parent-54.pom (82 kB at 1.2 MB/s)
Downloading from aliyun: https://maven.aliyun.com/repository/public/org/codehaus/janino/commons-compiler/3.1.12/commons-compiler-3.1.12.pom
Progress (1): 2.1 kB                    Downloaded from aliyun: https://maven.aliyun.com/repository/public/org/codehaus/janino/commons-compiler/3.1.12/commons-compiler-3.1.12.pom (2.1 kB at 19 kB/s)
Downloading from aliyun: https://maven.aliyun.com/repository/public/org/codehaus/janino/janino-parent/3.1.12/janino-parent-3.1.12.pom
Progress (1): 7.3/7.5 kBProgress (1): 7.5 kB                        Downloaded from aliyun: https://maven.aliyun.com/repository/public/org/codehaus/janino/janino-parent/3.1.12/janino-parent-3.1.12.pom (7.5 kB at 111 kB/s)
Downloading from aliyun: https://maven.aliyun.com/repository/public/org/codehaus/janino/janino/3.1.12/janino-3.1.12.pom
Progress (1): 3.3 kB                    Downloaded from aliyun: https://maven.aliyun.com/repository/public/org/codehaus/janino/janino/3.1.12/janino-3.1.12.pom (3.3 kB at 36 kB/s)
Downloading from aliyun: https://maven.aliyun.com/repository/public/org/apache/calcite/calcite-csv/1.36.0/calcite-csv-1.36.0.pom
Progress (1): 3.7 kB                    Downloaded from aliyun: https://maven.aliyun.com/repository/public/org/apache/calcite/calcite-csv/1.36.0/calcite-csv-1.36.0.pom (3.7 kB at 17 kB/s)
Downloading from aliyun: https://maven.aliyun.com/repository/public/com/google/protobuf/protobuf-java/3.21.9/protobuf-java-3.21.9.pom
Progress (1): 3.4/5.4 kBProgress (1): 5.4 kB                        Downloaded from aliyun: https://maven.aliyun.com/repository/public/com/google/protobuf/protobuf-java/3.21.9/protobuf-java-3.21.9.pom (5.4 kB at 93 kB/s)
Downloading from aliyun: https://maven.aliyun.com/repository/public/com/google/protobuf/protobuf-parent/3.21.9/protobuf-parent-3.21.9.pom
Progress (1): 7.3/9.0 kBProgress (1): 9.0 kB                        Downloaded from aliyun: https://maven.aliyun.com/repository/public/com/google/protobuf/protobuf-parent/3.21.9/protobuf-parent-3.21.9.pom (9.0 kB at 134 kB/s)
Downloading from aliyun: https://maven.aliyun.com/repository/public/com/google/protobuf/protobuf-bom/3.21.9/protobuf-bom-3.21.9.pom
Progress (1): 3.4/3.5 kBProgress (1): 3.5 kB                        Downloaded from aliyun: https://maven.aliyun.com/repository/public/com/google/protobuf/protobuf-bom/3.21.9/protobuf-bom-3.21.9.pom (3.5 kB at 64 kB/s)
Downloading from aliyun: https://maven.aliyun.com/repository/public/org/apache/calcite/calcite-file/1.36.0/calcite-file-1.36.0.pom
Progress (1): 5.3 kB                    Downloaded from aliyun: https://maven.aliyun.com/repository/public/org/apache/calcite/calcite-file/1.36.0/calcite-file-1.36.0.pom (5.3 kB at 23 kB/s)
Downloading from aliyun: https://maven.aliyun.com/repository/public/com/joestelmach/natty/0.13/natty-0.13.pom
Progress (1): 7.3/8.1 kBProgress (1): 8.1 kB                        Downloaded from aliyun: https://maven.aliyun.com/repository/public/com/joestelmach/natty/0.13/natty-0.13.pom (8.1 kB at 36 kB/s)
Downloading from aliyun: https://maven.aliyun.com/repository/public/org/antlr/antlr-runtime/3.5.2/antlr-runtime-3.5.2.pom
Progress (1): 2.2 kB                    Downloaded from aliyun: https://maven.aliyun.com/repository/public/org/antlr/antlr-runtime/3.5.2/antlr-runtime-3.5.2.pom (2.2 kB at 24 kB/s)
Downloading from aliyun: https://maven.aliyun.com/repository/public/org/antlr/antlr-master/3.5.2/antlr-master-3.5.2.pom
Progress (1): 7.3/12 kBProgress (1): 12 kB                       Downloaded from aliyun: https://maven.aliyun.com/repository/public/org/antlr/antlr-master/3.5.2/antlr-master-3.5.2.pom (12 kB at 131 kB/s)
Downloading from aliyun: https://maven.aliyun.com/repository/public/org/mnode/ical4j/ical4j/1.0.2/ical4j-1.0.2.pom
Progress (1): 6.3/11 kBProgress (1): 11 kB                       Downloaded from aliyun: https://maven.aliyun.com/repository/public/org/mnode/ical4j/ical4j/1.0.2/ical4j-1.0.2.pom (11 kB at 37 kB/s)
Downloading from aliyun: https://maven.aliyun.com/repository/public/org/mnode/mnode-parent/1.2/mnode-parent-1.2.pom
Progress (1): 6.7 kB                    Downloaded from aliyun: https://maven.aliyun.com/repository/public/org/mnode/mnode-parent/1.2/mnode-parent-1.2.pom (6.7 kB at 29 kB/s)
Downloading from aliyun: https://maven.aliyun.com/repository/public/backport-util-concurrent/backport-util-concurrent/3.1/backport-util-concurrent-3.1.pom
Progress (1): 880 B                   Downloaded from aliyun: https://maven.aliyun.com/repository/public/backport-util-concurrent/backport-util-concurrent/3.1/backport-util-concurrent-3.1.pom (880 B at 15 kB/s)
Downloading from aliyun: https://maven.aliyun.com/repository/public/net/sf/opencsv/opencsv/2.3/opencsv-2.3.pom
Progress (1): 1.9/5.4 kBProgress (1): 5.4 kB                        Downloaded from aliyun: https://maven.aliyun.com/repository/public/net/sf/opencsv/opencsv/2.3/opencsv-2.3.pom (5.4 kB at 31 kB/s)
Downloading from aliyun: https://maven.aliyun.com/repository/public/org/jsoup/jsoup/1.11.3/jsoup-1.11.3.pom
Progress (1): 3.4/8.3 kBProgress (1): 8.3 kB                        Downloaded from aliyun: https://maven.aliyun.com/repository/public/org/jsoup/jsoup/1.11.3/jsoup-1.11.3.pom (8.3 kB at 39 kB/s)
Downloading from aliyun: https://maven.aliyun.com/repository/public/org/elasticsearch/client/elasticsearch-rest-client/8.18.5/elasticsearch-rest-client-8.18.5.pom
Progress (1): 3.4 kB                    Downloaded from aliyun: https://maven.aliyun.com/repository/public/org/elasticsearch/client/elasticsearch-rest-client/8.18.5/elasticsearch-rest-client-8.18.5.pom (3.4 kB at 16 kB/s)
Downloading from aliyun: https://maven.aliyun.com/repository/public/org/apache/httpcomponents/httpclient/4.5.14/httpclient-4.5.14.pom
Progress (1): 6.6 kB                    Downloaded from aliyun: https://maven.aliyun.com/repository/public/org/apache/httpcomponents/httpclient/4.5.14/httpclient-4.5.14.pom (6.6 kB at 105 kB/s)
Downloading from aliyun: https://maven.aliyun.com/repository/public/org/apache/httpcomponents/httpcomponents-client/4.5.14/httpcomponents-client-4.5.14.pom
Progress (1): 0.5/15 kBProgress (1): 15 kB                       Downloaded from aliyun: https://maven.aliyun.com/repository/public/org/apache/httpcomponents/httpcomponents-client/4.5.14/httpcomponents-client-4.5.14.pom (15 kB at 259 kB/s)
Downloading from aliyun: https://maven.aliyun.com/repository/public/org/apache/httpcomponents/httpasyncclient/4.1.5/httpasyncclient-4.1.5.pom
Progress (1): 5.9 kB                    Downloaded from aliyun: https://maven.aliyun.com/repository/public/org/apache/httpcomponents/httpasyncclient/4.1.5/httpasyncclient-4.1.5.pom (5.9 kB at 102 kB/s)
Downloading from aliyun: https://maven.aliyun.com/repository/public/org/apache/httpcomponents/httpcomponents-asyncclient/4.1.5/httpcomponents-asyncclient-4.1.5.pom
Progress (1): 7.3/10 kBProgress (1): 10 kB                       Downloaded from aliyun: https://maven.aliyun.com/repository/public/org/apache/httpcomponents/httpcomponents-asyncclient/4.1.5/httpcomponents-asyncclient-4.1.5.pom (10 kB at 168 kB/s)
Downloading from aliyun: https://maven.aliyun.com/repository/public/org/apache/httpcomponents/httpcore-nio/4.4.16/httpcore-nio-4.4.16.pom
Progress (1): 5.5 kB                    Downloaded from aliyun: https://maven.aliyun.com/repository/public/org/apache/httpcomponents/httpcore-nio/4.4.16/httpcore-nio-4.4.16.pom (5.5 kB at 92 kB/s)
Downloading from aliyun: https://maven.aliyun.com/repository/public/org/jeecgframework/jimureport/jimureport-echarts-starter/2.1.1/jimureport-echarts-starter-2.1.1.pom
Progress (1): 1.4 kB                    Downloaded from aliyun: https://maven.aliyun.com/repository/public/org/jeecgframework/jimureport/jimureport-echarts-starter/2.1.1/jimureport-echarts-starter-2.1.1.pom (1.4 kB at 3.3 kB/s)
Downloading from aliyun: https://maven.aliyun.com/repository/public/com/github/weisj/jsvg/1.7.0/jsvg-1.7.0.pom
Progress (1): 1.2 kB                    Downloaded from aliyun: https://maven.aliyun.com/repository/public/com/github/weisj/jsvg/1.7.0/jsvg-1.7.0.pom (1.2 kB at 5.6 kB/s)
Downloading from aliyun: https://maven.aliyun.com/repository/public/org/jeecgframework/jimureport/jimubi-spring-boot3-starter/2.1.4/jimubi-spring-boot3-starter-2.1.4.pom
Progress (1): 3.6 kB                    Downloaded from aliyun: https://maven.aliyun.com/repository/public/org/jeecgframework/jimureport/jimubi-spring-boot3-starter/2.1.4/jimubi-spring-boot3-starter-2.1.4.pom (3.6 kB at 9.5 kB/s)
Downloading from aliyun: https://maven.aliyun.com/repository/public/com/sun/mail/javax.mail/1.6.2/javax.mail-1.6.2.pom
Progress (1): 1.9/7.0 kBProgress (1): 7.0 kB                        Downloaded from aliyun: https://maven.aliyun.com/repository/public/com/sun/mail/javax.mail/1.6.2/javax.mail-1.6.2.pom (7.0 kB at 134 kB/s)
Downloading from aliyun: https://maven.aliyun.com/repository/public/com/sun/mail/all/1.6.2/all-1.6.2.pom
Progress (1): 7.3/23 kBProgress (1): 16/23 kB Progress (1): 23 kB                      Downloaded from aliyun: https://maven.aliyun.com/repository/public/com/sun/mail/all/1.6.2/all-1.6.2.pom (23 kB at 495 kB/s)
Downloading from aliyun: https://maven.aliyun.com/repository/public/javax/activation/activation/1.1/activation-1.1.pom
Progress (1): 1.1 kB                    Downloaded from aliyun: https://maven.aliyun.com/repository/public/javax/activation/activation/1.1/activation-1.1.pom (1.1 kB at 24 kB/s)
Downloading from aliyun: https://maven.aliyun.com/repository/public/javax/mail/javax.mail-api/1.5.5/javax.mail-api-1.5.5.pom
Progress (1): 4.7 kB                    Downloaded from aliyun: https://maven.aliyun.com/repository/public/javax/mail/javax.mail-api/1.5.5/javax.mail-api-1.5.5.pom (4.7 kB at 23 kB/s)
Downloading from aliyun: https://maven.aliyun.com/repository/public/com/sun/mail/all/1.5.5/all-1.5.5.pom
Progress (1): 15/20 kBProgress (1): 20 kB                      Downloaded from aliyun: https://maven.aliyun.com/repository/public/com/sun/mail/all/1.5.5/all-1.5.5.pom (20 kB at 100 kB/s)
Downloading from aliyun: https://maven.aliyun.com/repository/public/javax/mail/mail/1.4.7/mail-1.4.7.pom
Progress (1): 3.4/5.3 kBProgress (1): 5.3 kB                        Downloaded from aliyun: https://maven.aliyun.com/repository/public/javax/mail/mail/1.4.7/mail-1.4.7.pom (5.3 kB at 30 kB/s)
Downloading from aliyun: https://maven.aliyun.com/repository/public/com/sun/mail/all/1.4.7/all-1.4.7.pom
Progress (1): 4.4/20 kBProgress (1): 20 kB                       Downloaded from aliyun: https://maven.aliyun.com/repository/public/com/sun/mail/all/1.4.7/all-1.4.7.pom (20 kB at 101 kB/s)
Downloading from aliyun: https://maven.aliyun.com/repository/public/com/github/wxpay/wxpay-sdk/0.0.3/wxpay-sdk-0.0.3.pom
Progress (1): 4.1 kB                    Downloaded from aliyun: https://maven.aliyun.com/repository/public/com/github/wxpay/wxpay-sdk/0.0.3/wxpay-sdk-0.0.3.pom (4.1 kB at 14 kB/s)
Downloading from aliyun: https://maven.aliyun.com/repository/public/com/aliyun/aliyun-java-sdk-core/4.6.3/aliyun-java-sdk-core-4.6.3.pom
Progress (1): 8.7 kB                    Downloaded from aliyun: https://maven.aliyun.com/repository/public/com/aliyun/aliyun-java-sdk-core/4.6.3/aliyun-java-sdk-core-4.6.3.pom (8.7 kB at 47 kB/s)
Downloading from aliyun: https://maven.aliyun.com/repository/public/org/bouncycastle/bcprov-jdk15on/1.70/bcprov-jdk15on-1.70.pom
Progress (1): 1.1 kB                    Downloaded from aliyun: https://maven.aliyun.com/repository/public/org/bouncycastle/bcprov-jdk15on/1.70/bcprov-jdk15on-1.70.pom (1.1 kB at 19 kB/s)
Downloading from aliyun: https://maven.aliyun.com/repository/public/org/jacoco/org.jacoco.agent/0.8.8/org.jacoco.agent-0.8.8.pom
Progress (1): 3.5 kB                    Downloaded from aliyun: https://maven.aliyun.com/repository/public/org/jacoco/org.jacoco.agent/0.8.8/org.jacoco.agent-0.8.8.pom (3.5 kB at 45 kB/s)
Downloading from aliyun: https://maven.aliyun.com/repository/public/org/jacoco/org.jacoco.build/0.8.8/org.jacoco.build-0.8.8.pom
Progress (1): 3.4/44 kBProgress (1): 20/44 kB Progress (1): 36/44 kBProgress (1): 44 kB                      Downloaded from aliyun: https://maven.aliyun.com/repository/public/org/jacoco/org.jacoco.build/0.8.8/org.jacoco.build-0.8.8.pom (44 kB at 631 kB/s)
Downloading from aliyun: https://maven.aliyun.com/repository/public/com/egzosn/pay-spring-boot-starter/0.0.3/pay-spring-boot-starter-0.0.3.pom
Progress (1): 788 B                   Downloaded from aliyun: https://maven.aliyun.com/repository/public/com/egzosn/pay-spring-boot-starter/0.0.3/pay-spring-boot-starter-0.0.3.pom (788 B at 1.9 kB/s)
Downloading from aliyun: https://maven.aliyun.com/repository/public/com/egzosn/pay-spring-boot-starter-parent/0.0.3/pay-spring-boot-starter-parent-0.0.3.pom
Progress (1): 7.3 kB                    Downloaded from aliyun: https://maven.aliyun.com/repository/public/com/egzosn/pay-spring-boot-starter-parent/0.0.3/pay-spring-boot-starter-parent-0.0.3.pom (7.3 kB at 20 kB/s)
Downloading from aliyun: https://maven.aliyun.com/repository/public/com/egzosn/pay-java-parent/2.12.9/pay-java-parent-2.12.9.pom
Progress (1): 7.1 kB                    Downloaded from aliyun: https://maven.aliyun.com/repository/public/com/egzosn/pay-java-parent/2.12.9/pay-java-parent-2.12.9.pom (7.1 kB at 16 kB/s)
Downloading from aliyun: https://maven.aliyun.com/repository/public/org/springframework/boot/spring-boot-dependencies/1.5.2.RELEASE/spring-boot-dependencies-1.5.2.RELEASE.pom
Progress (1): 7.3/89 kBProgress (1): 9.2/89 kBProgress (1): 26/89 kB Progress (1): 42/89 kBProgress (1): 58/89 kBProgress (1): 75/89 kBProgress (1): 89 kB                      Downloaded from aliyun: https://maven.aliyun.com/repository/public/org/springframework/boot/spring-boot-dependencies/1.5.2.RELEASE/spring-boot-dependencies-1.5.2.RELEASE.pom (89 kB at 470 kB/s)
Downloading from aliyun: https://maven.aliyun.com/repository/public/com/fasterxml/jackson/jackson-bom/2.8.7/jackson-bom-2.8.7.pom
Progress (1): 4.4/10 kBProgress (1): 10 kB                       Downloaded from aliyun: https://maven.aliyun.com/repository/public/com/fasterxml/jackson/jackson-bom/2.8.7/jackson-bom-2.8.7.pom (10 kB at 29 kB/s)
Downloading from aliyun: https://maven.aliyun.com/repository/public/org/springframework/spring-framework-bom/4.3.7.RELEASE/spring-framework-bom-4.3.7.RELEASE.pom
Progress (1): 5.1 kB                    Downloaded from aliyun: https://maven.aliyun.com/repository/public/org/springframework/spring-framework-bom/4.3.7.RELEASE/spring-framework-bom-4.3.7.RELEASE.pom (5.1 kB at 29 kB/s)
Downloading from aliyun: https://maven.aliyun.com/repository/public/org/springframework/data/spring-data-releasetrain/Ingalls-SR1/spring-data-releasetrain-Ingalls-SR1.pom
Progress (1): 3.6/4.6 kBProgress (1): 4.6 kB                        Downloaded from aliyun: https://maven.aliyun.com/repository/public/org/springframework/data/spring-data-releasetrain/Ingalls-SR1/spring-data-releasetrain-Ingalls-SR1.pom (4.6 kB at 14 kB/s)
Downloading from aliyun: https://maven.aliyun.com/repository/public/org/springframework/data/build/spring-data-build/1.9.1.RELEASE/spring-data-build-1.9.1.RELEASE.pom
Progress (1): 5.4 kB                    Downloaded from aliyun: https://maven.aliyun.com/repository/public/org/springframework/data/build/spring-data-build/1.9.1.RELEASE/spring-data-build-1.9.1.RELEASE.pom (5.4 kB at 16 kB/s)
Downloading from aliyun: https://maven.aliyun.com/repository/public/org/springframework/integration/spring-integration-bom/4.3.8.RELEASE/spring-integration-bom-4.3.8.RELEASE.pom
Progress (1): 7.3/8.5 kBProgress (1): 8.5 kB                        Downloaded from aliyun: https://maven.aliyun.com/repository/public/org/springframework/integration/spring-integration-bom/4.3.8.RELEASE/spring-integration-bom-4.3.8.RELEASE.pom (8.5 kB at 47 kB/s)
Downloading from aliyun: https://maven.aliyun.com/repository/public/com/egzosn/pay-spring-boot-autoconfigue/0.0.3/pay-spring-boot-autoconfigue-0.0.3.pom
Progress (1): 760 B                   Downloaded from aliyun: https://maven.aliyun.com/repository/public/com/egzosn/pay-spring-boot-autoconfigue/0.0.3/pay-spring-boot-autoconfigue-0.0.3.pom (760 B at 2.1 kB/s)
Downloading from aliyun: https://maven.aliyun.com/repository/public/com/egzosn/pay-spring-boot/0.0.3/pay-spring-boot-0.0.3.pom
Progress (1): 649 B                   Downloaded from aliyun: https://maven.aliyun.com/repository/public/com/egzosn/pay-spring-boot/0.0.3/pay-spring-boot-0.0.3.pom (649 B at 1.5 kB/s)
Downloading from aliyun: https://maven.aliyun.com/repository/public/com/egzosn/pay-java-common/2.12.9/pay-java-common-2.12.9.pom
Progress (1): 1.3 kB                    Downloaded from aliyun: https://maven.aliyun.com/repository/public/com/egzosn/pay-java-common/2.12.9/pay-java-common-2.12.9.pom (1.3 kB at 3.4 kB/s)
Downloading from aliyun: https://maven.aliyun.com/repository/public/org/apache/httpcomponents/httpmime/4.5.4/httpmime-4.5.4.pom
Progress (1): 1.9/4.6 kBProgress (1): 4.6 kB                        Downloaded from aliyun: https://maven.aliyun.com/repository/public/org/apache/httpcomponents/httpmime/4.5.4/httpmime-4.5.4.pom (4.6 kB at 18 kB/s)
Downloading from aliyun: https://maven.aliyun.com/repository/public/org/apache/httpcomponents/httpcomponents-client/4.5.4/httpcomponents-client-4.5.4.pom
Progress (1): 7.3/15 kBProgress (1): 15/15 kB Progress (1): 15 kB                      Downloaded from aliyun: https://maven.aliyun.com/repository/public/org/apache/httpcomponents/httpcomponents-client/4.5.4/httpcomponents-client-4.5.4.pom (15 kB at 66 kB/s)
Downloading from aliyun: https://maven.aliyun.com/repository/public/org/apache/httpcomponents/httpcomponents-parent/10/httpcomponents-parent-10.pom
Progress (1): 6.3/34 kBProgress (1): 23/34 kB Progress (1): 34 kB                      Downloaded from aliyun: https://maven.aliyun.com/repository/public/org/apache/httpcomponents/httpcomponents-parent/10/httpcomponents-parent-10.pom (34 kB at 623 kB/s)
Downloading from aliyun: https://maven.aliyun.com/repository/public/org/apache/httpcomponents/httpclient/4.5.4/httpclient-4.5.4.pom
Progress (1): 6.2 kB                    Downloaded from aliyun: https://maven.aliyun.com/repository/public/org/apache/httpcomponents/httpclient/4.5.4/httpclient-4.5.4.pom (6.2 kB at 30 kB/s)
Downloading from aliyun: https://maven.aliyun.com/repository/public/com/alibaba/fastjson/1.2.58/fastjson-1.2.58.pom
Progress (1): 6.3/9.7 kBProgress (1): 9.7 kB                        Downloaded from aliyun: https://maven.aliyun.com/repository/public/com/alibaba/fastjson/1.2.58/fastjson-1.2.58.pom (9.7 kB at 46 kB/s)
Downloading from aliyun: https://maven.aliyun.com/repository/public/log4j/log4j/1.2.17/log4j-1.2.17.pom
Progress (1): 7.3/22 kBProgress (1): 12/22 kB Progress (1): 22 kB                      Downloaded from aliyun: https://maven.aliyun.com/repository/public/log4j/log4j/1.2.17/log4j-1.2.17.pom (22 kB at 306 kB/s)
Downloading from aliyun: https://maven.aliyun.com/repository/public/com/egzosn/pay-java-ali/2.12.9/pay-java-ali-2.12.9.pom
Progress (1): 764 B                   Downloaded from aliyun: https://maven.aliyun.com/repository/public/com/egzosn/pay-java-ali/2.12.9/pay-java-ali-2.12.9.pom (764 B at 1.7 kB/s)
Downloading from aliyun: https://maven.aliyun.com/repository/public/com/egzosn/pay-java-wx/2.12.9/pay-java-wx-2.12.9.pom
Progress (1): 769 B                   Downloaded from aliyun: https://maven.aliyun.com/repository/public/com/egzosn/pay-java-wx/2.12.9/pay-java-wx-2.12.9.pom (769 B at 1.4 kB/s)
Downloading from aliyun: https://maven.aliyun.com/repository/public/com/egzosn/pay-java-paypal/2.12.9/pay-java-paypal-2.12.9.pom
Progress (1): 765 B                   Downloaded from aliyun: https://maven.aliyun.com/repository/public/com/egzosn/pay-java-paypal/2.12.9/pay-java-paypal-2.12.9.pom (765 B at 1.7 kB/s)
Downloading from aliyun: https://maven.aliyun.com/repository/public/com/github/binarywang/weixin-java-mp/3.3.0/weixin-java-mp-3.3.0.pom
Progress (1): 2.9 kB                    Downloaded from aliyun: https://maven.aliyun.com/repository/public/com/github/binarywang/weixin-java-mp/3.3.0/weixin-java-mp-3.3.0.pom (2.9 kB at 7.8 kB/s)
Downloading from aliyun: https://maven.aliyun.com/repository/public/com/github/binarywang/wx-java/3.3.0/wx-java-3.3.0.pom
Progress (1): 12 kB                   Downloaded from aliyun: https://maven.aliyun.com/repository/public/com/github/binarywang/wx-java/3.3.0/wx-java-3.3.0.pom (12 kB at 43 kB/s)
Downloading from aliyun: https://maven.aliyun.com/repository/public/com/github/binarywang/weixin-java-common/3.3.0/weixin-java-common-3.3.0.pom
Progress (1): 4.0 kB                    Downloaded from aliyun: https://maven.aliyun.com/repository/public/com/github/binarywang/weixin-java-common/3.3.0/weixin-java-common-3.3.0.pom (4.0 kB at 20 kB/s)
Downloading from aliyun: https://maven.aliyun.com/repository/public/com/thoughtworks/xstream/xstream/1.4.10/xstream-1.4.10.pom
Progress (1): 7.3/15 kBProgress (1): 15 kB                       Downloaded from aliyun: https://maven.aliyun.com/repository/public/com/thoughtworks/xstream/xstream/1.4.10/xstream-1.4.10.pom (15 kB at 85 kB/s)
Downloading from aliyun: https://maven.aliyun.com/repository/public/com/thoughtworks/xstream/xstream-parent/1.4.10/xstream-parent-1.4.10.pom
Progress (1): 7.3/35 kBProgress (1): 9.2/35 kBProgress (1): 26/35 kB Progress (1): 35 kB                      Downloaded from aliyun: https://maven.aliyun.com/repository/public/com/thoughtworks/xstream/xstream-parent/1.4.10/xstream-parent-1.4.10.pom (35 kB at 176 kB/s)
Downloading from aliyun: https://maven.aliyun.com/repository/public/xmlpull/xmlpull/1.1.3.1/xmlpull-1.1.3.1.pom
Progress (1): 386 B                   Downloaded from aliyun: https://maven.aliyun.com/repository/public/xmlpull/xmlpull/1.1.3.1/xmlpull-1.1.3.1.pom (386 B at 8.0 kB/s)
Downloading from aliyun: https://maven.aliyun.com/repository/public/xpp3/xpp3_min/1.1.4c/xpp3_min-1.1.4c.pom
Progress (1): 1.6 kB                    Downloaded from aliyun: https://maven.aliyun.com/repository/public/xpp3/xpp3_min/1.1.4c/xpp3_min-1.1.4c.pom (1.6 kB at 29 kB/s)
Downloading from aliyun: https://maven.aliyun.com/repository/public/org/apache/httpcomponents/httpclient/4.5/httpclient-4.5.pom
Progress (1): 6.4 kB                    Downloaded from aliyun: https://maven.aliyun.com/repository/public/org/apache/httpcomponents/httpclient/4.5/httpclient-4.5.pom (6.4 kB at 32 kB/s)
Downloading from aliyun: https://maven.aliyun.com/repository/public/org/apache/httpcomponents/httpcomponents-client/4.5/httpcomponents-client-4.5.pom
Progress (1): 7.3/16 kBProgress (1): 7.8/16 kBProgress (1): 16 kB                       Downloaded from aliyun: https://maven.aliyun.com/repository/public/org/apache/httpcomponents/httpcomponents-client/4.5/httpcomponents-client-4.5.pom (16 kB at 88 kB/s)
Downloading from aliyun: https://maven.aliyun.com/repository/public/org/apache/httpcomponents/project/7/project-7.pom
Progress (1): 1.9/27 kBProgress (1): 18/27 kB Progress (1): 27 kB                      Downloaded from aliyun: https://maven.aliyun.com/repository/public/org/apache/httpcomponents/project/7/project-7.pom (27 kB at 447 kB/s)
Downloading from aliyun: https://maven.aliyun.com/repository/public/org/apache/httpcomponents/httpmime/4.5/httpmime-4.5.pom
Progress (1): 4.8 kB                    Downloaded from aliyun: https://maven.aliyun.com/repository/public/org/apache/httpcomponents/httpmime/4.5/httpmime-4.5.pom (4.8 kB at 11 kB/s)
Downloading from aliyun: https://maven.aliyun.com/repository/public/org/slf4j/jcl-over-slf4j/2.0.17/jcl-over-slf4j-2.0.17.pom
Progress (1): 1.7 kB                    Downloaded from aliyun: https://maven.aliyun.com/repository/public/org/slf4j/jcl-over-slf4j/2.0.17/jcl-over-slf4j-2.0.17.pom (1.7 kB at 31 kB/s)
Downloading from aliyun: https://maven.aliyun.com/repository/public/com/google/guava/guava/20.0/guava-20.0.pom
Progress (1): 1.9/6.8 kBProgress (1): 6.8 kB                        Downloaded from aliyun: https://maven.aliyun.com/repository/public/com/google/guava/guava/20.0/guava-20.0.pom (6.8 kB at 171 kB/s)
Downloading from aliyun: https://maven.aliyun.com/repository/public/com/google/guava/guava-parent/20.0/guava-parent-20.0.pom
Progress (1): 6.3/9.9 kBProgress (1): 9.9 kB                        Downloaded from aliyun: https://maven.aliyun.com/repository/public/com/google/guava/guava-parent/20.0/guava-parent-20.0.pom (9.9 kB at 180 kB/s)
Downloading from aliyun: https://maven.aliyun.com/repository/public/org/dom4j/dom4j/2.0.0/dom4j-2.0.0.pom
Progress (1): 1.8 kB                    Downloaded from aliyun: https://maven.aliyun.com/repository/public/org/dom4j/dom4j/2.0.0/dom4j-2.0.0.pom (1.8 kB at 8.3 kB/s)
Downloading from aliyun: https://maven.aliyun.com/repository/public/jaxen/jaxen/2.0.0/jaxen-2.0.0.pom
Progress (1): 1.7 kB                    Downloaded from aliyun: https://maven.aliyun.com/repository/public/jaxen/jaxen/2.0.0/jaxen-2.0.0.pom (1.7 kB at 20 kB/s)
Downloading from aliyun: https://maven.aliyun.com/repository/public/jaxen/jaxen-parent/2.0.0/jaxen-parent-2.0.0.pom
Progress (1): 15 kB                   Downloaded from aliyun: https://maven.aliyun.com/repository/public/jaxen/jaxen-parent/2.0.0/jaxen-parent-2.0.0.pom (15 kB at 80 kB/s)
Downloading from aliyun: https://maven.aliyun.com/repository/public/org/hibernate/hibernate-core/5.6.7.Final/hibernate-core-5.6.7.Final.jar
Progress (1): 0/7.5 MBProgress (1): 0/7.5 MBProgress (1): 0/7.5 MBProgress (1): 0.1/7.5 MBProgress (1): 0.1/7.5 MBProgress (1): 0.1/7.5 MBProgress (1): 0.1/7.5 MBProgress (1): 0.1/7.5 MBProgress (1): 0.1/7.5 MBProgress (1): 0.2/7.5 MBProgress (1): 0.2/7.5 MBProgress (1): 0.2/7.5 MBProgress (1): 0.2/7.5 MBProgress (1): 0.2/7.5 MBProgress (1): 0.2/7.5 MBProgress (1): 0.2/7.5 MBProgress (1): 0.3/7.5 MBProgress (1): 0.3/7.5 MBProgress (1): 0.3/7.5 MBProgress (1): 0.3/7.5 MBProgress (1): 0.3/7.5 MBProgress (1): 0.3/7.5 MBProgress (1): 0.4/7.5 MBProgress (1): 0.4/7.5 MBProgress (1): 0.4/7.5 MBProgress (1): 0.4/7.5 MBProgress (1): 0.4/7.5 MBProgress (1): 0.4/7.5 MBProgress (1): 0.5/7.5 MBProgress (1): 0.5/7.5 MBProgress (1): 0.5/7.5 MBProgress (1): 0.5/7.5 MBProgress (1): 0.5/7.5 MBProgress (1): 0.5/7.5 MBProgress (1): 0.5/7.5 MBProgress (1): 0.6/7.5 MBProgress (1): 0.6/7.5 MBProgress (1): 0.6/7.5 MBProgress (1): 0.6/7.5 MBProgress (1): 0.6/7.5 MBProgress (1): 0.6/7.5 MBProgress (1): 0.7/7.5 MBProgress (1): 0.7/7.5 MBProgress (1): 0.7/7.5 MBProgress (1): 0.7/7.5 MBProgress (1): 0.7/7.5 MBProgress (1): 0.7/7.5 MBProgress (1): 0.8/7.5 MBProgress (1): 0.8/7.5 MBProgress (1): 0.8/7.5 MBProgress (1): 0.8/7.5 MBProgress (1): 0.8/7.5 MBProgress (1): 0.8/7.5 MBProgress (1): 0.9/7.5 MBProgress (1): 0.9/7.5 MBProgress (1): 0.9/7.5 MBProgress (1): 0.9/7.5 MBProgress (1): 0.9/7.5 MBProgress (1): 0.9/7.5 MBProgress (1): 1.0/7.5 MBProgress (1): 1.0/7.5 MBProgress (1): 1.0/7.5 MBProgress (1): 1.0/7.5 MBProgress (1): 1.0/7.5 MBProgress (1): 1.0/7.5 MBProgress (1): 1.0/7.5 MBProgress (1): 1.1/7.5 MBProgress (1): 1.1/7.5 MBProgress (1): 1.1/7.5 MBProgress (1): 1.1/7.5 MBProgress (1): 1.1/7.5 MBProgress (1): 1.1/7.5 MBProgress (1): 1.2/7.5 MBProgress (1): 1.2/7.5 MBProgress (1): 1.2/7.5 MBProgress (1): 1.2/7.5 MBProgress (1): 1.2/7.5 MBProgress (1): 1.2/7.5 MBProgress (1): 1.3/7.5 MBProgress (1): 1.3/7.5 MBProgress (1): 1.3/7.5 MBProgress (1): 1.3/7.5 MBProgress (1): 1.3/7.5 MBProgress (1): 1.3/7.5 MBProgress (1): 1.4/7.5 MBProgress (1): 1.4/7.5 MBProgress (1): 1.4/7.5 MBProgress (1): 1.4/7.5 MBProgress (1): 1.4/7.5 MBProgress (1): 1.4/7.5 MBProgress (1): 1.5/7.5 MBProgress (1): 1.5/7.5 MBProgress (1): 1.5/7.5 MBProgress (1): 1.5/7.5 MBProgress (1): 1.5/7.5 MBProgress (1): 1.5/7.5 MBProgress (1): 1.6/7.5 MBProgress (1): 1.6/7.5 MBProgress (1): 1.6/7.5 MBProgress (1): 1.6/7.5 MBProgress (1): 1.6/7.5 MBProgress (1): 1.6/7.5 MBProgress (1): 1.7/7.5 MBProgress (1): 1.7/7.5 MBProgress (1): 1.7/7.5 MBProgress (1): 1.7/7.5 MBProgress (1): 1.7/7.5 MBProgress (1): 1.7/7.5 MBProgress (1): 1.8/7.5 MBProgress (1): 1.8/7.5 MBProgress (1): 1.8/7.5 MBProgress (1): 1.8/7.5 MBProgress (1): 1.8/7.5 MBProgress (1): 1.8/7.5 MBProgress (1): 1.9/7.5 MBProgress (1): 1.9/7.5 MBProgress (1): 1.9/7.5 MBProgress (1): 1.9/7.5 MBProgress (1): 1.9/7.5 MBProgress (1): 1.9/7.5 MBProgress (1): 1.9/7.5 MBProgress (1): 2.0/7.5 MBProgress (1): 2.0/7.5 MBProgress (1): 2.0/7.5 MBProgress (1): 2.0/7.5 MBProgress (1): 2.0/7.5 MBProgress (1): 2.0/7.5 MBProgress (1): 2.1/7.5 MBProgress (1): 2.1/7.5 MBProgress (1): 2.1/7.5 MBProgress (1): 2.1/7.5 MBProgress (1): 2.1/7.5 MBProgress (1): 2.1/7.5 MBProgress (1): 2.2/7.5 MBProgress (1): 2.2/7.5 MBProgress (1): 2.2/7.5 MBProgress (1): 2.2/7.5 MBProgress (1): 2.2/7.5 MBProgress (1): 2.2/7.5 MBProgress (1): 2.3/7.5 MBProgress (1): 2.3/7.5 MBProgress (1): 2.3/7.5 MBProgress (1): 2.3/7.5 MBProgress (1): 2.3/7.5 MBProgress (1): 2.3/7.5 MBProgress (1): 2.4/7.5 MBProgress (1): 2.4/7.5 MBProgress (1): 2.4/7.5 MBProgress (1): 2.4/7.5 MBProgress (1): 2.4/7.5 MBProgress (1): 2.4/7.5 MBProgress (1): 2.5/7.5 MBProgress (1): 2.5/7.5 MBProgress (1): 2.5/7.5 MBProgress (1): 2.5/7.5 MBProgress (1): 2.5/7.5 MBProgress (1): 2.5/7.5 MBProgress (1): 2.6/7.5 MBProgress (1): 2.6/7.5 MBProgress (1): 2.6/7.5 MBProgress (1): 2.6/7.5 MBProgress (1): 2.6/7.5 MBProgress (1): 2.6/7.5 MBProgress (1): 2.7/7.5 MBProgress (1): 2.7/7.5 MBProgress (1): 2.7/7.5 MBProgress (1): 2.7/7.5 MBProgress (1): 2.7/7.5 MBProgress (1): 2.7/7.5 MBProgress (1): 2.8/7.5 MBProgress (1): 2.8/7.5 MBProgress (1): 2.8/7.5 MBProgress (1): 2.8/7.5 MBProgress (1): 2.8/7.5 MBProgress (1): 2.8/7.5 MBProgress (1): 2.9/7.5 MBProgress (1): 2.9/7.5 MBProgress (1): 2.9/7.5 MBProgress (1): 2.9/7.5 MBProgress (1): 2.9/7.5 MBProgress (1): 2.9/7.5 MBProgress (1): 2.9/7.5 MBProgress (1): 3.0/7.5 MBProgress (1): 3.0/7.5 MBProgress (1): 3.0/7.5 MBProgress (1): 3.0/7.5 MBProgress (1): 3.0/7.5 MBProgress (1): 3.0/7.5 MBProgress (1): 3.1/7.5 MBProgress (1): 3.1/7.5 MBProgress (1): 3.1/7.5 MBProgress (1): 3.1/7.5 MBProgress (1): 3.1/7.5 MBProgress (1): 3.1/7.5 MBProgress (1): 3.2/7.5 MBProgress (1): 3.2/7.5 MBProgress (1): 3.2/7.5 MBProgress (1): 3.2/7.5 MBProgress (1): 3.2/7.5 MBProgress (1): 3.2/7.5 MBProgress (1): 3.3/7.5 MBProgress (1): 3.3/7.5 MBProgress (1): 3.3/7.5 MBProgress (1): 3.3/7.5 MBProgress (1): 3.3/7.5 MBProgress (1): 3.3/7.5 MBProgress (1): 3.4/7.5 MBProgress (1): 3.4/7.5 MBProgress (1): 3.4/7.5 MBProgress (1): 3.4/7.5 MBProgress (1): 3.4/7.5 MBProgress (1): 3.4/7.5 MBProgress (1): 3.5/7.5 MBProgress (1): 3.5/7.5 MBProgress (1): 3.5/7.5 MBProgress (1): 3.5/7.5 MBProgress (1): 3.5/7.5 MBProgress (1): 3.5/7.5 MBProgress (1): 3.6/7.5 MBProgress (1): 3.6/7.5 MBProgress (1): 3.6/7.5 MBProgress (1): 3.6/7.5 MBProgress (1): 3.6/7.5 MBProgress (1): 3.6/7.5 MBProgress (1): 3.7/7.5 MBProgress (1): 3.7/7.5 MBProgress (1): 3.7/7.5 MBProgress (1): 3.7/7.5 MBProgress (1): 3.7/7.5 MBProgress (1): 3.7/7.5 MBProgress (1): 3.8/7.5 MBProgress (1): 3.8/7.5 MBProgress (1): 3.8/7.5 MBProgress (1): 3.8/7.5 MBProgress (1): 3.8/7.5 MBProgress (1): 3.8/7.5 MBProgress (1): 3.9/7.5 MBProgress (1): 3.9/7.5 MBProgress (1): 3.9/7.5 MBProgress (1): 3.9/7.5 MBProgress (1): 3.9/7.5 MBProgress (1): 3.9/7.5 MBProgress (1): 3.9/7.5 MBProgress (1): 4.0/7.5 MBProgress (1): 4.0/7.5 MBProgress (1): 4.0/7.5 MBProgress (1): 4.0/7.5 MBProgress (1): 4.0/7.5 MBProgress (1): 4.0/7.5 MBProgress (1): 4.1/7.5 MBProgress (1): 4.1/7.5 MBProgress (1): 4.1/7.5 MBProgress (1): 4.1/7.5 MBProgress (1): 4.1/7.5 MBProgress (1): 4.1/7.5 MBProgress (1): 4.2/7.5 MBProgress (1): 4.2/7.5 MBProgress (1): 4.2/7.5 MBProgress (1): 4.2/7.5 MBProgress (1): 4.2/7.5 MBProgress (1): 4.2/7.5 MBProgress (1): 4.3/7.5 MBProgress (1): 4.3/7.5 MBProgress (1): 4.3/7.5 MBProgress (1): 4.3/7.5 MBProgress (1): 4.3/7.5 MBProgress (1): 4.3/7.5 MBProgress (1): 4.4/7.5 MBProgress (1): 4.4/7.5 MBProgress (1): 4.4/7.5 MBProgress (1): 4.4/7.5 MBProgress (1): 4.4/7.5 MBProgress (1): 4.4/7.5 MBProgress (1): 4.5/7.5 MBProgress (1): 4.5/7.5 MBProgress (1): 4.5/7.5 MBProgress (1): 4.5/7.5 MBProgress (1): 4.5/7.5 MBProgress (1): 4.5/7.5 MBProgress (1): 4.6/7.5 MBProgress (1): 4.6/7.5 MBProgress (1): 4.6/7.5 MBProgress (1): 4.6/7.5 MBProgress (1): 4.6/7.5 MBProgress (1): 4.6/7.5 MBProgress (1): 4.7/7.5 MBProgress (1): 4.7/7.5 MBProgress (1): 4.7/7.5 MBProgress (1): 4.7/7.5 MBProgress (1): 4.7/7.5 MBProgress (1): 4.7/7.5 MBProgress (1): 4.8/7.5 MBProgress (1): 4.8/7.5 MBProgress (1): 4.8/7.5 MBProgress (1): 4.8/7.5 MBProgress (1): 4.8/7.5 MBProgress (1): 4.8/7.5 MBProgress (1): 4.8/7.5 MBProgress (1): 4.9/7.5 MBProgress (1): 4.9/7.5 MBProgress (1): 4.9/7.5 MBProgress (1): 4.9/7.5 MBProgress (1): 4.9/7.5 MBProgress (1): 4.9/7.5 MBProgress (1): 5.0/7.5 MBProgress (1): 5.0/7.5 MBProgress (1): 5.0/7.5 MBProgress (1): 5.0/7.5 MBProgress (1): 5.0/7.5 MBProgress (1): 5.0/7.5 MBProgress (1): 5.1/7.5 MBProgress (1): 5.1/7.5 MBProgress (1): 5.1/7.5 MBProgress (1): 5.1/7.5 MBProgress (1): 5.1/7.5 MBProgress (1): 5.1/7.5 MBProgress (1): 5.2/7.5 MBProgress (1): 5.2/7.5 MBProgress (1): 5.2/7.5 MBProgress (1): 5.2/7.5 MBProgress (1): 5.2/7.5 MBProgress (1): 5.2/7.5 MBProgress (1): 5.3/7.5 MBProgress (1): 5.3/7.5 MBProgress (1): 5.3/7.5 MBProgress (1): 5.3/7.5 MBProgress (1): 5.3/7.5 MBProgress (1): 5.3/7.5 MBProgress (1): 5.4/7.5 MBProgress (1): 5.4/7.5 MBProgress (1): 5.4/7.5 MBProgress (1): 5.4/7.5 MBProgress (1): 5.4/7.5 MBProgress (1): 5.4/7.5 MBProgress (1): 5.5/7.5 MBProgress (1): 5.5/7.5 MBProgress (1): 5.5/7.5 MBProgress (1): 5.5/7.5 MBProgress (1): 5.5/7.5 MBProgress (1): 5.5/7.5 MBProgress (1): 5.6/7.5 MBProgress (1): 5.6/7.5 MBProgress (1): 5.6/7.5 MBProgress (1): 5.6/7.5 MBProgress (1): 5.6/7.5 MBProgress (1): 5.6/7.5 MBProgress (1): 5.7/7.5 MBProgress (1): 5.7/7.5 MBProgress (1): 5.7/7.5 MBProgress (1): 5.7/7.5 MBProgress (1): 5.7/7.5 MBProgress (1): 5.7/7.5 MBProgress (1): 5.8/7.5 MBProgress (1): 5.8/7.5 MBProgress (1): 5.8/7.5 MBProgress (1): 5.8/7.5 MBProgress (1): 5.8/7.5 MBProgress (1): 5.8/7.5 MBProgress (1): 5.8/7.5 MBProgress (1): 5.9/7.5 MBProgress (1): 5.9/7.5 MBProgress (1): 5.9/7.5 MBProgress (1): 5.9/7.5 MBProgress (1): 5.9/7.5 MBProgress (1): 5.9/7.5 MBProgress (1): 6.0/7.5 MBProgress (1): 6.0/7.5 MBProgress (1): 6.0/7.5 MBProgress (1): 6.0/7.5 MBProgress (1): 6.0/7.5 MBProgress (1): 6.0/7.5 MBProgress (1): 6.1/7.5 MBProgress (1): 6.1/7.5 MBProgress (1): 6.1/7.5 MBProgress (1): 6.1/7.5 MBProgress (1): 6.1/7.5 MBProgress (1): 6.1/7.5 MBProgress (1): 6.2/7.5 MBProgress (1): 6.2/7.5 MBProgress (1): 6.2/7.5 MBProgress (1): 6.2/7.5 MBProgress (1): 6.2/7.5 MBProgress (1): 6.2/7.5 MBProgress (1): 6.3/7.5 MBProgress (1): 6.3/7.5 MBProgress (1): 6.3/7.5 MBProgress (1): 6.3/7.5 MBProgress (1): 6.3/7.5 MBProgress (1): 6.3/7.5 MBProgress (1): 6.4/7.5 MBProgress (1): 6.4/7.5 MBProgress (1): 6.4/7.5 MBProgress (1): 6.4/7.5 MBProgress (1): 6.4/7.5 MBProgress (1): 6.4/7.5 MBProgress (1): 6.5/7.5 MBProgress (1): 6.5/7.5 MBProgress (1): 6.5/7.5 MBProgress (1): 6.5/7.5 MBProgress (1): 6.5/7.5 MBProgress (1): 6.5/7.5 MBProgress (1): 6.6/7.5 MBProgress (1): 6.6/7.5 MBProgress (1): 6.6/7.5 MBProgress (1): 6.6/7.5 MBProgress (1): 6.6/7.5 MBProgress (1): 6.6/7.5 MBProgress (1): 6.7/7.5 MBProgress (1): 6.7/7.5 MBProgress (1): 6.7/7.5 MBProgress (1): 6.7/7.5 MBProgress (1): 6.7/7.5 MBProgress (1): 6.7/7.5 MBProgress (1): 6.8/7.5 MBProgress (1): 6.8/7.5 MBProgress (1): 6.8/7.5 MBProgress (1): 6.8/7.5 MBProgress (1): 6.8/7.5 MBProgress (1): 6.8/7.5 MBProgress (1): 6.8/7.5 MBProgress (1): 6.9/7.5 MBProgress (1): 6.9/7.5 MBProgress (1): 6.9/7.5 MBProgress (1): 6.9/7.5 MBProgress (1): 6.9/7.5 MBProgress (1): 6.9/7.5 MBProgress (1): 7.0/7.5 MBProgress (1): 7.0/7.5 MBProgress (1): 7.0/7.5 MBProgress (1): 7.0/7.5 MBProgress (1): 7.0/7.5 MBProgress (1): 7.0/7.5 MBProgress (1): 7.1/7.5 MBProgress (1): 7.1/7.5 MBProgress (1): 7.1/7.5 MBProgress (1): 7.1/7.5 MBProgress (1): 7.1/7.5 MBProgress (1): 7.1/7.5 MBProgress (1): 7.2/7.5 MBProgress (1): 7.2/7.5 MBProgress (1): 7.2/7.5 MBProgress (1): 7.2/7.5 MBProgress (1): 7.2/7.5 MBProgress (1): 7.2/7.5 MBProgress (1): 7.3/7.5 MBProgress (1): 7.3/7.5 MBProgress (1): 7.3/7.5 MBProgress (1): 7.3/7.5 MBProgress (1): 7.3/7.5 MBProgress (1): 7.3/7.5 MBProgress (1): 7.4/7.5 MBProgress (1): 7.4/7.5 MBProgress (1): 7.4/7.5 MBProgress (1): 7.4/7.5 MBProgress (1): 7.4/7.5 MBProgress (1): 7.4/7.5 MBProgress (1): 7.5/7.5 MBProgress (1): 7.5/7.5 MBProgress (1): 7.5 MB                        Downloaded from aliyun: https://maven.aliyun.com/repository/public/org/hibernate/hibernate-core/5.6.7.Final/hibernate-core-5.6.7.Final.jar (7.5 MB at 7.4 MB/s)
Downloading from aliyun: https://maven.aliyun.com/repository/public/javax/persistence/javax.persistence-api/2.2/javax.persistence-api-2.2.jar
Downloading from aliyun: https://maven.aliyun.com/repository/public/antlr/antlr/2.7.7/antlr-2.7.7.jar
Downloading from aliyun: https://maven.aliyun.com/repository/public/org/jboss/jandex/2.4.2.Final/jandex-2.4.2.Final.jar
Downloading from aliyun: https://maven.aliyun.com/repository/public/org/jboss/spec/javax/transaction/jboss-transaction-api_1.2_spec/1.1.1.Final/jboss-transaction-api_1.2_spec-1.1.1.Final.jar
Downloading from aliyun: https://maven.aliyun.com/repository/public/org/hibernate/common/hibernate-commons-annotations/5.1.2.Final/hibernate-commons-annotations-5.1.2.Final.jar
Progress (1): 1.9/26 kBProgress (2): 1.9/26 kB | 7.3/165 kBProgress (2): 1.9/26 kB | 12/165 kB Progress (2): 1.9/26 kB | 29/165 kBProgress (2): 1.9/26 kB | 45/165 kBProgress (2): 1.9/26 kB | 61/165 kBProgress (2): 1.9/26 kB | 78/165 kBProgress (2): 1.9/26 kB | 94/165 kBProgress (2): 1.9/26 kB | 110/165 kBProgress (3): 1.9/26 kB | 110/165 kB | 7.3/231 kBProgress (3): 1.9/26 kB | 110/165 kB | 12/231 kB Progress (3): 1.9/26 kB | 127/165 kB | 12/231 kBProgress (3): 1.9/26 kB | 143/165 kB | 12/231 kBProgress (3): 1.9/26 kB | 160/165 kB | 12/231 kBProgress (3): 1.9/26 kB | 165 kB | 12/231 kB    Progress (3): 1.9/26 kB | 165 kB | 29/231 kBProgress (3): 1.9/26 kB | 165 kB | 45/231 kBProgress (4): 1.9/26 kB | 165 kB | 45/231 kB | 7.3/445 kBProgress (4): 1.9/26 kB | 165 kB | 45/231 kB | 12/445 kB Progress (4): 1.9/26 kB | 165 kB | 45/231 kB | 29/445 kBProgress (4): 1.9/26 kB | 165 kB | 45/231 kB | 45/445 kBProgress (4): 1.9/26 kB | 165 kB | 61/231 kB | 45/445 kBProgress (5): 1.9/26 kB | 165 kB | 61/231 kB | 45/445 kB | 3.4/79 kBProgress (5): 18/26 kB | 165 kB | 61/231 kB | 45/445 kB | 3.4/79 kB Progress (5): 26 kB | 165 kB | 61/231 kB | 45/445 kB | 3.4/79 kB   Progress (5): 26 kB | 165 kB | 61/231 kB | 61/445 kB | 3.4/79 kBProgress (5): 26 kB | 165 kB | 78/231 kB | 61/445 kB | 3.4/79 kBProgress (5): 26 kB | 165 kB | 94/231 kB | 61/445 kB | 3.4/79 kBProgress (5): 26 kB | 165 kB | 94/231 kB | 61/445 kB | 20/79 kB Progress (5): 26 kB | 165 kB | 94/231 kB | 78/445 kB | 20/79 kBProgress (5): 26 kB | 165 kB | 110/231 kB | 78/445 kB | 20/79 kBProgress (5): 26 kB | 165 kB | 127/231 kB | 78/445 kB | 20/79 kBProgress (5): 26 kB | 165 kB | 127/231 kB | 94/445 kB | 20/79 kBProgress (5): 26 kB | 165 kB | 143/231 kB | 94/445 kB | 20/79 kBProgress (5): 26 kB | 165 kB | 143/231 kB | 94/445 kB | 36/79 kBProgress (5): 26 kB | 165 kB | 160/231 kB | 94/445 kB | 36/79 kBProgress (5): 26 kB | 165 kB | 160/231 kB | 110/445 kB | 36/79 kBProgress (5): 26 kB | 165 kB | 176/231 kB | 110/445 kB | 36/79 kBProgress (5): 26 kB | 165 kB | 176/231 kB | 110/445 kB | 53/79 kBProgress (5): 26 kB | 165 kB | 176/231 kB | 127/445 kB | 53/79 kB                                                                 Downloaded from aliyun: https://maven.aliyun.com/repository/public/org/jboss/spec/javax/transaction/jboss-transaction-api_1.2_spec/1.1.1.Final/jboss-transaction-api_1.2_spec-1.1.1.Final.jar (26 kB at 337 kB/s)
Downloading from aliyun: https://maven.aliyun.com/repository/public/org/jeecgframework/boot3/hibernate-re/3.8.2.2/hibernate-re-3.8.2.2.jar
Downloaded from aliyun: https://maven.aliyun.com/repository/public/javax/persistence/javax.persistence-api/2.2/javax.persistence-api-2.2.jar (165 kB at 2.1 MB/s)
Downloading from aliyun: https://maven.aliyun.com/repository/public/org/jeecgframework/weixin4j/2.0.4/weixin4j-2.0.4.jar
Progress (3): 176/231 kB | 143/445 kB | 53/79 kBProgress (3): 176/231 kB | 160/445 kB | 53/79 kBProgress (3): 176/231 kB | 176/445 kB | 53/79 kBProgress (3): 176/231 kB | 192/445 kB | 53/79 kBProgress (3): 176/231 kB | 192/445 kB | 69/79 kBProgress (3): 176/231 kB | 209/445 kB | 69/79 kBProgress (3): 176/231 kB | 209/445 kB | 79 kB   Progress (3): 176/231 kB | 225/445 kB | 79 kBProgress (3): 192/231 kB | 225/445 kB | 79 kBProgress (3): 192/231 kB | 242/445 kB | 79 kBProgress (3): 209/231 kB | 242/445 kB | 79 kBProgress (3): 209/231 kB | 258/445 kB | 79 kBProgress (3): 225/231 kB | 258/445 kB | 79 kBProgress (3): 231 kB | 258/445 kB | 79 kB    Progress (3): 231 kB | 274/445 kB | 79 kBProgress (3): 231 kB | 291/445 kB | 79 kBProgress (3): 231 kB | 307/445 kB | 79 kB                                         Downloaded from aliyun: https://maven.aliyun.com/repository/public/org/hibernate/common/hibernate-commons-annotations/5.1.2.Final/hibernate-commons-annotations-5.1.2.Final.jar (79 kB at 681 kB/s)
Downloading from aliyun: https://maven.aliyun.com/repository/public/org/jdom/jdom/1.1/jdom-1.1.jar
Progress (2): 231 kB | 323/445 kBProgress (2): 231 kB | 340/445 kBProgress (2): 231 kB | 356/445 kBProgress (2): 231 kB | 373/445 kBProgress (3): 231 kB | 373/445 kB | 7.2/554 kBProgress (3): 231 kB | 373/445 kB | 7.7/554 kBProgress (3): 231 kB | 389/445 kB | 7.7/554 kBProgress (3): 231 kB | 405/445 kB | 7.7/554 kBProgress (4): 231 kB | 405/445 kB | 7.7/554 kB | 7.3/153 kBProgress (4): 231 kB | 405/445 kB | 7.7/554 kB | 15/153 kB Progress (4): 231 kB | 422/445 kB | 7.7/554 kB | 15/153 kBProgress (4): 231 kB | 422/445 kB | 24/554 kB | 15/153 kB Progress (4): 231 kB | 422/445 kB | 24/554 kB | 32/153 kBProgress (4): 231 kB | 422/445 kB | 40/554 kB | 32/153 kBProgress (4): 231 kB | 422/445 kB | 57/554 kB | 32/153 kBProgress (4): 231 kB | 422/445 kB | 63/554 kB | 32/153 kBProgress (4): 231 kB | 422/445 kB | 66/554 kB | 32/153 kBProgress (4): 231 kB | 422/445 kB | 82/554 kB | 32/153 kBProgress (4): 231 kB | 422/445 kB | 89/554 kB | 32/153 kBProgress (4): 231 kB | 438/445 kB | 89/554 kB | 32/153 kBProgress (4): 231 kB | 445 kB | 89/554 kB | 32/153 kB    Progress (4): 231 kB | 445 kB | 106/554 kB | 32/153 kBProgress (4): 231 kB | 445 kB | 106/554 kB | 48/153 kBProgress (4): 231 kB | 445 kB | 122/554 kB | 48/153 kBProgress (4): 231 kB | 445 kB | 122/554 kB | 65/153 kB                                                      Downloaded from aliyun: https://maven.aliyun.com/repository/public/antlr/antlr/2.7.7/antlr-2.7.7.jar (445 kB at 2.5 MB/s)
Downloading from aliyun: https://maven.aliyun.com/repository/public/com/google/zxing/javase/3.3.1/javase-3.3.1.jar
Progress (3): 231 kB | 122/554 kB | 81/153 kBProgress (3): 231 kB | 122/554 kB | 97/153 kBProgress (3): 231 kB | 127/554 kB | 97/153 kBProgress (3): 231 kB | 130/554 kB | 97/153 kBProgress (3): 231 kB | 142/554 kB | 97/153 kBProgress (3): 231 kB | 158/554 kB | 97/153 kBProgress (3): 231 kB | 158/554 kB | 114/153 kBProgress (3): 231 kB | 175/554 kB | 114/153 kBProgress (3): 231 kB | 175/554 kB | 130/153 kBProgress (3): 231 kB | 191/554 kB | 130/153 kBProgress (3): 231 kB | 192/554 kB | 130/153 kBProgress (3): 231 kB | 196/554 kB | 130/153 kBProgress (3): 231 kB | 196/554 kB | 146/153 kBProgress (3): 231 kB | 196/554 kB | 153 kB    Progress (3): 231 kB | 212/554 kB | 153 kBProgress (3): 231 kB | 221/554 kB | 153 kBProgress (4): 231 kB | 221/554 kB | 153 kB | 4.8/42 kBProgress (4): 231 kB | 221/554 kB | 153 kB | 21/42 kB                                                      Downloaded from aliyun: https://maven.aliyun.com/repository/public/org/jboss/jandex/2.4.2.Final/jandex-2.4.2.Final.jar (231 kB at 1.1 MB/s)
Downloading from aliyun: https://maven.aliyun.com/repository/public/com/beust/jcommander/1.72/jcommander-1.72.jar
Downloaded from aliyun: https://maven.aliyun.com/repository/public/org/jdom/jdom/1.1/jdom-1.1.jar (153 kB at 699 kB/s)
Downloading from aliyun: https://maven.aliyun.com/repository/public/com/github/jai-imageio/jai-imageio-core/1.3.1/jai-imageio-core-1.3.1.jar
Progress (2): 237/554 kB | 21/42 kBProgress (2): 254/554 kB | 21/42 kBProgress (2): 256/554 kB | 21/42 kBProgress (2): 257/554 kB | 21/42 kBProgress (2): 269/554 kB | 21/42 kBProgress (2): 285/554 kB | 21/42 kBProgress (2): 297/554 kB | 21/42 kBProgress (2): 297/554 kB | 38/42 kBProgress (2): 297/554 kB | 42 kB   Progress (2): 313/554 kB | 42 kBProgress (2): 320/554 kB | 42 kBProgress (2): 324/554 kB | 42 kBProgress (2): 341/554 kB | 42 kBProgress (2): 351/554 kB | 42 kB                                Downloaded from aliyun: https://maven.aliyun.com/repository/public/com/google/zxing/javase/3.3.1/javase-3.3.1.jar (42 kB at 170 kB/s)
Downloading from aliyun: https://maven.aliyun.com/repository/public/com/alipay/sdk/alipay-sdk-java/3.1.0/alipay-sdk-java-3.1.0.jar
Progress (1): 362/554 kBProgress (1): 365/554 kBProgress (2): 365/554 kB | 4.9/602 kBProgress (2): 365/554 kB | 21/602 kB Progress (2): 365/554 kB | 38/602 kBProgress (2): 382/554 kB | 38/602 kBProgress (2): 384/554 kB | 38/602 kBProgress (2): 384/554 kB | 54/602 kBProgress (3): 384/554 kB | 54/602 kB | 6.3/69 kBProgress (4): 384/554 kB | 54/602 kB | 6.3/69 kB | 0/3.9 MBProgress (4): 401/554 kB | 54/602 kB | 6.3/69 kB | 0/3.9 MBProgress (4): 417/554 kB | 54/602 kB | 6.3/69 kB | 0/3.9 MBProgress (4): 417/554 kB | 54/602 kB | 23/69 kB | 0/3.9 MB Progress (4): 417/554 kB | 54/602 kB | 39/69 kB | 0/3.9 MBProgress (4): 433/554 kB | 54/602 kB | 39/69 kB | 0/3.9 MBProgress (4): 433/554 kB | 70/602 kB | 39/69 kB | 0/3.9 MBProgress (4): 441/554 kB | 70/602 kB | 39/69 kB | 0/3.9 MBProgress (4): 441/554 kB | 87/602 kB | 39/69 kB | 0/3.9 MBProgress (4): 458/554 kB | 87/602 kB | 39/69 kB | 0/3.9 MBProgress (4): 462/554 kB | 87/602 kB | 39/69 kB | 0/3.9 MBProgress (4): 478/554 kB | 87/602 kB | 39/69 kB | 0/3.9 MBProgress (4): 478/554 kB | 103/602 kB | 39/69 kB | 0/3.9 MBProgress (4): 495/554 kB | 103/602 kB | 39/69 kB | 0/3.9 MBProgress (4): 495/554 kB | 103/602 kB | 55/69 kB | 0/3.9 MBProgress (4): 495/554 kB | 103/602 kB | 69 kB | 0/3.9 MB   Progress (4): 511/554 kB | 103/602 kB | 69 kB | 0/3.9 MBProgress (4): 511/554 kB | 103/602 kB | 69 kB | 0/3.9 MBProgress (4): 511/554 kB | 103/602 kB | 69 kB | 0/3.9 MBProgress (4): 511/554 kB | 103/602 kB | 69 kB | 0.1/3.9 MBProgress (4): 511/554 kB | 120/602 kB | 69 kB | 0.1/3.9 MBProgress (4): 527/554 kB | 120/602 kB | 69 kB | 0.1/3.9 MBProgress (4): 527/554 kB | 136/602 kB | 69 kB | 0.1/3.9 MBProgress (4): 544/554 kB | 136/602 kB | 69 kB | 0.1/3.9 MBProgress (4): 544/554 kB | 152/602 kB | 69 kB | 0.1/3.9 MBProgress (4): 544/554 kB | 169/602 kB | 69 kB | 0.1/3.9 MBProgress (4): 544/554 kB | 185/602 kB | 69 kB | 0.1/3.9 MBProgress (4): 544/554 kB | 201/602 kB | 69 kB | 0.1/3.9 MBProgress (4): 544/554 kB | 201/602 kB | 69 kB | 0.1/3.9 MBProgress (4): 544/554 kB | 201/602 kB | 69 kB | 0.1/3.9 MBProgress (4): 544/554 kB | 201/602 kB | 69 kB | 0.1/3.9 MBProgress (4): 544/554 kB | 201/602 kB | 69 kB | 0.1/3.9 MBProgress (4): 544/554 kB | 201/602 kB | 69 kB | 0.1/3.9 MBProgress (4): 544/554 kB | 201/602 kB | 69 kB | 0.2/3.9 MBProgress (4): 554 kB | 201/602 kB | 69 kB | 0.2/3.9 MB    Progress (4): 554 kB | 201/602 kB | 69 kB | 0.2/3.9 MB                                                      Downloaded from aliyun: https://maven.aliyun.com/repository/public/com/beust/jcommander/1.72/jcommander-1.72.jar (69 kB at 214 kB/s)
Downloading from aliyun: https://maven.aliyun.com/repository/public/org/jeecgframework/jimureport/jimureport-spring-boot3-starter/2.1.3/jimureport-spring-boot3-starter-2.1.3.jar
Progress (3): 554 kB | 201/602 kB | 0.2/3.9 MBProgress (3): 554 kB | 218/602 kB | 0.2/3.9 MBProgress (3): 554 kB | 234/602 kB | 0.2/3.9 MBProgress (3): 554 kB | 251/602 kB | 0.2/3.9 MBProgress (3): 554 kB | 267/602 kB | 0.2/3.9 MBProgress (3): 554 kB | 283/602 kB | 0.2/3.9 MBProgress (3): 554 kB | 283/602 kB | 0.2/3.9 MBProgress (4): 554 kB | 283/602 kB | 0.2/3.9 MB | 7.3/602 kBProgress (4): 554 kB | 283/602 kB | 0.2/3.9 MB | 15/602 kB Progress (4): 554 kB | 283/602 kB | 0.2/3.9 MB | 31/602 kBProgress (4): 554 kB | 283/602 kB | 0.2/3.9 MB | 40/602 kBProgress (4): 554 kB | 283/602 kB | 0.2/3.9 MB | 40/602 kBProgress (4): 554 kB | 300/602 kB | 0.2/3.9 MB | 40/602 kBProgress (4): 554 kB | 300/602 kB | 0.2/3.9 MB | 40/602 kBProgress (4): 554 kB | 300/602 kB | 0.2/3.9 MB | 40/602 kBProgress (4): 554 kB | 300/602 kB | 0.3/3.9 MB | 40/602 kBProgress (4): 554 kB | 300/602 kB | 0.3/3.9 MB | 40/602 kBProgress (4): 554 kB | 300/602 kB | 0.3/3.9 MB | 57/602 kBProgress (4): 554 kB | 300/602 kB | 0.3/3.9 MB | 64/602 kBProgress (4): 554 kB | 300/602 kB | 0.3/3.9 MB | 80/602 kBProgress (4): 554 kB | 300/602 kB | 0.3/3.9 MB | 81/602 kB                                                          Downloaded from aliyun: https://maven.aliyun.com/repository/public/org/jeecgframework/weixin4j/2.0.4/weixin4j-2.0.4.jar (554 kB at 1.5 MB/s)
Downloading from aliyun: https://maven.aliyun.com/repository/public/org/apache/poi/ooxml-schemas/1.4/ooxml-schemas-1.4.jar
Progress (3): 300/602 kB | 0.3/3.9 MB | 81/602 kBProgress (3): 300/602 kB | 0.3/3.9 MB | 81/602 kBProgress (3): 300/602 kB | 0.3/3.9 MB | 81/602 kBProgress (3): 300/602 kB | 0.3/3.9 MB | 81/602 kBProgress (3): 300/602 kB | 0.3/3.9 MB | 81/602 kBProgress (4): 300/602 kB | 0.3/3.9 MB | 81/602 kB | 0/6.6 MBProgress (4): 316/602 kB | 0.3/3.9 MB | 81/602 kB | 0/6.6 MBProgress (4): 316/602 kB | 0.3/3.9 MB | 90/602 kB | 0/6.6 MBProgress (4): 316/602 kB | 0.3/3.9 MB | 98/602 kB | 0/6.6 MBProgress (4): 316/602 kB | 0.3/3.9 MB | 105/602 kB | 0/6.6 MBProgress (4): 316/602 kB | 0.4/3.9 MB | 105/602 kB | 0/6.6 MBProgress (4): 316/602 kB | 0.4/3.9 MB | 105/602 kB | 0/6.6 MBProgress (4): 316/602 kB | 0.4/3.9 MB | 105/602 kB | 0/6.6 MBProgress (4): 316/602 kB | 0.4/3.9 MB | 105/602 kB | 0/6.6 MBProgress (4): 316/602 kB | 0.4/3.9 MB | 105/602 kB | 0/6.6 MBProgress (4): 316/602 kB | 0.4/3.9 MB | 105/602 kB | 0/6.6 MBProgress (4): 316/602 kB | 0.4/3.9 MB | 105/602 kB | 0/6.6 MBProgress (4): 316/602 kB | 0.4/3.9 MB | 105/602 kB | 0/6.6 MBProgress (4): 316/602 kB | 0.4/3.9 MB | 105/602 kB | 0/6.6 MBProgress (4): 316/602 kB | 0.4/3.9 MB | 114/602 kB | 0/6.6 MBProgress (4): 316/602 kB | 0.4/3.9 MB | 122/602 kB | 0/6.6 MBProgress (4): 316/602 kB | 0.5/3.9 MB | 122/602 kB | 0/6.6 MBProgress (4): 316/602 kB | 0.5/3.9 MB | 122/602 kB | 0/6.6 MBProgress (4): 316/602 kB | 0.5/3.9 MB | 122/602 kB | 0/6.6 MBProgress (4): 316/602 kB | 0.5/3.9 MB | 122/602 kB | 0.1/6.6 MBProgress (4): 316/602 kB | 0.5/3.9 MB | 122/602 kB | 0.1/6.6 MBProgress (5): 316/602 kB | 0.5/3.9 MB | 122/602 kB | 0.1/6.6 MB | 0/16 MBProgress (5): 316/602 kB | 0.5/3.9 MB | 122/602 kB | 0.1/6.6 MB | 0/16 MBProgress (5): 316/602 kB | 0.5/3.9 MB | 122/602 kB | 0.1/6.6 MB | 0/16 MBProgress (5): 333/602 kB | 0.5/3.9 MB | 122/602 kB | 0.1/6.6 MB | 0/16 MBProgress (5): 333/602 kB | 0.5/3.9 MB | 122/602 kB | 0.1/6.6 MB | 0/16 MBProgress (5): 349/602 kB | 0.5/3.9 MB | 122/602 kB | 0.1/6.6 MB | 0/16 MBProgress (5): 365/602 kB | 0.5/3.9 MB | 122/602 kB | 0.1/6.6 MB | 0/16 MBProgress (5): 382/602 kB | 0.5/3.9 MB | 122/602 kB | 0.1/6.6 MB | 0/16 MBProgress (5): 398/602 kB | 0.5/3.9 MB | 122/602 kB | 0.1/6.6 MB | 0/16 MBProgress (5): 398/602 kB | 0.5/3.9 MB | 138/602 kB | 0.1/6.6 MB | 0/16 MBProgress (5): 398/602 kB | 0.5/3.9 MB | 154/602 kB | 0.1/6.6 MB | 0/16 MBProgress (5): 398/602 kB | 0.5/3.9 MB | 171/602 kB | 0.1/6.6 MB | 0/16 MBProgress (5): 398/602 kB | 0.5/3.9 MB | 171/602 kB | 0.1/6.6 MB | 0/16 MBProgress (5): 398/602 kB | 0.5/3.9 MB | 176/602 kB | 0.1/6.6 MB | 0/16 MBProgress (5): 398/602 kB | 0.5/3.9 MB | 176/602 kB | 0.1/6.6 MB | 0/16 MBProgress (5): 398/602 kB | 0.5/3.9 MB | 183/602 kB | 0.1/6.6 MB | 0/16 MBProgress (5): 398/602 kB | 0.5/3.9 MB | 192/602 kB | 0.1/6.6 MB | 0/16 MBProgress (5): 398/602 kB | 0.5/3.9 MB | 201/602 kB | 0.1/6.6 MB | 0/16 MBProgress (5): 398/602 kB | 0.5/3.9 MB | 217/602 kB | 0.1/6.6 MB | 0/16 MBProgress (5): 398/602 kB | 0.5/3.9 MB | 217/602 kB | 0.1/6.6 MB | 0/16 MBProgress (5): 398/602 kB | 0.5/3.9 MB | 217/602 kB | 0.1/6.6 MB | 0.1/16 MBProgress (5): 398/602 kB | 0.5/3.9 MB | 217/602 kB | 0.1/6.6 MB | 0.1/16 MBProgress (5): 398/602 kB | 0.5/3.9 MB | 217/602 kB | 0.1/6.6 MB | 0.1/16 MBProgress (5): 398/602 kB | 0.6/3.9 MB | 217/602 kB | 0.1/6.6 MB | 0.1/16 MBProgress (5): 398/602 kB | 0.6/3.9 MB | 217/602 kB | 0.1/6.6 MB | 0.1/16 MBProgress (5): 414/602 kB | 0.6/3.9 MB | 217/602 kB | 0.1/6.6 MB | 0.1/16 MBProgress (5): 414/602 kB | 0.6/3.9 MB | 233/602 kB | 0.1/6.6 MB | 0.1/16 MBProgress (5): 414/602 kB | 0.6/3.9 MB | 233/602 kB | 0.1/6.6 MB | 0.1/16 MBProgress (5): 414/602 kB | 0.6/3.9 MB | 233/602 kB | 0.1/6.6 MB | 0.1/16 MBProgress (5): 414/602 kB | 0.6/3.9 MB | 233/602 kB | 0.1/6.6 MB | 0.1/16 MBProgress (5): 414/602 kB | 0.6/3.9 MB | 233/602 kB | 0.1/6.6 MB | 0.1/16 MBProgress (5): 414/602 kB | 0.6/3.9 MB | 233/602 kB | 0.1/6.6 MB | 0.1/16 MBProgress (5): 414/602 kB | 0.6/3.9 MB | 233/602 kB | 0.2/6.6 MB | 0.1/16 MBProgress (5): 414/602 kB | 0.6/3.9 MB | 250/602 kB | 0.2/6.6 MB | 0.1/16 MBProgress (5): 414/602 kB | 0.6/3.9 MB | 257/602 kB | 0.2/6.6 MB | 0.1/16 MBProgress (5): 414/602 kB | 0.6/3.9 MB | 257/602 kB | 0.2/6.6 MB | 0.1/16 MBProgress (5): 414/602 kB | 0.6/3.9 MB | 257/602 kB | 0.2/6.6 MB | 0.1/16 MBProgress (5): 414/602 kB | 0.6/3.9 MB | 257/602 kB | 0.2/6.6 MB | 0.1/16 MBProgress (5): 414/602 kB | 0.6/3.9 MB | 257/602 kB | 0.2/6.6 MB | 0.1/16 MBProgress (5): 414/602 kB | 0.6/3.9 MB | 257/602 kB | 0.2/6.6 MB | 0.1/16 MBProgress (5): 414/602 kB | 0.6/3.9 MB | 257/602 kB | 0.2/6.6 MB | 0.1/16 MBProgress (5): 414/602 kB | 0.6/3.9 MB | 257/602 kB | 0.2/6.6 MB | 0.1/16 MBProgress (5): 414/602 kB | 0.6/3.9 MB | 265/602 kB | 0.2/6.6 MB | 0.1/16 MBProgress (5): 414/602 kB | 0.6/3.9 MB | 281/602 kB | 0.2/6.6 MB | 0.1/16 MBProgress (5): 431/602 kB | 0.6/3.9 MB | 281/602 kB | 0.2/6.6 MB | 0.1/16 MBProgress (5): 447/602 kB | 0.6/3.9 MB | 281/602 kB | 0.2/6.6 MB | 0.1/16 MBProgress (5): 447/602 kB | 0.7/3.9 MB | 281/602 kB | 0.2/6.6 MB | 0.1/16 MBProgress (5): 447/602 kB | 0.7/3.9 MB | 281/602 kB | 0.2/6.6 MB | 0.1/16 MBProgress (5): 447/602 kB | 0.7/3.9 MB | 298/602 kB | 0.2/6.6 MB | 0.1/16 MBProgress (5): 447/602 kB | 0.7/3.9 MB | 298/602 kB | 0.2/6.6 MB | 0.1/16 MBProgress (5): 447/602 kB | 0.7/3.9 MB | 298/602 kB | 0.2/6.6 MB | 0.1/16 MBProgress (5): 464/602 kB | 0.7/3.9 MB | 298/602 kB | 0.2/6.6 MB | 0.1/16 MBProgress (5): 464/602 kB | 0.7/3.9 MB | 298/602 kB | 0.2/6.6 MB | 0.1/16 MBProgress (5): 464/602 kB | 0.7/3.9 MB | 298/602 kB | 0.2/6.6 MB | 0.1/16 MBProgress (5): 464/602 kB | 0.7/3.9 MB | 298/602 kB | 0.2/6.6 MB | 0.2/16 MBProgress (5): 464/602 kB | 0.7/3.9 MB | 314/602 kB | 0.2/6.6 MB | 0.2/16 MBProgress (5): 464/602 kB | 0.7/3.9 MB | 314/602 kB | 0.2/6.6 MB | 0.2/16 MBProgress (5): 464/602 kB | 0.7/3.9 MB | 314/602 kB | 0.2/6.6 MB | 0.2/16 MBProgress (5): 464/602 kB | 0.7/3.9 MB | 314/602 kB | 0.2/6.6 MB | 0.2/16 MBProgress (5): 464/602 kB | 0.7/3.9 MB | 314/602 kB | 0.2/6.6 MB | 0.2/16 MBProgress (5): 464/602 kB | 0.7/3.9 MB | 314/602 kB | 0.2/6.6 MB | 0.2/16 MBProgress (5): 464/602 kB | 0.7/3.9 MB | 314/602 kB | 0.2/6.6 MB | 0.2/16 MBProgress (5): 464/602 kB | 0.7/3.9 MB | 330/602 kB | 0.2/6.6 MB | 0.2/16 MBProgress (5): 464/602 kB | 0.7/3.9 MB | 330/602 kB | 0.2/6.6 MB | 0.2/16 MBProgress (5): 464/602 kB | 0.7/3.9 MB | 330/602 kB | 0.3/6.6 MB | 0.2/16 MBProgress (5): 464/602 kB | 0.7/3.9 MB | 330/602 kB | 0.3/6.6 MB | 0.2/16 MBProgress (5): 464/602 kB | 0.8/3.9 MB | 330/602 kB | 0.3/6.6 MB | 0.2/16 MBProgress (5): 464/602 kB | 0.8/3.9 MB | 330/602 kB | 0.3/6.6 MB | 0.2/16 MBProgress (5): 464/602 kB | 0.8/3.9 MB | 330/602 kB | 0.3/6.6 MB | 0.2/16 MBProgress (5): 464/602 kB | 0.8/3.9 MB | 330/602 kB | 0.3/6.6 MB | 0.2/16 MBProgress (5): 464/602 kB | 0.8/3.9 MB | 330/602 kB | 0.3/6.6 MB | 0.2/16 MBProgress (5): 464/602 kB | 0.8/3.9 MB | 330/602 kB | 0.3/6.6 MB | 0.2/16 MBProgress (5): 464/602 kB | 0.8/3.9 MB | 330/602 kB | 0.3/6.6 MB | 0.2/16 MBProgress (5): 464/602 kB | 0.8/3.9 MB | 330/602 kB | 0.3/6.6 MB | 0.2/16 MBProgress (5): 464/602 kB | 0.8/3.9 MB | 330/602 kB | 0.3/6.6 MB | 0.2/16 MBProgress (5): 464/602 kB | 0.8/3.9 MB | 330/602 kB | 0.3/6.6 MB | 0.2/16 MBProgress (5): 464/602 kB | 0.8/3.9 MB | 347/602 kB | 0.3/6.6 MB | 0.2/16 MBProgress (5): 464/602 kB | 0.8/3.9 MB | 363/602 kB | 0.3/6.6 MB | 0.2/16 MBProgress (5): 464/602 kB | 0.8/3.9 MB | 379/602 kB | 0.3/6.6 MB | 0.2/16 MBProgress (5): 464/602 kB | 0.8/3.9 MB | 380/602 kB | 0.3/6.6 MB | 0.2/16 MBProgress (5): 464/602 kB | 0.8/3.9 MB | 388/602 kB | 0.3/6.6 MB | 0.2/16 MBProgress (5): 464/602 kB | 0.8/3.9 MB | 397/602 kB | 0.3/6.6 MB | 0.2/16 MBProgress (5): 464/602 kB | 0.8/3.9 MB | 397/602 kB | 0.3/6.6 MB | 0.2/16 MBProgress (5): 464/602 kB | 0.8/3.9 MB | 397/602 kB | 0.3/6.6 MB | 0.2/16 MBProgress (5): 464/602 kB | 0.8/3.9 MB | 397/602 kB | 0.3/6.6 MB | 0.2/16 MBProgress (5): 464/602 kB | 0.8/3.9 MB | 413/602 kB | 0.3/6.6 MB | 0.2/16 MBProgress (5): 464/602 kB | 0.8/3.9 MB | 413/602 kB | 0.3/6.6 MB | 0.2/16 MBProgress (5): 480/602 kB | 0.8/3.9 MB | 413/602 kB | 0.3/6.6 MB | 0.2/16 MBProgress (5): 480/602 kB | 0.8/3.9 MB | 413/602 kB | 0.3/6.6 MB | 0.2/16 MBProgress (5): 480/602 kB | 0.8/3.9 MB | 413/602 kB | 0.3/6.6 MB | 0.2/16 MBProgress (5): 480/602 kB | 0.9/3.9 MB | 413/602 kB | 0.3/6.6 MB | 0.2/16 MBProgress (5): 480/602 kB | 0.9/3.9 MB | 422/602 kB | 0.3/6.6 MB | 0.2/16 MBProgress (5): 480/602 kB | 0.9/3.9 MB | 422/602 kB | 0.3/6.6 MB | 0.2/16 MBProgress (5): 480/602 kB | 0.9/3.9 MB | 422/602 kB | 0.3/6.6 MB | 0.2/16 MBProgress (5): 480/602 kB | 0.9/3.9 MB | 422/602 kB | 0.3/6.6 MB | 0.2/16 MBProgress (5): 480/602 kB | 0.9/3.9 MB | 422/602 kB | 0.3/6.6 MB | 0.2/16 MBProgress (5): 480/602 kB | 0.9/3.9 MB | 422/602 kB | 0.3/6.6 MB | 0.2/16 MBProgress (5): 480/602 kB | 0.9/3.9 MB | 422/602 kB | 0.3/6.6 MB | 0.2/16 MBProgress (5): 480/602 kB | 0.9/3.9 MB | 422/602 kB | 0.4/6.6 MB | 0.2/16 MBProgress (5): 480/602 kB | 0.9/3.9 MB | 422/602 kB | 0.4/6.6 MB | 0.2/16 MBProgress (5): 480/602 kB | 0.9/3.9 MB | 422/602 kB | 0.4/6.6 MB | 0.2/16 MBProgress (5): 480/602 kB | 0.9/3.9 MB | 422/602 kB | 0.4/6.6 MB | 0.2/16 MBProgress (5): 480/602 kB | 0.9/3.9 MB | 422/602 kB | 0.4/6.6 MB | 0.2/16 MBProgress (5): 480/602 kB | 0.9/3.9 MB | 422/602 kB | 0.4/6.6 MB | 0.2/16 MBProgress (5): 480/602 kB | 0.9/3.9 MB | 422/602 kB | 0.4/6.6 MB | 0.2/16 MBProgress (5): 496/602 kB | 0.9/3.9 MB | 422/602 kB | 0.4/6.6 MB | 0.2/16 MBProgress (5): 496/602 kB | 0.9/3.9 MB | 422/602 kB | 0.4/6.6 MB | 0.3/16 MBProgress (5): 496/602 kB | 0.9/3.9 MB | 422/602 kB | 0.4/6.6 MB | 0.3/16 MBProgress (5): 496/602 kB | 0.9/3.9 MB | 422/602 kB | 0.4/6.6 MB | 0.3/16 MBProgress (5): 496/602 kB | 0.9/3.9 MB | 422/602 kB | 0.4/6.6 MB | 0.3/16 MBProgress (5): 496/602 kB | 0.9/3.9 MB | 438/602 kB | 0.4/6.6 MB | 0.3/16 MBProgress (5): 496/602 kB | 0.9/3.9 MB | 446/602 kB | 0.4/6.6 MB | 0.3/16 MBProgress (5): 496/602 kB | 0.9/3.9 MB | 455/602 kB | 0.4/6.6 MB | 0.3/16 MBProgress (5): 496/602 kB | 1.0/3.9 MB | 455/602 kB | 0.4/6.6 MB | 0.3/16 MBProgress (5): 496/602 kB | 1.0/3.9 MB | 455/602 kB | 0.4/6.6 MB | 0.3/16 MBProgress (5): 496/602 kB | 1.0/3.9 MB | 455/602 kB | 0.4/6.6 MB | 0.3/16 MBProgress (5): 496/602 kB | 1.0/3.9 MB | 455/602 kB | 0.4/6.6 MB | 0.3/16 MBProgress (5): 496/602 kB | 1.0/3.9 MB | 471/602 kB | 0.4/6.6 MB | 0.3/16 MBProgress (5): 496/602 kB | 1.0/3.9 MB | 471/602 kB | 0.4/6.6 MB | 0.3/16 MBProgress (5): 496/602 kB | 1.0/3.9 MB | 487/602 kB | 0.4/6.6 MB | 0.3/16 MBProgress (5): 496/602 kB | 1.0/3.9 MB | 487/602 kB | 0.4/6.6 MB | 0.3/16 MBProgress (5): 496/602 kB | 1.0/3.9 MB | 487/602 kB | 0.4/6.6 MB | 0.3/16 MBProgress (5): 496/602 kB | 1.0/3.9 MB | 487/602 kB | 0.4/6.6 MB | 0.3/16 MBProgress (5): 496/602 kB | 1.0/3.9 MB | 487/602 kB | 0.4/6.6 MB | 0.3/16 MBProgress (5): 513/602 kB | 1.0/3.9 MB | 487/602 kB | 0.4/6.6 MB | 0.3/16 MBProgress (5): 513/602 kB | 1.0/3.9 MB | 487/602 kB | 0.4/6.6 MB | 0.3/16 MBProgress (5): 513/602 kB | 1.0/3.9 MB | 487/602 kB | 0.4/6.6 MB | 0.3/16 MBProgress (5): 513/602 kB | 1.0/3.9 MB | 504/602 kB | 0.4/6.6 MB | 0.3/16 MBProgress (5): 513/602 kB | 1.0/3.9 MB | 504/602 kB | 0.5/6.6 MB | 0.3/16 MBProgress (5): 513/602 kB | 1.0/3.9 MB | 504/602 kB | 0.5/6.6 MB | 0.3/16 MBProgress (5): 513/602 kB | 1.0/3.9 MB | 511/602 kB | 0.5/6.6 MB | 0.3/16 MBProgress (5): 513/602 kB | 1.0/3.9 MB | 511/602 kB | 0.5/6.6 MB | 0.3/16 MBProgress (5): 513/602 kB | 1.0/3.9 MB | 514/602 kB | 0.5/6.6 MB | 0.3/16 MBProgress (5): 513/602 kB | 1.0/3.9 MB | 514/602 kB | 0.5/6.6 MB | 0.3/16 MBProgress (5): 513/602 kB | 1.0/3.9 MB | 514/602 kB | 0.5/6.6 MB | 0.3/16 MBProgress (5): 513/602 kB | 1.0/3.9 MB | 514/602 kB | 0.5/6.6 MB | 0.3/16 MBProgress (5): 513/602 kB | 1.0/3.9 MB | 514/602 kB | 0.5/6.6 MB | 0.3/16 MBProgress (5): 513/602 kB | 1.0/3.9 MB | 514/602 kB | 0.5/6.6 MB | 0.3/16 MBProgress (5): 513/602 kB | 1.0/3.9 MB | 514/602 kB | 0.5/6.6 MB | 0.3/16 MBProgress (5): 513/602 kB | 1.0/3.9 MB | 514/602 kB | 0.5/6.6 MB | 0.3/16 MBProgress (5): 513/602 kB | 1.0/3.9 MB | 514/602 kB | 0.5/6.6 MB | 0.3/16 MBProgress (5): 524/602 kB | 1.0/3.9 MB | 514/602 kB | 0.5/6.6 MB | 0.3/16 MBProgress (5): 524/602 kB | 1.0/3.9 MB | 514/602 kB | 0.5/6.6 MB | 0.3/16 MBProgress (5): 524/602 kB | 1.0/3.9 MB | 514/602 kB | 0.5/6.6 MB | 0.3/16 MBProgress (5): 529/602 kB | 1.0/3.9 MB | 514/602 kB | 0.5/6.6 MB | 0.3/16 MBProgress (5): 529/602 kB | 1.1/3.9 MB | 514/602 kB | 0.5/6.6 MB | 0.3/16 MBProgress (5): 529/602 kB | 1.1/3.9 MB | 531/602 kB | 0.5/6.6 MB | 0.3/16 MBProgress (5): 529/602 kB | 1.1/3.9 MB | 533/602 kB | 0.5/6.6 MB | 0.3/16 MBProgress (5): 529/602 kB | 1.1/3.9 MB | 549/602 kB | 0.5/6.6 MB | 0.3/16 MBProgress (5): 529/602 kB | 1.1/3.9 MB | 549/602 kB | 0.5/6.6 MB | 0.3/16 MBProgress (5): 529/602 kB | 1.1/3.9 MB | 549/602 kB | 0.6/6.6 MB | 0.3/16 MBProgress (5): 529/602 kB | 1.1/3.9 MB | 549/602 kB | 0.6/6.6 MB | 0.3/16 MBProgress (5): 529/602 kB | 1.1/3.9 MB | 566/602 kB | 0.6/6.6 MB | 0.3/16 MBProgress (5): 529/602 kB | 1.1/3.9 MB | 566/602 kB | 0.6/6.6 MB | 0.3/16 MBProgress (5): 529/602 kB | 1.1/3.9 MB | 566/602 kB | 0.6/6.6 MB | 0.3/16 MBProgress (5): 529/602 kB | 1.1/3.9 MB | 582/602 kB | 0.6/6.6 MB | 0.3/16 MBProgress (5): 529/602 kB | 1.1/3.9 MB | 582/602 kB | 0.6/6.6 MB | 0.3/16 MBProgress (5): 529/602 kB | 1.1/3.9 MB | 582/602 kB | 0.6/6.6 MB | 0.3/16 MBProgress (5): 529/602 kB | 1.1/3.9 MB | 582/602 kB | 0.6/6.6 MB | 0.3/16 MBProgress (5): 529/602 kB | 1.1/3.9 MB | 582/602 kB | 0.6/6.6 MB | 0.3/16 MBProgress (5): 529/602 kB | 1.1/3.9 MB | 582/602 kB | 0.6/6.6 MB | 0.3/16 MBProgress (5): 529/602 kB | 1.1/3.9 MB | 593/602 kB | 0.6/6.6 MB | 0.3/16 MBProgress (5): 529/602 kB | 1.1/3.9 MB | 596/602 kB | 0.6/6.6 MB | 0.3/16 MBProgress (5): 529/602 kB | 1.1/3.9 MB | 602 kB | 0.6/6.6 MB | 0.3/16 MB    Progress (5): 529/602 kB | 1.1/3.9 MB | 602 kB | 0.6/6.6 MB | 0.4/16 MBProgress (5): 546/602 kB | 1.1/3.9 MB | 602 kB | 0.6/6.6 MB | 0.4/16 MBProgress (5): 557/602 kB | 1.1/3.9 MB | 602 kB | 0.6/6.6 MB | 0.4/16 MBProgress (5): 557/602 kB | 1.1/3.9 MB | 602 kB | 0.6/6.6 MB | 0.4/16 MBProgress (5): 557/602 kB | 1.1/3.9 MB | 602 kB | 0.6/6.6 MB | 0.4/16 MBProgress (5): 557/602 kB | 1.1/3.9 MB | 602 kB | 0.6/6.6 MB | 0.4/16 MBProgress (5): 573/602 kB | 1.1/3.9 MB | 602 kB | 0.6/6.6 MB | 0.4/16 MBProgress (5): 573/602 kB | 1.1/3.9 MB | 602 kB | 0.6/6.6 MB | 0.4/16 MBProgress (5): 573/602 kB | 1.1/3.9 MB | 602 kB | 0.6/6.6 MB | 0.4/16 MBProgress (5): 573/602 kB | 1.1/3.9 MB | 602 kB | 0.7/6.6 MB | 0.4/16 MBProgress (5): 573/602 kB | 1.1/3.9 MB | 602 kB | 0.7/6.6 MB | 0.4/16 MBProgress (5): 573/602 kB | 1.1/3.9 MB | 602 kB | 0.7/6.6 MB | 0.4/16 MBProgress (5): 573/602 kB | 1.1/3.9 MB | 602 kB | 0.7/6.6 MB | 0.4/16 MBProgress (5): 590/602 kB | 1.1/3.9 MB | 602 kB | 0.7/6.6 MB | 0.4/16 MBProgress (5): 590/602 kB | 1.2/3.9 MB | 602 kB | 0.7/6.6 MB | 0.4/16 MBProgress (5): 590/602 kB | 1.2/3.9 MB | 602 kB | 0.7/6.6 MB | 0.4/16 MBProgress (5): 590/602 kB | 1.2/3.9 MB | 602 kB | 0.7/6.6 MB | 0.4/16 MBProgress (5): 590/602 kB | 1.2/3.9 MB | 602 kB | 0.7/6.6 MB | 0.4/16 MBProgress (5): 590/602 kB | 1.2/3.9 MB | 602 kB | 0.7/6.6 MB | 0.4/16 MBProgress (5): 590/602 kB | 1.2/3.9 MB | 602 kB | 0.7/6.6 MB | 0.4/16 MBProgress (5): 590/602 kB | 1.2/3.9 MB | 602 kB | 0.7/6.6 MB | 0.4/16 MBProgress (5): 590/602 kB | 1.2/3.9 MB | 602 kB | 0.8/6.6 MB | 0.4/16 MBProgress (5): 590/602 kB | 1.2/3.9 MB | 602 kB | 0.8/6.6 MB | 0.4/16 MBProgress (5): 590/602 kB | 1.2/3.9 MB | 602 kB | 0.8/6.6 MB | 0.4/16 MBProgress (5): 590/602 kB | 1.2/3.9 MB | 602 kB | 0.8/6.6 MB | 0.4/16 MBProgress (5): 590/602 kB | 1.2/3.9 MB | 602 kB | 0.8/6.6 MB | 0.4/16 MBProgress (5): 590/602 kB | 1.2/3.9 MB | 602 kB | 0.8/6.6 MB | 0.4/16 MBProgress (5): 590/602 kB | 1.2/3.9 MB | 602 kB | 0.8/6.6 MB | 0.4/16 MBProgress (5): 590/602 kB | 1.2/3.9 MB | 602 kB | 0.8/6.6 MB | 0.4/16 MBProgress (5): 590/602 kB | 1.2/3.9 MB | 602 kB | 0.8/6.6 MB | 0.4/16 MBProgress (5): 590/602 kB | 1.2/3.9 MB | 602 kB | 0.8/6.6 MB | 0.4/16 MBProgress (5): 590/602 kB | 1.3/3.9 MB | 602 kB | 0.8/6.6 MB | 0.4/16 MBProgress (5): 590/602 kB | 1.3/3.9 MB | 602 kB | 0.8/6.6 MB | 0.4/16 MBProgress (5): 590/602 kB | 1.3/3.9 MB | 602 kB | 0.8/6.6 MB | 0.4/16 MBProgress (5): 590/602 kB | 1.3/3.9 MB | 602 kB | 0.8/6.6 MB | 0.4/16 MBProgress (5): 590/602 kB | 1.3/3.9 MB | 602 kB | 0.8/6.6 MB | 0.5/16 MBProgress (5): 590/602 kB | 1.3/3.9 MB | 602 kB | 0.8/6.6 MB | 0.5/16 MBProgress (5): 590/602 kB | 1.3/3.9 MB | 602 kB | 0.9/6.6 MB | 0.5/16 MBProgress (5): 590/602 kB | 1.3/3.9 MB | 602 kB | 0.9/6.6 MB | 0.5/16 MBProgress (5): 590/602 kB | 1.3/3.9 MB | 602 kB | 0.9/6.6 MB | 0.5/16 MBProgress (5): 602 kB | 1.3/3.9 MB | 602 kB | 0.9/6.6 MB | 0.5/16 MB    Progress (5): 602 kB | 1.3/3.9 MB | 602 kB | 0.9/6.6 MB | 0.5/16 MBProgress (5): 602 kB | 1.3/3.9 MB | 602 kB | 0.9/6.6 MB | 0.5/16 MBProgress (5): 602 kB | 1.3/3.9 MB | 602 kB | 0.9/6.6 MB | 0.5/16 MBProgress (5): 602 kB | 1.3/3.9 MB | 602 kB | 0.9/6.6 MB | 0.5/16 MBProgress (5): 602 kB | 1.3/3.9 MB | 602 kB | 0.9/6.6 MB | 0.5/16 MBProgress (5): 602 kB | 1.3/3.9 MB | 602 kB | 0.9/6.6 MB | 0.5/16 MBProgress (5): 602 kB | 1.4/3.9 MB | 602 kB | 0.9/6.6 MB | 0.5/16 MBProgress (5): 602 kB | 1.4/3.9 MB | 602 kB | 0.9/6.6 MB | 0.5/16 MBProgress (5): 602 kB | 1.4/3.9 MB | 602 kB | 0.9/6.6 MB | 0.5/16 MBProgress (5): 602 kB | 1.4/3.9 MB | 602 kB | 0.9/6.6 MB | 0.5/16 MBProgress (5): 602 kB | 1.4/3.9 MB | 602 kB | 1.0/6.6 MB | 0.5/16 MBProgress (5): 602 kB | 1.4/3.9 MB | 602 kB | 1.0/6.6 MB | 0.5/16 MBProgress (5): 602 kB | 1.4/3.9 MB | 602 kB | 1.0/6.6 MB | 0.5/16 MBProgress (5): 602 kB | 1.4/3.9 MB | 602 kB | 1.0/6.6 MB | 0.5/16 MBProgress (5): 602 kB | 1.4/3.9 MB | 602 kB | 1.0/6.6 MB | 0.5/16 MBProgress (5): 602 kB | 1.4/3.9 MB | 602 kB | 1.0/6.6 MB | 0.5/16 MBProgress (5): 602 kB | 1.4/3.9 MB | 602 kB | 1.0/6.6 MB | 0.5/16 MBProgress (5): 602 kB | 1.4/3.9 MB | 602 kB | 1.0/6.6 MB | 0.5/16 MBProgress (5): 602 kB | 1.4/3.9 MB | 602 kB | 1.0/6.6 MB | 0.5/16 MBProgress (5): 602 kB | 1.4/3.9 MB | 602 kB | 1.0/6.6 MB | 0.5/16 MBProgress (5): 602 kB | 1.4/3.9 MB | 602 kB | 1.0/6.6 MB | 0.5/16 MBProgress (5): 602 kB | 1.4/3.9 MB | 602 kB | 1.0/6.6 MB | 0.5/16 MBProgress (5): 602 kB | 1.4/3.9 MB | 602 kB | 1.0/6.6 MB | 0.5/16 MBProgress (5): 602 kB | 1.4/3.9 MB | 602 kB | 1.0/6.6 MB | 0.5/16 MBProgress (5): 602 kB | 1.5/3.9 MB | 602 kB | 1.0/6.6 MB | 0.5/16 MBProgress (5): 602 kB | 1.5/3.9 MB | 602 kB | 1.1/6.6 MB | 0.5/16 MBProgress (5): 602 kB | 1.5/3.9 MB | 602 kB | 1.1/6.6 MB | 0.5/16 MBProgress (5): 602 kB | 1.5/3.9 MB | 602 kB | 1.1/6.6 MB | 0.6/16 MBProgress (5): 602 kB | 1.5/3.9 MB | 602 kB | 1.1/6.6 MB | 0.6/16 MB                                                                   Downloaded from aliyun: https://maven.aliyun.com/repository/public/com/github/jai-imageio/jai-imageio-core/1.3.1/jai-imageio-core-1.3.1.jar (602 kB at 855 kB/s)
Downloading from aliyun: https://maven.aliyun.com/repository/public/gui/ava/html2image/2.0.1/html2image-2.0.1.jar
Progress (4): 1.5/3.9 MB | 602 kB | 1.1/6.6 MB | 0.6/16 MBProgress (4): 1.5/3.9 MB | 602 kB | 1.1/6.6 MB | 0.6/16 MBProgress (4): 1.5/3.9 MB | 602 kB | 1.1/6.6 MB | 0.6/16 MBProgress (4): 1.5/3.9 MB | 602 kB | 1.1/6.6 MB | 0.6/16 MBProgress (4): 1.5/3.9 MB | 602 kB | 1.1/6.6 MB | 0.6/16 MBProgress (4): 1.5/3.9 MB | 602 kB | 1.1/6.6 MB | 0.6/16 MBProgress (4): 1.5/3.9 MB | 602 kB | 1.1/6.6 MB | 0.6/16 MBProgress (4): 1.5/3.9 MB | 602 kB | 1.2/6.6 MB | 0.6/16 MBProgress (4): 1.5/3.9 MB | 602 kB | 1.2/6.6 MB | 0.6/16 MBProgress (4): 1.5/3.9 MB | 602 kB | 1.2/6.6 MB | 0.6/16 MBProgress (4): 1.5/3.9 MB | 602 kB | 1.2/6.6 MB | 0.6/16 MBProgress (4): 1.5/3.9 MB | 602 kB | 1.2/6.6 MB | 0.6/16 MBProgress (4): 1.6/3.9 MB | 602 kB | 1.2/6.6 MB | 0.6/16 MBProgress (4): 1.6/3.9 MB | 602 kB | 1.2/6.6 MB | 0.6/16 MBProgress (4): 1.6/3.9 MB | 602 kB | 1.2/6.6 MB | 0.6/16 MBProgress (4): 1.6/3.9 MB | 602 kB | 1.2/6.6 MB | 0.6/16 MBProgress (4): 1.6/3.9 MB | 602 kB | 1.2/6.6 MB | 0.6/16 MBProgress (4): 1.6/3.9 MB | 602 kB | 1.2/6.6 MB | 0.6/16 MBProgress (4): 1.6/3.9 MB | 602 kB | 1.2/6.6 MB | 0.6/16 MBProgress (4): 1.7/3.9 MB | 602 kB | 1.2/6.6 MB | 0.6/16 MBProgress (4): 1.7/3.9 MB | 602 kB | 1.2/6.6 MB | 0.6/16 MBProgress (4): 1.7/3.9 MB | 602 kB | 1.2/6.6 MB | 0.6/16 MBProgress (4): 1.7/3.9 MB | 602 kB | 1.2/6.6 MB | 0.6/16 MBProgress (4): 1.7/3.9 MB | 602 kB | 1.2/6.6 MB | 0.6/16 MBProgress (4): 1.7/3.9 MB | 602 kB | 1.2/6.6 MB | 0.6/16 MBProgress (4): 1.7/3.9 MB | 602 kB | 1.2/6.6 MB | 0.6/16 MBProgress (4): 1.7/3.9 MB | 602 kB | 1.2/6.6 MB | 0.6/16 MBProgress (4): 1.7/3.9 MB | 602 kB | 1.3/6.6 MB | 0.6/16 MBProgress (4): 1.7/3.9 MB | 602 kB | 1.3/6.6 MB | 0.6/16 MB                                                          Downloaded from aliyun: https://maven.aliyun.com/repository/public/org/jeecgframework/boot3/hibernate-re/3.8.2.2/hibernate-re-3.8.2.2.jar (602 kB at 800 kB/s)
Downloading from aliyun: https://maven.aliyun.com/repository/public/org/xhtmlrenderer/core-renderer/R8/core-renderer-R8.jar
Progress (3): 1.7/3.9 MB | 1.3/6.6 MB | 0.6/16 MBProgress (3): 1.7/3.9 MB | 1.3/6.6 MB | 0.6/16 MBProgress (3): 1.7/3.9 MB | 1.3/6.6 MB | 0.7/16 MBProgress (3): 1.7/3.9 MB | 1.3/6.6 MB | 0.7/16 MBProgress (3): 1.7/3.9 MB | 1.3/6.6 MB | 0.7/16 MBProgress (3): 1.7/3.9 MB | 1.3/6.6 MB | 0.7/16 MBProgress (3): 1.7/3.9 MB | 1.3/6.6 MB | 0.7/16 MBProgress (3): 1.7/3.9 MB | 1.3/6.6 MB | 0.7/16 MBProgress (3): 1.7/3.9 MB | 1.3/6.6 MB | 0.7/16 MBProgress (3): 1.7/3.9 MB | 1.3/6.6 MB | 0.7/16 MBProgress (3): 1.8/3.9 MB | 1.3/6.6 MB | 0.7/16 MBProgress (3): 1.8/3.9 MB | 1.3/6.6 MB | 0.7/16 MBProgress (3): 1.8/3.9 MB | 1.3/6.6 MB | 0.7/16 MBProgress (4): 1.8/3.9 MB | 1.3/6.6 MB | 0.7/16 MB | 4.8/21 kBProgress (4): 1.8/3.9 MB | 1.3/6.6 MB | 0.7/16 MB | 21 kB    Progress (4): 1.8/3.9 MB | 1.3/6.6 MB | 0.7/16 MB | 21 kBProgress (4): 1.8/3.9 MB | 1.4/6.6 MB | 0.7/16 MB | 21 kBProgress (4): 1.8/3.9 MB | 1.4/6.6 MB | 0.7/16 MB | 21 kBProgress (4): 1.8/3.9 MB | 1.4/6.6 MB | 0.7/16 MB | 21 kBProgress (5): 1.8/3.9 MB | 1.4/6.6 MB | 0.7/16 MB | 21 kB | 0/1.1 MBProgress (5): 1.8/3.9 MB | 1.4/6.6 MB | 0.7/16 MB | 21 kB | 0/1.1 MBProgress (5): 1.8/3.9 MB | 1.4/6.6 MB | 0.7/16 MB | 21 kB | 0/1.1 MBProgress (5): 1.8/3.9 MB | 1.4/6.6 MB | 0.7/16 MB | 21 kB | 0/1.1 MBProgress (5): 1.8/3.9 MB | 1.4/6.6 MB | 0.7/16 MB | 21 kB | 0/1.1 MBProgress (5): 1.8/3.9 MB | 1.4/6.6 MB | 0.7/16 MB | 21 kB | 0/1.1 MBProgress (5): 1.9/3.9 MB | 1.4/6.6 MB | 0.7/16 MB | 21 kB | 0/1.1 MBProgress (5): 1.9/3.9 MB | 1.4/6.6 MB | 0.7/16 MB | 21 kB | 0/1.1 MBProgress (5): 1.9/3.9 MB | 1.4/6.6 MB | 0.7/16 MB | 21 kB | 0/1.1 MBProgress (5): 1.9/3.9 MB | 1.4/6.6 MB | 0.7/16 MB | 21 kB | 0/1.1 MBProgress (5): 1.9/3.9 MB | 1.4/6.6 MB | 0.7/16 MB | 21 kB | 0/1.1 MBProgress (5): 1.9/3.9 MB | 1.4/6.6 MB | 0.7/16 MB | 21 kB | 0/1.1 MBProgress (5): 1.9/3.9 MB | 1.4/6.6 MB | 0.7/16 MB | 21 kB | 0/1.1 MBProgress (5): 1.9/3.9 MB | 1.4/6.6 MB | 0.7/16 MB | 21 kB | 0/1.1 MBProgress (5): 1.9/3.9 MB | 1.4/6.6 MB | 0.7/16 MB | 21 kB | 0/1.1 MBProgress (5): 1.9/3.9 MB | 1.4/6.6 MB | 0.7/16 MB | 21 kB | 0/1.1 MBProgress (5): 1.9/3.9 MB | 1.4/6.6 MB | 0.7/16 MB | 21 kB | 0.1/1.1 MBProgress (5): 1.9/3.9 MB | 1.4/6.6 MB | 0.7/16 MB | 21 kB | 0.1/1.1 MBProgress (5): 1.9/3.9 MB | 1.4/6.6 MB | 0.7/16 MB | 21 kB | 0.1/1.1 MBProgress (5): 1.9/3.9 MB | 1.4/6.6 MB | 0.7/16 MB | 21 kB | 0.1/1.1 MBProgress (5): 1.9/3.9 MB | 1.4/6.6 MB | 0.7/16 MB | 21 kB | 0.1/1.1 MBProgress (5): 1.9/3.9 MB | 1.5/6.6 MB | 0.7/16 MB | 21 kB | 0.1/1.1 MBProgress (5): 1.9/3.9 MB | 1.5/6.6 MB | 0.7/16 MB | 21 kB | 0.1/1.1 MBProgress (5): 1.9/3.9 MB | 1.5/6.6 MB | 0.7/16 MB | 21 kB | 0.1/1.1 MBProgress (5): 1.9/3.9 MB | 1.5/6.6 MB | 0.7/16 MB | 21 kB | 0.1/1.1 MBProgress (5): 1.9/3.9 MB | 1.5/6.6 MB | 0.7/16 MB | 21 kB | 0.1/1.1 MBProgress (5): 2.0/3.9 MB | 1.5/6.6 MB | 0.7/16 MB | 21 kB | 0.1/1.1 MB                                                                      Downloaded from aliyun: https://maven.aliyun.com/repository/public/gui/ava/html2image/2.0.1/html2image-2.0.1.jar (21 kB at 26 kB/s)
Downloading from aliyun: https://maven.aliyun.com/repository/public/net/sourceforge/nekohtml/nekohtml/1.9.22/nekohtml-1.9.22.jar
Progress (4): 2.0/3.9 MB | 1.5/6.6 MB | 0.7/16 MB | 0.1/1.1 MBProgress (4): 2.0/3.9 MB | 1.5/6.6 MB | 0.7/16 MB | 0.1/1.1 MBProgress (4): 2.0/3.9 MB | 1.5/6.6 MB | 0.7/16 MB | 0.1/1.1 MBProgress (4): 2.0/3.9 MB | 1.5/6.6 MB | 0.8/16 MB | 0.1/1.1 MBProgress (4): 2.0/3.9 MB | 1.5/6.6 MB | 0.8/16 MB | 0.1/1.1 MBProgress (4): 2.0/3.9 MB | 1.5/6.6 MB | 0.8/16 MB | 0.1/1.1 MBProgress (4): 2.0/3.9 MB | 1.5/6.6 MB | 0.8/16 MB | 0.1/1.1 MBProgress (4): 2.0/3.9 MB | 1.5/6.6 MB | 0.8/16 MB | 0.1/1.1 MBProgress (4): 2.0/3.9 MB | 1.5/6.6 MB | 0.8/16 MB | 0.1/1.1 MBProgress (4): 2.1/3.9 MB | 1.5/6.6 MB | 0.8/16 MB | 0.1/1.1 MBProgress (4): 2.1/3.9 MB | 1.5/6.6 MB | 0.8/16 MB | 0.1/1.1 MBProgress (4): 2.1/3.9 MB | 1.5/6.6 MB | 0.8/16 MB | 0.1/1.1 MBProgress (4): 2.1/3.9 MB | 1.5/6.6 MB | 0.8/16 MB | 0.1/1.1 MBProgress (4): 2.1/3.9 MB | 1.5/6.6 MB | 0.8/16 MB | 0.1/1.1 MBProgress (4): 2.1/3.9 MB | 1.5/6.6 MB | 0.8/16 MB | 0.1/1.1 MBProgress (4): 2.1/3.9 MB | 1.5/6.6 MB | 0.8/16 MB | 0.1/1.1 MBProgress (4): 2.1/3.9 MB | 1.5/6.6 MB | 0.8/16 MB | 0.1/1.1 MBProgress (4): 2.1/3.9 MB | 1.5/6.6 MB | 0.8/16 MB | 0.1/1.1 MBProgress (4): 2.1/3.9 MB | 1.5/6.6 MB | 0.8/16 MB | 0.1/1.1 MBProgress (4): 2.1/3.9 MB | 1.5/6.6 MB | 0.8/16 MB | 0.1/1.1 MBProgress (5): 2.1/3.9 MB | 1.5/6.6 MB | 0.8/16 MB | 0.1/1.1 MB | 0.5/125 kBProgress (5): 2.1/3.9 MB | 1.5/6.6 MB | 0.8/16 MB | 0.2/1.1 MB | 0.5/125 kBProgress (5): 2.1/3.9 MB | 1.5/6.6 MB | 0.8/16 MB | 0.2/1.1 MB | 0.5/125 kBProgress (5): 2.1/3.9 MB | 1.5/6.6 MB | 0.8/16 MB | 0.2/1.1 MB | 0.5/125 kBProgress (5): 2.1/3.9 MB | 1.5/6.6 MB | 0.8/16 MB | 0.2/1.1 MB | 0.5/125 kBProgress (5): 2.1/3.9 MB | 1.5/6.6 MB | 0.8/16 MB | 0.2/1.1 MB | 0.5/125 kBProgress (5): 2.2/3.9 MB | 1.5/6.6 MB | 0.8/16 MB | 0.2/1.1 MB | 0.5/125 kBProgress (5): 2.2/3.9 MB | 1.5/6.6 MB | 0.8/16 MB | 0.2/1.1 MB | 0.5/125 kBProgress (5): 2.2/3.9 MB | 1.5/6.6 MB | 0.8/16 MB | 0.2/1.1 MB | 0.5/125 kBProgress (5): 2.2/3.9 MB | 1.5/6.6 MB | 0.8/16 MB | 0.2/1.1 MB | 17/125 kB Progress (5): 2.2/3.9 MB | 1.5/6.6 MB | 0.8/16 MB | 0.2/1.1 MB | 17/125 kBProgress (5): 2.2/3.9 MB | 1.5/6.6 MB | 0.8/16 MB | 0.2/1.1 MB | 17/125 kBProgress (5): 2.2/3.9 MB | 1.5/6.6 MB | 0.8/16 MB | 0.2/1.1 MB | 17/125 kBProgress (5): 2.2/3.9 MB | 1.5/6.6 MB | 0.9/16 MB | 0.2/1.1 MB | 17/125 kBProgress (5): 2.3/3.9 MB | 1.5/6.6 MB | 0.9/16 MB | 0.2/1.1 MB | 17/125 kBProgress (5): 2.3/3.9 MB | 1.5/6.6 MB | 0.9/16 MB | 0.2/1.1 MB | 17/125 kBProgress (5): 2.3/3.9 MB | 1.5/6.6 MB | 0.9/16 MB | 0.2/1.1 MB | 17/125 kBProgress (5): 2.3/3.9 MB | 1.5/6.6 MB | 0.9/16 MB | 0.2/1.1 MB | 17/125 kBProgress (5): 2.3/3.9 MB | 1.5/6.6 MB | 0.9/16 MB | 0.2/1.1 MB | 17/125 kBProgress (5): 2.3/3.9 MB | 1.5/6.6 MB | 0.9/16 MB | 0.2/1.1 MB | 17/125 kBProgress (5): 2.3/3.9 MB | 1.5/6.6 MB | 0.9/16 MB | 0.2/1.1 MB | 33/125 kBProgress (5): 2.3/3.9 MB | 1.5/6.6 MB | 0.9/16 MB | 0.2/1.1 MB | 33/125 kBProgress (5): 2.3/3.9 MB | 1.5/6.6 MB | 0.9/16 MB | 0.2/1.1 MB | 33/125 kBProgress (5): 2.3/3.9 MB | 1.5/6.6 MB | 0.9/16 MB | 0.2/1.1 MB | 33/125 kBProgress (5): 2.3/3.9 MB | 1.5/6.6 MB | 0.9/16 MB | 0.2/1.1 MB | 50/125 kBProgress (5): 2.3/3.9 MB | 1.5/6.6 MB | 0.9/16 MB | 0.2/1.1 MB | 50/125 kBProgress (5): 2.3/3.9 MB | 1.5/6.6 MB | 0.9/16 MB | 0.2/1.1 MB | 50/125 kBProgress (5): 2.3/3.9 MB | 1.5/6.6 MB | 0.9/16 MB | 0.2/1.1 MB | 50/125 kBProgress (5): 2.3/3.9 MB | 1.5/6.6 MB | 0.9/16 MB | 0.2/1.1 MB | 50/125 kBProgress (5): 2.4/3.9 MB | 1.5/6.6 MB | 0.9/16 MB | 0.2/1.1 MB | 50/125 kBProgress (5): 2.4/3.9 MB | 1.5/6.6 MB | 0.9/16 MB | 0.2/1.1 MB | 50/125 kBProgress (5): 2.4/3.9 MB | 1.5/6.6 MB | 0.9/16 MB | 0.2/1.1 MB | 50/125 kBProgress (5): 2.4/3.9 MB | 1.5/6.6 MB | 0.9/16 MB | 0.2/1.1 MB | 50/125 kBProgress (5): 2.4/3.9 MB | 1.5/6.6 MB | 0.9/16 MB | 0.2/1.1 MB | 50/125 kBProgress (5): 2.4/3.9 MB | 1.5/6.6 MB | 0.9/16 MB | 0.2/1.1 MB | 50/125 kBProgress (5): 2.4/3.9 MB | 1.5/6.6 MB | 0.9/16 MB | 0.2/1.1 MB | 66/125 kBProgress (5): 2.4/3.9 MB | 1.5/6.6 MB | 0.9/16 MB | 0.2/1.1 MB | 66/125 kBProgress (5): 2.4/3.9 MB | 1.5/6.6 MB | 0.9/16 MB | 0.2/1.1 MB | 66/125 kBProgress (5): 2.4/3.9 MB | 1.6/6.6 MB | 0.9/16 MB | 0.2/1.1 MB | 66/125 kBProgress (5): 2.4/3.9 MB | 1.6/6.6 MB | 0.9/16 MB | 0.3/1.1 MB | 66/125 kBProgress (5): 2.4/3.9 MB | 1.6/6.6 MB | 0.9/16 MB | 0.3/1.1 MB | 66/125 kBProgress (5): 2.5/3.9 MB | 1.6/6.6 MB | 0.9/16 MB | 0.3/1.1 MB | 66/125 kBProgress (5): 2.5/3.9 MB | 1.6/6.6 MB | 0.9/16 MB | 0.3/1.1 MB | 66/125 kBProgress (5): 2.5/3.9 MB | 1.6/6.6 MB | 0.9/16 MB | 0.3/1.1 MB | 66/125 kBProgress (5): 2.5/3.9 MB | 1.6/6.6 MB | 0.9/16 MB | 0.3/1.1 MB | 66/125 kBProgress (5): 2.5/3.9 MB | 1.6/6.6 MB | 0.9/16 MB | 0.3/1.1 MB | 66/125 kBProgress (5): 2.5/3.9 MB | 1.6/6.6 MB | 0.9/16 MB | 0.3/1.1 MB | 66/125 kBProgress (5): 2.5/3.9 MB | 1.6/6.6 MB | 0.9/16 MB | 0.3/1.1 MB | 66/125 kBProgress (5): 2.5/3.9 MB | 1.6/6.6 MB | 0.9/16 MB | 0.3/1.1 MB | 82/125 kBProgress (5): 2.5/3.9 MB | 1.6/6.6 MB | 1.0/16 MB | 0.3/1.1 MB | 82/125 kBProgress (5): 2.5/3.9 MB | 1.6/6.6 MB | 1.0/16 MB | 0.3/1.1 MB | 82/125 kBProgress (5): 2.5/3.9 MB | 1.6/6.6 MB | 1.0/16 MB | 0.3/1.1 MB | 99/125 kBProgress (5): 2.5/3.9 MB | 1.6/6.6 MB | 1.0/16 MB | 0.3/1.1 MB | 115/125 kBProgress (5): 2.5/3.9 MB | 1.6/6.6 MB | 1.0/16 MB | 0.3/1.1 MB | 125 kB    Progress (5): 2.5/3.9 MB | 1.6/6.6 MB | 1.0/16 MB | 0.3/1.1 MB | 125 kBProgress (5): 2.6/3.9 MB | 1.6/6.6 MB | 1.0/16 MB | 0.3/1.1 MB | 125 kBProgress (5): 2.6/3.9 MB | 1.6/6.6 MB | 1.0/16 MB | 0.3/1.1 MB | 125 kBProgress (5): 2.6/3.9 MB | 1.6/6.6 MB | 1.0/16 MB | 0.3/1.1 MB | 125 kBProgress (5): 2.6/3.9 MB | 1.6/6.6 MB | 1.0/16 MB | 0.3/1.1 MB | 125 kBProgress (5): 2.6/3.9 MB | 1.6/6.6 MB | 1.0/16 MB | 0.3/1.1 MB | 125 kBProgress (5): 2.6/3.9 MB | 1.6/6.6 MB | 1.0/16 MB | 0.3/1.1 MB | 125 kBProgress (5): 2.6/3.9 MB | 1.6/6.6 MB | 1.0/16 MB | 0.3/1.1 MB | 125 kBProgress (5): 2.6/3.9 MB | 1.6/6.6 MB | 1.0/16 MB | 0.3/1.1 MB | 125 kBProgress (5): 2.7/3.9 MB | 1.6/6.6 MB | 1.0/16 MB | 0.3/1.1 MB | 125 kBProgress (5): 2.7/3.9 MB | 1.6/6.6 MB | 1.0/16 MB | 0.3/1.1 MB | 125 kBProgress (5): 2.7/3.9 MB | 1.6/6.6 MB | 1.0/16 MB | 0.3/1.1 MB | 125 kBProgress (5): 2.7/3.9 MB | 1.6/6.6 MB | 1.0/16 MB | 0.3/1.1 MB | 125 kBProgress (5): 2.7/3.9 MB | 1.6/6.6 MB | 1.0/16 MB | 0.3/1.1 MB | 125 kBProgress (5): 2.7/3.9 MB | 1.6/6.6 MB | 1.0/16 MB | 0.3/1.1 MB | 125 kBProgress (5): 2.7/3.9 MB | 1.6/6.6 MB | 1.0/16 MB | 0.3/1.1 MB | 125 kBProgress (5): 2.7/3.9 MB | 1.6/6.6 MB | 1.0/16 MB | 0.3/1.1 MB | 125 kBProgress (5): 2.7/3.9 MB | 1.6/6.6 MB | 1.0/16 MB | 0.3/1.1 MB | 125 kBProgress (5): 2.8/3.9 MB | 1.6/6.6 MB | 1.0/16 MB | 0.3/1.1 MB | 125 kBProgress (5): 2.8/3.9 MB | 1.6/6.6 MB | 1.0/16 MB | 0.3/1.1 MB | 125 kBProgress (5): 2.8/3.9 MB | 1.6/6.6 MB | 1.0/16 MB | 0.3/1.1 MB | 125 kBProgress (5): 2.8/3.9 MB | 1.6/6.6 MB | 1.0/16 MB | 0.3/1.1 MB | 125 kBProgress (5): 2.8/3.9 MB | 1.6/6.6 MB | 1.0/16 MB | 0.3/1.1 MB | 125 kBProgress (5): 2.8/3.9 MB | 1.6/6.6 MB | 1.0/16 MB | 0.3/1.1 MB | 125 kBProgress (5): 2.8/3.9 MB | 1.6/6.6 MB | 1.0/16 MB | 0.3/1.1 MB | 125 kBProgress (5): 2.8/3.9 MB | 1.6/6.6 MB | 1.0/16 MB | 0.3/1.1 MB | 125 kBProgress (5): 2.8/3.9 MB | 1.6/6.6 MB | 1.0/16 MB | 0.4/1.1 MB | 125 kBProgress (5): 2.8/3.9 MB | 1.6/6.6 MB | 1.0/16 MB | 0.4/1.1 MB | 125 kBProgress (5): 2.8/3.9 MB | 1.6/6.6 MB | 1.0/16 MB | 0.4/1.1 MB | 125 kBProgress (5): 2.8/3.9 MB | 1.6/6.6 MB | 1.0/16 MB | 0.4/1.1 MB | 125 kBProgress (5): 2.8/3.9 MB | 1.6/6.6 MB | 1.0/16 MB | 0.4/1.1 MB | 125 kBProgress (5): 2.8/3.9 MB | 1.6/6.6 MB | 1.0/16 MB | 0.4/1.1 MB | 125 kBProgress (5): 2.9/3.9 MB | 1.6/6.6 MB | 1.0/16 MB | 0.4/1.1 MB | 125 kBProgress (5): 2.9/3.9 MB | 1.6/6.6 MB | 1.0/16 MB | 0.4/1.1 MB | 125 kBProgress (5): 2.9/3.9 MB | 1.6/6.6 MB | 1.0/16 MB | 0.4/1.1 MB | 125 kBProgress (5): 2.9/3.9 MB | 1.6/6.6 MB | 1.0/16 MB | 0.4/1.1 MB | 125 kBProgress (5): 2.9/3.9 MB | 1.6/6.6 MB | 1.0/16 MB | 0.4/1.1 MB | 125 kBProgress (5): 2.9/3.9 MB | 1.6/6.6 MB | 1.0/16 MB | 0.4/1.1 MB | 125 kBProgress (5): 2.9/3.9 MB | 1.6/6.6 MB | 1.0/16 MB | 0.4/1.1 MB | 125 kBProgress (5): 2.9/3.9 MB | 1.6/6.6 MB | 1.0/16 MB | 0.4/1.1 MB | 125 kBProgress (5): 2.9/3.9 MB | 1.6/6.6 MB | 1.0/16 MB | 0.4/1.1 MB | 125 kBProgress (5): 2.9/3.9 MB | 1.7/6.6 MB | 1.0/16 MB | 0.4/1.1 MB | 125 kBProgress (5): 2.9/3.9 MB | 1.7/6.6 MB | 1.0/16 MB | 0.4/1.1 MB | 125 kBProgress (5): 2.9/3.9 MB | 1.7/6.6 MB | 1.0/16 MB | 0.4/1.1 MB | 125 kBProgress (5): 2.9/3.9 MB | 1.7/6.6 MB | 1.0/16 MB | 0.5/1.1 MB | 125 kBProgress (5): 2.9/3.9 MB | 1.7/6.6 MB | 1.0/16 MB | 0.5/1.1 MB | 125 kBProgress (5): 2.9/3.9 MB | 1.7/6.6 MB | 1.0/16 MB | 0.5/1.1 MB | 125 kBProgress (5): 2.9/3.9 MB | 1.7/6.6 MB | 1.0/16 MB | 0.5/1.1 MB | 125 kBProgress (5): 2.9/3.9 MB | 1.7/6.6 MB | 1.0/16 MB | 0.5/1.1 MB | 125 kBProgress (5): 2.9/3.9 MB | 1.7/6.6 MB | 1.0/16 MB | 0.5/1.1 MB | 125 kBProgress (5): 2.9/3.9 MB | 1.7/6.6 MB | 1.0/16 MB | 0.5/1.1 MB | 125 kBProgress (5): 2.9/3.9 MB | 1.7/6.6 MB | 1.0/16 MB | 0.5/1.1 MB | 125 kBProgress (5): 2.9/3.9 MB | 1.7/6.6 MB | 1.0/16 MB | 0.5/1.1 MB | 125 kBProgress (5): 2.9/3.9 MB | 1.7/6.6 MB | 1.0/16 MB | 0.5/1.1 MB | 125 kBProgress (5): 2.9/3.9 MB | 1.7/6.6 MB | 1.0/16 MB | 0.5/1.1 MB | 125 kBProgress (5): 2.9/3.9 MB | 1.7/6.6 MB | 1.0/16 MB | 0.5/1.1 MB | 125 kBProgress (5): 2.9/3.9 MB | 1.7/6.6 MB | 1.0/16 MB | 0.5/1.1 MB | 125 kBProgress (5): 3.0/3.9 MB | 1.7/6.6 MB | 1.0/16 MB | 0.5/1.1 MB | 125 kBProgress (5): 3.0/3.9 MB | 1.7/6.6 MB | 1.0/16 MB | 0.5/1.1 MB | 125 kBProgress (5): 3.0/3.9 MB | 1.7/6.6 MB | 1.0/16 MB | 0.5/1.1 MB | 125 kBProgress (5): 3.0/3.9 MB | 1.7/6.6 MB | 1.0/16 MB | 0.5/1.1 MB | 125 kBProgress (5): 3.0/3.9 MB | 1.7/6.6 MB | 1.1/16 MB | 0.5/1.1 MB | 125 kBProgress (5): 3.0/3.9 MB | 1.7/6.6 MB | 1.1/16 MB | 0.5/1.1 MB | 125 kBProgress (5): 3.0/3.9 MB | 1.7/6.6 MB | 1.1/16 MB | 0.5/1.1 MB | 125 kBProgress (5): 3.0/3.9 MB | 1.7/6.6 MB | 1.1/16 MB | 0.5/1.1 MB | 125 kBProgress (5): 3.0/3.9 MB | 1.7/6.6 MB | 1.1/16 MB | 0.5/1.1 MB | 125 kBProgress (5): 3.0/3.9 MB | 1.7/6.6 MB | 1.1/16 MB | 0.5/1.1 MB | 125 kBProgress (5): 3.0/3.9 MB | 1.7/6.6 MB | 1.1/16 MB | 0.5/1.1 MB | 125 kBProgress (5): 3.0/3.9 MB | 1.7/6.6 MB | 1.1/16 MB | 0.6/1.1 MB | 125 kBProgress (5): 3.0/3.9 MB | 1.7/6.6 MB | 1.1/16 MB | 0.6/1.1 MB | 125 kBProgress (5): 3.0/3.9 MB | 1.7/6.6 MB | 1.1/16 MB | 0.6/1.1 MB | 125 kBProgress (5): 3.0/3.9 MB | 1.7/6.6 MB | 1.1/16 MB | 0.6/1.1 MB | 125 kBProgress (5): 3.0/3.9 MB | 1.8/6.6 MB | 1.1/16 MB | 0.6/1.1 MB | 125 kBProgress (5): 3.0/3.9 MB | 1.8/6.6 MB | 1.1/16 MB | 0.6/1.1 MB | 125 kBProgress (5): 3.0/3.9 MB | 1.8/6.6 MB | 1.1/16 MB | 0.6/1.1 MB | 125 kBProgress (5): 3.0/3.9 MB | 1.8/6.6 MB | 1.2/16 MB | 0.6/1.1 MB | 125 kBProgress (5): 3.0/3.9 MB | 1.8/6.6 MB | 1.2/16 MB | 0.6/1.1 MB | 125 kBProgress (5): 3.0/3.9 MB | 1.8/6.6 MB | 1.2/16 MB | 0.6/1.1 MB | 125 kBProgress (5): 3.0/3.9 MB | 1.8/6.6 MB | 1.2/16 MB | 0.6/1.1 MB | 125 kBProgress (5): 3.0/3.9 MB | 1.8/6.6 MB | 1.2/16 MB | 0.6/1.1 MB | 125 kBProgress (5): 3.0/3.9 MB | 1.8/6.6 MB | 1.2/16 MB | 0.6/1.1 MB | 125 kBProgress (5): 3.0/3.9 MB | 1.8/6.6 MB | 1.2/16 MB | 0.6/1.1 MB | 125 kBProgress (5): 3.0/3.9 MB | 1.8/6.6 MB | 1.2/16 MB | 0.6/1.1 MB | 125 kBProgress (5): 3.0/3.9 MB | 1.8/6.6 MB | 1.2/16 MB | 0.6/1.1 MB | 125 kBProgress (5): 3.1/3.9 MB | 1.8/6.6 MB | 1.2/16 MB | 0.6/1.1 MB | 125 kBProgress (5): 3.1/3.9 MB | 1.8/6.6 MB | 1.2/16 MB | 0.7/1.1 MB | 125 kBProgress (5): 3.1/3.9 MB | 1.8/6.6 MB | 1.2/16 MB | 0.7/1.1 MB | 125 kBProgress (5): 3.1/3.9 MB | 1.8/6.6 MB | 1.2/16 MB | 0.7/1.1 MB | 125 kBProgress (5): 3.1/3.9 MB | 1.8/6.6 MB | 1.2/16 MB | 0.7/1.1 MB | 125 kBProgress (5): 3.1/3.9 MB | 1.8/6.6 MB | 1.2/16 MB | 0.7/1.1 MB | 125 kBProgress (5): 3.1/3.9 MB | 1.8/6.6 MB | 1.2/16 MB | 0.7/1.1 MB | 125 kBProgress (5): 3.1/3.9 MB | 1.8/6.6 MB | 1.2/16 MB | 0.7/1.1 MB | 125 kBProgress (5): 3.1/3.9 MB | 1.8/6.6 MB | 1.2/16 MB | 0.7/1.1 MB | 125 kBProgress (5): 3.1/3.9 MB | 1.8/6.6 MB | 1.2/16 MB | 0.7/1.1 MB | 125 kBProgress (5): 3.1/3.9 MB | 1.8/6.6 MB | 1.2/16 MB | 0.7/1.1 MB | 125 kBProgress (5): 3.1/3.9 MB | 1.8/6.6 MB | 1.2/16 MB | 0.7/1.1 MB | 125 kBProgress (5): 3.1/3.9 MB | 1.8/6.6 MB | 1.2/16 MB | 0.7/1.1 MB | 125 kBProgress (5): 3.1/3.9 MB | 1.8/6.6 MB | 1.2/16 MB | 0.7/1.1 MB | 125 kBProgress (5): 3.1/3.9 MB | 1.8/6.6 MB | 1.2/16 MB | 0.7/1.1 MB | 125 kBProgress (5): 3.1/3.9 MB | 1.8/6.6 MB | 1.2/16 MB | 0.7/1.1 MB | 125 kBProgress (5): 3.1/3.9 MB | 1.8/6.6 MB | 1.2/16 MB | 0.7/1.1 MB | 125 kBProgress (5): 3.1/3.9 MB | 1.8/6.6 MB | 1.2/16 MB | 0.7/1.1 MB | 125 kBProgress (5): 3.2/3.9 MB | 1.8/6.6 MB | 1.2/16 MB | 0.7/1.1 MB | 125 kBProgress (5): 3.2/3.9 MB | 1.8/6.6 MB | 1.2/16 MB | 0.8/1.1 MB | 125 kBProgress (5): 3.2/3.9 MB | 1.8/6.6 MB | 1.3/16 MB | 0.8/1.1 MB | 125 kBProgress (5): 3.2/3.9 MB | 1.8/6.6 MB | 1.3/16 MB | 0.8/1.1 MB | 125 kBProgress (5): 3.2/3.9 MB | 1.8/6.6 MB | 1.3/16 MB | 0.8/1.1 MB | 125 kBProgress (5): 3.2/3.9 MB | 1.8/6.6 MB | 1.3/16 MB | 0.8/1.1 MB | 125 kBProgress (5): 3.2/3.9 MB | 1.9/6.6 MB | 1.3/16 MB | 0.8/1.1 MB | 125 kBProgress (5): 3.2/3.9 MB | 1.9/6.6 MB | 1.3/16 MB | 0.8/1.1 MB | 125 kBProgress (5): 3.2/3.9 MB | 1.9/6.6 MB | 1.3/16 MB | 0.8/1.1 MB | 125 kBProgress (5): 3.2/3.9 MB | 1.9/6.6 MB | 1.3/16 MB | 0.8/1.1 MB | 125 kBProgress (5): 3.2/3.9 MB | 1.9/6.6 MB | 1.3/16 MB | 0.8/1.1 MB | 125 kBProgress (5): 3.2/3.9 MB | 1.9/6.6 MB | 1.3/16 MB | 0.8/1.1 MB | 125 kBProgress (5): 3.2/3.9 MB | 1.9/6.6 MB | 1.3/16 MB | 0.8/1.1 MB | 125 kBProgress (5): 3.2/3.9 MB | 1.9/6.6 MB | 1.3/16 MB | 0.8/1.1 MB | 125 kBProgress (5): 3.2/3.9 MB | 1.9/6.6 MB | 1.3/16 MB | 0.8/1.1 MB | 125 kBProgress (5): 3.2/3.9 MB | 1.9/6.6 MB | 1.3/16 MB | 0.8/1.1 MB | 125 kBProgress (5): 3.2/3.9 MB | 1.9/6.6 MB | 1.3/16 MB | 0.8/1.1 MB | 125 kBProgress (5): 3.2/3.9 MB | 1.9/6.6 MB | 1.3/16 MB | 0.8/1.1 MB | 125 kBProgress (5): 3.2/3.9 MB | 1.9/6.6 MB | 1.3/16 MB | 0.8/1.1 MB | 125 kBProgress (5): 3.2/3.9 MB | 1.9/6.6 MB | 1.3/16 MB | 0.9/1.1 MB | 125 kBProgress (5): 3.2/3.9 MB | 1.9/6.6 MB | 1.3/16 MB | 0.9/1.1 MB | 125 kBProgress (5): 3.3/3.9 MB | 1.9/6.6 MB | 1.3/16 MB | 0.9/1.1 MB | 125 kBProgress (5): 3.3/3.9 MB | 1.9/6.6 MB | 1.3/16 MB | 0.9/1.1 MB | 125 kBProgress (5): 3.3/3.9 MB | 1.9/6.6 MB | 1.3/16 MB | 0.9/1.1 MB | 125 kBProgress (5): 3.3/3.9 MB | 1.9/6.6 MB | 1.3/16 MB | 0.9/1.1 MB | 125 kBProgress (5): 3.3/3.9 MB | 1.9/6.6 MB | 1.3/16 MB | 0.9/1.1 MB | 125 kBProgress (5): 3.3/3.9 MB | 1.9/6.6 MB | 1.3/16 MB | 0.9/1.1 MB | 125 kBProgress (5): 3.3/3.9 MB | 1.9/6.6 MB | 1.3/16 MB | 0.9/1.1 MB | 125 kBProgress (5): 3.3/3.9 MB | 1.9/6.6 MB | 1.3/16 MB | 0.9/1.1 MB | 125 kBProgress (5): 3.3/3.9 MB | 1.9/6.6 MB | 1.3/16 MB | 0.9/1.1 MB | 125 kBProgress (5): 3.3/3.9 MB | 1.9/6.6 MB | 1.3/16 MB | 0.9/1.1 MB | 125 kBProgress (5): 3.3/3.9 MB | 1.9/6.6 MB | 1.3/16 MB | 0.9/1.1 MB | 125 kBProgress (5): 3.3/3.9 MB | 1.9/6.6 MB | 1.3/16 MB | 0.9/1.1 MB | 125 kBProgress (5): 3.3/3.9 MB | 1.9/6.6 MB | 1.3/16 MB | 0.9/1.1 MB | 125 kBProgress (5): 3.3/3.9 MB | 1.9/6.6 MB | 1.3/16 MB | 0.9/1.1 MB | 125 kBProgress (5): 3.4/3.9 MB | 1.9/6.6 MB | 1.3/16 MB | 0.9/1.1 MB | 125 kBProgress (5): 3.4/3.9 MB | 1.9/6.6 MB | 1.4/16 MB | 0.9/1.1 MB | 125 kBProgress (5): 3.4/3.9 MB | 1.9/6.6 MB | 1.4/16 MB | 0.9/1.1 MB | 125 kBProgress (5): 3.4/3.9 MB | 1.9/6.6 MB | 1.4/16 MB | 0.9/1.1 MB | 125 kBProgress (5): 3.4/3.9 MB | 1.9/6.6 MB | 1.4/16 MB | 0.9/1.1 MB | 125 kBProgress (5): 3.4/3.9 MB | 1.9/6.6 MB | 1.4/16 MB | 0.9/1.1 MB | 125 kBProgress (5): 3.4/3.9 MB | 1.9/6.6 MB | 1.4/16 MB | 0.9/1.1 MB | 125 kBProgress (5): 3.4/3.9 MB | 1.9/6.6 MB | 1.4/16 MB | 0.9/1.1 MB | 125 kBProgress (5): 3.4/3.9 MB | 1.9/6.6 MB | 1.4/16 MB | 1.0/1.1 MB | 125 kBProgress (5): 3.4/3.9 MB | 1.9/6.6 MB | 1.4/16 MB | 1.0/1.1 MB | 125 kBProgress (5): 3.4/3.9 MB | 1.9/6.6 MB | 1.4/16 MB | 1.0/1.1 MB | 125 kBProgress (5): 3.4/3.9 MB | 1.9/6.6 MB | 1.4/16 MB | 1.0/1.1 MB | 125 kBProgress (5): 3.4/3.9 MB | 2.0/6.6 MB | 1.4/16 MB | 1.0/1.1 MB | 125 kBProgress (5): 3.4/3.9 MB | 2.0/6.6 MB | 1.4/16 MB | 1.0/1.1 MB | 125 kBProgress (5): 3.4/3.9 MB | 2.0/6.6 MB | 1.4/16 MB | 1.0/1.1 MB | 125 kBProgress (5): 3.4/3.9 MB | 2.0/6.6 MB | 1.4/16 MB | 1.0/1.1 MB | 125 kBProgress (5): 3.4/3.9 MB | 2.0/6.6 MB | 1.4/16 MB | 1.0/1.1 MB | 125 kBProgress (5): 3.4/3.9 MB | 2.0/6.6 MB | 1.4/16 MB | 1.0/1.1 MB | 125 kBProgress (5): 3.4/3.9 MB | 2.0/6.6 MB | 1.4/16 MB | 1.0/1.1 MB | 125 kBProgress (5): 3.4/3.9 MB | 2.0/6.6 MB | 1.4/16 MB | 1.0/1.1 MB | 125 kBProgress (5): 3.4/3.9 MB | 2.0/6.6 MB | 1.4/16 MB | 1.0/1.1 MB | 125 kBProgress (5): 3.4/3.9 MB | 2.0/6.6 MB | 1.4/16 MB | 1.0/1.1 MB | 125 kBProgress (5): 3.4/3.9 MB | 2.0/6.6 MB | 1.4/16 MB | 1.0/1.1 MB | 125 kBProgress (5): 3.4/3.9 MB | 2.0/6.6 MB | 1.4/16 MB | 1.0/1.1 MB | 125 kBProgress (5): 3.5/3.9 MB | 2.0/6.6 MB | 1.4/16 MB | 1.0/1.1 MB | 125 kBProgress (5): 3.5/3.9 MB | 2.0/6.6 MB | 1.4/16 MB | 1.0/1.1 MB | 125 kBProgress (5): 3.5/3.9 MB | 2.0/6.6 MB | 1.4/16 MB | 1.0/1.1 MB | 125 kBProgress (5): 3.5/3.9 MB | 2.0/6.6 MB | 1.5/16 MB | 1.0/1.1 MB | 125 kBProgress (5): 3.5/3.9 MB | 2.0/6.6 MB | 1.5/16 MB | 1.1/1.1 MB | 125 kBProgress (5): 3.5/3.9 MB | 2.0/6.6 MB | 1.5/16 MB | 1.1/1.1 MB | 125 kBProgress (5): 3.5/3.9 MB | 2.0/6.6 MB | 1.5/16 MB | 1.1/1.1 MB | 125 kBProgress (5): 3.5/3.9 MB | 2.0/6.6 MB | 1.5/16 MB | 1.1/1.1 MB | 125 kBProgress (5): 3.5/3.9 MB | 2.0/6.6 MB | 1.5/16 MB | 1.1 MB | 125 kB    Progress (5): 3.5/3.9 MB | 2.0/6.6 MB | 1.5/16 MB | 1.1 MB | 125 kBProgress (5): 3.5/3.9 MB | 2.0/6.6 MB | 1.5/16 MB | 1.1 MB | 125 kBProgress (5): 3.5/3.9 MB | 2.1/6.6 MB | 1.5/16 MB | 1.1 MB | 125 kBProgress (5): 3.5/3.9 MB | 2.1/6.6 MB | 1.5/16 MB | 1.1 MB | 125 kBProgress (5): 3.5/3.9 MB | 2.1/6.6 MB | 1.5/16 MB | 1.1 MB | 125 kBProgress (5): 3.6/3.9 MB | 2.1/6.6 MB | 1.5/16 MB | 1.1 MB | 125 kBProgress (5): 3.6/3.9 MB | 2.1/6.6 MB | 1.5/16 MB | 1.1 MB | 125 kBProgress (5): 3.6/3.9 MB | 2.1/6.6 MB | 1.5/16 MB | 1.1 MB | 125 kBProgress (5): 3.6/3.9 MB | 2.1/6.6 MB | 1.5/16 MB | 1.1 MB | 125 kBProgress (5): 3.6/3.9 MB | 2.1/6.6 MB | 1.5/16 MB | 1.1 MB | 125 kBProgress (5): 3.6/3.9 MB | 2.1/6.6 MB | 1.5/16 MB | 1.1 MB | 125 kBProgress (5): 3.6/3.9 MB | 2.1/6.6 MB | 1.5/16 MB | 1.1 MB | 125 kBProgress (5): 3.6/3.9 MB | 2.1/6.6 MB | 1.5/16 MB | 1.1 MB | 125 kBProgress (5): 3.6/3.9 MB | 2.1/6.6 MB | 1.5/16 MB | 1.1 MB | 125 kBProgress (5): 3.6/3.9 MB | 2.1/6.6 MB | 1.5/16 MB | 1.1 MB | 125 kBProgress (5): 3.6/3.9 MB | 2.1/6.6 MB | 1.5/16 MB | 1.1 MB | 125 kBProgress (5): 3.6/3.9 MB | 2.1/6.6 MB | 1.5/16 MB | 1.1 MB | 125 kBProgress (5): 3.6/3.9 MB | 2.1/6.6 MB | 1.5/16 MB | 1.1 MB | 125 kBProgress (5): 3.7/3.9 MB | 2.1/6.6 MB | 1.5/16 MB | 1.1 MB | 125 kBProgress (5): 3.7/3.9 MB | 2.1/6.6 MB | 1.6/16 MB | 1.1 MB | 125 kBProgress (5): 3.7/3.9 MB | 2.1/6.6 MB | 1.6/16 MB | 1.1 MB | 125 kBProgress (5): 3.7/3.9 MB | 2.1/6.6 MB | 1.6/16 MB | 1.1 MB | 125 kBProgress (5): 3.7/3.9 MB | 2.1/6.6 MB | 1.6/16 MB | 1.1 MB | 125 kBProgress (5): 3.7/3.9 MB | 2.1/6.6 MB | 1.6/16 MB | 1.1 MB | 125 kBProgress (5): 3.7/3.9 MB | 2.1/6.6 MB | 1.6/16 MB | 1.1 MB | 125 kBProgress (5): 3.7/3.9 MB | 2.1/6.6 MB | 1.6/16 MB | 1.1 MB | 125 kBProgress (5): 3.7/3.9 MB | 2.1/6.6 MB | 1.6/16 MB | 1.1 MB | 125 kBProgress (5): 3.7/3.9 MB | 2.1/6.6 MB | 1.6/16 MB | 1.1 MB | 125 kB                                                                   Downloaded from aliyun: https://maven.aliyun.com/repository/public/org/xhtmlrenderer/core-renderer/R8/core-renderer-R8.jar (1.1 MB at 883 kB/s)
Downloading from aliyun: https://maven.aliyun.com/repository/public/com/google/zxing/core/3.3.1/core-3.3.1.jar
Progress (4): 3.7/3.9 MB | 2.1/6.6 MB | 1.6/16 MB | 125 kBProgress (4): 3.7/3.9 MB | 2.1/6.6 MB | 1.6/16 MB | 125 kBProgress (4): 3.7/3.9 MB | 2.2/6.6 MB | 1.6/16 MB | 125 kBProgress (4): 3.7/3.9 MB | 2.2/6.6 MB | 1.6/16 MB | 125 kBProgress (4): 3.7/3.9 MB | 2.2/6.6 MB | 1.6/16 MB | 125 kBProgress (4): 3.8/3.9 MB | 2.2/6.6 MB | 1.6/16 MB | 125 kBProgress (4): 3.8/3.9 MB | 2.2/6.6 MB | 1.6/16 MB | 125 kBProgress (4): 3.8/3.9 MB | 2.2/6.6 MB | 1.6/16 MB | 125 kBProgress (4): 3.8/3.9 MB | 2.2/6.6 MB | 1.6/16 MB | 125 kBProgress (4): 3.8/3.9 MB | 2.2/6.6 MB | 1.6/16 MB | 125 kBProgress (4): 3.8/3.9 MB | 2.2/6.6 MB | 1.6/16 MB | 125 kBProgress (4): 3.9/3.9 MB | 2.2/6.6 MB | 1.6/16 MB | 125 kBProgress (4): 3.9/3.9 MB | 2.2/6.6 MB | 1.6/16 MB | 125 kBProgress (4): 3.9/3.9 MB | 2.2/6.6 MB | 1.6/16 MB | 125 kBProgress (4): 3.9/3.9 MB | 2.2/6.6 MB | 1.6/16 MB | 125 kBProgress (4): 3.9/3.9 MB | 2.2/6.6 MB | 1.6/16 MB | 125 kBProgress (4): 3.9/3.9 MB | 2.2/6.6 MB | 1.6/16 MB | 125 kBProgress (4): 3.9/3.9 MB | 2.2/6.6 MB | 1.6/16 MB | 125 kBProgress (5): 3.9/3.9 MB | 2.2/6.6 MB | 1.6/16 MB | 125 kB | 7.3/545 kBProgress (5): 3.9/3.9 MB | 2.2/6.6 MB | 1.6/16 MB | 125 kB | 16/545 kB Progress (5): 3.9/3.9 MB | 2.2/6.6 MB | 1.6/16 MB | 125 kB | 16/545 kBProgress (5): 3.9/3.9 MB | 2.2/6.6 MB | 1.6/16 MB | 125 kB | 32/545 kBProgress (5): 3.9/3.9 MB | 2.2/6.6 MB | 1.7/16 MB | 125 kB | 32/545 kBProgress (5): 3.9/3.9 MB | 2.2/6.6 MB | 1.7/16 MB | 125 kB | 32/545 kBProgress (5): 3.9/3.9 MB | 2.2/6.6 MB | 1.7/16 MB | 125 kB | 48/545 kBProgress (5): 3.9/3.9 MB | 2.2/6.6 MB | 1.7/16 MB | 125 kB | 48/545 kBProgress (5): 3.9/3.9 MB | 2.3/6.6 MB | 1.7/16 MB | 125 kB | 48/545 kBProgress (5): 3.9/3.9 MB | 2.3/6.6 MB | 1.7/16 MB | 125 kB | 48/545 kBProgress (5): 3.9/3.9 MB | 2.3/6.6 MB | 1.7/16 MB | 125 kB | 48/545 kBProgress (5): 3.9/3.9 MB | 2.3/6.6 MB | 1.7/16 MB | 125 kB | 48/545 kBProgress (5): 3.9/3.9 MB | 2.3/6.6 MB | 1.7/16 MB | 125 kB | 65/545 kBProgress (5): 3.9/3.9 MB | 2.3/6.6 MB | 1.7/16 MB | 125 kB | 65/545 kBProgress (5): 3.9 MB | 2.3/6.6 MB | 1.7/16 MB | 125 kB | 65/545 kB    Progress (5): 3.9 MB | 2.3/6.6 MB | 1.7/16 MB | 125 kB | 65/545 kBProgress (5): 3.9 MB | 2.3/6.6 MB | 1.7/16 MB | 125 kB | 65/545 kBProgress (5): 3.9 MB | 2.3/6.6 MB | 1.7/16 MB | 125 kB | 65/545 kBProgress (5): 3.9 MB | 2.3/6.6 MB | 1.7/16 MB | 125 kB | 81/545 kBProgress (5): 3.9 MB | 2.3/6.6 MB | 1.8/16 MB | 125 kB | 81/545 kBProgress (5): 3.9 MB | 2.3/6.6 MB | 1.8/16 MB | 125 kB | 81/545 kBProgress (5): 3.9 MB | 2.3/6.6 MB | 1.8/16 MB | 125 kB | 97/545 kBProgress (5): 3.9 MB | 2.3/6.6 MB | 1.8/16 MB | 125 kB | 97/545 kBProgress (5): 3.9 MB | 2.3/6.6 MB | 1.8/16 MB | 125 kB | 97/545 kBProgress (5): 3.9 MB | 2.3/6.6 MB | 1.8/16 MB | 125 kB | 97/545 kBProgress (5): 3.9 MB | 2.3/6.6 MB | 1.8/16 MB | 125 kB | 114/545 kB                                                                   Downloaded from aliyun: https://maven.aliyun.com/repository/public/com/alipay/sdk/alipay-sdk-java/3.1.0/alipay-sdk-java-3.1.0.jar (3.9 MB at 3.0 MB/s)
Downloading from aliyun: https://maven.aliyun.com/repository/public/com/github/librepdf/openpdf/1.3.27/openpdf-1.3.27.jar
Progress (4): 2.3/6.6 MB | 1.8/16 MB | 125 kB | 114/545 kBProgress (4): 2.3/6.6 MB | 1.8/16 MB | 125 kB | 130/545 kBProgress (4): 2.3/6.6 MB | 1.8/16 MB | 125 kB | 130/545 kBProgress (4): 2.3/6.6 MB | 1.8/16 MB | 125 kB | 146/545 kBProgress (4): 2.3/6.6 MB | 1.8/16 MB | 125 kB | 160/545 kBProgress (4): 2.3/6.6 MB | 1.8/16 MB | 125 kB | 160/545 kBProgress (4): 2.4/6.6 MB | 1.8/16 MB | 125 kB | 160/545 kBProgress (4): 2.4/6.6 MB | 1.8/16 MB | 125 kB | 176/545 kBProgress (4): 2.4/6.6 MB | 1.8/16 MB | 125 kB | 176/545 kBProgress (4): 2.4/6.6 MB | 1.8/16 MB | 125 kB | 176/545 kBProgress (4): 2.4/6.6 MB | 1.8/16 MB | 125 kB | 192/545 kBProgress (4): 2.4/6.6 MB | 1.8/16 MB | 125 kB | 209/545 kBProgress (4): 2.4/6.6 MB | 1.8/16 MB | 125 kB | 209/545 kBProgress (4): 2.4/6.6 MB | 1.8/16 MB | 125 kB | 225/545 kBProgress (4): 2.4/6.6 MB | 1.8/16 MB | 125 kB | 225/545 kBProgress (4): 2.4/6.6 MB | 1.8/16 MB | 125 kB | 242/545 kBProgress (4): 2.4/6.6 MB | 1.9/16 MB | 125 kB | 242/545 kBProgress (4): 2.4/6.6 MB | 1.9/16 MB | 125 kB | 242/545 kBProgress (4): 2.4/6.6 MB | 1.9/16 MB | 125 kB | 242/545 kBProgress (4): 2.4/6.6 MB | 1.9/16 MB | 125 kB | 258/545 kBProgress (4): 2.4/6.6 MB | 1.9/16 MB | 125 kB | 258/545 kBProgress (4): 2.4/6.6 MB | 1.9/16 MB | 125 kB | 258/545 kBProgress (5): 2.4/6.6 MB | 1.9/16 MB | 125 kB | 258/545 kB | 0/2.1 MBProgress (5): 2.4/6.6 MB | 1.9/16 MB | 125 kB | 258/545 kB | 0/2.1 MBProgress (5): 2.4/6.6 MB | 1.9/16 MB | 125 kB | 258/545 kB | 0/2.1 MBProgress (5): 2.4/6.6 MB | 1.9/16 MB | 125 kB | 258/545 kB | 0/2.1 MBProgress (5): 2.4/6.6 MB | 1.9/16 MB | 125 kB | 258/545 kB | 0/2.1 MBProgress (5): 2.4/6.6 MB | 1.9/16 MB | 125 kB | 258/545 kB | 0.1/2.1 MBProgress (5): 2.4/6.6 MB | 1.9/16 MB | 125 kB | 258/545 kB | 0.1/2.1 MBProgress (5): 2.4/6.6 MB | 1.9/16 MB | 125 kB | 258/545 kB | 0.1/2.1 MBProgress (5): 2.4/6.6 MB | 1.9/16 MB | 125 kB | 258/545 kB | 0.1/2.1 MBProgress (5): 2.5/6.6 MB | 1.9/16 MB | 125 kB | 258/545 kB | 0.1/2.1 MBProgress (5): 2.5/6.6 MB | 1.9/16 MB | 125 kB | 258/545 kB | 0.1/2.1 MBProgress (5): 2.5/6.6 MB | 1.9/16 MB | 125 kB | 258/545 kB | 0.1/2.1 MBProgress (5): 2.5/6.6 MB | 1.9/16 MB | 125 kB | 258/545 kB | 0.1/2.1 MBProgress (5): 2.5/6.6 MB | 1.9/16 MB | 125 kB | 258/545 kB | 0.1/2.1 MBProgress (5): 2.5/6.6 MB | 1.9/16 MB | 125 kB | 274/545 kB | 0.1/2.1 MBProgress (5): 2.5/6.6 MB | 1.9/16 MB | 125 kB | 291/545 kB | 0.1/2.1 MBProgress (5): 2.5/6.6 MB | 1.9/16 MB | 125 kB | 307/545 kB | 0.1/2.1 MBProgress (5): 2.5/6.6 MB | 1.9/16 MB | 125 kB | 323/545 kB | 0.1/2.1 MBProgress (5): 2.5/6.6 MB | 1.9/16 MB | 125 kB | 340/545 kB | 0.1/2.1 MBProgress (5): 2.5/6.6 MB | 1.9/16 MB | 125 kB | 356/545 kB | 0.1/2.1 MBProgress (5): 2.5/6.6 MB | 1.9/16 MB | 125 kB | 364/545 kB | 0.1/2.1 MBProgress (5): 2.5/6.6 MB | 1.9/16 MB | 125 kB | 380/545 kB | 0.1/2.1 MBProgress (5): 2.5/6.6 MB | 1.9/16 MB | 125 kB | 383/545 kB | 0.1/2.1 MBProgress (5): 2.5/6.6 MB | 1.9/16 MB | 125 kB | 399/545 kB | 0.1/2.1 MBProgress (5): 2.5/6.6 MB | 1.9/16 MB | 125 kB | 399/545 kB | 0.1/2.1 MBProgress (5): 2.5/6.6 MB | 2.0/16 MB | 125 kB | 399/545 kB | 0.1/2.1 MBProgress (5): 2.5/6.6 MB | 2.0/16 MB | 125 kB | 416/545 kB | 0.1/2.1 MBProgress (5): 2.5/6.6 MB | 2.0/16 MB | 125 kB | 416/545 kB | 0.1/2.1 MBProgress (5): 2.5/6.6 MB | 2.0/16 MB | 125 kB | 416/545 kB | 0.1/2.1 MBProgress (5): 2.5/6.6 MB | 2.0/16 MB | 125 kB | 432/545 kB | 0.1/2.1 MBProgress (5): 2.5/6.6 MB | 2.0/16 MB | 125 kB | 441/545 kB | 0.1/2.1 MBProgress (5): 2.5/6.6 MB | 2.0/16 MB | 125 kB | 441/545 kB | 0.1/2.1 MBProgress (5): 2.5/6.6 MB | 2.0/16 MB | 125 kB | 441/545 kB | 0.1/2.1 MBProgress (5): 2.5/6.6 MB | 2.0/16 MB | 125 kB | 441/545 kB | 0.1/2.1 MBProgress (5): 2.5/6.6 MB | 2.0/16 MB | 125 kB | 441/545 kB | 0.1/2.1 MBProgress (5): 2.5/6.6 MB | 2.0/16 MB | 125 kB | 441/545 kB | 0.1/2.1 MBProgress (5): 2.5/6.6 MB | 2.0/16 MB | 125 kB | 441/545 kB | 0.1/2.1 MBProgress (5): 2.6/6.6 MB | 2.0/16 MB | 125 kB | 441/545 kB | 0.1/2.1 MBProgress (5): 2.6/6.6 MB | 2.0/16 MB | 125 kB | 458/545 kB | 0.1/2.1 MBProgress (5): 2.6/6.6 MB | 2.0/16 MB | 125 kB | 460/545 kB | 0.1/2.1 MBProgress (5): 2.6/6.6 MB | 2.0/16 MB | 125 kB | 460/545 kB | 0.1/2.1 MBProgress (5): 2.6/6.6 MB | 2.0/16 MB | 125 kB | 460/545 kB | 0.1/2.1 MBProgress (5): 2.6/6.6 MB | 2.0/16 MB | 125 kB | 477/545 kB | 0.1/2.1 MBProgress (5): 2.6/6.6 MB | 2.0/16 MB | 125 kB | 487/545 kB | 0.1/2.1 MBProgress (5): 2.6/6.6 MB | 2.0/16 MB | 125 kB | 487/545 kB | 0.2/2.1 MBProgress (5): 2.6/6.6 MB | 2.0/16 MB | 125 kB | 487/545 kB | 0.2/2.1 MBProgress (5): 2.6/6.6 MB | 2.0/16 MB | 125 kB | 503/545 kB | 0.2/2.1 MBProgress (5): 2.6/6.6 MB | 2.0/16 MB | 125 kB | 503/545 kB | 0.2/2.1 MBProgress (5): 2.6/6.6 MB | 2.0/16 MB | 125 kB | 503/545 kB | 0.2/2.1 MBProgress (5): 2.6/6.6 MB | 2.0/16 MB | 125 kB | 519/545 kB | 0.2/2.1 MBProgress (5): 2.6/6.6 MB | 2.0/16 MB | 125 kB | 519/545 kB | 0.2/2.1 MBProgress (5): 2.6/6.6 MB | 2.0/16 MB | 125 kB | 536/545 kB | 0.2/2.1 MBProgress (5): 2.6/6.6 MB | 2.0/16 MB | 125 kB | 536/545 kB | 0.2/2.1 MBProgress (5): 2.6/6.6 MB | 2.0/16 MB | 125 kB | 536/545 kB | 0.2/2.1 MBProgress (5): 2.6/6.6 MB | 2.0/16 MB | 125 kB | 536/545 kB | 0.2/2.1 MBProgress (5): 2.6/6.6 MB | 2.0/16 MB | 125 kB | 536/545 kB | 0.2/2.1 MBProgress (5): 2.6/6.6 MB | 2.0/16 MB | 125 kB | 536/545 kB | 0.2/2.1 MBProgress (5): 2.6/6.6 MB | 2.0/16 MB | 125 kB | 545 kB | 0.2/2.1 MB    Progress (5): 2.6/6.6 MB | 2.0/16 MB | 125 kB | 545 kB | 0.2/2.1 MBProgress (5): 2.6/6.6 MB | 2.0/16 MB | 125 kB | 545 kB | 0.2/2.1 MBProgress (5): 2.6/6.6 MB | 2.0/16 MB | 125 kB | 545 kB | 0.2/2.1 MBProgress (5): 2.7/6.6 MB | 2.0/16 MB | 125 kB | 545 kB | 0.2/2.1 MBProgress (5): 2.7/6.6 MB | 2.1/16 MB | 125 kB | 545 kB | 0.2/2.1 MBProgress (5): 2.7/6.6 MB | 2.1/16 MB | 125 kB | 545 kB | 0.2/2.1 MBProgress (5): 2.7/6.6 MB | 2.1/16 MB | 125 kB | 545 kB | 0.2/2.1 MBProgress (5): 2.7/6.6 MB | 2.1/16 MB | 125 kB | 545 kB | 0.3/2.1 MBProgress (5): 2.7/6.6 MB | 2.1/16 MB | 125 kB | 545 kB | 0.3/2.1 MBProgress (5): 2.7/6.6 MB | 2.1/16 MB | 125 kB | 545 kB | 0.3/2.1 MBProgress (5): 2.7/6.6 MB | 2.1/16 MB | 125 kB | 545 kB | 0.3/2.1 MBProgress (5): 2.7/6.6 MB | 2.1/16 MB | 125 kB | 545 kB | 0.3/2.1 MBProgress (5): 2.7/6.6 MB | 2.1/16 MB | 125 kB | 545 kB | 0.3/2.1 MBProgress (5): 2.7/6.6 MB | 2.1/16 MB | 125 kB | 545 kB | 0.3/2.1 MBProgress (5): 2.7/6.6 MB | 2.1/16 MB | 125 kB | 545 kB | 0.3/2.1 MBProgress (5): 2.7/6.6 MB | 2.1/16 MB | 125 kB | 545 kB | 0.3/2.1 MBProgress (5): 2.7/6.6 MB | 2.1/16 MB | 125 kB | 545 kB | 0.3/2.1 MBProgress (5): 2.7/6.6 MB | 2.1/16 MB | 125 kB | 545 kB | 0.3/2.1 MBProgress (5): 2.7/6.6 MB | 2.1/16 MB | 125 kB | 545 kB | 0.4/2.1 MBProgress (5): 2.8/6.6 MB | 2.1/16 MB | 125 kB | 545 kB | 0.4/2.1 MBProgress (5): 2.8/6.6 MB | 2.1/16 MB | 125 kB | 545 kB | 0.4/2.1 MBProgress (5): 2.8/6.6 MB | 2.1/16 MB | 125 kB | 545 kB | 0.4/2.1 MBProgress (5): 2.8/6.6 MB | 2.1/16 MB | 125 kB | 545 kB | 0.4/2.1 MBProgress (5): 2.8/6.6 MB | 2.1/16 MB | 125 kB | 545 kB | 0.4/2.1 MBProgress (5): 2.8/6.6 MB | 2.1/16 MB | 125 kB | 545 kB | 0.4/2.1 MBProgress (5): 2.8/6.6 MB | 2.1/16 MB | 125 kB | 545 kB | 0.4/2.1 MBProgress (5): 2.8/6.6 MB | 2.1/16 MB | 125 kB | 545 kB | 0.4/2.1 MBProgress (5): 2.8/6.6 MB | 2.1/16 MB | 125 kB | 545 kB | 0.4/2.1 MBProgress (5): 2.8/6.6 MB | 2.1/16 MB | 125 kB | 545 kB | 0.4/2.1 MB                                                                   Downloaded from aliyun: https://maven.aliyun.com/repository/public/net/sourceforge/nekohtml/nekohtml/1.9.22/nekohtml-1.9.22.jar (125 kB at 87 kB/s)
Downloading from aliyun: https://maven.aliyun.com/repository/public/org/jeecgframework/jimureport/jimureport-font/1.2.0/jimureport-font-1.2.0.jar
Progress (4): 2.8/6.6 MB | 2.1/16 MB | 545 kB | 0.4/2.1 MBProgress (4): 2.8/6.6 MB | 2.1/16 MB | 545 kB | 0.4/2.1 MBProgress (4): 2.8/6.6 MB | 2.1/16 MB | 545 kB | 0.5/2.1 MBProgress (4): 2.8/6.6 MB | 2.1/16 MB | 545 kB | 0.5/2.1 MBProgress (4): 2.9/6.6 MB | 2.1/16 MB | 545 kB | 0.5/2.1 MBProgress (4): 2.9/6.6 MB | 2.1/16 MB | 545 kB | 0.5/2.1 MB                                                          Downloaded from aliyun: https://maven.aliyun.com/repository/public/com/google/zxing/core/3.3.1/core-3.3.1.jar (545 kB at 374 kB/s)
Downloading from aliyun: https://maven.aliyun.com/repository/public/com/googlecode/aviator/aviator/5.2.6/aviator-5.2.6.jar
Progress (3): 2.9/6.6 MB | 2.1/16 MB | 0.5/2.1 MBProgress (3): 2.9/6.6 MB | 2.1/16 MB | 0.5/2.1 MBProgress (3): 2.9/6.6 MB | 2.1/16 MB | 0.5/2.1 MBProgress (3): 2.9/6.6 MB | 2.1/16 MB | 0.5/2.1 MBProgress (3): 2.9/6.6 MB | 2.1/16 MB | 0.5/2.1 MBProgress (3): 2.9/6.6 MB | 2.1/16 MB | 0.5/2.1 MBProgress (3): 2.9/6.6 MB | 2.1/16 MB | 0.5/2.1 MBProgress (3): 2.9/6.6 MB | 2.1/16 MB | 0.5/2.1 MBProgress (3): 2.9/6.6 MB | 2.1/16 MB | 0.5/2.1 MBProgress (3): 2.9/6.6 MB | 2.1/16 MB | 0.5/2.1 MBProgress (3): 2.9/6.6 MB | 2.1/16 MB | 0.5/2.1 MBProgress (3): 2.9/6.6 MB | 2.1/16 MB | 0.5/2.1 MBProgress (3): 2.9/6.6 MB | 2.1/16 MB | 0.5/2.1 MBProgress (3): 3.0/6.6 MB | 2.1/16 MB | 0.5/2.1 MBProgress (3): 3.0/6.6 MB | 2.1/16 MB | 0.6/2.1 MBProgress (3): 3.0/6.6 MB | 2.1/16 MB | 0.6/2.1 MBProgress (4): 3.0/6.6 MB | 2.1/16 MB | 0.6/2.1 MB | 1.9/599 kBProgress (4): 3.0/6.6 MB | 2.1/16 MB | 0.6/2.1 MB | 1.9/599 kBProgress (4): 3.0/6.6 MB | 2.1/16 MB | 0.6/2.1 MB | 18/599 kB Progress (4): 3.0/6.6 MB | 2.1/16 MB | 0.6/2.1 MB | 35/599 kBProgress (4): 3.0/6.6 MB | 2.2/16 MB | 0.6/2.1 MB | 35/599 kBProgress (4): 3.0/6.6 MB | 2.2/16 MB | 0.6/2.1 MB | 35/599 kBProgress (4): 3.0/6.6 MB | 2.2/16 MB | 0.6/2.1 MB | 51/599 kBProgress (4): 3.0/6.6 MB | 2.2/16 MB | 0.6/2.1 MB | 51/599 kBProgress (4): 3.0/6.6 MB | 2.2/16 MB | 0.6/2.1 MB | 51/599 kBProgress (4): 3.0/6.6 MB | 2.2/16 MB | 0.6/2.1 MB | 51/599 kBProgress (4): 3.0/6.6 MB | 2.2/16 MB | 0.6/2.1 MB | 67/599 kBProgress (4): 3.0/6.6 MB | 2.2/16 MB | 0.6/2.1 MB | 67/599 kBProgress (4): 3.0/6.6 MB | 2.2/16 MB | 0.6/2.1 MB | 84/599 kBProgress (4): 3.0/6.6 MB | 2.2/16 MB | 0.6/2.1 MB | 100/599 kBProgress (4): 3.0/6.6 MB | 2.2/16 MB | 0.6/2.1 MB | 117/599 kBProgress (4): 3.0/6.6 MB | 2.2/16 MB | 0.6/2.1 MB | 133/599 kBProgress (4): 3.0/6.6 MB | 2.2/16 MB | 0.6/2.1 MB | 133/599 kBProgress (4): 3.0/6.6 MB | 2.2/16 MB | 0.6/2.1 MB | 133/599 kBProgress (4): 3.0/6.6 MB | 2.2/16 MB | 0.6/2.1 MB | 133/599 kBProgress (4): 3.0/6.6 MB | 2.2/16 MB | 0.6/2.1 MB | 133/599 kBProgress (4): 3.1/6.6 MB | 2.2/16 MB | 0.6/2.1 MB | 133/599 kBProgress (4): 3.1/6.6 MB | 2.2/16 MB | 0.6/2.1 MB | 149/599 kBProgress (4): 3.1/6.6 MB | 2.2/16 MB | 0.6/2.1 MB | 149/599 kBProgress (4): 3.1/6.6 MB | 2.2/16 MB | 0.6/2.1 MB | 166/599 kBProgress (4): 3.1/6.6 MB | 2.2/16 MB | 0.6/2.1 MB | 166/599 kBProgress (4): 3.1/6.6 MB | 2.2/16 MB | 0.6/2.1 MB | 166/599 kBProgress (4): 3.1/6.6 MB | 2.2/16 MB | 0.6/2.1 MB | 182/599 kBProgress (4): 3.1/6.6 MB | 2.2/16 MB | 0.6/2.1 MB | 199/599 kBProgress (4): 3.1/6.6 MB | 2.2/16 MB | 0.6/2.1 MB | 215/599 kBProgress (4): 3.1/6.6 MB | 2.2/16 MB | 0.6/2.1 MB | 215/599 kBProgress (4): 3.1/6.6 MB | 2.2/16 MB | 0.7/2.1 MB | 215/599 kBProgress (4): 3.1/6.6 MB | 2.2/16 MB | 0.7/2.1 MB | 215/599 kBProgress (4): 3.1/6.6 MB | 2.2/16 MB | 0.7/2.1 MB | 231/599 kBProgress (4): 3.1/6.6 MB | 2.2/16 MB | 0.7/2.1 MB | 231/599 kBProgress (4): 3.1/6.6 MB | 2.2/16 MB | 0.7/2.1 MB | 231/599 kBProgress (4): 3.1/6.6 MB | 2.2/16 MB | 0.7/2.1 MB | 248/599 kBProgress (4): 3.1/6.6 MB | 2.2/16 MB | 0.7/2.1 MB | 264/599 kBProgress (4): 3.1/6.6 MB | 2.2/16 MB | 0.7/2.1 MB | 264/599 kBProgress (4): 3.1/6.6 MB | 2.2/16 MB | 0.7/2.1 MB | 280/599 kBProgress (4): 3.1/6.6 MB | 2.2/16 MB | 0.7/2.1 MB | 297/599 kBProgress (4): 3.1/6.6 MB | 2.2/16 MB | 0.7/2.1 MB | 313/599 kBProgress (4): 3.1/6.6 MB | 2.2/16 MB | 0.7/2.1 MB | 330/599 kBProgress (4): 3.1/6.6 MB | 2.2/16 MB | 0.7/2.1 MB | 330/599 kBProgress (4): 3.1/6.6 MB | 2.2/16 MB | 0.7/2.1 MB | 346/599 kBProgress (4): 3.1/6.6 MB | 2.2/16 MB | 0.7/2.1 MB | 362/599 kBProgress (4): 3.2/6.6 MB | 2.2/16 MB | 0.7/2.1 MB | 362/599 kBProgress (4): 3.2/6.6 MB | 2.2/16 MB | 0.7/2.1 MB | 379/599 kBProgress (4): 3.2/6.6 MB | 2.2/16 MB | 0.7/2.1 MB | 395/599 kBProgress (4): 3.2/6.6 MB | 2.2/16 MB | 0.7/2.1 MB | 412/599 kBProgress (4): 3.2/6.6 MB | 2.2/16 MB | 0.7/2.1 MB | 412/599 kBProgress (4): 3.2/6.6 MB | 2.2/16 MB | 0.7/2.1 MB | 428/599 kBProgress (4): 3.2/6.6 MB | 2.2/16 MB | 0.7/2.1 MB | 428/599 kBProgress (4): 3.2/6.6 MB | 2.2/16 MB | 0.7/2.1 MB | 428/599 kBProgress (4): 3.2/6.6 MB | 2.2/16 MB | 0.7/2.1 MB | 428/599 kBProgress (4): 3.2/6.6 MB | 2.2/16 MB | 0.7/2.1 MB | 428/599 kBProgress (4): 3.2/6.6 MB | 2.2/16 MB | 0.7/2.1 MB | 428/599 kBProgress (4): 3.2/6.6 MB | 2.2/16 MB | 0.7/2.1 MB | 444/599 kBProgress (4): 3.2/6.6 MB | 2.2/16 MB | 0.7/2.1 MB | 461/599 kBProgress (4): 3.2/6.6 MB | 2.2/16 MB | 0.7/2.1 MB | 477/599 kBProgress (4): 3.2/6.6 MB | 2.2/16 MB | 0.7/2.1 MB | 493/599 kBProgress (4): 3.2/6.6 MB | 2.2/16 MB | 0.7/2.1 MB | 510/599 kBProgress (4): 3.2/6.6 MB | 2.2/16 MB | 0.7/2.1 MB | 526/599 kBProgress (4): 3.2/6.6 MB | 2.2/16 MB | 0.7/2.1 MB | 526/599 kBProgress (4): 3.2/6.6 MB | 2.2/16 MB | 0.7/2.1 MB | 526/599 kBProgress (4): 3.3/6.6 MB | 2.2/16 MB | 0.7/2.1 MB | 526/599 kBProgress (4): 3.3/6.6 MB | 2.2/16 MB | 0.7/2.1 MB | 526/599 kBProgress (4): 3.3/6.6 MB | 2.3/16 MB | 0.7/2.1 MB | 526/599 kBProgress (4): 3.3/6.6 MB | 2.3/16 MB | 0.7/2.1 MB | 526/599 kBProgress (4): 3.3/6.6 MB | 2.3/16 MB | 0.7/2.1 MB | 526/599 kBProgress (4): 3.3/6.6 MB | 2.3/16 MB | 0.7/2.1 MB | 526/599 kBProgress (4): 3.3/6.6 MB | 2.3/16 MB | 0.7/2.1 MB | 543/599 kBProgress (4): 3.3/6.6 MB | 2.3/16 MB | 0.7/2.1 MB | 559/599 kBProgress (4): 3.3/6.6 MB | 2.3/16 MB | 0.7/2.1 MB | 575/599 kBProgress (4): 3.3/6.6 MB | 2.3/16 MB | 0.7/2.1 MB | 575/599 kBProgress (5): 3.3/6.6 MB | 2.3/16 MB | 0.7/2.1 MB | 575/599 kB | 0/34 MBProgress (5): 3.3/6.6 MB | 2.3/16 MB | 0.7/2.1 MB | 575/599 kB | 0/34 MBProgress (5): 3.3/6.6 MB | 2.3/16 MB | 0.7/2.1 MB | 575/599 kB | 0/34 MBProgress (5): 3.3/6.6 MB | 2.3/16 MB | 0.7/2.1 MB | 575/599 kB | 0/34 MBProgress (5): 3.3/6.6 MB | 2.3/16 MB | 0.7/2.1 MB | 575/599 kB | 0/34 MBProgress (5): 3.3/6.6 MB | 2.3/16 MB | 0.7/2.1 MB | 575/599 kB | 0/34 MBProgress (5): 3.3/6.6 MB | 2.3/16 MB | 0.7/2.1 MB | 575/599 kB | 0.1/34 MBProgress (5): 3.3/6.6 MB | 2.3/16 MB | 0.7/2.1 MB | 575/599 kB | 0.1/34 MBProgress (5): 3.3/6.6 MB | 2.3/16 MB | 0.7/2.1 MB | 575/599 kB | 0.1/34 MBProgress (5): 3.3/6.6 MB | 2.3/16 MB | 0.7/2.1 MB | 592/599 kB | 0.1/34 MBProgress (5): 3.3/6.6 MB | 2.3/16 MB | 0.7/2.1 MB | 599 kB | 0.1/34 MB    Progress (5): 3.3/6.6 MB | 2.3/16 MB | 0.7/2.1 MB | 599 kB | 0.1/34 MBProgress (5): 3.3/6.6 MB | 2.3/16 MB | 0.7/2.1 MB | 599 kB | 0.1/34 MBProgress (5): 3.3/6.6 MB | 2.3/16 MB | 0.8/2.1 MB | 599 kB | 0.1/34 MBProgress (5): 3.4/6.6 MB | 2.3/16 MB | 0.8/2.1 MB | 599 kB | 0.1/34 MBProgress (5): 3.4/6.6 MB | 2.3/16 MB | 0.8/2.1 MB | 599 kB | 0.1/34 MBProgress (5): 3.4/6.6 MB | 2.3/16 MB | 0.8/2.1 MB | 599 kB | 0.1/34 MBProgress (5): 3.4/6.6 MB | 2.3/16 MB | 0.8/2.1 MB | 599 kB | 0.1/34 MBProgress (5): 3.4/6.6 MB | 2.3/16 MB | 0.8/2.1 MB | 599 kB | 0.1/34 MBProgress (5): 3.4/6.6 MB | 2.3/16 MB | 0.8/2.1 MB | 599 kB | 0.1/34 MBProgress (5): 3.4/6.6 MB | 2.3/16 MB | 0.8/2.1 MB | 599 kB | 0.1/34 MBProgress (5): 3.4/6.6 MB | 2.3/16 MB | 0.8/2.1 MB | 599 kB | 0.1/34 MBProgress (5): 3.4/6.6 MB | 2.3/16 MB | 0.8/2.1 MB | 599 kB | 0.1/34 MBProgress (5): 3.4/6.6 MB | 2.3/16 MB | 0.8/2.1 MB | 599 kB | 0.1/34 MB                                                                      Downloaded from aliyun: https://maven.aliyun.com/repository/public/com/googlecode/aviator/aviator/5.2.6/aviator-5.2.6.jar (599 kB at 369 kB/s)
Downloading from aliyun: https://maven.aliyun.com/repository/public/org/apache/httpcomponents/client5/httpclient5/5.5/httpclient5-5.5.jar
Progress (4): 3.4/6.6 MB | 2.3/16 MB | 0.8/2.1 MB | 0.1/34 MBProgress (4): 3.5/6.6 MB | 2.3/16 MB | 0.8/2.1 MB | 0.1/34 MBProgress (4): 3.5/6.6 MB | 2.3/16 MB | 0.8/2.1 MB | 0.1/34 MBProgress (4): 3.5/6.6 MB | 2.3/16 MB | 0.8/2.1 MB | 0.1/34 MBProgress (4): 3.5/6.6 MB | 2.3/16 MB | 0.8/2.1 MB | 0.1/34 MBProgress (4): 3.5/6.6 MB | 2.3/16 MB | 0.8/2.1 MB | 0.1/34 MBProgress (4): 3.5/6.6 MB | 2.3/16 MB | 0.8/2.1 MB | 0.1/34 MBProgress (4): 3.5/6.6 MB | 2.3/16 MB | 0.8/2.1 MB | 0.1/34 MBProgress (4): 3.5/6.6 MB | 2.3/16 MB | 0.8/2.1 MB | 0.1/34 MBProgress (4): 3.5/6.6 MB | 2.3/16 MB | 0.8/2.1 MB | 0.1/34 MBProgress (4): 3.5/6.6 MB | 2.3/16 MB | 0.8/2.1 MB | 0.1/34 MBProgress (4): 3.5/6.6 MB | 2.4/16 MB | 0.8/2.1 MB | 0.1/34 MBProgress (4): 3.5/6.6 MB | 2.4/16 MB | 0.9/2.1 MB | 0.1/34 MBProgress (4): 3.5/6.6 MB | 2.4/16 MB | 0.9/2.1 MB | 0.1/34 MBProgress (4): 3.6/6.6 MB | 2.4/16 MB | 0.9/2.1 MB | 0.1/34 MBProgress (4): 3.6/6.6 MB | 2.4/16 MB | 0.9/2.1 MB | 0.1/34 MBProgress (4): 3.6/6.6 MB | 2.4/16 MB | 0.9/2.1 MB | 0.1/34 MBProgress (4): 3.6/6.6 MB | 2.4/16 MB | 0.9/2.1 MB | 0.1/34 MBProgress (4): 3.6/6.6 MB | 2.4/16 MB | 0.9/2.1 MB | 0.1/34 MBProgress (4): 3.6/6.6 MB | 2.4/16 MB | 0.9/2.1 MB | 0.1/34 MBProgress (4): 3.6/6.6 MB | 2.4/16 MB | 0.9/2.1 MB | 0.1/34 MBProgress (4): 3.6/6.6 MB | 2.4/16 MB | 0.9/2.1 MB | 0.1/34 MBProgress (4): 3.6/6.6 MB | 2.4/16 MB | 0.9/2.1 MB | 0.1/34 MBProgress (5): 3.6/6.6 MB | 2.4/16 MB | 0.9/2.1 MB | 0.1/34 MB | 3.3/955 kBProgress (5): 3.6/6.6 MB | 2.4/16 MB | 0.9/2.1 MB | 0.1/34 MB | 20/955 kB Progress (5): 3.6/6.6 MB | 2.4/16 MB | 0.9/2.1 MB | 0.1/34 MB | 20/955 kBProgress (5): 3.6/6.6 MB | 2.4/16 MB | 0.9/2.1 MB | 0.1/34 MB | 20/955 kBProgress (5): 3.7/6.6 MB | 2.4/16 MB | 0.9/2.1 MB | 0.1/34 MB | 20/955 kBProgress (5): 3.7/6.6 MB | 2.4/16 MB | 0.9/2.1 MB | 0.1/34 MB | 20/955 kBProgress (5): 3.7/6.6 MB | 2.4/16 MB | 0.9/2.1 MB | 0.1/34 MB | 36/955 kBProgress (5): 3.7/6.6 MB | 2.4/16 MB | 0.9/2.1 MB | 0.1/34 MB | 36/955 kBProgress (5): 3.7/6.6 MB | 2.4/16 MB | 0.9/2.1 MB | 0.1/34 MB | 52/955 kBProgress (5): 3.7/6.6 MB | 2.4/16 MB | 0.9/2.1 MB | 0.1/34 MB | 52/955 kBProgress (5): 3.7/6.6 MB | 2.4/16 MB | 0.9/2.1 MB | 0.1/34 MB | 52/955 kBProgress (5): 3.7/6.6 MB | 2.4/16 MB | 0.9/2.1 MB | 0.1/34 MB | 52/955 kBProgress (5): 3.7/6.6 MB | 2.4/16 MB | 0.9/2.1 MB | 0.1/34 MB | 52/955 kBProgress (5): 3.7/6.6 MB | 2.4/16 MB | 0.9/2.1 MB | 0.1/34 MB | 52/955 kBProgress (5): 3.7/6.6 MB | 2.4/16 MB | 0.9/2.1 MB | 0.1/34 MB | 69/955 kBProgress (5): 3.7/6.6 MB | 2.4/16 MB | 0.9/2.1 MB | 0.1/34 MB | 69/955 kBProgress (5): 3.7/6.6 MB | 2.4/16 MB | 0.9/2.1 MB | 0.1/34 MB | 69/955 kBProgress (5): 3.8/6.6 MB | 2.4/16 MB | 0.9/2.1 MB | 0.1/34 MB | 69/955 kBProgress (5): 3.8/6.6 MB | 2.4/16 MB | 0.9/2.1 MB | 0.1/34 MB | 69/955 kBProgress (5): 3.8/6.6 MB | 2.4/16 MB | 0.9/2.1 MB | 0.1/34 MB | 85/955 kBProgress (5): 3.8/6.6 MB | 2.4/16 MB | 0.9/2.1 MB | 0.1/34 MB | 102/955 kBProgress (5): 3.8/6.6 MB | 2.4/16 MB | 0.9/2.1 MB | 0.1/34 MB | 118/955 kBProgress (5): 3.8/6.6 MB | 2.4/16 MB | 1.0/2.1 MB | 0.1/34 MB | 118/955 kBProgress (5): 3.8/6.6 MB | 2.4/16 MB | 1.0/2.1 MB | 0.1/34 MB | 118/955 kBProgress (5): 3.8/6.6 MB | 2.4/16 MB | 1.0/2.1 MB | 0.1/34 MB | 118/955 kBProgress (5): 3.8/6.6 MB | 2.4/16 MB | 1.0/2.1 MB | 0.1/34 MB | 118/955 kBProgress (5): 3.8/6.6 MB | 2.4/16 MB | 1.0/2.1 MB | 0.1/34 MB | 118/955 kBProgress (5): 3.8/6.6 MB | 2.4/16 MB | 1.0/2.1 MB | 0.1/34 MB | 118/955 kBProgress (5): 3.8/6.6 MB | 2.4/16 MB | 1.0/2.1 MB | 0.1/34 MB | 118/955 kBProgress (5): 3.8/6.6 MB | 2.4/16 MB | 1.0/2.1 MB | 0.1/34 MB | 118/955 kBProgress (5): 3.9/6.6 MB | 2.4/16 MB | 1.0/2.1 MB | 0.1/34 MB | 118/955 kBProgress (5): 3.9/6.6 MB | 2.4/16 MB | 1.0/2.1 MB | 0.1/34 MB | 118/955 kBProgress (5): 3.9/6.6 MB | 2.4/16 MB | 1.0/2.1 MB | 0.1/34 MB | 134/955 kBProgress (5): 3.9/6.6 MB | 2.4/16 MB | 1.0/2.1 MB | 0.1/34 MB | 134/955 kBProgress (5): 3.9/6.6 MB | 2.4/16 MB | 1.0/2.1 MB | 0.1/34 MB | 134/955 kBProgress (5): 3.9/6.6 MB | 2.4/16 MB | 1.0/2.1 MB | 0.1/34 MB | 134/955 kBProgress (5): 3.9/6.6 MB | 2.4/16 MB | 1.0/2.1 MB | 0.2/34 MB | 134/955 kBProgress (5): 3.9/6.6 MB | 2.4/16 MB | 1.0/2.1 MB | 0.2/34 MB | 134/955 kBProgress (5): 3.9/6.6 MB | 2.4/16 MB | 1.0/2.1 MB | 0.2/34 MB | 151/955 kBProgress (5): 3.9/6.6 MB | 2.5/16 MB | 1.0/2.1 MB | 0.2/34 MB | 151/955 kBProgress (5): 3.9/6.6 MB | 2.5/16 MB | 1.0/2.1 MB | 0.2/34 MB | 151/955 kBProgress (5): 3.9/6.6 MB | 2.5/16 MB | 1.0/2.1 MB | 0.2/34 MB | 151/955 kBProgress (5): 3.9/6.6 MB | 2.5/16 MB | 1.0/2.1 MB | 0.2/34 MB | 167/955 kBProgress (5): 3.9/6.6 MB | 2.5/16 MB | 1.0/2.1 MB | 0.2/34 MB | 167/955 kBProgress (5): 3.9/6.6 MB | 2.5/16 MB | 1.0/2.1 MB | 0.2/34 MB | 184/955 kBProgress (5): 3.9/6.6 MB | 2.5/16 MB | 1.0/2.1 MB | 0.2/34 MB | 184/955 kBProgress (5): 4.0/6.6 MB | 2.5/16 MB | 1.0/2.1 MB | 0.2/34 MB | 184/955 kBProgress (5): 4.0/6.6 MB | 2.5/16 MB | 1.0/2.1 MB | 0.2/34 MB | 184/955 kBProgress (5): 4.0/6.6 MB | 2.5/16 MB | 1.0/2.1 MB | 0.2/34 MB | 200/955 kBProgress (5): 4.0/6.6 MB | 2.5/16 MB | 1.0/2.1 MB | 0.2/34 MB | 200/955 kBProgress (5): 4.0/6.6 MB | 2.5/16 MB | 1.0/2.1 MB | 0.2/34 MB | 216/955 kBProgress (5): 4.0/6.6 MB | 2.5/16 MB | 1.0/2.1 MB | 0.2/34 MB | 216/955 kBProgress (5): 4.0/6.6 MB | 2.5/16 MB | 1.0/2.1 MB | 0.2/34 MB | 216/955 kBProgress (5): 4.0/6.6 MB | 2.5/16 MB | 1.0/2.1 MB | 0.2/34 MB | 216/955 kBProgress (5): 4.0/6.6 MB | 2.5/16 MB | 1.0/2.1 MB | 0.2/34 MB | 233/955 kBProgress (5): 4.0/6.6 MB | 2.5/16 MB | 1.0/2.1 MB | 0.2/34 MB | 233/955 kBProgress (5): 4.0/6.6 MB | 2.5/16 MB | 1.1/2.1 MB | 0.2/34 MB | 233/955 kBProgress (5): 4.0/6.6 MB | 2.5/16 MB | 1.1/2.1 MB | 0.2/34 MB | 233/955 kBProgress (5): 4.0/6.6 MB | 2.5/16 MB | 1.1/2.1 MB | 0.2/34 MB | 249/955 kBProgress (5): 4.0/6.6 MB | 2.5/16 MB | 1.1/2.1 MB | 0.2/34 MB | 249/955 kBProgress (5): 4.0/6.6 MB | 2.5/16 MB | 1.1/2.1 MB | 0.2/34 MB | 249/955 kBProgress (5): 4.0/6.6 MB | 2.5/16 MB | 1.1/2.1 MB | 0.2/34 MB | 265/955 kBProgress (5): 4.0/6.6 MB | 2.5/16 MB | 1.1/2.1 MB | 0.2/34 MB | 282/955 kBProgress (5): 4.0/6.6 MB | 2.5/16 MB | 1.1/2.1 MB | 0.2/34 MB | 282/955 kBProgress (5): 4.0/6.6 MB | 2.5/16 MB | 1.1/2.1 MB | 0.2/34 MB | 282/955 kBProgress (5): 4.0/6.6 MB | 2.5/16 MB | 1.1/2.1 MB | 0.2/34 MB | 282/955 kBProgress (5): 4.0/6.6 MB | 2.5/16 MB | 1.1/2.1 MB | 0.2/34 MB | 282/955 kBProgress (5): 4.0/6.6 MB | 2.5/16 MB | 1.1/2.1 MB | 0.2/34 MB | 298/955 kBProgress (5): 4.0/6.6 MB | 2.5/16 MB | 1.1/2.1 MB | 0.2/34 MB | 298/955 kBProgress (5): 4.1/6.6 MB | 2.5/16 MB | 1.1/2.1 MB | 0.2/34 MB | 298/955 kBProgress (5): 4.1/6.6 MB | 2.5/16 MB | 1.1/2.1 MB | 0.2/34 MB | 315/955 kBProgress (5): 4.1/6.6 MB | 2.5/16 MB | 1.1/2.1 MB | 0.2/34 MB | 315/955 kBProgress (5): 4.1/6.6 MB | 2.5/16 MB | 1.1/2.1 MB | 0.2/34 MB | 315/955 kBProgress (5): 4.1/6.6 MB | 2.5/16 MB | 1.1/2.1 MB | 0.2/34 MB | 315/955 kBProgress (5): 4.1/6.6 MB | 2.5/16 MB | 1.1/2.1 MB | 0.2/34 MB | 315/955 kBProgress (5): 4.1/6.6 MB | 2.5/16 MB | 1.1/2.1 MB | 0.2/34 MB | 331/955 kBProgress (5): 4.1/6.6 MB | 2.5/16 MB | 1.1/2.1 MB | 0.2/34 MB | 347/955 kBProgress (5): 4.1/6.6 MB | 2.5/16 MB | 1.1/2.1 MB | 0.2/34 MB | 347/955 kBProgress (5): 4.1/6.6 MB | 2.5/16 MB | 1.1/2.1 MB | 0.2/34 MB | 347/955 kBProgress (5): 4.1/6.6 MB | 2.5/16 MB | 1.1/2.1 MB | 0.2/34 MB | 347/955 kBProgress (5): 4.1/6.6 MB | 2.5/16 MB | 1.1/2.1 MB | 0.2/34 MB | 347/955 kBProgress (5): 4.1/6.6 MB | 2.5/16 MB | 1.2/2.1 MB | 0.2/34 MB | 347/955 kBProgress (5): 4.1/6.6 MB | 2.5/16 MB | 1.2/2.1 MB | 0.2/34 MB | 347/955 kBProgress (5): 4.1/6.6 MB | 2.5/16 MB | 1.2/2.1 MB | 0.2/34 MB | 347/955 kBProgress (5): 4.1/6.6 MB | 2.5/16 MB | 1.2/2.1 MB | 0.2/34 MB | 364/955 kBProgress (5): 4.2/6.6 MB | 2.5/16 MB | 1.2/2.1 MB | 0.2/34 MB | 364/955 kBProgress (5): 4.2/6.6 MB | 2.5/16 MB | 1.2/2.1 MB | 0.2/34 MB | 364/955 kBProgress (5): 4.2/6.6 MB | 2.5/16 MB | 1.2/2.1 MB | 0.2/34 MB | 364/955 kBProgress (5): 4.2/6.6 MB | 2.5/16 MB | 1.2/2.1 MB | 0.2/34 MB | 364/955 kBProgress (5): 4.2/6.6 MB | 2.5/16 MB | 1.2/2.1 MB | 0.2/34 MB | 380/955 kBProgress (5): 4.2/6.6 MB | 2.5/16 MB | 1.2/2.1 MB | 0.2/34 MB | 380/955 kBProgress (5): 4.2/6.6 MB | 2.5/16 MB | 1.2/2.1 MB | 0.2/34 MB | 380/955 kBProgress (5): 4.2/6.6 MB | 2.5/16 MB | 1.2/2.1 MB | 0.2/34 MB | 380/955 kBProgress (5): 4.2/6.6 MB | 2.5/16 MB | 1.2/2.1 MB | 0.2/34 MB | 397/955 kBProgress (5): 4.2/6.6 MB | 2.5/16 MB | 1.2/2.1 MB | 0.2/34 MB | 397/955 kBProgress (5): 4.2/6.6 MB | 2.5/16 MB | 1.2/2.1 MB | 0.2/34 MB | 397/955 kBProgress (5): 4.2/6.6 MB | 2.5/16 MB | 1.2/2.1 MB | 0.2/34 MB | 397/955 kBProgress (5): 4.2/6.6 MB | 2.5/16 MB | 1.2/2.1 MB | 0.2/34 MB | 397/955 kBProgress (5): 4.2/6.6 MB | 2.6/16 MB | 1.2/2.1 MB | 0.2/34 MB | 397/955 kBProgress (5): 4.2/6.6 MB | 2.6/16 MB | 1.2/2.1 MB | 0.2/34 MB | 413/955 kBProgress (5): 4.2/6.6 MB | 2.6/16 MB | 1.2/2.1 MB | 0.2/34 MB | 413/955 kBProgress (5): 4.2/6.6 MB | 2.6/16 MB | 1.2/2.1 MB | 0.2/34 MB | 413/955 kBProgress (5): 4.2/6.6 MB | 2.6/16 MB | 1.2/2.1 MB | 0.2/34 MB | 413/955 kBProgress (5): 4.3/6.6 MB | 2.6/16 MB | 1.2/2.1 MB | 0.2/34 MB | 413/955 kBProgress (5): 4.3/6.6 MB | 2.6/16 MB | 1.2/2.1 MB | 0.2/34 MB | 413/955 kBProgress (5): 4.3/6.6 MB | 2.6/16 MB | 1.2/2.1 MB | 0.2/34 MB | 429/955 kBProgress (5): 4.3/6.6 MB | 2.6/16 MB | 1.2/2.1 MB | 0.3/34 MB | 429/955 kBProgress (5): 4.3/6.6 MB | 2.6/16 MB | 1.3/2.1 MB | 0.3/34 MB | 429/955 kBProgress (5): 4.3/6.6 MB | 2.6/16 MB | 1.3/2.1 MB | 0.3/34 MB | 429/955 kBProgress (5): 4.3/6.6 MB | 2.6/16 MB | 1.3/2.1 MB | 0.3/34 MB | 429/955 kBProgress (5): 4.3/6.6 MB | 2.6/16 MB | 1.3/2.1 MB | 0.3/34 MB | 446/955 kBProgress (5): 4.3/6.6 MB | 2.6/16 MB | 1.3/2.1 MB | 0.3/34 MB | 446/955 kBProgress (5): 4.3/6.6 MB | 2.6/16 MB | 1.3/2.1 MB | 0.3/34 MB | 446/955 kBProgress (5): 4.3/6.6 MB | 2.6/16 MB | 1.3/2.1 MB | 0.3/34 MB | 462/955 kBProgress (5): 4.3/6.6 MB | 2.6/16 MB | 1.3/2.1 MB | 0.3/34 MB | 478/955 kBProgress (5): 4.3/6.6 MB | 2.6/16 MB | 1.3/2.1 MB | 0.3/34 MB | 478/955 kBProgress (5): 4.3/6.6 MB | 2.6/16 MB | 1.3/2.1 MB | 0.3/34 MB | 478/955 kBProgress (5): 4.3/6.6 MB | 2.6/16 MB | 1.3/2.1 MB | 0.3/34 MB | 478/955 kBProgress (5): 4.3/6.6 MB | 2.6/16 MB | 1.3/2.1 MB | 0.3/34 MB | 478/955 kBProgress (5): 4.3/6.6 MB | 2.6/16 MB | 1.3/2.1 MB | 0.3/34 MB | 478/955 kBProgress (5): 4.3/6.6 MB | 2.6/16 MB | 1.3/2.1 MB | 0.3/34 MB | 478/955 kBProgress (5): 4.3/6.6 MB | 2.6/16 MB | 1.3/2.1 MB | 0.3/34 MB | 478/955 kBProgress (5): 4.3/6.6 MB | 2.6/16 MB | 1.3/2.1 MB | 0.3/34 MB | 478/955 kBProgress (5): 4.3/6.6 MB | 2.6/16 MB | 1.3/2.1 MB | 0.3/34 MB | 478/955 kBProgress (5): 4.3/6.6 MB | 2.7/16 MB | 1.3/2.1 MB | 0.3/34 MB | 478/955 kBProgress (5): 4.3/6.6 MB | 2.7/16 MB | 1.4/2.1 MB | 0.3/34 MB | 478/955 kBProgress (5): 4.3/6.6 MB | 2.7/16 MB | 1.4/2.1 MB | 0.3/34 MB | 478/955 kBProgress (5): 4.3/6.6 MB | 2.7/16 MB | 1.4/2.1 MB | 0.3/34 MB | 478/955 kBProgress (5): 4.3/6.6 MB | 2.7/16 MB | 1.4/2.1 MB | 0.3/34 MB | 478/955 kBProgress (5): 4.3/6.6 MB | 2.7/16 MB | 1.4/2.1 MB | 0.3/34 MB | 478/955 kBProgress (5): 4.3/6.6 MB | 2.7/16 MB | 1.4/2.1 MB | 0.3/34 MB | 478/955 kBProgress (5): 4.4/6.6 MB | 2.7/16 MB | 1.4/2.1 MB | 0.3/34 MB | 478/955 kBProgress (5): 4.4/6.6 MB | 2.7/16 MB | 1.4/2.1 MB | 0.3/34 MB | 478/955 kBProgress (5): 4.4/6.6 MB | 2.7/16 MB | 1.4/2.1 MB | 0.3/34 MB | 478/955 kBProgress (5): 4.4/6.6 MB | 2.7/16 MB | 1.4/2.1 MB | 0.3/34 MB | 478/955 kBProgress (5): 4.4/6.6 MB | 2.7/16 MB | 1.4/2.1 MB | 0.3/34 MB | 495/955 kBProgress (5): 4.4/6.6 MB | 2.7/16 MB | 1.4/2.1 MB | 0.3/34 MB | 511/955 kBProgress (5): 4.4/6.6 MB | 2.7/16 MB | 1.4/2.1 MB | 0.3/34 MB | 524/955 kBProgress (5): 4.4/6.6 MB | 2.7/16 MB | 1.4/2.1 MB | 0.3/34 MB | 528/955 kBProgress (5): 4.4/6.6 MB | 2.7/16 MB | 1.4/2.1 MB | 0.3/34 MB | 544/955 kBProgress (5): 4.4/6.6 MB | 2.7/16 MB | 1.4/2.1 MB | 0.3/34 MB | 544/955 kBProgress (5): 4.4/6.6 MB | 2.7/16 MB | 1.4/2.1 MB | 0.3/34 MB | 544/955 kBProgress (5): 4.4/6.6 MB | 2.7/16 MB | 1.4/2.1 MB | 0.3/34 MB | 544/955 kBProgress (5): 4.4/6.6 MB | 2.7/16 MB | 1.4/2.1 MB | 0.3/34 MB | 544/955 kBProgress (5): 4.4/6.6 MB | 2.7/16 MB | 1.4/2.1 MB | 0.3/34 MB | 544/955 kBProgress (5): 4.4/6.6 MB | 2.7/16 MB | 1.4/2.1 MB | 0.3/34 MB | 544/955 kBProgress (5): 4.4/6.6 MB | 2.7/16 MB | 1.4/2.1 MB | 0.3/34 MB | 560/955 kBProgress (5): 4.4/6.6 MB | 2.7/16 MB | 1.4/2.1 MB | 0.3/34 MB | 560/955 kBProgress (5): 4.4/6.6 MB | 2.7/16 MB | 1.5/2.1 MB | 0.3/34 MB | 560/955 kBProgress (5): 4.4/6.6 MB | 2.7/16 MB | 1.5/2.1 MB | 0.3/34 MB | 560/955 kBProgress (5): 4.4/6.6 MB | 2.7/16 MB | 1.5/2.1 MB | 0.3/34 MB | 560/955 kBProgress (5): 4.4/6.6 MB | 2.7/16 MB | 1.5/2.1 MB | 0.3/34 MB | 560/955 kBProgress (5): 4.4/6.6 MB | 2.7/16 MB | 1.5/2.1 MB | 0.3/34 MB | 560/955 kBProgress (5): 4.4/6.6 MB | 2.7/16 MB | 1.5/2.1 MB | 0.3/34 MB | 560/955 kBProgress (5): 4.4/6.6 MB | 2.7/16 MB | 1.5/2.1 MB | 0.3/34 MB | 560/955 kBProgress (5): 4.4/6.6 MB | 2.7/16 MB | 1.5/2.1 MB | 0.3/34 MB | 560/955 kBProgress (5): 4.4/6.6 MB | 2.7/16 MB | 1.6/2.1 MB | 0.3/34 MB | 560/955 kBProgress (5): 4.4/6.6 MB | 2.7/16 MB | 1.6/2.1 MB | 0.3/34 MB | 576/955 kBProgress (5): 4.4/6.6 MB | 2.7/16 MB | 1.6/2.1 MB | 0.3/34 MB | 576/955 kBProgress (5): 4.4/6.6 MB | 2.7/16 MB | 1.6/2.1 MB | 0.3/34 MB | 576/955 kBProgress (5): 4.5/6.6 MB | 2.7/16 MB | 1.6/2.1 MB | 0.3/34 MB | 576/955 kBProgress (5): 4.5/6.6 MB | 2.7/16 MB | 1.6/2.1 MB | 0.3/34 MB | 593/955 kBProgress (5): 4.5/6.6 MB | 2.7/16 MB | 1.6/2.1 MB | 0.3/34 MB | 593/955 kBProgress (5): 4.5/6.6 MB | 2.7/16 MB | 1.6/2.1 MB | 0.3/34 MB | 593/955 kBProgress (5): 4.5/6.6 MB | 2.7/16 MB | 1.6/2.1 MB | 0.3/34 MB | 593/955 kBProgress (5): 4.5/6.6 MB | 2.7/16 MB | 1.6/2.1 MB | 0.3/34 MB | 593/955 kBProgress (5): 4.5/6.6 MB | 2.7/16 MB | 1.6/2.1 MB | 0.3/34 MB | 593/955 kBProgress (5): 4.5/6.6 MB | 2.7/16 MB | 1.6/2.1 MB | 0.3/34 MB | 609/955 kBProgress (5): 4.5/6.6 MB | 2.7/16 MB | 1.6/2.1 MB | 0.3/34 MB | 609/955 kBProgress (5): 4.5/6.6 MB | 2.7/16 MB | 1.6/2.1 MB | 0.3/34 MB | 609/955 kBProgress (5): 4.5/6.6 MB | 2.7/16 MB | 1.6/2.1 MB | 0.3/34 MB | 609/955 kBProgress (5): 4.5/6.6 MB | 2.7/16 MB | 1.6/2.1 MB | 0.3/34 MB | 609/955 kBProgress (5): 4.5/6.6 MB | 2.7/16 MB | 1.6/2.1 MB | 0.3/34 MB | 626/955 kBProgress (5): 4.5/6.6 MB | 2.7/16 MB | 1.6/2.1 MB | 0.3/34 MB | 626/955 kBProgress (5): 4.5/6.6 MB | 2.7/16 MB | 1.6/2.1 MB | 0.3/34 MB | 642/955 kBProgress (5): 4.5/6.6 MB | 2.7/16 MB | 1.6/2.1 MB | 0.3/34 MB | 658/955 kBProgress (5): 4.5/6.6 MB | 2.7/16 MB | 1.7/2.1 MB | 0.3/34 MB | 658/955 kBProgress (5): 4.5/6.6 MB | 2.8/16 MB | 1.7/2.1 MB | 0.3/34 MB | 658/955 kBProgress (5): 4.5/6.6 MB | 2.8/16 MB | 1.7/2.1 MB | 0.3/34 MB | 658/955 kBProgress (5): 4.6/6.6 MB | 2.8/16 MB | 1.7/2.1 MB | 0.3/34 MB | 658/955 kBProgress (5): 4.6/6.6 MB | 2.8/16 MB | 1.7/2.1 MB | 0.3/34 MB | 658/955 kBProgress (5): 4.6/6.6 MB | 2.8/16 MB | 1.7/2.1 MB | 0.3/34 MB | 658/955 kBProgress (5): 4.6/6.6 MB | 2.8/16 MB | 1.7/2.1 MB | 0.3/34 MB | 658/955 kBProgress (5): 4.6/6.6 MB | 2.8/16 MB | 1.7/2.1 MB | 0.3/34 MB | 658/955 kBProgress (5): 4.6/6.6 MB | 2.8/16 MB | 1.7/2.1 MB | 0.3/34 MB | 658/955 kBProgress (5): 4.6/6.6 MB | 2.8/16 MB | 1.7/2.1 MB | 0.3/34 MB | 675/955 kBProgress (5): 4.6/6.6 MB | 2.8/16 MB | 1.7/2.1 MB | 0.3/34 MB | 691/955 kBProgress (5): 4.6/6.6 MB | 2.8/16 MB | 1.7/2.1 MB | 0.3/34 MB | 691/955 kBProgress (5): 4.6/6.6 MB | 2.8/16 MB | 1.7/2.1 MB | 0.3/34 MB | 707/955 kBProgress (5): 4.6/6.6 MB | 2.8/16 MB | 1.7/2.1 MB | 0.3/34 MB | 707/955 kBProgress (5): 4.6/6.6 MB | 2.8/16 MB | 1.7/2.1 MB | 0.3/34 MB | 707/955 kBProgress (5): 4.6/6.6 MB | 2.8/16 MB | 1.7/2.1 MB | 0.3/34 MB | 707/955 kBProgress (5): 4.6/6.6 MB | 2.8/16 MB | 1.7/2.1 MB | 0.3/34 MB | 707/955 kBProgress (5): 4.6/6.6 MB | 2.8/16 MB | 1.7/2.1 MB | 0.3/34 MB | 707/955 kBProgress (5): 4.6/6.6 MB | 2.8/16 MB | 1.7/2.1 MB | 0.3/34 MB | 707/955 kBProgress (5): 4.6/6.6 MB | 2.8/16 MB | 1.7/2.1 MB | 0.3/34 MB | 707/955 kBProgress (5): 4.6/6.6 MB | 2.8/16 MB | 1.7/2.1 MB | 0.3/34 MB | 707/955 kBProgress (5): 4.6/6.6 MB | 2.8/16 MB | 1.7/2.1 MB | 0.3/34 MB | 707/955 kBProgress (5): 4.6/6.6 MB | 2.8/16 MB | 1.7/2.1 MB | 0.3/34 MB | 707/955 kBProgress (5): 4.6/6.6 MB | 2.8/16 MB | 1.8/2.1 MB | 0.3/34 MB | 707/955 kBProgress (5): 4.6/6.6 MB | 2.8/16 MB | 1.8/2.1 MB | 0.3/34 MB | 724/955 kBProgress (5): 4.7/6.6 MB | 2.8/16 MB | 1.8/2.1 MB | 0.3/34 MB | 724/955 kBProgress (5): 4.7/6.6 MB | 2.8/16 MB | 1.8/2.1 MB | 0.3/34 MB | 724/955 kBProgress (5): 4.7/6.6 MB | 2.8/16 MB | 1.8/2.1 MB | 0.3/34 MB | 724/955 kBProgress (5): 4.7/6.6 MB | 2.9/16 MB | 1.8/2.1 MB | 0.3/34 MB | 724/955 kBProgress (5): 4.7/6.6 MB | 2.9/16 MB | 1.8/2.1 MB | 0.3/34 MB | 740/955 kBProgress (5): 4.7/6.6 MB | 2.9/16 MB | 1.8/2.1 MB | 0.3/34 MB | 740/955 kBProgress (5): 4.7/6.6 MB | 2.9/16 MB | 1.8/2.1 MB | 0.3/34 MB | 740/955 kBProgress (5): 4.7/6.6 MB | 2.9/16 MB | 1.8/2.1 MB | 0.3/34 MB | 740/955 kBProgress (5): 4.7/6.6 MB | 2.9/16 MB | 1.8/2.1 MB | 0.3/34 MB | 757/955 kBProgress (5): 4.7/6.6 MB | 2.9/16 MB | 1.8/2.1 MB | 0.3/34 MB | 757/955 kBProgress (5): 4.7/6.6 MB | 2.9/16 MB | 1.8/2.1 MB | 0.3/34 MB | 757/955 kBProgress (5): 4.7/6.6 MB | 2.9/16 MB | 1.8/2.1 MB | 0.3/34 MB | 757/955 kBProgress (5): 4.7/6.6 MB | 2.9/16 MB | 1.8/2.1 MB | 0.3/34 MB | 757/955 kBProgress (5): 4.7/6.6 MB | 2.9/16 MB | 1.8/2.1 MB | 0.3/34 MB | 773/955 kBProgress (5): 4.7/6.6 MB | 2.9/16 MB | 1.8/2.1 MB | 0.3/34 MB | 773/955 kBProgress (5): 4.7/6.6 MB | 2.9/16 MB | 1.8/2.1 MB | 0.3/34 MB | 789/955 kBProgress (5): 4.7/6.6 MB | 2.9/16 MB | 1.8/2.1 MB | 0.3/34 MB | 806/955 kBProgress (5): 4.7/6.6 MB | 2.9/16 MB | 1.8/2.1 MB | 0.3/34 MB | 822/955 kBProgress (5): 4.7/6.6 MB | 2.9/16 MB | 1.8/2.1 MB | 0.3/34 MB | 822/955 kBProgress (5): 4.7/6.6 MB | 2.9/16 MB | 1.8/2.1 MB | 0.3/34 MB | 839/955 kBProgress (5): 4.7/6.6 MB | 2.9/16 MB | 1.8/2.1 MB | 0.3/34 MB | 855/955 kBProgress (5): 4.7/6.6 MB | 2.9/16 MB | 1.8/2.1 MB | 0.3/34 MB | 871/955 kBProgress (5): 4.7/6.6 MB | 2.9/16 MB | 1.8/2.1 MB | 0.3/34 MB | 871/955 kBProgress (5): 4.7/6.6 MB | 2.9/16 MB | 1.8/2.1 MB | 0.3/34 MB | 871/955 kBProgress (5): 4.8/6.6 MB | 2.9/16 MB | 1.8/2.1 MB | 0.3/34 MB | 871/955 kBProgress (5): 4.8/6.6 MB | 2.9/16 MB | 1.9/2.1 MB | 0.3/34 MB | 871/955 kBProgress (5): 4.8/6.6 MB | 2.9/16 MB | 1.9/2.1 MB | 0.3/34 MB | 871/955 kBProgress (5): 4.8/6.6 MB | 2.9/16 MB | 1.9/2.1 MB | 0.3/34 MB | 871/955 kBProgress (5): 4.8/6.6 MB | 2.9/16 MB | 1.9/2.1 MB | 0.3/34 MB | 871/955 kBProgress (5): 4.8/6.6 MB | 2.9/16 MB | 1.9/2.1 MB | 0.4/34 MB | 871/955 kBProgress (5): 4.8/6.6 MB | 2.9/16 MB | 1.9/2.1 MB | 0.4/34 MB | 871/955 kBProgress (5): 4.8/6.6 MB | 2.9/16 MB | 1.9/2.1 MB | 0.4/34 MB | 871/955 kBProgress (5): 4.8/6.6 MB | 2.9/16 MB | 1.9/2.1 MB | 0.4/34 MB | 871/955 kBProgress (5): 4.8/6.6 MB | 2.9/16 MB | 1.9/2.1 MB | 0.4/34 MB | 871/955 kBProgress (5): 4.8/6.6 MB | 2.9/16 MB | 2.0/2.1 MB | 0.4/34 MB | 871/955 kBProgress (5): 4.8/6.6 MB | 2.9/16 MB | 2.0/2.1 MB | 0.4/34 MB | 888/955 kBProgress (5): 4.8/6.6 MB | 2.9/16 MB | 2.0/2.1 MB | 0.4/34 MB | 904/955 kBProgress (5): 4.8/6.6 MB | 2.9/16 MB | 2.0/2.1 MB | 0.4/34 MB | 904/955 kBProgress (5): 4.8/6.6 MB | 2.9/16 MB | 2.0/2.1 MB | 0.4/34 MB | 904/955 kBProgress (5): 4.8/6.6 MB | 2.9/16 MB | 2.0/2.1 MB | 0.4/34 MB | 904/955 kBProgress (5): 4.8/6.6 MB | 2.9/16 MB | 2.0/2.1 MB | 0.4/34 MB | 904/955 kBProgress (5): 4.8/6.6 MB | 2.9/16 MB | 2.0/2.1 MB | 0.4/34 MB | 904/955 kBProgress (5): 4.8/6.6 MB | 2.9/16 MB | 2.0/2.1 MB | 0.4/34 MB | 904/955 kBProgress (5): 4.8/6.6 MB | 2.9/16 MB | 2.0/2.1 MB | 0.4/34 MB | 904/955 kBProgress (5): 4.8/6.6 MB | 2.9/16 MB | 2.0/2.1 MB | 0.4/34 MB | 920/955 kBProgress (5): 4.8/6.6 MB | 2.9/16 MB | 2.0/2.1 MB | 0.4/34 MB | 920/955 kBProgress (5): 4.8/6.6 MB | 2.9/16 MB | 2.0/2.1 MB | 0.4/34 MB | 920/955 kBProgress (5): 4.8/6.6 MB | 2.9/16 MB | 2.0/2.1 MB | 0.4/34 MB | 920/955 kBProgress (5): 4.8/6.6 MB | 2.9/16 MB | 2.0/2.1 MB | 0.4/34 MB | 920/955 kBProgress (5): 4.8/6.6 MB | 3.0/16 MB | 2.0/2.1 MB | 0.4/34 MB | 920/955 kBProgress (5): 4.8/6.6 MB | 3.0/16 MB | 2.0/2.1 MB | 0.4/34 MB | 937/955 kBProgress (5): 4.8/6.6 MB | 3.0/16 MB | 2.0/2.1 MB | 0.4/34 MB | 937/955 kBProgress (5): 4.8/6.6 MB | 3.0/16 MB | 2.0/2.1 MB | 0.4/34 MB | 937/955 kBProgress (5): 4.8/6.6 MB | 3.0/16 MB | 2.0/2.1 MB | 0.4/34 MB | 937/955 kBProgress (5): 4.8/6.6 MB | 3.0/16 MB | 2.0/2.1 MB | 0.4/34 MB | 937/955 kBProgress (5): 4.9/6.6 MB | 3.0/16 MB | 2.0/2.1 MB | 0.4/34 MB | 937/955 kBProgress (5): 4.9/6.6 MB | 3.0/16 MB | 2.0/2.1 MB | 0.4/34 MB | 937/955 kBProgress (5): 4.9/6.6 MB | 3.0/16 MB | 2.0/2.1 MB | 0.4/34 MB | 937/955 kBProgress (5): 4.9/6.6 MB | 3.0/16 MB | 2.0/2.1 MB | 0.4/34 MB | 937/955 kBProgress (5): 4.9/6.6 MB | 3.0/16 MB | 2.0/2.1 MB | 0.4/34 MB | 937/955 kBProgress (5): 4.9/6.6 MB | 3.0/16 MB | 2.0/2.1 MB | 0.4/34 MB | 937/955 kBProgress (5): 4.9/6.6 MB | 3.0/16 MB | 2.0/2.1 MB | 0.4/34 MB | 937/955 kBProgress (5): 4.9/6.6 MB | 3.0/16 MB | 2.0/2.1 MB | 0.4/34 MB | 953/955 kBProgress (5): 4.9/6.6 MB | 3.0/16 MB | 2.0/2.1 MB | 0.4/34 MB | 955 kB    Progress (5): 4.9/6.6 MB | 3.0/16 MB | 2.1/2.1 MB | 0.4/34 MB | 955 kBProgress (5): 4.9/6.6 MB | 3.0/16 MB | 2.1/2.1 MB | 0.4/34 MB | 955 kBProgress (5): 4.9/6.6 MB | 3.0/16 MB | 2.1/2.1 MB | 0.4/34 MB | 955 kBProgress (5): 4.9/6.6 MB | 3.0/16 MB | 2.1/2.1 MB | 0.4/34 MB | 955 kBProgress (5): 4.9/6.6 MB | 3.0/16 MB | 2.1/2.1 MB | 0.4/34 MB | 955 kBProgress (5): 4.9/6.6 MB | 3.0/16 MB | 2.1 MB | 0.4/34 MB | 955 kB    Progress (5): 4.9/6.6 MB | 3.0/16 MB | 2.1 MB | 0.4/34 MB | 955 kBProgress (5): 4.9/6.6 MB | 3.0/16 MB | 2.1 MB | 0.4/34 MB | 955 kBProgress (5): 4.9/6.6 MB | 3.0/16 MB | 2.1 MB | 0.4/34 MB | 955 kBProgress (5): 5.0/6.6 MB | 3.0/16 MB | 2.1 MB | 0.4/34 MB | 955 kBProgress (5): 5.0/6.6 MB | 3.0/16 MB | 2.1 MB | 0.4/34 MB | 955 kBProgress (5): 5.0/6.6 MB | 3.0/16 MB | 2.1 MB | 0.4/34 MB | 955 kBProgress (5): 5.0/6.6 MB | 3.0/16 MB | 2.1 MB | 0.4/34 MB | 955 kBProgress (5): 5.0/6.6 MB | 3.1/16 MB | 2.1 MB | 0.4/34 MB | 955 kBProgress (5): 5.0/6.6 MB | 3.1/16 MB | 2.1 MB | 0.4/34 MB | 955 kBProgress (5): 5.0/6.6 MB | 3.1/16 MB | 2.1 MB | 0.4/34 MB | 955 kBProgress (5): 5.0/6.6 MB | 3.1/16 MB | 2.1 MB | 0.4/34 MB | 955 kBProgress (5): 5.0/6.6 MB | 3.1/16 MB | 2.1 MB | 0.4/34 MB | 955 kBProgress (5): 5.0/6.6 MB | 3.1/16 MB | 2.1 MB | 0.4/34 MB | 955 kB                                                                  Downloaded from aliyun: https://maven.aliyun.com/repository/public/com/github/librepdf/openpdf/1.3.27/openpdf-1.3.27.jar (2.1 MB at 1.0 MB/s)
Downloading from aliyun: https://maven.aliyun.com/repository/public/org/apache/httpcomponents/core5/httpcore5/5.3.4/httpcore5-5.3.4.jar
Progress (4): 5.0/6.6 MB | 3.1/16 MB | 0.4/34 MB | 955 kBProgress (4): 5.0/6.6 MB | 3.1/16 MB | 0.4/34 MB | 955 kBProgress (4): 5.0/6.6 MB | 3.1/16 MB | 0.5/34 MB | 955 kBProgress (4): 5.0/6.6 MB | 3.1/16 MB | 0.5/34 MB | 955 kBProgress (4): 5.0/6.6 MB | 3.1/16 MB | 0.5/34 MB | 955 kBProgress (4): 5.0/6.6 MB | 3.1/16 MB | 0.5/34 MB | 955 kBProgress (4): 5.1/6.6 MB | 3.1/16 MB | 0.5/34 MB | 955 kBProgress (4): 5.1/6.6 MB | 3.1/16 MB | 0.5/34 MB | 955 kBProgress (4): 5.1/6.6 MB | 3.1/16 MB | 0.5/34 MB | 955 kBProgress (4): 5.1/6.6 MB | 3.1/16 MB | 0.5/34 MB | 955 kBProgress (4): 5.1/6.6 MB | 3.1/16 MB | 0.5/34 MB | 955 kBProgress (4): 5.1/6.6 MB | 3.2/16 MB | 0.5/34 MB | 955 kBProgress (4): 5.1/6.6 MB | 3.2/16 MB | 0.5/34 MB | 955 kBProgress (4): 5.1/6.6 MB | 3.2/16 MB | 0.5/34 MB | 955 kBProgress (4): 5.1/6.6 MB | 3.2/16 MB | 0.5/34 MB | 955 kBProgress (4): 5.1/6.6 MB | 3.2/16 MB | 0.5/34 MB | 955 kBProgress (4): 5.1/6.6 MB | 3.2/16 MB | 0.5/34 MB | 955 kBProgress (4): 5.1/6.6 MB | 3.2/16 MB | 0.5/34 MB | 955 kBProgress (4): 5.1/6.6 MB | 3.2/16 MB | 0.5/34 MB | 955 kB                                                         Downloaded from aliyun: https://maven.aliyun.com/repository/public/org/apache/httpcomponents/client5/httpclient5/5.5/httpclient5-5.5.jar (955 kB at 450 kB/s)
Downloading from aliyun: https://maven.aliyun.com/repository/public/org/apache/httpcomponents/core5/httpcore5-h2/5.3.4/httpcore5-h2-5.3.4.jar
Progress (3): 5.2/6.6 MB | 3.2/16 MB | 0.5/34 MBProgress (3): 5.2/6.6 MB | 3.2/16 MB | 0.5/34 MBProgress (3): 5.2/6.6 MB | 3.2/16 MB | 0.5/34 MBProgress (3): 5.2/6.6 MB | 3.2/16 MB | 0.5/34 MBProgress (3): 5.2/6.6 MB | 3.2/16 MB | 0.5/34 MBProgress (3): 5.2/6.6 MB | 3.2/16 MB | 0.5/34 MBProgress (3): 5.2/6.6 MB | 3.2/16 MB | 0.5/34 MBProgress (3): 5.2/6.6 MB | 3.3/16 MB | 0.5/34 MBProgress (3): 5.2/6.6 MB | 3.3/16 MB | 0.5/34 MBProgress (3): 5.2/6.6 MB | 3.3/16 MB | 0.5/34 MBProgress (3): 5.3/6.6 MB | 3.3/16 MB | 0.5/34 MBProgress (3): 5.3/6.6 MB | 3.3/16 MB | 0.5/34 MBProgress (3): 5.3/6.6 MB | 3.3/16 MB | 0.5/34 MBProgress (3): 5.3/6.6 MB | 3.3/16 MB | 0.5/34 MBProgress (4): 5.3/6.6 MB | 3.3/16 MB | 0.5/34 MB | 3.3/909 kBProgress (4): 5.3/6.6 MB | 3.3/16 MB | 0.5/34 MB | 20/909 kB Progress (4): 5.3/6.6 MB | 3.3/16 MB | 0.5/34 MB | 36/909 kBProgress (4): 5.3/6.6 MB | 3.3/16 MB | 0.5/34 MB | 52/909 kBProgress (4): 5.3/6.6 MB | 3.3/16 MB | 0.5/34 MB | 52/909 kBProgress (4): 5.3/6.6 MB | 3.3/16 MB | 0.6/34 MB | 52/909 kBProgress (4): 5.3/6.6 MB | 3.3/16 MB | 0.6/34 MB | 69/909 kBProgress (4): 5.3/6.6 MB | 3.3/16 MB | 0.6/34 MB | 69/909 kBProgress (5): 5.3/6.6 MB | 3.3/16 MB | 0.6/34 MB | 69/909 kB | 7.2/242 kBProgress (5): 5.3/6.6 MB | 3.3/16 MB | 0.6/34 MB | 69/909 kB | 15/242 kB Progress (5): 5.3/6.6 MB | 3.3/16 MB | 0.6/34 MB | 69/909 kB | 32/242 kBProgress (5): 5.3/6.6 MB | 3.3/16 MB | 0.6/34 MB | 69/909 kB | 32/242 kBProgress (5): 5.3/6.6 MB | 3.3/16 MB | 0.6/34 MB | 69/909 kB | 48/242 kBProgress (5): 5.3/6.6 MB | 3.3/16 MB | 0.6/34 MB | 69/909 kB | 64/242 kBProgress (5): 5.3/6.6 MB | 3.3/16 MB | 0.6/34 MB | 69/909 kB | 64/242 kBProgress (5): 5.3/6.6 MB | 3.3/16 MB | 0.6/34 MB | 69/909 kB | 64/242 kBProgress (5): 5.3/6.6 MB | 3.3/16 MB | 0.6/34 MB | 69/909 kB | 64/242 kBProgress (5): 5.4/6.6 MB | 3.3/16 MB | 0.6/34 MB | 69/909 kB | 64/242 kBProgress (5): 5.4/6.6 MB | 3.3/16 MB | 0.6/34 MB | 85/909 kB | 64/242 kBProgress (5): 5.4/6.6 MB | 3.3/16 MB | 0.6/34 MB | 85/909 kB | 64/242 kBProgress (5): 5.4/6.6 MB | 3.3/16 MB | 0.6/34 MB | 85/909 kB | 64/242 kBProgress (5): 5.4/6.6 MB | 3.3/16 MB | 0.6/34 MB | 85/909 kB | 64/242 kBProgress (5): 5.4/6.6 MB | 3.3/16 MB | 0.6/34 MB | 85/909 kB | 81/242 kBProgress (5): 5.4/6.6 MB | 3.3/16 MB | 0.6/34 MB | 102/909 kB | 81/242 kBProgress (5): 5.4/6.6 MB | 3.3/16 MB | 0.6/34 MB | 102/909 kB | 81/242 kBProgress (5): 5.4/6.6 MB | 3.3/16 MB | 0.6/34 MB | 102/909 kB | 81/242 kBProgress (5): 5.4/6.6 MB | 3.3/16 MB | 0.6/34 MB | 102/909 kB | 81/242 kBProgress (5): 5.4/6.6 MB | 3.3/16 MB | 0.6/34 MB | 102/909 kB | 97/242 kBProgress (5): 5.4/6.6 MB | 3.3/16 MB | 0.6/34 MB | 102/909 kB | 97/242 kBProgress (5): 5.4/6.6 MB | 3.3/16 MB | 0.6/34 MB | 102/909 kB | 114/242 kBProgress (5): 5.4/6.6 MB | 3.3/16 MB | 0.6/34 MB | 102/909 kB | 130/242 kBProgress (5): 5.4/6.6 MB | 3.3/16 MB | 0.6/34 MB | 102/909 kB | 130/242 kBProgress (5): 5.4/6.6 MB | 3.3/16 MB | 0.6/34 MB | 118/909 kB | 130/242 kBProgress (5): 5.4/6.6 MB | 3.3/16 MB | 0.6/34 MB | 118/909 kB | 130/242 kBProgress (5): 5.4/6.6 MB | 3.3/16 MB | 0.6/34 MB | 134/909 kB | 130/242 kBProgress (5): 5.4/6.6 MB | 3.3/16 MB | 0.6/34 MB | 134/909 kB | 146/242 kBProgress (5): 5.4/6.6 MB | 3.3/16 MB | 0.6/34 MB | 134/909 kB | 146/242 kBProgress (5): 5.5/6.6 MB | 3.3/16 MB | 0.6/34 MB | 134/909 kB | 146/242 kBProgress (5): 5.5/6.6 MB | 3.3/16 MB | 0.6/34 MB | 134/909 kB | 146/242 kBProgress (5): 5.5/6.6 MB | 3.3/16 MB | 0.6/34 MB | 134/909 kB | 146/242 kBProgress (5): 5.5/6.6 MB | 3.3/16 MB | 0.6/34 MB | 134/909 kB | 146/242 kBProgress (5): 5.5/6.6 MB | 3.3/16 MB | 0.6/34 MB | 151/909 kB | 146/242 kBProgress (5): 5.5/6.6 MB | 3.3/16 MB | 0.6/34 MB | 151/909 kB | 163/242 kBProgress (5): 5.5/6.6 MB | 3.3/16 MB | 0.6/34 MB | 151/909 kB | 179/242 kBProgress (5): 5.5/6.6 MB | 3.3/16 MB | 0.6/34 MB | 151/909 kB | 179/242 kBProgress (5): 5.5/6.6 MB | 3.3/16 MB | 0.6/34 MB | 151/909 kB | 179/242 kBProgress (5): 5.5/6.6 MB | 3.4/16 MB | 0.6/34 MB | 151/909 kB | 179/242 kBProgress (5): 5.5/6.6 MB | 3.4/16 MB | 0.6/34 MB | 167/909 kB | 179/242 kBProgress (5): 5.5/6.6 MB | 3.4/16 MB | 0.6/34 MB | 184/909 kB | 179/242 kBProgress (5): 5.5/6.6 MB | 3.4/16 MB | 0.6/34 MB | 184/909 kB | 179/242 kBProgress (5): 5.5/6.6 MB | 3.4/16 MB | 0.7/34 MB | 184/909 kB | 179/242 kBProgress (5): 5.5/6.6 MB | 3.4/16 MB | 0.7/34 MB | 184/909 kB | 196/242 kBProgress (5): 5.5/6.6 MB | 3.4/16 MB | 0.7/34 MB | 184/909 kB | 212/242 kBProgress (5): 5.5/6.6 MB | 3.4/16 MB | 0.7/34 MB | 184/909 kB | 228/242 kBProgress (5): 5.5/6.6 MB | 3.4/16 MB | 0.7/34 MB | 184/909 kB | 242 kB    Progress (5): 5.5/6.6 MB | 3.4/16 MB | 0.7/34 MB | 184/909 kB | 242 kBProgress (5): 5.5/6.6 MB | 3.4/16 MB | 0.7/34 MB | 184/909 kB | 242 kBProgress (5): 5.5/6.6 MB | 3.4/16 MB | 0.7/34 MB | 200/909 kB | 242 kBProgress (5): 5.6/6.6 MB | 3.4/16 MB | 0.7/34 MB | 200/909 kB | 242 kBProgress (5): 5.6/6.6 MB | 3.4/16 MB | 0.7/34 MB | 200/909 kB | 242 kBProgress (5): 5.6/6.6 MB | 3.4/16 MB | 0.7/34 MB | 200/909 kB | 242 kBProgress (5): 5.6/6.6 MB | 3.4/16 MB | 0.7/34 MB | 200/909 kB | 242 kBProgress (5): 5.6/6.6 MB | 3.4/16 MB | 0.7/34 MB | 200/909 kB | 242 kBProgress (5): 5.6/6.6 MB | 3.4/16 MB | 0.7/34 MB | 216/909 kB | 242 kBProgress (5): 5.6/6.6 MB | 3.4/16 MB | 0.7/34 MB | 216/909 kB | 242 kBProgress (5): 5.6/6.6 MB | 3.4/16 MB | 0.7/34 MB | 216/909 kB | 242 kBProgress (5): 5.6/6.6 MB | 3.4/16 MB | 0.7/34 MB | 216/909 kB | 242 kBProgress (5): 5.6/6.6 MB | 3.4/16 MB | 0.7/34 MB | 233/909 kB | 242 kBProgress (5): 5.6/6.6 MB | 3.4/16 MB | 0.7/34 MB | 233/909 kB | 242 kBProgress (5): 5.6/6.6 MB | 3.4/16 MB | 0.7/34 MB | 249/909 kB | 242 kBProgress (5): 5.6/6.6 MB | 3.4/16 MB | 0.7/34 MB | 249/909 kB | 242 kBProgress (5): 5.6/6.6 MB | 3.4/16 MB | 0.7/34 MB | 249/909 kB | 242 kBProgress (5): 5.6/6.6 MB | 3.4/16 MB | 0.7/34 MB | 265/909 kB | 242 kBProgress (5): 5.6/6.6 MB | 3.5/16 MB | 0.7/34 MB | 265/909 kB | 242 kBProgress (5): 5.6/6.6 MB | 3.5/16 MB | 0.7/34 MB | 282/909 kB | 242 kB                                                                      Downloaded from aliyun: https://maven.aliyun.com/repository/public/org/apache/httpcomponents/core5/httpcore5-h2/5.3.4/httpcore5-h2-5.3.4.jar (242 kB at 107 kB/s)
Downloading from aliyun: https://maven.aliyun.com/repository/public/com/github/promeg/tinypinyin/2.0.3/tinypinyin-2.0.3.jar
Progress (4): 5.6/6.6 MB | 3.5/16 MB | 0.7/34 MB | 282/909 kBProgress (4): 5.6/6.6 MB | 3.5/16 MB | 0.7/34 MB | 282/909 kBProgress (4): 5.6/6.6 MB | 3.5/16 MB | 0.7/34 MB | 298/909 kBProgress (4): 5.6/6.6 MB | 3.5/16 MB | 0.7/34 MB | 298/909 kBProgress (4): 5.7/6.6 MB | 3.5/16 MB | 0.7/34 MB | 298/909 kBProgress (4): 5.7/6.6 MB | 3.5/16 MB | 0.7/34 MB | 298/909 kBProgress (4): 5.7/6.6 MB | 3.5/16 MB | 0.7/34 MB | 298/909 kBProgress (4): 5.7/6.6 MB | 3.5/16 MB | 0.7/34 MB | 298/909 kBProgress (4): 5.7/6.6 MB | 3.5/16 MB | 0.7/34 MB | 298/909 kBProgress (4): 5.7/6.6 MB | 3.5/16 MB | 0.7/34 MB | 315/909 kBProgress (4): 5.7/6.6 MB | 3.5/16 MB | 0.7/34 MB | 331/909 kBProgress (4): 5.7/6.6 MB | 3.5/16 MB | 0.7/34 MB | 347/909 kBProgress (4): 5.7/6.6 MB | 3.5/16 MB | 0.7/34 MB | 364/909 kBProgress (4): 5.7/6.6 MB | 3.5/16 MB | 0.7/34 MB | 364/909 kBProgress (4): 5.7/6.6 MB | 3.5/16 MB | 0.7/34 MB | 364/909 kBProgress (4): 5.7/6.6 MB | 3.5/16 MB | 0.8/34 MB | 364/909 kBProgress (4): 5.7/6.6 MB | 3.5/16 MB | 0.8/34 MB | 380/909 kBProgress (4): 5.7/6.6 MB | 3.5/16 MB | 0.8/34 MB | 397/909 kBProgress (4): 5.7/6.6 MB | 3.5/16 MB | 0.8/34 MB | 397/909 kBProgress (4): 5.7/6.6 MB | 3.5/16 MB | 0.8/34 MB | 397/909 kBProgress (4): 5.7/6.6 MB | 3.5/16 MB | 0.8/34 MB | 413/909 kBProgress (4): 5.7/6.6 MB | 3.5/16 MB | 0.8/34 MB | 429/909 kBProgress (4): 5.7/6.6 MB | 3.5/16 MB | 0.8/34 MB | 429/909 kBProgress (4): 5.7/6.6 MB | 3.6/16 MB | 0.8/34 MB | 429/909 kBProgress (4): 5.7/6.6 MB | 3.6/16 MB | 0.8/34 MB | 429/909 kBProgress (4): 5.7/6.6 MB | 3.6/16 MB | 0.8/34 MB | 429/909 kBProgress (4): 5.7/6.6 MB | 3.6/16 MB | 0.8/34 MB | 446/909 kBProgress (5): 5.7/6.6 MB | 3.6/16 MB | 0.8/34 MB | 446/909 kB | 7.3/96 kBProgress (5): 5.7/6.6 MB | 3.6/16 MB | 0.8/34 MB | 446/909 kB | 16/96 kB Progress (5): 5.7/6.6 MB | 3.6/16 MB | 0.8/34 MB | 446/909 kB | 32/96 kBProgress (5): 5.7/6.6 MB | 3.6/16 MB | 0.8/34 MB | 446/909 kB | 32/96 kBProgress (5): 5.7/6.6 MB | 3.6/16 MB | 0.8/34 MB | 462/909 kB | 32/96 kBProgress (5): 5.7/6.6 MB | 3.6/16 MB | 0.8/34 MB | 462/909 kB | 32/96 kBProgress (5): 5.7/6.6 MB | 3.6/16 MB | 0.8/34 MB | 462/909 kB | 32/96 kBProgress (5): 5.7/6.6 MB | 3.6/16 MB | 0.8/34 MB | 462/909 kB | 32/96 kBProgress (5): 5.7/6.6 MB | 3.6/16 MB | 0.8/34 MB | 462/909 kB | 48/96 kBProgress (5): 5.7/6.6 MB | 3.6/16 MB | 0.8/34 MB | 478/909 kB | 48/96 kBProgress (5): 5.8/6.6 MB | 3.6/16 MB | 0.8/34 MB | 478/909 kB | 48/96 kBProgress (5): 5.8/6.6 MB | 3.6/16 MB | 0.8/34 MB | 478/909 kB | 48/96 kBProgress (5): 5.8/6.6 MB | 3.6/16 MB | 0.8/34 MB | 495/909 kB | 48/96 kBProgress (5): 5.8/6.6 MB | 3.6/16 MB | 0.8/34 MB | 495/909 kB | 48/96 kBProgress (5): 5.8/6.6 MB | 3.6/16 MB | 0.8/34 MB | 495/909 kB | 48/96 kBProgress (5): 5.8/6.6 MB | 3.6/16 MB | 0.8/34 MB | 511/909 kB | 48/96 kBProgress (5): 5.8/6.6 MB | 3.6/16 MB | 0.8/34 MB | 511/909 kB | 48/96 kBProgress (5): 5.8/6.6 MB | 3.6/16 MB | 0.8/34 MB | 511/909 kB | 48/96 kBProgress (5): 5.8/6.6 MB | 3.7/16 MB | 0.8/34 MB | 511/909 kB | 48/96 kBProgress (5): 5.8/6.6 MB | 3.7/16 MB | 0.8/34 MB | 511/909 kB | 48/96 kBProgress (5): 5.8/6.6 MB | 3.7/16 MB | 0.8/34 MB | 511/909 kB | 65/96 kBProgress (5): 5.8/6.6 MB | 3.7/16 MB | 0.8/34 MB | 511/909 kB | 81/96 kBProgress (5): 5.8/6.6 MB | 3.7/16 MB | 0.8/34 MB | 511/909 kB | 81/96 kBProgress (5): 5.8/6.6 MB | 3.7/16 MB | 0.8/34 MB | 511/909 kB | 81/96 kBProgress (5): 5.8/6.6 MB | 3.7/16 MB | 0.8/34 MB | 511/909 kB | 96 kB   Progress (5): 5.8/6.6 MB | 3.7/16 MB | 0.8/34 MB | 511/909 kB | 96 kBProgress (5): 5.8/6.6 MB | 3.7/16 MB | 0.8/34 MB | 524/909 kB | 96 kBProgress (5): 5.8/6.6 MB | 3.7/16 MB | 0.8/34 MB | 528/909 kB | 96 kBProgress (5): 5.8/6.6 MB | 3.7/16 MB | 0.8/34 MB | 544/909 kB | 96 kBProgress (5): 5.8/6.6 MB | 3.7/16 MB | 0.8/34 MB | 544/909 kB | 96 kBProgress (5): 5.8/6.6 MB | 3.7/16 MB | 0.8/34 MB | 544/909 kB | 96 kBProgress (5): 5.8/6.6 MB | 3.7/16 MB | 0.8/34 MB | 544/909 kB | 96 kBProgress (5): 5.8/6.6 MB | 3.7/16 MB | 0.8/34 MB | 557/909 kB | 96 kBProgress (5): 5.8/6.6 MB | 3.7/16 MB | 0.8/34 MB | 557/909 kB | 96 kBProgress (5): 5.8/6.6 MB | 3.7/16 MB | 0.8/34 MB | 557/909 kB | 96 kBProgress (5): 5.8/6.6 MB | 3.7/16 MB | 0.8/34 MB | 557/909 kB | 96 kBProgress (5): 5.8/6.6 MB | 3.7/16 MB | 0.8/34 MB | 573/909 kB | 96 kBProgress (5): 5.8/6.6 MB | 3.7/16 MB | 0.8/34 MB | 573/909 kB | 96 kBProgress (5): 5.9/6.6 MB | 3.7/16 MB | 0.8/34 MB | 573/909 kB | 96 kBProgress (5): 5.9/6.6 MB | 3.7/16 MB | 0.8/34 MB | 573/909 kB | 96 kBProgress (5): 5.9/6.6 MB | 3.7/16 MB | 0.8/34 MB | 590/909 kB | 96 kBProgress (5): 5.9/6.6 MB | 3.8/16 MB | 0.8/34 MB | 590/909 kB | 96 kBProgress (5): 5.9/6.6 MB | 3.8/16 MB | 0.8/34 MB | 606/909 kB | 96 kBProgress (5): 5.9/6.6 MB | 3.8/16 MB | 0.8/34 MB | 606/909 kB | 96 kBProgress (5): 5.9/6.6 MB | 3.8/16 MB | 0.8/34 MB | 606/909 kB | 96 kBProgress (5): 5.9/6.6 MB | 3.8/16 MB | 0.8/34 MB | 623/909 kB | 96 kBProgress (5): 5.9/6.6 MB | 3.8/16 MB | 0.8/34 MB | 623/909 kB | 96 kBProgress (5): 5.9/6.6 MB | 3.8/16 MB | 0.9/34 MB | 623/909 kB | 96 kBProgress (5): 5.9/6.6 MB | 3.8/16 MB | 0.9/34 MB | 639/909 kB | 96 kBProgress (5): 5.9/6.6 MB | 3.8/16 MB | 0.9/34 MB | 639/909 kB | 96 kBProgress (5): 5.9/6.6 MB | 3.8/16 MB | 0.9/34 MB | 639/909 kB | 96 kBProgress (5): 5.9/6.6 MB | 3.8/16 MB | 0.9/34 MB | 639/909 kB | 96 kB                                                                     Downloaded from aliyun: https://maven.aliyun.com/repository/public/com/github/promeg/tinypinyin/2.0.3/tinypinyin-2.0.3.jar (96 kB at 40 kB/s)
Downloading from aliyun: https://maven.aliyun.com/repository/public/org/jeecgframework/jimureport/jimureport-nosql-starter/2.1.0/jimureport-nosql-starter-2.1.0.jar
Progress (4): 5.9/6.6 MB | 3.8/16 MB | 0.9/34 MB | 639/909 kBProgress (4): 5.9/6.6 MB | 3.8/16 MB | 0.9/34 MB | 655/909 kBProgress (4): 5.9/6.6 MB | 3.8/16 MB | 0.9/34 MB | 672/909 kBProgress (4): 5.9/6.6 MB | 3.8/16 MB | 0.9/34 MB | 688/909 kBProgress (4): 5.9/6.6 MB | 3.8/16 MB | 0.9/34 MB | 688/909 kBProgress (4): 5.9/6.6 MB | 3.8/16 MB | 0.9/34 MB | 705/909 kBProgress (4): 5.9/6.6 MB | 3.8/16 MB | 0.9/34 MB | 705/909 kBProgress (4): 5.9/6.6 MB | 3.8/16 MB | 0.9/34 MB | 705/909 kBProgress (4): 6.0/6.6 MB | 3.8/16 MB | 0.9/34 MB | 705/909 kBProgress (4): 6.0/6.6 MB | 3.8/16 MB | 0.9/34 MB | 721/909 kBProgress (4): 6.0/6.6 MB | 3.8/16 MB | 0.9/34 MB | 721/909 kBProgress (4): 6.0/6.6 MB | 3.8/16 MB | 0.9/34 MB | 737/909 kBProgress (4): 6.0/6.6 MB | 3.8/16 MB | 0.9/34 MB | 737/909 kBProgress (4): 6.0/6.6 MB | 3.8/16 MB | 0.9/34 MB | 737/909 kBProgress (4): 6.0/6.6 MB | 3.8/16 MB | 0.9/34 MB | 737/909 kBProgress (4): 6.0/6.6 MB | 3.8/16 MB | 0.9/34 MB | 754/909 kBProgress (4): 6.0/6.6 MB | 3.8/16 MB | 0.9/34 MB | 754/909 kBProgress (4): 6.0/6.6 MB | 3.8/16 MB | 0.9/34 MB | 754/909 kBProgress (4): 6.0/6.6 MB | 3.8/16 MB | 0.9/34 MB | 754/909 kBProgress (4): 6.0/6.6 MB | 3.8/16 MB | 0.9/34 MB | 770/909 kBProgress (4): 6.0/6.6 MB | 3.8/16 MB | 0.9/34 MB | 786/909 kBProgress (4): 6.0/6.6 MB | 3.9/16 MB | 0.9/34 MB | 786/909 kBProgress (4): 6.0/6.6 MB | 3.9/16 MB | 0.9/34 MB | 786/909 kBProgress (4): 6.0/6.6 MB | 3.9/16 MB | 0.9/34 MB | 786/909 kBProgress (4): 6.0/6.6 MB | 3.9/16 MB | 0.9/34 MB | 786/909 kBProgress (4): 6.0/6.6 MB | 3.9/16 MB | 0.9/34 MB | 786/909 kBProgress (4): 6.0/6.6 MB | 3.9/16 MB | 0.9/34 MB | 786/909 kBProgress (4): 6.0/6.6 MB | 3.9/16 MB | 0.9/34 MB | 786/909 kBProgress (4): 6.0/6.6 MB | 3.9/16 MB | 0.9/34 MB | 786/909 kBProgress (4): 6.0/6.6 MB | 3.9/16 MB | 0.9/34 MB | 803/909 kBProgress (4): 6.0/6.6 MB | 3.9/16 MB | 0.9/34 MB | 819/909 kBProgress (4): 6.0/6.6 MB | 4.0/16 MB | 0.9/34 MB | 819/909 kBProgress (5): 6.0/6.6 MB | 4.0/16 MB | 0.9/34 MB | 819/909 kB | 16/79 kBProgress (5): 6.0/6.6 MB | 4.0/16 MB | 0.9/34 MB | 819/909 kB | 16/79 kBProgress (5): 6.0/6.6 MB | 4.0/16 MB | 0.9/34 MB | 819/909 kB | 16/79 kBProgress (5): 6.0/6.6 MB | 4.0/16 MB | 0.9/34 MB | 819/909 kB | 33/79 kBProgress (5): 6.0/6.6 MB | 4.0/16 MB | 0.9/34 MB | 836/909 kB | 33/79 kBProgress (5): 6.0/6.6 MB | 4.0/16 MB | 0.9/34 MB | 852/909 kB | 33/79 kBProgress (5): 6.0/6.6 MB | 4.0/16 MB | 0.9/34 MB | 852/909 kB | 33/79 kBProgress (5): 6.0/6.6 MB | 4.0/16 MB | 0.9/34 MB | 852/909 kB | 33/79 kBProgress (5): 6.0/6.6 MB | 4.0/16 MB | 0.9/34 MB | 852/909 kB | 33/79 kBProgress (5): 6.0/6.6 MB | 4.0/16 MB | 0.9/34 MB | 852/909 kB | 33/79 kBProgress (5): 6.0/6.6 MB | 4.0/16 MB | 0.9/34 MB | 852/909 kB | 33/79 kBProgress (5): 6.0/6.6 MB | 4.0/16 MB | 0.9/34 MB | 852/909 kB | 49/79 kBProgress (5): 6.1/6.6 MB | 4.0/16 MB | 0.9/34 MB | 852/909 kB | 49/79 kBProgress (5): 6.1/6.6 MB | 4.0/16 MB | 0.9/34 MB | 852/909 kB | 55/79 kBProgress (5): 6.1/6.6 MB | 4.0/16 MB | 0.9/34 MB | 852/909 kB | 55/79 kBProgress (5): 6.1/6.6 MB | 4.0/16 MB | 0.9/34 MB | 868/909 kB | 55/79 kBProgress (5): 6.1/6.6 MB | 4.1/16 MB | 0.9/34 MB | 868/909 kB | 55/79 kBProgress (5): 6.1/6.6 MB | 4.1/16 MB | 0.9/34 MB | 868/909 kB | 66/79 kBProgress (5): 6.1/6.6 MB | 4.1/16 MB | 1.0/34 MB | 868/909 kB | 66/79 kBProgress (5): 6.1/6.6 MB | 4.1/16 MB | 1.0/34 MB | 868/909 kB | 66/79 kBProgress (5): 6.1/6.6 MB | 4.1/16 MB | 1.0/34 MB | 868/909 kB | 70/79 kBProgress (5): 6.1/6.6 MB | 4.1/16 MB | 1.0/34 MB | 885/909 kB | 70/79 kBProgress (5): 6.1/6.6 MB | 4.1/16 MB | 1.0/34 MB | 885/909 kB | 70/79 kBProgress (5): 6.1/6.6 MB | 4.1/16 MB | 1.0/34 MB | 885/909 kB | 70/79 kBProgress (5): 6.1/6.6 MB | 4.1/16 MB | 1.0/34 MB | 885/909 kB | 70/79 kBProgress (5): 6.1/6.6 MB | 4.1/16 MB | 1.0/34 MB | 885/909 kB | 79 kB   Progress (5): 6.1/6.6 MB | 4.1/16 MB | 1.0/34 MB | 901/909 kB | 79 kBProgress (5): 6.1/6.6 MB | 4.1/16 MB | 1.0/34 MB | 901/909 kB | 79 kBProgress (5): 6.1/6.6 MB | 4.1/16 MB | 1.0/34 MB | 901/909 kB | 79 kBProgress (5): 6.1/6.6 MB | 4.1/16 MB | 1.0/34 MB | 909 kB | 79 kB    Progress (5): 6.1/6.6 MB | 4.1/16 MB | 1.0/34 MB | 909 kB | 79 kBProgress (5): 6.1/6.6 MB | 4.1/16 MB | 1.0/34 MB | 909 kB | 79 kBProgress (5): 6.1/6.6 MB | 4.1/16 MB | 1.0/34 MB | 909 kB | 79 kBProgress (5): 6.1/6.6 MB | 4.1/16 MB | 1.0/34 MB | 909 kB | 79 kBProgress (5): 6.1/6.6 MB | 4.1/16 MB | 1.0/34 MB | 909 kB | 79 kBProgress (5): 6.1/6.6 MB | 4.2/16 MB | 1.0/34 MB | 909 kB | 79 kBProgress (5): 6.1/6.6 MB | 4.2/16 MB | 1.0/34 MB | 909 kB | 79 kBProgress (5): 6.1/6.6 MB | 4.2/16 MB | 1.0/34 MB | 909 kB | 79 kBProgress (5): 6.1/6.6 MB | 4.2/16 MB | 1.0/34 MB | 909 kB | 79 kBProgress (5): 6.1/6.6 MB | 4.2/16 MB | 1.0/34 MB | 909 kB | 79 kBProgress (5): 6.1/6.6 MB | 4.2/16 MB | 1.0/34 MB | 909 kB | 79 kBProgress (5): 6.1/6.6 MB | 4.2/16 MB | 1.0/34 MB | 909 kB | 79 kBProgress (5): 6.1/6.6 MB | 4.2/16 MB | 1.0/34 MB | 909 kB | 79 kBProgress (5): 6.1/6.6 MB | 4.2/16 MB | 1.0/34 MB | 909 kB | 79 kBProgress (5): 6.1/6.6 MB | 4.3/16 MB | 1.0/34 MB | 909 kB | 79 kBProgress (5): 6.1/6.6 MB | 4.3/16 MB | 1.0/34 MB | 909 kB | 79 kBProgress (5): 6.2/6.6 MB | 4.3/16 MB | 1.0/34 MB | 909 kB | 79 kB                                                                 Downloaded from aliyun: https://maven.aliyun.com/repository/public/org/apache/httpcomponents/core5/httpcore5/5.3.4/httpcore5-5.3.4.jar (909 kB at 361 kB/s)
Downloading from aliyun: https://maven.aliyun.com/repository/public/org/mongodb/mongodb-driver-sync/5.5.1/mongodb-driver-sync-5.5.1.jar
Progress (4): 6.2/6.6 MB | 4.3/16 MB | 1.1/34 MB | 79 kBProgress (4): 6.2/6.6 MB | 4.3/16 MB | 1.1/34 MB | 79 kBProgress (4): 6.2/6.6 MB | 4.3/16 MB | 1.1/34 MB | 79 kBProgress (4): 6.2/6.6 MB | 4.3/16 MB | 1.1/34 MB | 79 kBProgress (4): 6.2/6.6 MB | 4.3/16 MB | 1.1/34 MB | 79 kBProgress (4): 6.2/6.6 MB | 4.3/16 MB | 1.1/34 MB | 79 kBProgress (4): 6.2/6.6 MB | 4.3/16 MB | 1.1/34 MB | 79 kBProgress (4): 6.2/6.6 MB | 4.3/16 MB | 1.1/34 MB | 79 kBProgress (4): 6.3/6.6 MB | 4.3/16 MB | 1.1/34 MB | 79 kBProgress (4): 6.3/6.6 MB | 4.3/16 MB | 1.1/34 MB | 79 kBProgress (4): 6.3/6.6 MB | 4.3/16 MB | 1.1/34 MB | 79 kBProgress (4): 6.3/6.6 MB | 4.3/16 MB | 1.1/34 MB | 79 kBProgress (4): 6.3/6.6 MB | 4.4/16 MB | 1.1/34 MB | 79 kBProgress (4): 6.3/6.6 MB | 4.4/16 MB | 1.1/34 MB | 79 kBProgress (4): 6.3/6.6 MB | 4.4/16 MB | 1.1/34 MB | 79 kBProgress (4): 6.3/6.6 MB | 4.4/16 MB | 1.1/34 MB | 79 kBProgress (4): 6.3/6.6 MB | 4.4/16 MB | 1.1/34 MB | 79 kBProgress (4): 6.3/6.6 MB | 4.4/16 MB | 1.1/34 MB | 79 kBProgress (4): 6.3/6.6 MB | 4.5/16 MB | 1.1/34 MB | 79 kBProgress (4): 6.3/6.6 MB | 4.5/16 MB | 1.1/34 MB | 79 kBProgress (4): 6.3/6.6 MB | 4.5/16 MB | 1.1/34 MB | 79 kBProgress (4): 6.3/6.6 MB | 4.5/16 MB | 1.1/34 MB | 79 kBProgress (4): 6.3/6.6 MB | 4.5/16 MB | 1.1/34 MB | 79 kBProgress (4): 6.3/6.6 MB | 4.5/16 MB | 1.1/34 MB | 79 kBProgress (4): 6.3/6.6 MB | 4.5/16 MB | 1.1/34 MB | 79 kBProgress (4): 6.3/6.6 MB | 4.5/16 MB | 1.1/34 MB | 79 kBProgress (4): 6.3/6.6 MB | 4.5/16 MB | 1.1/34 MB | 79 kBProgress (4): 6.3/6.6 MB | 4.5/16 MB | 1.1/34 MB | 79 kBProgress (4): 6.3/6.6 MB | 4.5/16 MB | 1.1/34 MB | 79 kBProgress (4): 6.3/6.6 MB | 4.5/16 MB | 1.1/34 MB | 79 kBProgress (4): 6.3/6.6 MB | 4.6/16 MB | 1.1/34 MB | 79 kBProgress (4): 6.3/6.6 MB | 4.6/16 MB | 1.1/34 MB | 79 kBProgress (4): 6.3/6.6 MB | 4.6/16 MB | 1.1/34 MB | 79 kBProgress (4): 6.3/6.6 MB | 4.6/16 MB | 1.1/34 MB | 79 kBProgress (4): 6.3/6.6 MB | 4.6/16 MB | 1.1/34 MB | 79 kBProgress (4): 6.3/6.6 MB | 4.6/16 MB | 1.1/34 MB | 79 kBProgress (4): 6.3/6.6 MB | 4.6/16 MB | 1.1/34 MB | 79 kBProgress (4): 6.3/6.6 MB | 4.7/16 MB | 1.1/34 MB | 79 kBProgress (4): 6.3/6.6 MB | 4.7/16 MB | 1.2/34 MB | 79 kBProgress (4): 6.3/6.6 MB | 4.7/16 MB | 1.2/34 MB | 79 kBProgress (4): 6.3/6.6 MB | 4.7/16 MB | 1.2/34 MB | 79 kBProgress (4): 6.3/6.6 MB | 4.7/16 MB | 1.2/34 MB | 79 kBProgress (4): 6.3/6.6 MB | 4.7/16 MB | 1.2/34 MB | 79 kBProgress (4): 6.3/6.6 MB | 4.7/16 MB | 1.2/34 MB | 79 kBProgress (4): 6.3/6.6 MB | 4.7/16 MB | 1.2/34 MB | 79 kBProgress (4): 6.3/6.6 MB | 4.8/16 MB | 1.2/34 MB | 79 kBProgress (4): 6.3/6.6 MB | 4.8/16 MB | 1.2/34 MB | 79 kBProgress (4): 6.3/6.6 MB | 4.8/16 MB | 1.2/34 MB | 79 kBProgress (4): 6.3/6.6 MB | 4.8/16 MB | 1.2/34 MB | 79 kBProgress (4): 6.3/6.6 MB | 4.8/16 MB | 1.2/34 MB | 79 kBProgress (4): 6.3/6.6 MB | 4.8/16 MB | 1.2/34 MB | 79 kBProgress (4): 6.3/6.6 MB | 4.8/16 MB | 1.2/34 MB | 79 kBProgress (4): 6.3/6.6 MB | 4.8/16 MB | 1.2/34 MB | 79 kBProgress (4): 6.3/6.6 MB | 4.8/16 MB | 1.2/34 MB | 79 kBProgress (4): 6.3/6.6 MB | 4.8/16 MB | 1.2/34 MB | 79 kBProgress (4): 6.3/6.6 MB | 4.8/16 MB | 1.2/34 MB | 79 kBProgress (4): 6.3/6.6 MB | 4.8/16 MB | 1.2/34 MB | 79 kBProgress (4): 6.3/6.6 MB | 4.8/16 MB | 1.2/34 MB | 79 kBProgress (4): 6.3/6.6 MB | 4.9/16 MB | 1.2/34 MB | 79 kBProgress (5): 6.3/6.6 MB | 4.9/16 MB | 1.2/34 MB | 79 kB | 6.2/172 kBProgress (5): 6.3/6.6 MB | 4.9/16 MB | 1.2/34 MB | 79 kB | 6.2/172 kB                                                                     Downloaded from aliyun: https://maven.aliyun.com/repository/public/org/jeecgframework/jimureport/jimureport-nosql-starter/2.1.0/jimureport-nosql-starter-2.1.0.jar (79 kB at 30 kB/s)
Downloading from aliyun: https://maven.aliyun.com/repository/public/org/mongodb/bson/5.5.1/bson-5.5.1.jar
Progress (4): 6.3/6.6 MB | 4.9/16 MB | 1.2/34 MB | 6.2/172 kBProgress (4): 6.3/6.6 MB | 4.9/16 MB | 1.2/34 MB | 6.2/172 kBProgress (4): 6.3/6.6 MB | 4.9/16 MB | 1.2/34 MB | 6.2/172 kBProgress (4): 6.4/6.6 MB | 4.9/16 MB | 1.2/34 MB | 6.2/172 kBProgress (4): 6.4/6.6 MB | 4.9/16 MB | 1.2/34 MB | 23/172 kB Progress (4): 6.4/6.6 MB | 4.9/16 MB | 1.2/34 MB | 23/172 kBProgress (4): 6.4/6.6 MB | 4.9/16 MB | 1.2/34 MB | 23/172 kBProgress (4): 6.4/6.6 MB | 4.9/16 MB | 1.2/34 MB | 39/172 kBProgress (4): 6.4/6.6 MB | 5.0/16 MB | 1.2/34 MB | 39/172 kBProgress (4): 6.4/6.6 MB | 5.0/16 MB | 1.2/34 MB | 39/172 kBProgress (4): 6.4/6.6 MB | 5.0/16 MB | 1.2/34 MB | 39/172 kBProgress (4): 6.4/6.6 MB | 5.0/16 MB | 1.2/34 MB | 39/172 kBProgress (4): 6.4/6.6 MB | 5.0/16 MB | 1.2/34 MB | 39/172 kBProgress (4): 6.4/6.6 MB | 5.0/16 MB | 1.2/34 MB | 55/172 kBProgress (4): 6.4/6.6 MB | 5.0/16 MB | 1.2/34 MB | 72/172 kBProgress (4): 6.4/6.6 MB | 5.0/16 MB | 1.2/34 MB | 72/172 kBProgress (4): 6.4/6.6 MB | 5.0/16 MB | 1.2/34 MB | 72/172 kBProgress (4): 6.4/6.6 MB | 5.0/16 MB | 1.2/34 MB | 72/172 kBProgress (4): 6.4/6.6 MB | 5.0/16 MB | 1.2/34 MB | 72/172 kBProgress (4): 6.4/6.6 MB | 5.1/16 MB | 1.2/34 MB | 72/172 kBProgress (4): 6.4/6.6 MB | 5.1/16 MB | 1.2/34 MB | 72/172 kBProgress (4): 6.4/6.6 MB | 5.1/16 MB | 1.2/34 MB | 88/172 kBProgress (4): 6.4/6.6 MB | 5.1/16 MB | 1.2/34 MB | 105/172 kBProgress (4): 6.4/6.6 MB | 5.1/16 MB | 1.2/34 MB | 105/172 kBProgress (4): 6.4/6.6 MB | 5.1/16 MB | 1.2/34 MB | 105/172 kBProgress (4): 6.4/6.6 MB | 5.1/16 MB | 1.2/34 MB | 105/172 kBProgress (4): 6.4/6.6 MB | 5.1/16 MB | 1.2/34 MB | 105/172 kBProgress (4): 6.4/6.6 MB | 5.1/16 MB | 1.2/34 MB | 105/172 kBProgress (4): 6.4/6.6 MB | 5.2/16 MB | 1.2/34 MB | 105/172 kBProgress (4): 6.4/6.6 MB | 5.2/16 MB | 1.2/34 MB | 105/172 kBProgress (4): 6.4/6.6 MB | 5.2/16 MB | 1.2/34 MB | 121/172 kBProgress (4): 6.4/6.6 MB | 5.2/16 MB | 1.3/34 MB | 121/172 kBProgress (4): 6.4/6.6 MB | 5.2/16 MB | 1.3/34 MB | 121/172 kBProgress (4): 6.4/6.6 MB | 5.2/16 MB | 1.3/34 MB | 121/172 kBProgress (4): 6.4/6.6 MB | 5.2/16 MB | 1.3/34 MB | 137/172 kBProgress (4): 6.4/6.6 MB | 5.2/16 MB | 1.3/34 MB | 137/172 kBProgress (4): 6.4/6.6 MB | 5.2/16 MB | 1.3/34 MB | 137/172 kBProgress (4): 6.4/6.6 MB | 5.2/16 MB | 1.3/34 MB | 137/172 kBProgress (4): 6.4/6.6 MB | 5.2/16 MB | 1.3/34 MB | 137/172 kBProgress (4): 6.4/6.6 MB | 5.3/16 MB | 1.3/34 MB | 137/172 kBProgress (4): 6.4/6.6 MB | 5.3/16 MB | 1.3/34 MB | 154/172 kBProgress (4): 6.4/6.6 MB | 5.3/16 MB | 1.3/34 MB | 154/172 kBProgress (4): 6.4/6.6 MB | 5.3/16 MB | 1.3/34 MB | 154/172 kBProgress (4): 6.4/6.6 MB | 5.3/16 MB | 1.3/34 MB | 154/172 kBProgress (4): 6.4/6.6 MB | 5.3/16 MB | 1.3/34 MB | 170/172 kBProgress (4): 6.4/6.6 MB | 5.3/16 MB | 1.3/34 MB | 172 kB    Progress (4): 6.4/6.6 MB | 5.3/16 MB | 1.3/34 MB | 172 kBProgress (4): 6.4/6.6 MB | 5.3/16 MB | 1.3/34 MB | 172 kBProgress (4): 6.4/6.6 MB | 5.3/16 MB | 1.3/34 MB | 172 kBProgress (4): 6.4/6.6 MB | 5.3/16 MB | 1.3/34 MB | 172 kBProgress (4): 6.4/6.6 MB | 5.4/16 MB | 1.3/34 MB | 172 kBProgress (4): 6.4/6.6 MB | 5.4/16 MB | 1.3/34 MB | 172 kBProgress (4): 6.4/6.6 MB | 5.4/16 MB | 1.3/34 MB | 172 kBProgress (4): 6.5/6.6 MB | 5.4/16 MB | 1.3/34 MB | 172 kBProgress (4): 6.5/6.6 MB | 5.4/16 MB | 1.3/34 MB | 172 kBProgress (4): 6.5/6.6 MB | 5.4/16 MB | 1.3/34 MB | 172 kBProgress (4): 6.5/6.6 MB | 5.4/16 MB | 1.3/34 MB | 172 kBProgress (4): 6.5/6.6 MB | 5.5/16 MB | 1.3/34 MB | 172 kBProgress (4): 6.5/6.6 MB | 5.5/16 MB | 1.3/34 MB | 172 kBProgress (4): 6.5/6.6 MB | 5.5/16 MB | 1.3/34 MB | 172 kBProgress (4): 6.5/6.6 MB | 5.5/16 MB | 1.3/34 MB | 172 kBProgress (4): 6.5/6.6 MB | 5.5/16 MB | 1.3/34 MB | 172 kBProgress (4): 6.5/6.6 MB | 5.5/16 MB | 1.3/34 MB | 172 kBProgress (4): 6.5/6.6 MB | 5.5/16 MB | 1.3/34 MB | 172 kBProgress (4): 6.5/6.6 MB | 5.5/16 MB | 1.3/34 MB | 172 kBProgress (4): 6.5/6.6 MB | 5.5/16 MB | 1.3/34 MB | 172 kBProgress (4): 6.5/6.6 MB | 5.5/16 MB | 1.3/34 MB | 172 kBProgress (4): 6.5/6.6 MB | 5.5/16 MB | 1.3/34 MB | 172 kBProgress (4): 6.5/6.6 MB | 5.5/16 MB | 1.3/34 MB | 172 kBProgress (4): 6.5/6.6 MB | 5.6/16 MB | 1.3/34 MB | 172 kBProgress (4): 6.5/6.6 MB | 5.6/16 MB | 1.3/34 MB | 172 kBProgress (4): 6.5/6.6 MB | 5.6/16 MB | 1.3/34 MB | 172 kBProgress (4): 6.5/6.6 MB | 5.6/16 MB | 1.3/34 MB | 172 kBProgress (4): 6.5/6.6 MB | 5.6/16 MB | 1.3/34 MB | 172 kBProgress (5): 6.5/6.6 MB | 5.6/16 MB | 1.3/34 MB | 172 kB | 6.2/527 kBProgress (5): 6.5/6.6 MB | 5.6/16 MB | 1.3/34 MB | 172 kB | 23/527 kB Progress (5): 6.5/6.6 MB | 5.6/16 MB | 1.3/34 MB | 172 kB | 39/527 kBProgress (5): 6.5/6.6 MB | 5.6/16 MB | 1.3/34 MB | 172 kB | 55/527 kBProgress (5): 6.5/6.6 MB | 5.6/16 MB | 1.3/34 MB | 172 kB | 55/527 kBProgress (5): 6.5/6.6 MB | 5.7/16 MB | 1.3/34 MB | 172 kB | 55/527 kBProgress (5): 6.5/6.6 MB | 5.7/16 MB | 1.3/34 MB | 172 kB | 55/527 kBProgress (5): 6.5/6.6 MB | 5.7/16 MB | 1.3/34 MB | 172 kB | 55/527 kBProgress (5): 6.5/6.6 MB | 5.7/16 MB | 1.3/34 MB | 172 kB | 55/527 kBProgress (5): 6.5/6.6 MB | 5.7/16 MB | 1.3/34 MB | 172 kB | 55/527 kBProgress (5): 6.5/6.6 MB | 5.7/16 MB | 1.3/34 MB | 172 kB | 55/527 kBProgress (5): 6.5/6.6 MB | 5.8/16 MB | 1.3/34 MB | 172 kB | 55/527 kBProgress (5): 6.5/6.6 MB | 5.8/16 MB | 1.3/34 MB | 172 kB | 72/527 kBProgress (5): 6.6/6.6 MB | 5.8/16 MB | 1.3/34 MB | 172 kB | 72/527 kBProgress (5): 6.6/6.6 MB | 5.8/16 MB | 1.3/34 MB | 172 kB | 72/527 kBProgress (5): 6.6/6.6 MB | 5.8/16 MB | 1.3/34 MB | 172 kB | 72/527 kBProgress (5): 6.6/6.6 MB | 5.8/16 MB | 1.3/34 MB | 172 kB | 72/527 kBProgress (5): 6.6/6.6 MB | 5.8/16 MB | 1.3/34 MB | 172 kB | 72/527 kBProgress (5): 6.6/6.6 MB | 5.8/16 MB | 1.4/34 MB | 172 kB | 72/527 kBProgress (5): 6.6 MB | 5.8/16 MB | 1.4/34 MB | 172 kB | 72/527 kB    Progress (5): 6.6 MB | 5.8/16 MB | 1.4/34 MB | 172 kB | 72/527 kBProgress (5): 6.6 MB | 5.8/16 MB | 1.4/34 MB | 172 kB | 72/527 kBProgress (5): 6.6 MB | 5.8/16 MB | 1.4/34 MB | 172 kB | 72/527 kBProgress (5): 6.6 MB | 5.8/16 MB | 1.4/34 MB | 172 kB | 72/527 kBProgress (5): 6.6 MB | 5.8/16 MB | 1.4/34 MB | 172 kB | 72/527 kBProgress (5): 6.6 MB | 5.8/16 MB | 1.4/34 MB | 172 kB | 88/527 kBProgress (5): 6.6 MB | 5.8/16 MB | 1.4/34 MB | 172 kB | 105/527 kBProgress (5): 6.6 MB | 5.8/16 MB | 1.4/34 MB | 172 kB | 105/527 kBProgress (5): 6.6 MB | 5.8/16 MB | 1.4/34 MB | 172 kB | 105/527 kBProgress (5): 6.6 MB | 5.8/16 MB | 1.4/34 MB | 172 kB | 105/527 kBProgress (5): 6.6 MB | 5.9/16 MB | 1.4/34 MB | 172 kB | 105/527 kBProgress (5): 6.6 MB | 5.9/16 MB | 1.4/34 MB | 172 kB | 105/527 kBProgress (5): 6.6 MB | 5.9/16 MB | 1.4/34 MB | 172 kB | 105/527 kBProgress (5): 6.6 MB | 5.9/16 MB | 1.4/34 MB | 172 kB | 105/527 kBProgress (5): 6.6 MB | 5.9/16 MB | 1.4/34 MB | 172 kB | 121/527 kBProgress (5): 6.6 MB | 5.9/16 MB | 1.4/34 MB | 172 kB | 121/527 kBProgress (5): 6.6 MB | 5.9/16 MB | 1.4/34 MB | 172 kB | 137/527 kBProgress (5): 6.6 MB | 5.9/16 MB | 1.4/34 MB | 172 kB | 137/527 kBProgress (5): 6.6 MB | 5.9/16 MB | 1.4/34 MB | 172 kB | 137/527 kBProgress (5): 6.6 MB | 6.0/16 MB | 1.4/34 MB | 172 kB | 137/527 kBProgress (5): 6.6 MB | 6.0/16 MB | 1.4/34 MB | 172 kB | 137/527 kBProgress (5): 6.6 MB | 6.0/16 MB | 1.4/34 MB | 172 kB | 137/527 kBProgress (5): 6.6 MB | 6.0/16 MB | 1.4/34 MB | 172 kB | 137/527 kBProgress (5): 6.6 MB | 6.0/16 MB | 1.4/34 MB | 172 kB | 137/527 kBProgress (5): 6.6 MB | 6.0/16 MB | 1.4/34 MB | 172 kB | 137/527 kBProgress (5): 6.6 MB | 6.0/16 MB | 1.4/34 MB | 172 kB | 154/527 kBProgress (5): 6.6 MB | 6.1/16 MB | 1.4/34 MB | 172 kB | 154/527 kBProgress (5): 6.6 MB | 6.1/16 MB | 1.4/34 MB | 172 kB | 162/527 kBProgress (5): 6.6 MB | 6.1/16 MB | 1.4/34 MB | 172 kB | 179/527 kBProgress (5): 6.6 MB | 6.1/16 MB | 1.4/34 MB | 172 kB | 179/527 kBProgress (5): 6.6 MB | 6.1/16 MB | 1.4/34 MB | 172 kB | 179/527 kBProgress (5): 6.6 MB | 6.1/16 MB | 1.4/34 MB | 172 kB | 195/527 kBProgress (5): 6.6 MB | 6.1/16 MB | 1.4/34 MB | 172 kB | 195/527 kBProgress (5): 6.6 MB | 6.1/16 MB | 1.4/34 MB | 172 kB | 195/527 kBProgress (5): 6.6 MB | 6.1/16 MB | 1.4/34 MB | 172 kB | 212/527 kBProgress (5): 6.6 MB | 6.1/16 MB | 1.4/34 MB | 172 kB | 212/527 kBProgress (5): 6.6 MB | 6.1/16 MB | 1.4/34 MB | 172 kB | 212/527 kBProgress (5): 6.6 MB | 6.1/16 MB | 1.4/34 MB | 172 kB | 228/527 kBProgress (5): 6.6 MB | 6.1/16 MB | 1.4/34 MB | 172 kB | 234/527 kBProgress (5): 6.6 MB | 6.1/16 MB | 1.4/34 MB | 172 kB | 234/527 kBProgress (5): 6.6 MB | 6.1/16 MB | 1.4/34 MB | 172 kB | 244/527 kBProgress (5): 6.6 MB | 6.2/16 MB | 1.4/34 MB | 172 kB | 244/527 kBProgress (5): 6.6 MB | 6.2/16 MB | 1.4/34 MB | 172 kB | 244/527 kBProgress (5): 6.6 MB | 6.2/16 MB | 1.4/34 MB | 172 kB | 261/527 kBProgress (5): 6.6 MB | 6.2/16 MB | 1.4/34 MB | 172 kB | 276/527 kBProgress (5): 6.6 MB | 6.2/16 MB | 1.4/34 MB | 172 kB | 276/527 kB                                                                  Downloaded from aliyun: https://maven.aliyun.com/repository/public/org/mongodb/mongodb-driver-sync/5.5.1/mongodb-driver-sync-5.5.1.jar (172 kB at 61 kB/s)
Downloading from aliyun: https://maven.aliyun.com/repository/public/org/mongodb/mongodb-driver-core/5.5.1/mongodb-driver-core-5.5.1.jar
Progress (4): 6.6 MB | 6.2/16 MB | 1.4/34 MB | 276/527 kBProgress (4): 6.6 MB | 6.2/16 MB | 1.4/34 MB | 276/527 kBProgress (4): 6.6 MB | 6.2/16 MB | 1.4/34 MB | 276/527 kBProgress (4): 6.6 MB | 6.2/16 MB | 1.4/34 MB | 276/527 kBProgress (4): 6.6 MB | 6.3/16 MB | 1.4/34 MB | 276/527 kBProgress (4): 6.6 MB | 6.3/16 MB | 1.4/34 MB | 276/527 kBProgress (4): 6.6 MB | 6.3/16 MB | 1.4/34 MB | 293/527 kBProgress (4): 6.6 MB | 6.3/16 MB | 1.4/34 MB | 298/527 kBProgress (4): 6.6 MB | 6.3/16 MB | 1.4/34 MB | 315/527 kBProgress (4): 6.6 MB | 6.3/16 MB | 1.4/34 MB | 331/527 kBProgress (4): 6.6 MB | 6.3/16 MB | 1.4/34 MB | 347/527 kBProgress (4): 6.6 MB | 6.3/16 MB | 1.4/34 MB | 364/527 kBProgress (4): 6.6 MB | 6.3/16 MB | 1.4/34 MB | 380/527 kBProgress (4): 6.6 MB | 6.3/16 MB | 1.4/34 MB | 380/527 kBProgress (4): 6.6 MB | 6.3/16 MB | 1.5/34 MB | 380/527 kBProgress (4): 6.6 MB | 6.3/16 MB | 1.5/34 MB | 397/527 kBProgress (4): 6.6 MB | 6.3/16 MB | 1.5/34 MB | 413/527 kBProgress (4): 6.6 MB | 6.3/16 MB | 1.5/34 MB | 413/527 kBProgress (4): 6.6 MB | 6.3/16 MB | 1.5/34 MB | 413/527 kBProgress (4): 6.6 MB | 6.3/16 MB | 1.5/34 MB | 417/527 kBProgress (4): 6.6 MB | 6.3/16 MB | 1.5/34 MB | 417/527 kBProgress (4): 6.6 MB | 6.3/16 MB | 1.5/34 MB | 417/527 kBProgress (4): 6.6 MB | 6.3/16 MB | 1.5/34 MB | 417/527 kBProgress (4): 6.6 MB | 6.4/16 MB | 1.5/34 MB | 417/527 kBProgress (4): 6.6 MB | 6.4/16 MB | 1.5/34 MB | 428/527 kBProgress (4): 6.6 MB | 6.4/16 MB | 1.5/34 MB | 428/527 kBProgress (4): 6.6 MB | 6.4/16 MB | 1.5/34 MB | 440/527 kBProgress (4): 6.6 MB | 6.4/16 MB | 1.5/34 MB | 456/527 kBProgress (4): 6.6 MB | 6.4/16 MB | 1.5/34 MB | 459/527 kBProgress (4): 6.6 MB | 6.4/16 MB | 1.5/34 MB | 463/527 kBProgress (4): 6.6 MB | 6.4/16 MB | 1.5/34 MB | 463/527 kBProgress (4): 6.6 MB | 6.4/16 MB | 1.5/34 MB | 463/527 kBProgress (4): 6.6 MB | 6.4/16 MB | 1.5/34 MB | 463/527 kBProgress (4): 6.6 MB | 6.4/16 MB | 1.5/34 MB | 463/527 kBProgress (4): 6.6 MB | 6.4/16 MB | 1.5/34 MB | 473/527 kBProgress (4): 6.6 MB | 6.4/16 MB | 1.5/34 MB | 473/527 kBProgress (4): 6.6 MB | 6.4/16 MB | 1.5/34 MB | 473/527 kBProgress (4): 6.6 MB | 6.5/16 MB | 1.5/34 MB | 473/527 kBProgress (4): 6.6 MB | 6.5/16 MB | 1.5/34 MB | 473/527 kBProgress (4): 6.6 MB | 6.5/16 MB | 1.5/34 MB | 490/527 kBProgress (4): 6.6 MB | 6.5/16 MB | 1.5/34 MB | 491/527 kBProgress (4): 6.6 MB | 6.5/16 MB | 1.5/34 MB | 491/527 kBProgress (4): 6.6 MB | 6.5/16 MB | 1.5/34 MB | 503/527 kBProgress (4): 6.6 MB | 6.5/16 MB | 1.5/34 MB | 519/527 kBProgress (4): 6.6 MB | 6.5/16 MB | 1.5/34 MB | 519/527 kBProgress (4): 6.6 MB | 6.5/16 MB | 1.5/34 MB | 524/527 kBProgress (4): 6.6 MB | 6.5/16 MB | 1.5/34 MB | 524/527 kBProgress (4): 6.6 MB | 6.5/16 MB | 1.5/34 MB | 527 kB    Progress (4): 6.6 MB | 6.5/16 MB | 1.5/34 MB | 527 kBProgress (4): 6.6 MB | 6.5/16 MB | 1.5/34 MB | 527 kBProgress (4): 6.6 MB | 6.6/16 MB | 1.5/34 MB | 527 kBProgress (4): 6.6 MB | 6.6/16 MB | 1.5/34 MB | 527 kBProgress (4): 6.6 MB | 6.6/16 MB | 1.5/34 MB | 527 kBProgress (4): 6.6 MB | 6.6/16 MB | 1.5/34 MB | 527 kBProgress (4): 6.6 MB | 6.6/16 MB | 1.6/34 MB | 527 kBProgress (4): 6.6 MB | 6.6/16 MB | 1.6/34 MB | 527 kBProgress (4): 6.6 MB | 6.6/16 MB | 1.6/34 MB | 527 kBProgress (4): 6.6 MB | 6.6/16 MB | 1.6/34 MB | 527 kBProgress (4): 6.6 MB | 6.7/16 MB | 1.6/34 MB | 527 kBProgress (4): 6.6 MB | 6.7/16 MB | 1.6/34 MB | 527 kBProgress (4): 6.6 MB | 6.7/16 MB | 1.6/34 MB | 527 kBProgress (4): 6.6 MB | 6.7/16 MB | 1.6/34 MB | 527 kBProgress (4): 6.6 MB | 6.7/16 MB | 1.6/34 MB | 527 kBProgress (4): 6.6 MB | 6.7/16 MB | 1.6/34 MB | 527 kBProgress (4): 6.6 MB | 6.7/16 MB | 1.6/34 MB | 527 kBProgress (4): 6.6 MB | 6.7/16 MB | 1.6/34 MB | 527 kBProgress (4): 6.6 MB | 6.7/16 MB | 1.6/34 MB | 527 kBProgress (4): 6.6 MB | 6.8/16 MB | 1.6/34 MB | 527 kB                                                     Downloaded from aliyun: https://maven.aliyun.com/repository/public/org/jeecgframework/jimureport/jimureport-spring-boot3-starter/2.1.3/jimureport-spring-boot3-starter-2.1.3.jar (6.6 MB at 2.3 MB/s)
Downloading from aliyun: https://maven.aliyun.com/repository/public/org/apache/calcite/calcite-mongodb/1.36.0/calcite-mongodb-1.36.0.jar
Progress (3): 6.8/16 MB | 1.6/34 MB | 527 kBProgress (3): 6.8/16 MB | 1.6/34 MB | 527 kBProgress (3): 6.8/16 MB | 1.6/34 MB | 527 kBProgress (3): 6.8/16 MB | 1.6/34 MB | 527 kBProgress (3): 6.8/16 MB | 1.6/34 MB | 527 kBProgress (3): 6.8/16 MB | 1.6/34 MB | 527 kBProgress (3): 6.9/16 MB | 1.6/34 MB | 527 kBProgress (3): 6.9/16 MB | 1.6/34 MB | 527 kBProgress (3): 6.9/16 MB | 1.7/34 MB | 527 kBProgress (3): 6.9/16 MB | 1.7/34 MB | 527 kBProgress (3): 6.9/16 MB | 1.7/34 MB | 527 kBProgress (3): 6.9/16 MB | 1.7/34 MB | 527 kBProgress (3): 6.9/16 MB | 1.7/34 MB | 527 kBProgress (3): 6.9/16 MB | 1.7/34 MB | 527 kBProgress (3): 7.0/16 MB | 1.7/34 MB | 527 kBProgress (3): 7.0/16 MB | 1.7/34 MB | 527 kBProgress (3): 7.0/16 MB | 1.7/34 MB | 527 kBProgress (3): 7.0/16 MB | 1.7/34 MB | 527 kBProgress (3): 7.0/16 MB | 1.7/34 MB | 527 kBProgress (3): 7.0/16 MB | 1.7/34 MB | 527 kBProgress (3): 7.0/16 MB | 1.7/34 MB | 527 kBProgress (3): 7.0/16 MB | 1.7/34 MB | 527 kBProgress (3): 7.0/16 MB | 1.7/34 MB | 527 kBProgress (3): 7.0/16 MB | 1.7/34 MB | 527 kBProgress (3): 7.0/16 MB | 1.8/34 MB | 527 kBProgress (3): 7.0/16 MB | 1.8/34 MB | 527 kBProgress (3): 7.0/16 MB | 1.8/34 MB | 527 kBProgress (3): 7.0/16 MB | 1.8/34 MB | 527 kBProgress (3): 7.1/16 MB | 1.8/34 MB | 527 kBProgress (3): 7.1/16 MB | 1.8/34 MB | 527 kBProgress (3): 7.1/16 MB | 1.8/34 MB | 527 kBProgress (3): 7.1/16 MB | 1.8/34 MB | 527 kBProgress (3): 7.1/16 MB | 1.8/34 MB | 527 kBProgress (3): 7.1/16 MB | 1.8/34 MB | 527 kBProgress (3): 7.2/16 MB | 1.8/34 MB | 527 kBProgress (3): 7.2/16 MB | 1.8/34 MB | 527 kBProgress (3): 7.2/16 MB | 1.8/34 MB | 527 kBProgress (4): 7.2/16 MB | 1.8/34 MB | 527 kB | 5.8/59 kBProgress (4): 7.2/16 MB | 1.8/34 MB | 527 kB | 5.8/59 kBProgress (4): 7.2/16 MB | 1.8/34 MB | 527 kB | 13/59 kB Progress (4): 7.2/16 MB | 1.8/34 MB | 527 kB | 20/59 kBProgress (4): 7.2/16 MB | 1.8/34 MB | 527 kB | 28/59 kBProgress (4): 7.2/16 MB | 1.8/34 MB | 527 kB | 28/59 kBProgress (4): 7.2/16 MB | 1.8/34 MB | 527 kB | 28/59 kBProgress (4): 7.2/16 MB | 1.8/34 MB | 527 kB | 28/59 kBProgress (4): 7.2/16 MB | 1.8/34 MB | 527 kB | 28/59 kBProgress (4): 7.3/16 MB | 1.8/34 MB | 527 kB | 28/59 kBProgress (4): 7.3/16 MB | 1.8/34 MB | 527 kB | 28/59 kBProgress (4): 7.3/16 MB | 1.8/34 MB | 527 kB | 28/59 kBProgress (4): 7.3/16 MB | 1.8/34 MB | 527 kB | 28/59 kBProgress (4): 7.3/16 MB | 1.8/34 MB | 527 kB | 35/59 kBProgress (4): 7.3/16 MB | 1.8/34 MB | 527 kB | 41/59 kBProgress (4): 7.3/16 MB | 1.8/34 MB | 527 kB | 48/59 kBProgress (4): 7.3/16 MB | 1.8/34 MB | 527 kB | 48/59 kBProgress (4): 7.3/16 MB | 1.9/34 MB | 527 kB | 48/59 kBProgress (4): 7.3/16 MB | 1.9/34 MB | 527 kB | 48/59 kBProgress (4): 7.3/16 MB | 1.9/34 MB | 527 kB | 48/59 kBProgress (4): 7.3/16 MB | 1.9/34 MB | 527 kB | 55/59 kBProgress (4): 7.3/16 MB | 1.9/34 MB | 527 kB | 55/59 kBProgress (4): 7.3/16 MB | 1.9/34 MB | 527 kB | 59 kB   Progress (4): 7.3/16 MB | 1.9/34 MB | 527 kB | 59 kBProgress (4): 7.3/16 MB | 1.9/34 MB | 527 kB | 59 kBProgress (4): 7.4/16 MB | 1.9/34 MB | 527 kB | 59 kBProgress (4): 7.4/16 MB | 1.9/34 MB | 527 kB | 59 kBProgress (4): 7.4/16 MB | 1.9/34 MB | 527 kB | 59 kBProgress (4): 7.4/16 MB | 1.9/34 MB | 527 kB | 59 kBProgress (4): 7.4/16 MB | 1.9/34 MB | 527 kB | 59 kBProgress (4): 7.4/16 MB | 1.9/34 MB | 527 kB | 59 kB                                                    Downloaded from aliyun: https://maven.aliyun.com/repository/public/org/mongodb/bson/5.5.1/bson-5.5.1.jar (527 kB at 174 kB/s)
Downloading from aliyun: https://maven.aliyun.com/repository/public/org/apache/calcite/calcite-core/1.36.0/calcite-core-1.36.0.jar
Progress (3): 7.4/16 MB | 1.9/34 MB | 59 kBProgress (3): 7.4/16 MB | 1.9/34 MB | 59 kBProgress (3): 7.4/16 MB | 2.0/34 MB | 59 kBProgress (3): 7.4/16 MB | 2.0/34 MB | 59 kBProgress (3): 7.5/16 MB | 2.0/34 MB | 59 kBProgress (3): 7.5/16 MB | 2.0/34 MB | 59 kBProgress (4): 7.5/16 MB | 2.0/34 MB | 59 kB | 0/7.9 MBProgress (4): 7.5/16 MB | 2.0/34 MB | 59 kB | 0/7.9 MBProgress (4): 7.5/16 MB | 2.0/34 MB | 59 kB | 0/7.9 MBProgress (4): 7.5/16 MB | 2.0/34 MB | 59 kB | 0/7.9 MBProgress (4): 7.5/16 MB | 2.0/34 MB | 59 kB | 0/7.9 MBProgress (4): 7.5/16 MB | 2.0/34 MB | 59 kB | 0/7.9 MBProgress (4): 7.5/16 MB | 2.0/34 MB | 59 kB | 0/7.9 MBProgress (4): 7.5/16 MB | 2.0/34 MB | 59 kB | 0/7.9 MBProgress (4): 7.5/16 MB | 2.0/34 MB | 59 kB | 0/7.9 MBProgress (5): 7.5/16 MB | 2.0/34 MB | 59 kB | 0/7.9 MB | 0/1.9 MBProgress (5): 7.5/16 MB | 2.0/34 MB | 59 kB | 0/7.9 MB | 0/1.9 MBProgress (5): 7.5/16 MB | 2.0/34 MB | 59 kB | 0/7.9 MB | 0/1.9 MBProgress (5): 7.5/16 MB | 2.0/34 MB | 59 kB | 0/7.9 MB | 0/1.9 MBProgress (5): 7.5/16 MB | 2.0/34 MB | 59 kB | 0/7.9 MB | 0/1.9 MBProgress (5): 7.5/16 MB | 2.0/34 MB | 59 kB | 0/7.9 MB | 0/1.9 MBProgress (5): 7.5/16 MB | 2.0/34 MB | 59 kB | 0/7.9 MB | 0/1.9 MBProgress (5): 7.5/16 MB | 2.0/34 MB | 59 kB | 0/7.9 MB | 0.1/1.9 MBProgress (5): 7.5/16 MB | 2.0/34 MB | 59 kB | 0/7.9 MB | 0.1/1.9 MBProgress (5): 7.5/16 MB | 2.0/34 MB | 59 kB | 0.1/7.9 MB | 0.1/1.9 MBProgress (5): 7.5/16 MB | 2.1/34 MB | 59 kB | 0.1/7.9 MB | 0.1/1.9 MBProgress (5): 7.5/16 MB | 2.1/34 MB | 59 kB | 0.1/7.9 MB | 0.1/1.9 MBProgress (5): 7.5/16 MB | 2.1/34 MB | 59 kB | 0.1/7.9 MB | 0.1/1.9 MBProgress (5): 7.5/16 MB | 2.1/34 MB | 59 kB | 0.1/7.9 MB | 0.1/1.9 MBProgress (5): 7.5/16 MB | 2.1/34 MB | 59 kB | 0.1/7.9 MB | 0.1/1.9 MBProgress (5): 7.5/16 MB | 2.1/34 MB | 59 kB | 0.1/7.9 MB | 0.1/1.9 MBProgress (5): 7.5/16 MB | 2.1/34 MB | 59 kB | 0.1/7.9 MB | 0.1/1.9 MBProgress (5): 7.5/16 MB | 2.1/34 MB | 59 kB | 0.1/7.9 MB | 0.1/1.9 MBProgress (5): 7.5/16 MB | 2.1/34 MB | 59 kB | 0.1/7.9 MB | 0.1/1.9 MBProgress (5): 7.5/16 MB | 2.2/34 MB | 59 kB | 0.1/7.9 MB | 0.1/1.9 MBProgress (5): 7.5/16 MB | 2.2/34 MB | 59 kB | 0.1/7.9 MB | 0.1/1.9 MBProgress (5): 7.6/16 MB | 2.2/34 MB | 59 kB | 0.1/7.9 MB | 0.1/1.9 MBProgress (5): 7.6/16 MB | 2.2/34 MB | 59 kB | 0.1/7.9 MB | 0.1/1.9 MBProgress (5): 7.6/16 MB | 2.2/34 MB | 59 kB | 0.1/7.9 MB | 0.1/1.9 MBProgress (5): 7.6/16 MB | 2.2/34 MB | 59 kB | 0.1/7.9 MB | 0.1/1.9 MBProgress (5): 7.6/16 MB | 2.2/34 MB | 59 kB | 0.1/7.9 MB | 0.1/1.9 MBProgress (5): 7.6/16 MB | 2.2/34 MB | 59 kB | 0.1/7.9 MB | 0.1/1.9 MBProgress (5): 7.6/16 MB | 2.2/34 MB | 59 kB | 0.1/7.9 MB | 0.1/1.9 MBProgress (5): 7.6/16 MB | 2.2/34 MB | 59 kB | 0.1/7.9 MB | 0.1/1.9 MBProgress (5): 7.6/16 MB | 2.2/34 MB | 59 kB | 0.1/7.9 MB | 0.1/1.9 MBProgress (5): 7.6/16 MB | 2.2/34 MB | 59 kB | 0.1/7.9 MB | 0.1/1.9 MBProgress (5): 7.6/16 MB | 2.2/34 MB | 59 kB | 0.1/7.9 MB | 0.1/1.9 MBProgress (5): 7.6/16 MB | 2.2/34 MB | 59 kB | 0.1/7.9 MB | 0.1/1.9 MBProgress (5): 7.6/16 MB | 2.2/34 MB | 59 kB | 0.1/7.9 MB | 0.1/1.9 MBProgress (5): 7.6/16 MB | 2.2/34 MB | 59 kB | 0.1/7.9 MB | 0.1/1.9 MBProgress (5): 7.7/16 MB | 2.2/34 MB | 59 kB | 0.1/7.9 MB | 0.1/1.9 MBProgress (5): 7.7/16 MB | 2.2/34 MB | 59 kB | 0.1/7.9 MB | 0.1/1.9 MBProgress (5): 7.7/16 MB | 2.2/34 MB | 59 kB | 0.1/7.9 MB | 0.1/1.9 MBProgress (5): 7.7/16 MB | 2.2/34 MB | 59 kB | 0.1/7.9 MB | 0.2/1.9 MBProgress (5): 7.7/16 MB | 2.2/34 MB | 59 kB | 0.1/7.9 MB | 0.2/1.9 MBProgress (5): 7.7/16 MB | 2.2/34 MB | 59 kB | 0.1/7.9 MB | 0.2/1.9 MBProgress (5): 7.7/16 MB | 2.2/34 MB | 59 kB | 0.1/7.9 MB | 0.2/1.9 MBProgress (5): 7.7/16 MB | 2.2/34 MB | 59 kB | 0.1/7.9 MB | 0.2/1.9 MBProgress (5): 7.7/16 MB | 2.2/34 MB | 59 kB | 0.1/7.9 MB | 0.2/1.9 MBProgress (5): 7.7/16 MB | 2.2/34 MB | 59 kB | 0.1/7.9 MB | 0.2/1.9 MBProgress (5): 7.7/16 MB | 2.3/34 MB | 59 kB | 0.1/7.9 MB | 0.2/1.9 MBProgress (5): 7.7/16 MB | 2.3/34 MB | 59 kB | 0.1/7.9 MB | 0.2/1.9 MBProgress (5): 7.7/16 MB | 2.3/34 MB | 59 kB | 0.1/7.9 MB | 0.2/1.9 MBProgress (5): 7.7/16 MB | 2.3/34 MB | 59 kB | 0.1/7.9 MB | 0.2/1.9 MBProgress (5): 7.7/16 MB | 2.3/34 MB | 59 kB | 0.1/7.9 MB | 0.2/1.9 MBProgress (5): 7.7/16 MB | 2.3/34 MB | 59 kB | 0.1/7.9 MB | 0.2/1.9 MBProgress (5): 7.7/16 MB | 2.3/34 MB | 59 kB | 0.1/7.9 MB | 0.2/1.9 MBProgress (5): 7.7/16 MB | 2.3/34 MB | 59 kB | 0.1/7.9 MB | 0.2/1.9 MBProgress (5): 7.7/16 MB | 2.3/34 MB | 59 kB | 0.1/7.9 MB | 0.2/1.9 MB                                                                     Downloaded from aliyun: https://maven.aliyun.com/repository/public/org/apache/calcite/calcite-mongodb/1.36.0/calcite-mongodb-1.36.0.jar (59 kB at 19 kB/s)
Downloading from aliyun: https://maven.aliyun.com/repository/public/org/locationtech/jts/jts-core/1.19.0/jts-core-1.19.0.jar
Progress (4): 7.7/16 MB | 2.3/34 MB | 0.1/7.9 MB | 0.2/1.9 MBProgress (4): 7.7/16 MB | 2.3/34 MB | 0.1/7.9 MB | 0.2/1.9 MBProgress (4): 7.7/16 MB | 2.4/34 MB | 0.1/7.9 MB | 0.2/1.9 MBProgress (4): 7.7/16 MB | 2.4/34 MB | 0.1/7.9 MB | 0.2/1.9 MBProgress (4): 7.7/16 MB | 2.4/34 MB | 0.1/7.9 MB | 0.2/1.9 MBProgress (4): 7.7/16 MB | 2.4/34 MB | 0.1/7.9 MB | 0.3/1.9 MBProgress (4): 7.7/16 MB | 2.4/34 MB | 0.2/7.9 MB | 0.3/1.9 MBProgress (4): 7.7/16 MB | 2.4/34 MB | 0.2/7.9 MB | 0.3/1.9 MBProgress (4): 7.7/16 MB | 2.4/34 MB | 0.2/7.9 MB | 0.3/1.9 MBProgress (4): 7.8/16 MB | 2.4/34 MB | 0.2/7.9 MB | 0.3/1.9 MBProgress (4): 7.8/16 MB | 2.4/34 MB | 0.2/7.9 MB | 0.3/1.9 MBProgress (4): 7.8/16 MB | 2.4/34 MB | 0.2/7.9 MB | 0.3/1.9 MBProgress (4): 7.8/16 MB | 2.4/34 MB | 0.2/7.9 MB | 0.3/1.9 MBProgress (4): 7.8/16 MB | 2.4/34 MB | 0.2/7.9 MB | 0.3/1.9 MBProgress (4): 7.8/16 MB | 2.4/34 MB | 0.2/7.9 MB | 0.3/1.9 MBProgress (4): 7.8/16 MB | 2.4/34 MB | 0.2/7.9 MB | 0.3/1.9 MBProgress (4): 7.8/16 MB | 2.4/34 MB | 0.2/7.9 MB | 0.3/1.9 MBProgress (4): 7.8/16 MB | 2.4/34 MB | 0.2/7.9 MB | 0.3/1.9 MBProgress (5): 7.8/16 MB | 2.4/34 MB | 0.2/7.9 MB | 0.3/1.9 MB | 0/1.1 MBProgress (5): 7.8/16 MB | 2.4/34 MB | 0.2/7.9 MB | 0.3/1.9 MB | 0/1.1 MBProgress (5): 7.8/16 MB | 2.4/34 MB | 0.2/7.9 MB | 0.3/1.9 MB | 0/1.1 MBProgress (5): 7.8/16 MB | 2.4/34 MB | 0.2/7.9 MB | 0.3/1.9 MB | 0/1.1 MBProgress (5): 7.9/16 MB | 2.4/34 MB | 0.2/7.9 MB | 0.3/1.9 MB | 0/1.1 MBProgress (5): 7.9/16 MB | 2.4/34 MB | 0.2/7.9 MB | 0.3/1.9 MB | 0/1.1 MBProgress (5): 7.9/16 MB | 2.4/34 MB | 0.2/7.9 MB | 0.3/1.9 MB | 0/1.1 MBProgress (5): 7.9/16 MB | 2.4/34 MB | 0.2/7.9 MB | 0.3/1.9 MB | 0/1.1 MBProgress (5): 7.9/16 MB | 2.4/34 MB | 0.2/7.9 MB | 0.3/1.9 MB | 0/1.1 MBProgress (5): 7.9/16 MB | 2.4/34 MB | 0.3/7.9 MB | 0.3/1.9 MB | 0/1.1 MBProgress (5): 7.9/16 MB | 2.4/34 MB | 0.3/7.9 MB | 0.3/1.9 MB | 0/1.1 MBProgress (5): 7.9/16 MB | 2.4/34 MB | 0.3/7.9 MB | 0.4/1.9 MB | 0/1.1 MBProgress (5): 7.9/16 MB | 2.4/34 MB | 0.3/7.9 MB | 0.4/1.9 MB | 0/1.1 MBProgress (5): 7.9/16 MB | 2.4/34 MB | 0.3/7.9 MB | 0.4/1.9 MB | 0/1.1 MBProgress (5): 7.9/16 MB | 2.4/34 MB | 0.3/7.9 MB | 0.4/1.9 MB | 0/1.1 MBProgress (5): 7.9/16 MB | 2.4/34 MB | 0.3/7.9 MB | 0.4/1.9 MB | 0/1.1 MBProgress (5): 7.9/16 MB | 2.4/34 MB | 0.3/7.9 MB | 0.4/1.9 MB | 0/1.1 MBProgress (5): 7.9/16 MB | 2.4/34 MB | 0.3/7.9 MB | 0.4/1.9 MB | 0/1.1 MBProgress (5): 7.9/16 MB | 2.4/34 MB | 0.3/7.9 MB | 0.4/1.9 MB | 0/1.1 MBProgress (5): 7.9/16 MB | 2.4/34 MB | 0.3/7.9 MB | 0.4/1.9 MB | 0/1.1 MBProgress (5): 7.9/16 MB | 2.4/34 MB | 0.3/7.9 MB | 0.4/1.9 MB | 0/1.1 MBProgress (5): 7.9/16 MB | 2.4/34 MB | 0.3/7.9 MB | 0.4/1.9 MB | 0/1.1 MBProgress (5): 7.9/16 MB | 2.4/34 MB | 0.3/7.9 MB | 0.4/1.9 MB | 0/1.1 MBProgress (5): 7.9/16 MB | 2.4/34 MB | 0.3/7.9 MB | 0.4/1.9 MB | 0/1.1 MBProgress (5): 7.9/16 MB | 2.4/34 MB | 0.3/7.9 MB | 0.4/1.9 MB | 0/1.1 MBProgress (5): 7.9/16 MB | 2.4/34 MB | 0.3/7.9 MB | 0.4/1.9 MB | 0/1.1 MBProgress (5): 7.9/16 MB | 2.4/34 MB | 0.3/7.9 MB | 0.4/1.9 MB | 0/1.1 MBProgress (5): 7.9/16 MB | 2.4/34 MB | 0.3/7.9 MB | 0.4/1.9 MB | 0/1.1 MBProgress (5): 7.9/16 MB | 2.4/34 MB | 0.3/7.9 MB | 0.4/1.9 MB | 0/1.1 MBProgress (5): 7.9/16 MB | 2.5/34 MB | 0.3/7.9 MB | 0.4/1.9 MB | 0/1.1 MBProgress (5): 7.9/16 MB | 2.5/34 MB | 0.3/7.9 MB | 0.4/1.9 MB | 0/1.1 MBProgress (5): 7.9/16 MB | 2.5/34 MB | 0.3/7.9 MB | 0.4/1.9 MB | 0/1.1 MBProgress (5): 7.9/16 MB | 2.5/34 MB | 0.3/7.9 MB | 0.4/1.9 MB | 0/1.1 MBProgress (5): 8.0/16 MB | 2.5/34 MB | 0.3/7.9 MB | 0.4/1.9 MB | 0/1.1 MBProgress (5): 8.0/16 MB | 2.5/34 MB | 0.3/7.9 MB | 0.4/1.9 MB | 0/1.1 MBProgress (5): 8.0/16 MB | 2.5/34 MB | 0.3/7.9 MB | 0.4/1.9 MB | 0.1/1.1 MBProgress (5): 8.0/16 MB | 2.5/34 MB | 0.3/7.9 MB | 0.4/1.9 MB | 0.1/1.1 MBProgress (5): 8.0/16 MB | 2.5/34 MB | 0.3/7.9 MB | 0.4/1.9 MB | 0.1/1.1 MBProgress (5): 8.0/16 MB | 2.5/34 MB | 0.3/7.9 MB | 0.5/1.9 MB | 0.1/1.1 MBProgress (5): 8.0/16 MB | 2.5/34 MB | 0.3/7.9 MB | 0.5/1.9 MB | 0.1/1.1 MBProgress (5): 8.0/16 MB | 2.5/34 MB | 0.3/7.9 MB | 0.5/1.9 MB | 0.1/1.1 MBProgress (5): 8.0/16 MB | 2.5/34 MB | 0.3/7.9 MB | 0.5/1.9 MB | 0.1/1.1 MBProgress (5): 8.0/16 MB | 2.5/34 MB | 0.4/7.9 MB | 0.5/1.9 MB | 0.1/1.1 MBProgress (5): 8.0/16 MB | 2.5/34 MB | 0.4/7.9 MB | 0.5/1.9 MB | 0.1/1.1 MBProgress (5): 8.0/16 MB | 2.5/34 MB | 0.4/7.9 MB | 0.5/1.9 MB | 0.1/1.1 MBProgress (5): 8.0/16 MB | 2.5/34 MB | 0.4/7.9 MB | 0.5/1.9 MB | 0.1/1.1 MBProgress (5): 8.0/16 MB | 2.5/34 MB | 0.4/7.9 MB | 0.5/1.9 MB | 0.1/1.1 MBProgress (5): 8.0/16 MB | 2.5/34 MB | 0.4/7.9 MB | 0.5/1.9 MB | 0.1/1.1 MBProgress (5): 8.0/16 MB | 2.5/34 MB | 0.4/7.9 MB | 0.5/1.9 MB | 0.1/1.1 MBProgress (5): 8.0/16 MB | 2.5/34 MB | 0.4/7.9 MB | 0.5/1.9 MB | 0.1/1.1 MBProgress (5): 8.0/16 MB | 2.6/34 MB | 0.4/7.9 MB | 0.5/1.9 MB | 0.1/1.1 MBProgress (5): 8.0/16 MB | 2.6/34 MB | 0.4/7.9 MB | 0.5/1.9 MB | 0.1/1.1 MBProgress (5): 8.0/16 MB | 2.6/34 MB | 0.4/7.9 MB | 0.5/1.9 MB | 0.1/1.1 MBProgress (5): 8.0/16 MB | 2.6/34 MB | 0.4/7.9 MB | 0.5/1.9 MB | 0.1/1.1 MBProgress (5): 8.0/16 MB | 2.6/34 MB | 0.4/7.9 MB | 0.5/1.9 MB | 0.1/1.1 MBProgress (5): 8.0/16 MB | 2.6/34 MB | 0.4/7.9 MB | 0.5/1.9 MB | 0.1/1.1 MBProgress (5): 8.0/16 MB | 2.6/34 MB | 0.4/7.9 MB | 0.5/1.9 MB | 0.1/1.1 MBProgress (5): 8.0/16 MB | 2.6/34 MB | 0.4/7.9 MB | 0.5/1.9 MB | 0.1/1.1 MBProgress (5): 8.0/16 MB | 2.6/34 MB | 0.4/7.9 MB | 0.5/1.9 MB | 0.1/1.1 MBProgress (5): 8.0/16 MB | 2.6/34 MB | 0.4/7.9 MB | 0.6/1.9 MB | 0.1/1.1 MBProgress (5): 8.0/16 MB | 2.6/34 MB | 0.4/7.9 MB | 0.6/1.9 MB | 0.1/1.1 MBProgress (5): 8.1/16 MB | 2.6/34 MB | 0.4/7.9 MB | 0.6/1.9 MB | 0.1/1.1 MBProgress (5): 8.1/16 MB | 2.6/34 MB | 0.4/7.9 MB | 0.6/1.9 MB | 0.1/1.1 MBProgress (5): 8.1/16 MB | 2.6/34 MB | 0.4/7.9 MB | 0.6/1.9 MB | 0.1/1.1 MBProgress (5): 8.1/16 MB | 2.6/34 MB | 0.4/7.9 MB | 0.6/1.9 MB | 0.1/1.1 MBProgress (5): 8.1/16 MB | 2.6/34 MB | 0.4/7.9 MB | 0.6/1.9 MB | 0.1/1.1 MBProgress (5): 8.1/16 MB | 2.6/34 MB | 0.4/7.9 MB | 0.6/1.9 MB | 0.1/1.1 MBProgress (5): 8.1/16 MB | 2.6/34 MB | 0.4/7.9 MB | 0.6/1.9 MB | 0.2/1.1 MBProgress (5): 8.1/16 MB | 2.6/34 MB | 0.4/7.9 MB | 0.6/1.9 MB | 0.2/1.1 MBProgress (5): 8.1/16 MB | 2.6/34 MB | 0.4/7.9 MB | 0.6/1.9 MB | 0.2/1.1 MBProgress (5): 8.1/16 MB | 2.6/34 MB | 0.4/7.9 MB | 0.6/1.9 MB | 0.2/1.1 MBProgress (5): 8.1/16 MB | 2.6/34 MB | 0.4/7.9 MB | 0.6/1.9 MB | 0.2/1.1 MBProgress (5): 8.1/16 MB | 2.6/34 MB | 0.5/7.9 MB | 0.6/1.9 MB | 0.2/1.1 MBProgress (5): 8.1/16 MB | 2.6/34 MB | 0.5/7.9 MB | 0.6/1.9 MB | 0.2/1.1 MBProgress (5): 8.1/16 MB | 2.6/34 MB | 0.5/7.9 MB | 0.6/1.9 MB | 0.2/1.1 MBProgress (5): 8.1/16 MB | 2.6/34 MB | 0.5/7.9 MB | 0.6/1.9 MB | 0.2/1.1 MBProgress (5): 8.1/16 MB | 2.6/34 MB | 0.5/7.9 MB | 0.6/1.9 MB | 0.2/1.1 MBProgress (5): 8.1/16 MB | 2.6/34 MB | 0.5/7.9 MB | 0.6/1.9 MB | 0.2/1.1 MBProgress (5): 8.1/16 MB | 2.6/34 MB | 0.5/7.9 MB | 0.6/1.9 MB | 0.2/1.1 MBProgress (5): 8.1/16 MB | 2.6/34 MB | 0.5/7.9 MB | 0.6/1.9 MB | 0.2/1.1 MBProgress (5): 8.1/16 MB | 2.6/34 MB | 0.5/7.9 MB | 0.6/1.9 MB | 0.2/1.1 MBProgress (5): 8.1/16 MB | 2.6/34 MB | 0.5/7.9 MB | 0.6/1.9 MB | 0.2/1.1 MBProgress (5): 8.1/16 MB | 2.6/34 MB | 0.5/7.9 MB | 0.6/1.9 MB | 0.2/1.1 MBProgress (5): 8.1/16 MB | 2.6/34 MB | 0.5/7.9 MB | 0.6/1.9 MB | 0.2/1.1 MBProgress (5): 8.1/16 MB | 2.6/34 MB | 0.5/7.9 MB | 0.6/1.9 MB | 0.3/1.1 MBProgress (5): 8.1/16 MB | 2.6/34 MB | 0.5/7.9 MB | 0.6/1.9 MB | 0.3/1.1 MBProgress (5): 8.1/16 MB | 2.6/34 MB | 0.5/7.9 MB | 0.6/1.9 MB | 0.3/1.1 MBProgress (5): 8.1/16 MB | 2.6/34 MB | 0.5/7.9 MB | 0.6/1.9 MB | 0.3/1.1 MBProgress (5): 8.1/16 MB | 2.6/34 MB | 0.5/7.9 MB | 0.7/1.9 MB | 0.3/1.1 MBProgress (5): 8.1/16 MB | 2.6/34 MB | 0.5/7.9 MB | 0.7/1.9 MB | 0.3/1.1 MBProgress (5): 8.1/16 MB | 2.6/34 MB | 0.5/7.9 MB | 0.7/1.9 MB | 0.3/1.1 MBProgress (5): 8.1/16 MB | 2.6/34 MB | 0.5/7.9 MB | 0.7/1.9 MB | 0.3/1.1 MBProgress (5): 8.1/16 MB | 2.6/34 MB | 0.5/7.9 MB | 0.7/1.9 MB | 0.3/1.1 MBProgress (5): 8.1/16 MB | 2.6/34 MB | 0.5/7.9 MB | 0.7/1.9 MB | 0.3/1.1 MBProgress (5): 8.1/16 MB | 2.6/34 MB | 0.5/7.9 MB | 0.7/1.9 MB | 0.3/1.1 MBProgress (5): 8.1/16 MB | 2.6/34 MB | 0.5/7.9 MB | 0.7/1.9 MB | 0.3/1.1 MBProgress (5): 8.1/16 MB | 2.6/34 MB | 0.5/7.9 MB | 0.7/1.9 MB | 0.3/1.1 MBProgress (5): 8.2/16 MB | 2.6/34 MB | 0.5/7.9 MB | 0.7/1.9 MB | 0.3/1.1 MBProgress (5): 8.2/16 MB | 2.6/34 MB | 0.5/7.9 MB | 0.7/1.9 MB | 0.3/1.1 MBProgress (5): 8.2/16 MB | 2.6/34 MB | 0.5/7.9 MB | 0.7/1.9 MB | 0.3/1.1 MBProgress (5): 8.2/16 MB | 2.6/34 MB | 0.5/7.9 MB | 0.7/1.9 MB | 0.3/1.1 MBProgress (5): 8.2/16 MB | 2.6/34 MB | 0.5/7.9 MB | 0.7/1.9 MB | 0.3/1.1 MBProgress (5): 8.2/16 MB | 2.7/34 MB | 0.5/7.9 MB | 0.7/1.9 MB | 0.3/1.1 MBProgress (5): 8.2/16 MB | 2.7/34 MB | 0.5/7.9 MB | 0.7/1.9 MB | 0.3/1.1 MBProgress (5): 8.2/16 MB | 2.7/34 MB | 0.5/7.9 MB | 0.7/1.9 MB | 0.3/1.1 MBProgress (5): 8.2/16 MB | 2.7/34 MB | 0.5/7.9 MB | 0.7/1.9 MB | 0.3/1.1 MBProgress (5): 8.2/16 MB | 2.7/34 MB | 0.5/7.9 MB | 0.8/1.9 MB | 0.3/1.1 MBProgress (5): 8.2/16 MB | 2.7/34 MB | 0.5/7.9 MB | 0.8/1.9 MB | 0.3/1.1 MBProgress (5): 8.2/16 MB | 2.7/34 MB | 0.5/7.9 MB | 0.8/1.9 MB | 0.3/1.1 MBProgress (5): 8.2/16 MB | 2.7/34 MB | 0.5/7.9 MB | 0.8/1.9 MB | 0.3/1.1 MBProgress (5): 8.2/16 MB | 2.7/34 MB | 0.5/7.9 MB | 0.8/1.9 MB | 0.3/1.1 MBProgress (5): 8.2/16 MB | 2.7/34 MB | 0.5/7.9 MB | 0.8/1.9 MB | 0.3/1.1 MBProgress (5): 8.2/16 MB | 2.7/34 MB | 0.5/7.9 MB | 0.8/1.9 MB | 0.3/1.1 MBProgress (5): 8.2/16 MB | 2.7/34 MB | 0.5/7.9 MB | 0.8/1.9 MB | 0.3/1.1 MBProgress (5): 8.2/16 MB | 2.7/34 MB | 0.6/7.9 MB | 0.8/1.9 MB | 0.3/1.1 MBProgress (5): 8.2/16 MB | 2.7/34 MB | 0.6/7.9 MB | 0.8/1.9 MB | 0.3/1.1 MBProgress (5): 8.2/16 MB | 2.7/34 MB | 0.6/7.9 MB | 0.8/1.9 MB | 0.3/1.1 MBProgress (5): 8.2/16 MB | 2.7/34 MB | 0.6/7.9 MB | 0.8/1.9 MB | 0.3/1.1 MBProgress (5): 8.2/16 MB | 2.7/34 MB | 0.6/7.9 MB | 0.8/1.9 MB | 0.3/1.1 MBProgress (5): 8.2/16 MB | 2.7/34 MB | 0.6/7.9 MB | 0.8/1.9 MB | 0.3/1.1 MBProgress (5): 8.2/16 MB | 2.7/34 MB | 0.6/7.9 MB | 0.8/1.9 MB | 0.3/1.1 MBProgress (5): 8.2/16 MB | 2.7/34 MB | 0.6/7.9 MB | 0.8/1.9 MB | 0.3/1.1 MBProgress (5): 8.2/16 MB | 2.7/34 MB | 0.6/7.9 MB | 0.8/1.9 MB | 0.3/1.1 MBProgress (5): 8.2/16 MB | 2.7/34 MB | 0.6/7.9 MB | 0.8/1.9 MB | 0.4/1.1 MBProgress (5): 8.2/16 MB | 2.7/34 MB | 0.6/7.9 MB | 0.8/1.9 MB | 0.4/1.1 MBProgress (5): 8.2/16 MB | 2.7/34 MB | 0.6/7.9 MB | 0.8/1.9 MB | 0.4/1.1 MBProgress (5): 8.2/16 MB | 2.7/34 MB | 0.6/7.9 MB | 0.8/1.9 MB | 0.4/1.1 MBProgress (5): 8.2/16 MB | 2.7/34 MB | 0.6/7.9 MB | 0.8/1.9 MB | 0.4/1.1 MBProgress (5): 8.2/16 MB | 2.7/34 MB | 0.6/7.9 MB | 0.8/1.9 MB | 0.4/1.1 MBProgress (5): 8.2/16 MB | 2.7/34 MB | 0.6/7.9 MB | 0.8/1.9 MB | 0.4/1.1 MBProgress (5): 8.2/16 MB | 2.7/34 MB | 0.6/7.9 MB | 0.8/1.9 MB | 0.4/1.1 MBProgress (5): 8.2/16 MB | 2.7/34 MB | 0.6/7.9 MB | 0.9/1.9 MB | 0.4/1.1 MBProgress (5): 8.2/16 MB | 2.7/34 MB | 0.6/7.9 MB | 0.9/1.9 MB | 0.4/1.1 MBProgress (5): 8.2/16 MB | 2.7/34 MB | 0.6/7.9 MB | 0.9/1.9 MB | 0.4/1.1 MBProgress (5): 8.2/16 MB | 2.7/34 MB | 0.6/7.9 MB | 0.9/1.9 MB | 0.4/1.1 MBProgress (5): 8.2/16 MB | 2.7/34 MB | 0.6/7.9 MB | 0.9/1.9 MB | 0.4/1.1 MBProgress (5): 8.2/16 MB | 2.7/34 MB | 0.6/7.9 MB | 0.9/1.9 MB | 0.4/1.1 MBProgress (5): 8.2/16 MB | 2.7/34 MB | 0.7/7.9 MB | 0.9/1.9 MB | 0.4/1.1 MBProgress (5): 8.2/16 MB | 2.7/34 MB | 0.7/7.9 MB | 0.9/1.9 MB | 0.4/1.1 MBProgress (5): 8.2/16 MB | 2.7/34 MB | 0.7/7.9 MB | 0.9/1.9 MB | 0.4/1.1 MBProgress (5): 8.2/16 MB | 2.7/34 MB | 0.7/7.9 MB | 0.9/1.9 MB | 0.4/1.1 MBProgress (5): 8.3/16 MB | 2.7/34 MB | 0.7/7.9 MB | 0.9/1.9 MB | 0.4/1.1 MBProgress (5): 8.3/16 MB | 2.7/34 MB | 0.7/7.9 MB | 0.9/1.9 MB | 0.4/1.1 MBProgress (5): 8.3/16 MB | 2.7/34 MB | 0.7/7.9 MB | 0.9/1.9 MB | 0.4/1.1 MBProgress (5): 8.3/16 MB | 2.7/34 MB | 0.7/7.9 MB | 0.9/1.9 MB | 0.4/1.1 MBProgress (5): 8.3/16 MB | 2.7/34 MB | 0.8/7.9 MB | 0.9/1.9 MB | 0.4/1.1 MBProgress (5): 8.3/16 MB | 2.7/34 MB | 0.8/7.9 MB | 0.9/1.9 MB | 0.4/1.1 MBProgress (5): 8.3/16 MB | 2.7/34 MB | 0.8/7.9 MB | 0.9/1.9 MB | 0.4/1.1 MBProgress (5): 8.3/16 MB | 2.7/34 MB | 0.8/7.9 MB | 0.9/1.9 MB | 0.4/1.1 MBProgress (5): 8.3/16 MB | 2.8/34 MB | 0.8/7.9 MB | 0.9/1.9 MB | 0.4/1.1 MBProgress (5): 8.3/16 MB | 2.8/34 MB | 0.8/7.9 MB | 0.9/1.9 MB | 0.4/1.1 MBProgress (5): 8.3/16 MB | 2.8/34 MB | 0.8/7.9 MB | 0.9/1.9 MB | 0.4/1.1 MBProgress (5): 8.3/16 MB | 2.8/34 MB | 0.8/7.9 MB | 0.9/1.9 MB | 0.4/1.1 MBProgress (5): 8.3/16 MB | 2.8/34 MB | 0.8/7.9 MB | 0.9/1.9 MB | 0.4/1.1 MBProgress (5): 8.3/16 MB | 2.8/34 MB | 0.8/7.9 MB | 0.9/1.9 MB | 0.4/1.1 MBProgress (5): 8.3/16 MB | 2.8/34 MB | 0.8/7.9 MB | 0.9/1.9 MB | 0.4/1.1 MBProgress (5): 8.3/16 MB | 2.8/34 MB | 0.8/7.9 MB | 0.9/1.9 MB | 0.4/1.1 MBProgress (5): 8.3/16 MB | 2.8/34 MB | 0.8/7.9 MB | 0.9/1.9 MB | 0.4/1.1 MBProgress (5): 8.3/16 MB | 2.8/34 MB | 0.8/7.9 MB | 0.9/1.9 MB | 0.4/1.1 MBProgress (5): 8.3/16 MB | 2.8/34 MB | 0.8/7.9 MB | 1.0/1.9 MB | 0.4/1.1 MBProgress (5): 8.3/16 MB | 2.8/34 MB | 0.8/7.9 MB | 1.0/1.9 MB | 0.4/1.1 MBProgress (5): 8.3/16 MB | 2.8/34 MB | 0.8/7.9 MB | 1.0/1.9 MB | 0.4/1.1 MBProgress (5): 8.3/16 MB | 2.8/34 MB | 0.8/7.9 MB | 1.0/1.9 MB | 0.4/1.1 MBProgress (5): 8.3/16 MB | 2.8/34 MB | 0.8/7.9 MB | 1.0/1.9 MB | 0.4/1.1 MBProgress (5): 8.3/16 MB | 2.8/34 MB | 0.8/7.9 MB | 1.0/1.9 MB | 0.4/1.1 MBProgress (5): 8.3/16 MB | 2.8/34 MB | 0.8/7.9 MB | 1.0/1.9 MB | 0.4/1.1 MBProgress (5): 8.3/16 MB | 2.8/34 MB | 0.9/7.9 MB | 1.0/1.9 MB | 0.4/1.1 MBProgress (5): 8.3/16 MB | 2.8/34 MB | 0.9/7.9 MB | 1.0/1.9 MB | 0.4/1.1 MBProgress (5): 8.3/16 MB | 2.8/34 MB | 0.9/7.9 MB | 1.0/1.9 MB | 0.4/1.1 MBProgress (5): 8.3/16 MB | 2.8/34 MB | 0.9/7.9 MB | 1.0/1.9 MB | 0.4/1.1 MBProgress (5): 8.3/16 MB | 2.8/34 MB | 0.9/7.9 MB | 1.0/1.9 MB | 0.5/1.1 MBProgress (5): 8.3/16 MB | 2.8/34 MB | 0.9/7.9 MB | 1.0/1.9 MB | 0.5/1.1 MBProgress (5): 8.3/16 MB | 2.8/34 MB | 0.9/7.9 MB | 1.0/1.9 MB | 0.5/1.1 MBProgress (5): 8.3/16 MB | 2.8/34 MB | 0.9/7.9 MB | 1.0/1.9 MB | 0.5/1.1 MBProgress (5): 8.3/16 MB | 2.8/34 MB | 0.9/7.9 MB | 1.0/1.9 MB | 0.5/1.1 MBProgress (5): 8.3/16 MB | 2.8/34 MB | 0.9/7.9 MB | 1.0/1.9 MB | 0.5/1.1 MBProgress (5): 8.3/16 MB | 2.8/34 MB | 0.9/7.9 MB | 1.0/1.9 MB | 0.5/1.1 MBProgress (5): 8.3/16 MB | 2.8/34 MB | 0.9/7.9 MB | 1.0/1.9 MB | 0.5/1.1 MBProgress (5): 8.3/16 MB | 2.8/34 MB | 0.9/7.9 MB | 1.0/1.9 MB | 0.5/1.1 MBProgress (5): 8.4/16 MB | 2.8/34 MB | 0.9/7.9 MB | 1.0/1.9 MB | 0.5/1.1 MBProgress (5): 8.4/16 MB | 2.8/34 MB | 0.9/7.9 MB | 1.0/1.9 MB | 0.5/1.1 MBProgress (5): 8.4/16 MB | 2.9/34 MB | 0.9/7.9 MB | 1.0/1.9 MB | 0.5/1.1 MBProgress (5): 8.4/16 MB | 2.9/34 MB | 1.0/7.9 MB | 1.0/1.9 MB | 0.5/1.1 MBProgress (5): 8.4/16 MB | 2.9/34 MB | 1.0/7.9 MB | 1.0/1.9 MB | 0.5/1.1 MBProgress (5): 8.4/16 MB | 2.9/34 MB | 1.0/7.9 MB | 1.0/1.9 MB | 0.5/1.1 MBProgress (5): 8.4/16 MB | 2.9/34 MB | 1.0/7.9 MB | 1.0/1.9 MB | 0.5/1.1 MBProgress (5): 8.4/16 MB | 2.9/34 MB | 1.0/7.9 MB | 1.0/1.9 MB | 0.5/1.1 MBProgress (5): 8.4/16 MB | 2.9/34 MB | 1.0/7.9 MB | 1.0/1.9 MB | 0.5/1.1 MBProgress (5): 8.4/16 MB | 2.9/34 MB | 1.0/7.9 MB | 1.0/1.9 MB | 0.5/1.1 MBProgress (5): 8.4/16 MB | 2.9/34 MB | 1.0/7.9 MB | 1.0/1.9 MB | 0.5/1.1 MBProgress (5): 8.4/16 MB | 2.9/34 MB | 1.0/7.9 MB | 1.0/1.9 MB | 0.5/1.1 MBProgress (5): 8.4/16 MB | 2.9/34 MB | 1.0/7.9 MB | 1.0/1.9 MB | 0.5/1.1 MBProgress (5): 8.4/16 MB | 2.9/34 MB | 1.0/7.9 MB | 1.0/1.9 MB | 0.5/1.1 MBProgress (5): 8.4/16 MB | 2.9/34 MB | 1.0/7.9 MB | 1.0/1.9 MB | 0.5/1.1 MBProgress (5): 8.4/16 MB | 2.9/34 MB | 1.0/7.9 MB | 1.0/1.9 MB | 0.5/1.1 MBProgress (5): 8.4/16 MB | 2.9/34 MB | 1.0/7.9 MB | 1.0/1.9 MB | 0.5/1.1 MBProgress (5): 8.4/16 MB | 2.9/34 MB | 1.0/7.9 MB | 1.0/1.9 MB | 0.5/1.1 MBProgress (5): 8.4/16 MB | 2.9/34 MB | 1.0/7.9 MB | 1.0/1.9 MB | 0.5/1.1 MBProgress (5): 8.4/16 MB | 2.9/34 MB | 1.0/7.9 MB | 1.0/1.9 MB | 0.5/1.1 MBProgress (5): 8.4/16 MB | 2.9/34 MB | 1.0/7.9 MB | 1.0/1.9 MB | 0.5/1.1 MBProgress (5): 8.4/16 MB | 3.0/34 MB | 1.0/7.9 MB | 1.0/1.9 MB | 0.5/1.1 MBProgress (5): 8.4/16 MB | 3.0/34 MB | 1.0/7.9 MB | 1.0/1.9 MB | 0.5/1.1 MBProgress (5): 8.4/16 MB | 3.0/34 MB | 1.0/7.9 MB | 1.0/1.9 MB | 0.5/1.1 MBProgress (5): 8.4/16 MB | 3.0/34 MB | 1.1/7.9 MB | 1.0/1.9 MB | 0.5/1.1 MBProgress (5): 8.4/16 MB | 3.0/34 MB | 1.1/7.9 MB | 1.0/1.9 MB | 0.5/1.1 MBProgress (5): 8.4/16 MB | 3.0/34 MB | 1.1/7.9 MB | 1.1/1.9 MB | 0.5/1.1 MBProgress (5): 8.4/16 MB | 3.0/34 MB | 1.1/7.9 MB | 1.1/1.9 MB | 0.5/1.1 MBProgress (5): 8.4/16 MB | 3.0/34 MB | 1.1/7.9 MB | 1.1/1.9 MB | 0.5/1.1 MBProgress (5): 8.4/16 MB | 3.0/34 MB | 1.1/7.9 MB | 1.1/1.9 MB | 0.5/1.1 MBProgress (5): 8.4/16 MB | 3.0/34 MB | 1.1/7.9 MB | 1.1/1.9 MB | 0.5/1.1 MBProgress (5): 8.5/16 MB | 3.0/34 MB | 1.1/7.9 MB | 1.1/1.9 MB | 0.5/1.1 MBProgress (5): 8.5/16 MB | 3.0/34 MB | 1.1/7.9 MB | 1.1/1.9 MB | 0.5/1.1 MBProgress (5): 8.5/16 MB | 3.0/34 MB | 1.1/7.9 MB | 1.1/1.9 MB | 0.5/1.1 MBProgress (5): 8.5/16 MB | 3.0/34 MB | 1.1/7.9 MB | 1.1/1.9 MB | 0.5/1.1 MBProgress (5): 8.5/16 MB | 3.0/34 MB | 1.1/7.9 MB | 1.1/1.9 MB | 0.5/1.1 MBProgress (5): 8.5/16 MB | 3.0/34 MB | 1.1/7.9 MB | 1.1/1.9 MB | 0.5/1.1 MBProgress (5): 8.5/16 MB | 3.0/34 MB | 1.1/7.9 MB | 1.1/1.9 MB | 0.5/1.1 MBProgress (5): 8.5/16 MB | 3.0/34 MB | 1.1/7.9 MB | 1.1/1.9 MB | 0.6/1.1 MBProgress (5): 8.5/16 MB | 3.0/34 MB | 1.1/7.9 MB | 1.1/1.9 MB | 0.6/1.1 MBProgress (5): 8.5/16 MB | 3.0/34 MB | 1.2/7.9 MB | 1.1/1.9 MB | 0.6/1.1 MBProgress (5): 8.5/16 MB | 3.0/34 MB | 1.2/7.9 MB | 1.1/1.9 MB | 0.6/1.1 MBProgress (5): 8.5/16 MB | 3.0/34 MB | 1.2/7.9 MB | 1.1/1.9 MB | 0.6/1.1 MBProgress (5): 8.5/16 MB | 3.0/34 MB | 1.2/7.9 MB | 1.1/1.9 MB | 0.6/1.1 MBProgress (5): 8.5/16 MB | 3.0/34 MB | 1.2/7.9 MB | 1.1/1.9 MB | 0.6/1.1 MBProgress (5): 8.5/16 MB | 3.0/34 MB | 1.2/7.9 MB | 1.1/1.9 MB | 0.6/1.1 MBProgress (5): 8.5/16 MB | 3.0/34 MB | 1.2/7.9 MB | 1.1/1.9 MB | 0.6/1.1 MBProgress (5): 8.5/16 MB | 3.0/34 MB | 1.2/7.9 MB | 1.1/1.9 MB | 0.6/1.1 MBProgress (5): 8.5/16 MB | 3.0/34 MB | 1.2/7.9 MB | 1.1/1.9 MB | 0.6/1.1 MBProgress (5): 8.5/16 MB | 3.0/34 MB | 1.2/7.9 MB | 1.1/1.9 MB | 0.6/1.1 MBProgress (5): 8.5/16 MB | 3.0/34 MB | 1.2/7.9 MB | 1.1/1.9 MB | 0.6/1.1 MBProgress (5): 8.5/16 MB | 3.0/34 MB | 1.2/7.9 MB | 1.1/1.9 MB | 0.6/1.1 MBProgress (5): 8.5/16 MB | 3.0/34 MB | 1.2/7.9 MB | 1.1/1.9 MB | 0.6/1.1 MBProgress (5): 8.5/16 MB | 3.1/34 MB | 1.2/7.9 MB | 1.1/1.9 MB | 0.6/1.1 MBProgress (5): 8.5/16 MB | 3.1/34 MB | 1.2/7.9 MB | 1.1/1.9 MB | 0.6/1.1 MBProgress (5): 8.5/16 MB | 3.1/34 MB | 1.2/7.9 MB | 1.1/1.9 MB | 0.6/1.1 MBProgress (5): 8.5/16 MB | 3.1/34 MB | 1.2/7.9 MB | 1.1/1.9 MB | 0.6/1.1 MBProgress (5): 8.5/16 MB | 3.1/34 MB | 1.2/7.9 MB | 1.1/1.9 MB | 0.6/1.1 MBProgress (5): 8.5/16 MB | 3.1/34 MB | 1.2/7.9 MB | 1.1/1.9 MB | 0.6/1.1 MBProgress (5): 8.5/16 MB | 3.1/34 MB | 1.2/7.9 MB | 1.1/1.9 MB | 0.6/1.1 MBProgress (5): 8.5/16 MB | 3.1/34 MB | 1.2/7.9 MB | 1.1/1.9 MB | 0.6/1.1 MBProgress (5): 8.5/16 MB | 3.1/34 MB | 1.2/7.9 MB | 1.1/1.9 MB | 0.6/1.1 MBProgress (5): 8.5/16 MB | 3.1/34 MB | 1.2/7.9 MB | 1.2/1.9 MB | 0.6/1.1 MBProgress (5): 8.5/16 MB | 3.1/34 MB | 1.3/7.9 MB | 1.2/1.9 MB | 0.6/1.1 MBProgress (5): 8.5/16 MB | 3.1/34 MB | 1.3/7.9 MB | 1.2/1.9 MB | 0.6/1.1 MBProgress (5): 8.5/16 MB | 3.1/34 MB | 1.3/7.9 MB | 1.2/1.9 MB | 0.6/1.1 MBProgress (5): 8.5/16 MB | 3.1/34 MB | 1.3/7.9 MB | 1.2/1.9 MB | 0.6/1.1 MBProgress (5): 8.6/16 MB | 3.1/34 MB | 1.3/7.9 MB | 1.2/1.9 MB | 0.6/1.1 MBProgress (5): 8.6/16 MB | 3.1/34 MB | 1.3/7.9 MB | 1.2/1.9 MB | 0.6/1.1 MBProgress (5): 8.6/16 MB | 3.1/34 MB | 1.3/7.9 MB | 1.2/1.9 MB | 0.6/1.1 MBProgress (5): 8.6/16 MB | 3.1/34 MB | 1.3/7.9 MB | 1.2/1.9 MB | 0.6/1.1 MBProgress (5): 8.6/16 MB | 3.1/34 MB | 1.3/7.9 MB | 1.2/1.9 MB | 0.6/1.1 MBProgress (5): 8.6/16 MB | 3.1/34 MB | 1.3/7.9 MB | 1.2/1.9 MB | 0.6/1.1 MBProgress (5): 8.6/16 MB | 3.1/34 MB | 1.3/7.9 MB | 1.2/1.9 MB | 0.6/1.1 MBProgress (5): 8.6/16 MB | 3.1/34 MB | 1.3/7.9 MB | 1.2/1.9 MB | 0.6/1.1 MBProgress (5): 8.6/16 MB | 3.1/34 MB | 1.3/7.9 MB | 1.2/1.9 MB | 0.6/1.1 MBProgress (5): 8.6/16 MB | 3.1/34 MB | 1.3/7.9 MB | 1.2/1.9 MB | 0.7/1.1 MBProgress (5): 8.6/16 MB | 3.1/34 MB | 1.3/7.9 MB | 1.2/1.9 MB | 0.7/1.1 MBProgress (5): 8.6/16 MB | 3.1/34 MB | 1.3/7.9 MB | 1.2/1.9 MB | 0.7/1.1 MBProgress (5): 8.6/16 MB | 3.1/34 MB | 1.3/7.9 MB | 1.2/1.9 MB | 0.7/1.1 MBProgress (5): 8.6/16 MB | 3.1/34 MB | 1.3/7.9 MB | 1.2/1.9 MB | 0.7/1.1 MBProgress (5): 8.6/16 MB | 3.1/34 MB | 1.3/7.9 MB | 1.2/1.9 MB | 0.7/1.1 MBProgress (5): 8.6/16 MB | 3.1/34 MB | 1.3/7.9 MB | 1.2/1.9 MB | 0.7/1.1 MBProgress (5): 8.6/16 MB | 3.1/34 MB | 1.3/7.9 MB | 1.3/1.9 MB | 0.7/1.1 MBProgress (5): 8.6/16 MB | 3.1/34 MB | 1.3/7.9 MB | 1.3/1.9 MB | 0.7/1.1 MBProgress (5): 8.6/16 MB | 3.1/34 MB | 1.4/7.9 MB | 1.3/1.9 MB | 0.7/1.1 MBProgress (5): 8.6/16 MB | 3.1/34 MB | 1.4/7.9 MB | 1.3/1.9 MB | 0.7/1.1 MBProgress (5): 8.6/16 MB | 3.1/34 MB | 1.4/7.9 MB | 1.3/1.9 MB | 0.7/1.1 MBProgress (5): 8.6/16 MB | 3.1/34 MB | 1.4/7.9 MB | 1.3/1.9 MB | 0.7/1.1 MBProgress (5): 8.6/16 MB | 3.1/34 MB | 1.4/7.9 MB | 1.3/1.9 MB | 0.7/1.1 MBProgress (5): 8.6/16 MB | 3.1/34 MB | 1.4/7.9 MB | 1.3/1.9 MB | 0.7/1.1 MBProgress (5): 8.6/16 MB | 3.1/34 MB | 1.4/7.9 MB | 1.3/1.9 MB | 0.7/1.1 MBProgress (5): 8.6/16 MB | 3.1/34 MB | 1.4/7.9 MB | 1.3/1.9 MB | 0.7/1.1 MBProgress (5): 8.6/16 MB | 3.1/34 MB | 1.4/7.9 MB | 1.3/1.9 MB | 0.7/1.1 MBProgress (5): 8.6/16 MB | 3.1/34 MB | 1.4/7.9 MB | 1.3/1.9 MB | 0.7/1.1 MBProgress (5): 8.6/16 MB | 3.1/34 MB | 1.4/7.9 MB | 1.3/1.9 MB | 0.7/1.1 MBProgress (5): 8.6/16 MB | 3.1/34 MB | 1.4/7.9 MB | 1.3/1.9 MB | 0.7/1.1 MBProgress (5): 8.6/16 MB | 3.2/34 MB | 1.4/7.9 MB | 1.3/1.9 MB | 0.7/1.1 MBProgress (5): 8.6/16 MB | 3.2/34 MB | 1.4/7.9 MB | 1.3/1.9 MB | 0.7/1.1 MBProgress (5): 8.6/16 MB | 3.2/34 MB | 1.4/7.9 MB | 1.3/1.9 MB | 0.7/1.1 MBProgress (5): 8.6/16 MB | 3.2/34 MB | 1.4/7.9 MB | 1.3/1.9 MB | 0.7/1.1 MBProgress (5): 8.6/16 MB | 3.2/34 MB | 1.4/7.9 MB | 1.3/1.9 MB | 0.7/1.1 MBProgress (5): 8.6/16 MB | 3.2/34 MB | 1.4/7.9 MB | 1.3/1.9 MB | 0.7/1.1 MBProgress (5): 8.6/16 MB | 3.2/34 MB | 1.4/7.9 MB | 1.3/1.9 MB | 0.7/1.1 MBProgress (5): 8.6/16 MB | 3.2/34 MB | 1.4/7.9 MB | 1.3/1.9 MB | 0.7/1.1 MBProgress (5): 8.6/16 MB | 3.2/34 MB | 1.4/7.9 MB | 1.3/1.9 MB | 0.7/1.1 MBProgress (5): 8.6/16 MB | 3.2/34 MB | 1.4/7.9 MB | 1.3/1.9 MB | 0.8/1.1 MBProgress (5): 8.6/16 MB | 3.2/34 MB | 1.5/7.9 MB | 1.3/1.9 MB | 0.8/1.1 MBProgress (5): 8.6/16 MB | 3.2/34 MB | 1.5/7.9 MB | 1.3/1.9 MB | 0.8/1.1 MBProgress (5): 8.6/16 MB | 3.2/34 MB | 1.5/7.9 MB | 1.3/1.9 MB | 0.8/1.1 MBProgress (5): 8.6/16 MB | 3.2/34 MB | 1.5/7.9 MB | 1.3/1.9 MB | 0.8/1.1 MBProgress (5): 8.7/16 MB | 3.2/34 MB | 1.5/7.9 MB | 1.3/1.9 MB | 0.8/1.1 MBProgress (5): 8.7/16 MB | 3.2/34 MB | 1.5/7.9 MB | 1.4/1.9 MB | 0.8/1.1 MBProgress (5): 8.7/16 MB | 3.2/34 MB | 1.5/7.9 MB | 1.4/1.9 MB | 0.8/1.1 MBProgress (5): 8.7/16 MB | 3.2/34 MB | 1.5/7.9 MB | 1.4/1.9 MB | 0.8/1.1 MBProgress (5): 8.7/16 MB | 3.2/34 MB | 1.5/7.9 MB | 1.4/1.9 MB | 0.8/1.1 MBProgress (5): 8.7/16 MB | 3.2/34 MB | 1.5/7.9 MB | 1.4/1.9 MB | 0.8/1.1 MBProgress (5): 8.7/16 MB | 3.2/34 MB | 1.5/7.9 MB | 1.4/1.9 MB | 0.8/1.1 MBProgress (5): 8.7/16 MB | 3.2/34 MB | 1.5/7.9 MB | 1.4/1.9 MB | 0.8/1.1 MBProgress (5): 8.7/16 MB | 3.2/34 MB | 1.5/7.9 MB | 1.4/1.9 MB | 0.8/1.1 MBProgress (5): 8.7/16 MB | 3.2/34 MB | 1.5/7.9 MB | 1.4/1.9 MB | 0.8/1.1 MBProgress (5): 8.7/16 MB | 3.2/34 MB | 1.5/7.9 MB | 1.4/1.9 MB | 0.8/1.1 MBProgress (5): 8.7/16 MB | 3.2/34 MB | 1.5/7.9 MB | 1.4/1.9 MB | 0.8/1.1 MBProgress (5): 8.7/16 MB | 3.2/34 MB | 1.5/7.9 MB | 1.4/1.9 MB | 0.8/1.1 MBProgress (5): 8.7/16 MB | 3.2/34 MB | 1.5/7.9 MB | 1.4/1.9 MB | 0.8/1.1 MBProgress (5): 8.7/16 MB | 3.2/34 MB | 1.5/7.9 MB | 1.4/1.9 MB | 0.8/1.1 MBProgress (5): 8.7/16 MB | 3.2/34 MB | 1.5/7.9 MB | 1.4/1.9 MB | 0.8/1.1 MBProgress (5): 8.7/16 MB | 3.2/34 MB | 1.5/7.9 MB | 1.4/1.9 MB | 0.8/1.1 MBProgress (5): 8.7/16 MB | 3.2/34 MB | 1.5/7.9 MB | 1.4/1.9 MB | 0.8/1.1 MBProgress (5): 8.7/16 MB | 3.2/34 MB | 1.5/7.9 MB | 1.4/1.9 MB | 0.8/1.1 MBProgress (5): 8.7/16 MB | 3.2/34 MB | 1.6/7.9 MB | 1.4/1.9 MB | 0.8/1.1 MBProgress (5): 8.7/16 MB | 3.2/34 MB | 1.6/7.9 MB | 1.4/1.9 MB | 0.8/1.1 MBProgress (5): 8.7/16 MB | 3.2/34 MB | 1.6/7.9 MB | 1.4/1.9 MB | 0.8/1.1 MBProgress (5): 8.7/16 MB | 3.2/34 MB | 1.6/7.9 MB | 1.4/1.9 MB | 0.8/1.1 MBProgress (5): 8.7/16 MB | 3.2/34 MB | 1.6/7.9 MB | 1.5/1.9 MB | 0.8/1.1 MBProgress (5): 8.7/16 MB | 3.2/34 MB | 1.6/7.9 MB | 1.5/1.9 MB | 0.8/1.1 MBProgress (5): 8.7/16 MB | 3.2/34 MB | 1.6/7.9 MB | 1.5/1.9 MB | 0.8/1.1 MBProgress (5): 8.7/16 MB | 3.2/34 MB | 1.6/7.9 MB | 1.5/1.9 MB | 0.8/1.1 MBProgress (5): 8.7/16 MB | 3.2/34 MB | 1.6/7.9 MB | 1.5/1.9 MB | 0.8/1.1 MBProgress (5): 8.7/16 MB | 3.2/34 MB | 1.6/7.9 MB | 1.5/1.9 MB | 0.8/1.1 MBProgress (5): 8.7/16 MB | 3.2/34 MB | 1.6/7.9 MB | 1.5/1.9 MB | 0.8/1.1 MBProgress (5): 8.7/16 MB | 3.2/34 MB | 1.6/7.9 MB | 1.5/1.9 MB | 0.8/1.1 MBProgress (5): 8.7/16 MB | 3.2/34 MB | 1.6/7.9 MB | 1.5/1.9 MB | 0.8/1.1 MBProgress (5): 8.7/16 MB | 3.2/34 MB | 1.6/7.9 MB | 1.6/1.9 MB | 0.8/1.1 MBProgress (5): 8.7/16 MB | 3.2/34 MB | 1.6/7.9 MB | 1.6/1.9 MB | 0.8/1.1 MBProgress (5): 8.7/16 MB | 3.2/34 MB | 1.6/7.9 MB | 1.6/1.9 MB | 0.8/1.1 MBProgress (5): 8.8/16 MB | 3.2/34 MB | 1.6/7.9 MB | 1.6/1.9 MB | 0.8/1.1 MBProgress (5): 8.8/16 MB | 3.2/34 MB | 1.6/7.9 MB | 1.6/1.9 MB | 0.8/1.1 MBProgress (5): 8.8/16 MB | 3.2/34 MB | 1.6/7.9 MB | 1.6/1.9 MB | 0.8/1.1 MBProgress (5): 8.8/16 MB | 3.2/34 MB | 1.6/7.9 MB | 1.6/1.9 MB | 0.8/1.1 MBProgress (5): 8.8/16 MB | 3.2/34 MB | 1.6/7.9 MB | 1.6/1.9 MB | 0.8/1.1 MBProgress (5): 8.8/16 MB | 3.2/34 MB | 1.6/7.9 MB | 1.6/1.9 MB | 0.8/1.1 MBProgress (5): 8.8/16 MB | 3.2/34 MB | 1.6/7.9 MB | 1.6/1.9 MB | 0.9/1.1 MBProgress (5): 8.8/16 MB | 3.2/34 MB | 1.6/7.9 MB | 1.6/1.9 MB | 0.9/1.1 MBProgress (5): 8.8/16 MB | 3.2/34 MB | 1.6/7.9 MB | 1.6/1.9 MB | 0.9/1.1 MBProgress (5): 8.8/16 MB | 3.2/34 MB | 1.6/7.9 MB | 1.6/1.9 MB | 0.9/1.1 MBProgress (5): 8.8/16 MB | 3.2/34 MB | 1.6/7.9 MB | 1.6/1.9 MB | 0.9/1.1 MBProgress (5): 8.8/16 MB | 3.2/34 MB | 1.6/7.9 MB | 1.6/1.9 MB | 0.9/1.1 MBProgress (5): 8.8/16 MB | 3.2/34 MB | 1.6/7.9 MB | 1.6/1.9 MB | 0.9/1.1 MBProgress (5): 8.8/16 MB | 3.2/34 MB | 1.6/7.9 MB | 1.6/1.9 MB | 0.9/1.1 MBProgress (5): 8.8/16 MB | 3.2/34 MB | 1.6/7.9 MB | 1.6/1.9 MB | 0.9/1.1 MBProgress (5): 8.8/16 MB | 3.2/34 MB | 1.6/7.9 MB | 1.6/1.9 MB | 0.9/1.1 MBProgress (5): 8.8/16 MB | 3.2/34 MB | 1.6/7.9 MB | 1.6/1.9 MB | 0.9/1.1 MBProgress (5): 8.8/16 MB | 3.3/34 MB | 1.6/7.9 MB | 1.6/1.9 MB | 0.9/1.1 MBProgress (5): 8.8/16 MB | 3.3/34 MB | 1.7/7.9 MB | 1.6/1.9 MB | 0.9/1.1 MBProgress (5): 8.8/16 MB | 3.3/34 MB | 1.7/7.9 MB | 1.6/1.9 MB | 0.9/1.1 MBProgress (5): 8.8/16 MB | 3.3/34 MB | 1.7/7.9 MB | 1.6/1.9 MB | 0.9/1.1 MBProgress (5): 8.8/16 MB | 3.3/34 MB | 1.7/7.9 MB | 1.6/1.9 MB | 0.9/1.1 MBProgress (5): 8.8/16 MB | 3.3/34 MB | 1.7/7.9 MB | 1.6/1.9 MB | 0.9/1.1 MBProgress (5): 8.8/16 MB | 3.3/34 MB | 1.7/7.9 MB | 1.6/1.9 MB | 0.9/1.1 MBProgress (5): 8.8/16 MB | 3.3/34 MB | 1.7/7.9 MB | 1.6/1.9 MB | 0.9/1.1 MBProgress (5): 8.9/16 MB | 3.3/34 MB | 1.7/7.9 MB | 1.6/1.9 MB | 0.9/1.1 MBProgress (5): 8.9/16 MB | 3.3/34 MB | 1.7/7.9 MB | 1.6/1.9 MB | 0.9/1.1 MBProgress (5): 8.9/16 MB | 3.3/34 MB | 1.7/7.9 MB | 1.6/1.9 MB | 0.9/1.1 MBProgress (5): 8.9/16 MB | 3.3/34 MB | 1.7/7.9 MB | 1.6/1.9 MB | 0.9/1.1 MBProgress (5): 8.9/16 MB | 3.3/34 MB | 1.7/7.9 MB | 1.6/1.9 MB | 1.0/1.1 MBProgress (5): 8.9/16 MB | 3.3/34 MB | 1.7/7.9 MB | 1.7/1.9 MB | 1.0/1.1 MBProgress (5): 8.9/16 MB | 3.3/34 MB | 1.7/7.9 MB | 1.7/1.9 MB | 1.0/1.1 MBProgress (5): 8.9/16 MB | 3.3/34 MB | 1.7/7.9 MB | 1.7/1.9 MB | 1.0/1.1 MBProgress (5): 8.9/16 MB | 3.3/34 MB | 1.7/7.9 MB | 1.7/1.9 MB | 1.0/1.1 MBProgress (5): 8.9/16 MB | 3.3/34 MB | 1.7/7.9 MB | 1.7/1.9 MB | 1.0/1.1 MBProgress (5): 8.9/16 MB | 3.3/34 MB | 1.7/7.9 MB | 1.7/1.9 MB | 1.0/1.1 MBProgress (5): 8.9/16 MB | 3.3/34 MB | 1.7/7.9 MB | 1.7/1.9 MB | 1.0/1.1 MBProgress (5): 8.9/16 MB | 3.3/34 MB | 1.7/7.9 MB | 1.7/1.9 MB | 1.0/1.1 MBProgress (5): 8.9/16 MB | 3.3/34 MB | 1.7/7.9 MB | 1.7/1.9 MB | 1.0/1.1 MBProgress (5): 8.9/16 MB | 3.3/34 MB | 1.7/7.9 MB | 1.7/1.9 MB | 1.0/1.1 MBProgress (5): 8.9/16 MB | 3.3/34 MB | 1.7/7.9 MB | 1.7/1.9 MB | 1.0/1.1 MBProgress (5): 8.9/16 MB | 3.3/34 MB | 1.7/7.9 MB | 1.7/1.9 MB | 1.0/1.1 MBProgress (5): 8.9/16 MB | 3.3/34 MB | 1.7/7.9 MB | 1.7/1.9 MB | 1.0/1.1 MBProgress (5): 8.9/16 MB | 3.3/34 MB | 1.7/7.9 MB | 1.7/1.9 MB | 1.0/1.1 MBProgress (5): 8.9/16 MB | 3.3/34 MB | 1.7/7.9 MB | 1.7/1.9 MB | 1.0/1.1 MBProgress (5): 8.9/16 MB | 3.3/34 MB | 1.7/7.9 MB | 1.8/1.9 MB | 1.0/1.1 MBProgress (5): 8.9/16 MB | 3.3/34 MB | 1.7/7.9 MB | 1.8/1.9 MB | 1.0/1.1 MBProgress (5): 8.9/16 MB | 3.3/34 MB | 1.7/7.9 MB | 1.8/1.9 MB | 1.0/1.1 MBProgress (5): 8.9/16 MB | 3.3/34 MB | 1.7/7.9 MB | 1.8/1.9 MB | 1.0/1.1 MBProgress (5): 8.9/16 MB | 3.3/34 MB | 1.7/7.9 MB | 1.8/1.9 MB | 1.0/1.1 MBProgress (5): 8.9/16 MB | 3.3/34 MB | 1.7/7.9 MB | 1.8/1.9 MB | 1.0/1.1 MBProgress (5): 8.9/16 MB | 3.3/34 MB | 1.7/7.9 MB | 1.8/1.9 MB | 1.0/1.1 MBProgress (5): 8.9/16 MB | 3.3/34 MB | 1.8/7.9 MB | 1.8/1.9 MB | 1.0/1.1 MBProgress (5): 8.9/16 MB | 3.3/34 MB | 1.8/7.9 MB | 1.8/1.9 MB | 1.0/1.1 MBProgress (5): 8.9/16 MB | 3.3/34 MB | 1.8/7.9 MB | 1.9/1.9 MB | 1.0/1.1 MBProgress (5): 8.9/16 MB | 3.3/34 MB | 1.8/7.9 MB | 1.9/1.9 MB | 1.0/1.1 MBProgress (5): 9.0/16 MB | 3.3/34 MB | 1.8/7.9 MB | 1.9/1.9 MB | 1.0/1.1 MBProgress (5): 9.0/16 MB | 3.3/34 MB | 1.8/7.9 MB | 1.9/1.9 MB | 1.0/1.1 MBProgress (5): 9.0/16 MB | 3.3/34 MB | 1.8/7.9 MB | 1.9/1.9 MB | 1.0/1.1 MBProgress (5): 9.0/16 MB | 3.3/34 MB | 1.8/7.9 MB | 1.9/1.9 MB | 1.0/1.1 MBProgress (5): 9.0/16 MB | 3.3/34 MB | 1.8/7.9 MB | 1.9/1.9 MB | 1.0/1.1 MBProgress (5): 9.0/16 MB | 3.3/34 MB | 1.8/7.9 MB | 1.9/1.9 MB | 1.0/1.1 MBProgress (5): 9.0/16 MB | 3.3/34 MB | 1.8/7.9 MB | 1.9/1.9 MB | 1.0/1.1 MBProgress (5): 9.0/16 MB | 3.3/34 MB | 1.8/7.9 MB | 1.9/1.9 MB | 1.0/1.1 MBProgress (5): 9.0/16 MB | 3.3/34 MB | 1.8/7.9 MB | 1.9/1.9 MB | 1.0/1.1 MBProgress (5): 9.0/16 MB | 3.3/34 MB | 1.8/7.9 MB | 1.9/1.9 MB | 1.0/1.1 MBProgress (5): 9.0/16 MB | 3.3/34 MB | 1.8/7.9 MB | 1.9/1.9 MB | 1.0/1.1 MBProgress (5): 9.0/16 MB | 3.3/34 MB | 1.8/7.9 MB | 1.9/1.9 MB | 1.1/1.1 MBProgress (5): 9.0/16 MB | 3.3/34 MB | 1.8/7.9 MB | 1.9 MB | 1.1/1.1 MB    Progress (5): 9.0/16 MB | 3.3/34 MB | 1.8/7.9 MB | 1.9 MB | 1.1/1.1 MBProgress (5): 9.0/16 MB | 3.3/34 MB | 1.8/7.9 MB | 1.9 MB | 1.1/1.1 MBProgress (5): 9.0/16 MB | 3.3/34 MB | 1.8/7.9 MB | 1.9 MB | 1.1/1.1 MBProgress (5): 9.0/16 MB | 3.3/34 MB | 1.8/7.9 MB | 1.9 MB | 1.1/1.1 MBProgress (5): 9.0/16 MB | 3.3/34 MB | 1.8/7.9 MB | 1.9 MB | 1.1 MB    Progress (5): 9.0/16 MB | 3.4/34 MB | 1.8/7.9 MB | 1.9 MB | 1.1 MBProgress (5): 9.0/16 MB | 3.4/34 MB | 1.9/7.9 MB | 1.9 MB | 1.1 MBProgress (5): 9.0/16 MB | 3.4/34 MB | 1.9/7.9 MB | 1.9 MB | 1.1 MBProgress (5): 9.0/16 MB | 3.4/34 MB | 1.9/7.9 MB | 1.9 MB | 1.1 MBProgress (5): 9.0/16 MB | 3.4/34 MB | 1.9/7.9 MB | 1.9 MB | 1.1 MBProgress (5): 9.0/16 MB | 3.4/34 MB | 1.9/7.9 MB | 1.9 MB | 1.1 MBProgress (5): 9.0/16 MB | 3.4/34 MB | 1.9/7.9 MB | 1.9 MB | 1.1 MBProgress (5): 9.0/16 MB | 3.4/34 MB | 1.9/7.9 MB | 1.9 MB | 1.1 MBProgress (5): 9.0/16 MB | 3.4/34 MB | 1.9/7.9 MB | 1.9 MB | 1.1 MBProgress (5): 9.0/16 MB | 3.4/34 MB | 1.9/7.9 MB | 1.9 MB | 1.1 MBProgress (5): 9.1/16 MB | 3.4/34 MB | 1.9/7.9 MB | 1.9 MB | 1.1 MBProgress (5): 9.1/16 MB | 3.4/34 MB | 2.0/7.9 MB | 1.9 MB | 1.1 MBProgress (5): 9.1/16 MB | 3.4/34 MB | 2.0/7.9 MB | 1.9 MB | 1.1 MBProgress (5): 9.1/16 MB | 3.4/34 MB | 2.0/7.9 MB | 1.9 MB | 1.1 MBProgress (5): 9.1/16 MB | 3.4/34 MB | 2.0/7.9 MB | 1.9 MB | 1.1 MBProgress (5): 9.1/16 MB | 3.4/34 MB | 2.0/7.9 MB | 1.9 MB | 1.1 MB                                                                  Downloaded from aliyun: https://maven.aliyun.com/repository/public/org/locationtech/jts/jts-core/1.19.0/jts-core-1.19.0.jar (1.1 MB at 288 kB/s)
Downloading from aliyun: https://maven.aliyun.com/repository/public/org/locationtech/jts/io/jts-io-common/1.19.0/jts-io-common-1.19.0.jar
Progress (4): 9.1/16 MB | 3.4/34 MB | 2.0/7.9 MB | 1.9 MBProgress (4): 9.1/16 MB | 3.4/34 MB | 2.0/7.9 MB | 1.9 MBProgress (4): 9.1/16 MB | 3.4/34 MB | 2.0/7.9 MB | 1.9 MBProgress (4): 9.1/16 MB | 3.4/34 MB | 2.0/7.9 MB | 1.9 MBProgress (4): 9.1/16 MB | 3.4/34 MB | 2.0/7.9 MB | 1.9 MBProgress (4): 9.1/16 MB | 3.4/34 MB | 2.1/7.9 MB | 1.9 MBProgress (4): 9.1/16 MB | 3.4/34 MB | 2.1/7.9 MB | 1.9 MBProgress (4): 9.1/16 MB | 3.4/34 MB | 2.1/7.9 MB | 1.9 MBProgress (4): 9.1/16 MB | 3.4/34 MB | 2.1/7.9 MB | 1.9 MBProgress (4): 9.1/16 MB | 3.4/34 MB | 2.1/7.9 MB | 1.9 MBProgress (4): 9.1/16 MB | 3.4/34 MB | 2.1/7.9 MB | 1.9 MBProgress (4): 9.1/16 MB | 3.4/34 MB | 2.1/7.9 MB | 1.9 MBProgress (4): 9.1/16 MB | 3.4/34 MB | 2.1/7.9 MB | 1.9 MBProgress (4): 9.1/16 MB | 3.4/34 MB | 2.1/7.9 MB | 1.9 MBProgress (4): 9.1/16 MB | 3.4/34 MB | 2.2/7.9 MB | 1.9 MBProgress (4): 9.2/16 MB | 3.4/34 MB | 2.2/7.9 MB | 1.9 MBProgress (4): 9.2/16 MB | 3.4/34 MB | 2.2/7.9 MB | 1.9 MBProgress (5): 9.2/16 MB | 3.4/34 MB | 2.2/7.9 MB | 1.9 MB | 3.4/39 kBProgress (5): 9.2/16 MB | 3.4/34 MB | 2.2/7.9 MB | 1.9 MB | 3.4/39 kBProgress (5): 9.2/16 MB | 3.4/34 MB | 2.2/7.9 MB | 1.9 MB | 3.4/39 kBProgress (5): 9.2/16 MB | 3.5/34 MB | 2.2/7.9 MB | 1.9 MB | 3.4/39 kBProgress (5): 9.2/16 MB | 3.5/34 MB | 2.2/7.9 MB | 1.9 MB | 3.4/39 kBProgress (5): 9.2/16 MB | 3.5/34 MB | 2.2/7.9 MB | 1.9 MB | 20/39 kB Progress (5): 9.2/16 MB | 3.5/34 MB | 2.2/7.9 MB | 1.9 MB | 20/39 kBProgress (5): 9.2/16 MB | 3.5/34 MB | 2.2/7.9 MB | 1.9 MB | 20/39 kBProgress (5): 9.2/16 MB | 3.5/34 MB | 2.2/7.9 MB | 1.9 MB | 20/39 kBProgress (5): 9.2/16 MB | 3.5/34 MB | 2.2/7.9 MB | 1.9 MB | 20/39 kBProgress (5): 9.2/16 MB | 3.5/34 MB | 2.2/7.9 MB | 1.9 MB | 20/39 kBProgress (5): 9.2/16 MB | 3.5/34 MB | 2.2/7.9 MB | 1.9 MB | 20/39 kBProgress (5): 9.2/16 MB | 3.5/34 MB | 2.2/7.9 MB | 1.9 MB | 20/39 kBProgress (5): 9.2/16 MB | 3.5/34 MB | 2.2/7.9 MB | 1.9 MB | 20/39 kBProgress (5): 9.2/16 MB | 3.5/34 MB | 2.3/7.9 MB | 1.9 MB | 20/39 kBProgress (5): 9.2/16 MB | 3.5/34 MB | 2.3/7.9 MB | 1.9 MB | 20/39 kBProgress (5): 9.2/16 MB | 3.5/34 MB | 2.3/7.9 MB | 1.9 MB | 20/39 kBProgress (5): 9.2/16 MB | 3.5/34 MB | 2.3/7.9 MB | 1.9 MB | 20/39 kBProgress (5): 9.2/16 MB | 3.5/34 MB | 2.3/7.9 MB | 1.9 MB | 36/39 kBProgress (5): 9.2/16 MB | 3.5/34 MB | 2.3/7.9 MB | 1.9 MB | 39 kB   Progress (5): 9.3/16 MB | 3.5/34 MB | 2.3/7.9 MB | 1.9 MB | 39 kBProgress (5): 9.3/16 MB | 3.5/34 MB | 2.3/7.9 MB | 1.9 MB | 39 kBProgress (5): 9.3/16 MB | 3.5/34 MB | 2.3/7.9 MB | 1.9 MB | 39 kBProgress (5): 9.3/16 MB | 3.5/34 MB | 2.3/7.9 MB | 1.9 MB | 39 kBProgress (5): 9.3/16 MB | 3.5/34 MB | 2.3/7.9 MB | 1.9 MB | 39 kBProgress (5): 9.3/16 MB | 3.5/34 MB | 2.3/7.9 MB | 1.9 MB | 39 kBProgress (5): 9.3/16 MB | 3.5/34 MB | 2.3/7.9 MB | 1.9 MB | 39 kBProgress (5): 9.3/16 MB | 3.5/34 MB | 2.4/7.9 MB | 1.9 MB | 39 kBProgress (5): 9.3/16 MB | 3.5/34 MB | 2.4/7.9 MB | 1.9 MB | 39 kBProgress (5): 9.3/16 MB | 3.5/34 MB | 2.4/7.9 MB | 1.9 MB | 39 kBProgress (5): 9.3/16 MB | 3.5/34 MB | 2.4/7.9 MB | 1.9 MB | 39 kBProgress (5): 9.3/16 MB | 3.5/34 MB | 2.4/7.9 MB | 1.9 MB | 39 kBProgress (5): 9.3/16 MB | 3.5/34 MB | 2.4/7.9 MB | 1.9 MB | 39 kBProgress (5): 9.3/16 MB | 3.5/34 MB | 2.4/7.9 MB | 1.9 MB | 39 kBProgress (5): 9.3/16 MB | 3.5/34 MB | 2.4/7.9 MB | 1.9 MB | 39 kBProgress (5): 9.3/16 MB | 3.5/34 MB | 2.4/7.9 MB | 1.9 MB | 39 kBProgress (5): 9.3/16 MB | 3.5/34 MB | 2.4/7.9 MB | 1.9 MB | 39 kBProgress (5): 9.3/16 MB | 3.5/34 MB | 2.5/7.9 MB | 1.9 MB | 39 kBProgress (5): 9.3/16 MB | 3.5/34 MB | 2.5/7.9 MB | 1.9 MB | 39 kBProgress (5): 9.3/16 MB | 3.5/34 MB | 2.5/7.9 MB | 1.9 MB | 39 kBProgress (5): 9.3/16 MB | 3.5/34 MB | 2.5/7.9 MB | 1.9 MB | 39 kBProgress (5): 9.3/16 MB | 3.5/34 MB | 2.5/7.9 MB | 1.9 MB | 39 kBProgress (5): 9.3/16 MB | 3.5/34 MB | 2.5/7.9 MB | 1.9 MB | 39 kBProgress (5): 9.3/16 MB | 3.5/34 MB | 2.5/7.9 MB | 1.9 MB | 39 kBProgress (5): 9.4/16 MB | 3.5/34 MB | 2.5/7.9 MB | 1.9 MB | 39 kBProgress (5): 9.4/16 MB | 3.5/34 MB | 2.5/7.9 MB | 1.9 MB | 39 kBProgress (5): 9.4/16 MB | 3.5/34 MB | 2.6/7.9 MB | 1.9 MB | 39 kBProgress (5): 9.4/16 MB | 3.5/34 MB | 2.6/7.9 MB | 1.9 MB | 39 kBProgress (5): 9.4/16 MB | 3.5/34 MB | 2.6/7.9 MB | 1.9 MB | 39 kBProgress (5): 9.4/16 MB | 3.5/34 MB | 2.6/7.9 MB | 1.9 MB | 39 kB                                                                 Downloaded from aliyun: https://maven.aliyun.com/repository/public/org/locationtech/jts/io/jts-io-common/1.19.0/jts-io-common-1.19.0.jar (39 kB at 9.9 kB/s)
Downloading from aliyun: https://maven.aliyun.com/repository/public/com/googlecode/json-simple/json-simple/1.1.1/json-simple-1.1.1.jar
Progress (4): 9.4/16 MB | 3.5/34 MB | 2.6/7.9 MB | 1.9 MBProgress (4): 9.4/16 MB | 3.5/34 MB | 2.6/7.9 MB | 1.9 MBProgress (4): 9.4/16 MB | 3.5/34 MB | 2.6/7.9 MB | 1.9 MBProgress (4): 9.4/16 MB | 3.5/34 MB | 2.6/7.9 MB | 1.9 MBProgress (4): 9.4/16 MB | 3.5/34 MB | 2.6/7.9 MB | 1.9 MBProgress (4): 9.4/16 MB | 3.5/34 MB | 2.6/7.9 MB | 1.9 MB                                                         Downloaded from aliyun: https://maven.aliyun.com/repository/public/org/mongodb/mongodb-driver-core/5.5.1/mongodb-driver-core-5.5.1.jar (1.9 MB at 479 kB/s)
Downloading from aliyun: https://maven.aliyun.com/repository/public/org/locationtech/proj4j/proj4j/1.2.2/proj4j-1.2.2.jar
Progress (3): 9.4/16 MB | 3.5/34 MB | 2.6/7.9 MBProgress (4): 9.4/16 MB | 3.5/34 MB | 2.6/7.9 MB | 3.4/24 kBProgress (4): 9.4/16 MB | 3.5/34 MB | 2.6/7.9 MB | 3.4/24 kBProgress (4): 9.5/16 MB | 3.5/34 MB | 2.6/7.9 MB | 3.4/24 kBProgress (4): 9.5/16 MB | 3.5/34 MB | 2.7/7.9 MB | 3.4/24 kBProgress (4): 9.5/16 MB | 3.5/34 MB | 2.7/7.9 MB | 3.4/24 kBProgress (4): 9.5/16 MB | 3.5/34 MB | 2.7/7.9 MB | 3.4/24 kBProgress (4): 9.5/16 MB | 3.5/34 MB | 2.7/7.9 MB | 3.4/24 kBProgress (4): 9.5/16 MB | 3.5/34 MB | 2.7/7.9 MB | 3.4/24 kBProgress (4): 9.5/16 MB | 3.5/34 MB | 2.7/7.9 MB | 3.4/24 kBProgress (4): 9.5/16 MB | 3.5/34 MB | 2.8/7.9 MB | 3.4/24 kBProgress (4): 9.5/16 MB | 3.5/34 MB | 2.8/7.9 MB | 3.4/24 kBProgress (4): 9.5/16 MB | 3.5/34 MB | 2.8/7.9 MB | 3.4/24 kBProgress (4): 9.5/16 MB | 3.5/34 MB | 2.8/7.9 MB | 3.4/24 kBProgress (4): 9.5/16 MB | 3.5/34 MB | 2.8/7.9 MB | 3.4/24 kBProgress (4): 9.5/16 MB | 3.5/34 MB | 2.8/7.9 MB | 3.4/24 kBProgress (4): 9.5/16 MB | 3.5/34 MB | 2.8/7.9 MB | 3.4/24 kBProgress (4): 9.5/16 MB | 3.5/34 MB | 2.8/7.9 MB | 20/24 kB Progress (4): 9.5/16 MB | 3.5/34 MB | 2.8/7.9 MB | 24 kB   Progress (4): 9.5/16 MB | 3.6/34 MB | 2.8/7.9 MB | 24 kBProgress (4): 9.5/16 MB | 3.6/34 MB | 2.8/7.9 MB | 24 kBProgress (4): 9.5/16 MB | 3.6/34 MB | 2.8/7.9 MB | 24 kBProgress (4): 9.5/16 MB | 3.6/34 MB | 2.9/7.9 MB | 24 kBProgress (4): 9.5/16 MB | 3.6/34 MB | 2.9/7.9 MB | 24 kBProgress (4): 9.5/16 MB | 3.6/34 MB | 2.9/7.9 MB | 24 kBProgress (4): 9.5/16 MB | 3.6/34 MB | 2.9/7.9 MB | 24 kBProgress (4): 9.5/16 MB | 3.6/34 MB | 2.9/7.9 MB | 24 kBProgress (4): 9.5/16 MB | 3.6/34 MB | 2.9/7.9 MB | 24 kBProgress (4): 9.5/16 MB | 3.6/34 MB | 2.9/7.9 MB | 24 kBProgress (4): 9.5/16 MB | 3.6/34 MB | 2.9/7.9 MB | 24 kBProgress (4): 9.6/16 MB | 3.6/34 MB | 2.9/7.9 MB | 24 kBProgress (4): 9.6/16 MB | 3.6/34 MB | 2.9/7.9 MB | 24 kBProgress (4): 9.6/16 MB | 3.6/34 MB | 3.0/7.9 MB | 24 kBProgress (4): 9.6/16 MB | 3.6/34 MB | 3.0/7.9 MB | 24 kBProgress (4): 9.6/16 MB | 3.6/34 MB | 3.0/7.9 MB | 24 kBProgress (4): 9.6/16 MB | 3.6/34 MB | 3.0/7.9 MB | 24 kBProgress (4): 9.6/16 MB | 3.6/34 MB | 3.0/7.9 MB | 24 kBProgress (4): 9.6/16 MB | 3.6/34 MB | 3.0/7.9 MB | 24 kBProgress (4): 9.6/16 MB | 3.6/34 MB | 3.0/7.9 MB | 24 kBProgress (4): 9.6/16 MB | 3.6/34 MB | 3.0/7.9 MB | 24 kBProgress (4): 9.6/16 MB | 3.6/34 MB | 3.0/7.9 MB | 24 kBProgress (4): 9.6/16 MB | 3.6/34 MB | 3.0/7.9 MB | 24 kBProgress (4): 9.6/16 MB | 3.6/34 MB | 3.0/7.9 MB | 24 kBProgress (4): 9.6/16 MB | 3.6/34 MB | 3.1/7.9 MB | 24 kBProgress (4): 9.6/16 MB | 3.6/34 MB | 3.1/7.9 MB | 24 kBProgress (4): 9.6/16 MB | 3.6/34 MB | 3.1/7.9 MB | 24 kBProgress (4): 9.6/16 MB | 3.6/34 MB | 3.1/7.9 MB | 24 kBProgress (4): 9.7/16 MB | 3.6/34 MB | 3.1/7.9 MB | 24 kBProgress (4): 9.7/16 MB | 3.6/34 MB | 3.1/7.9 MB | 24 kBProgress (4): 9.7/16 MB | 3.6/34 MB | 3.1/7.9 MB | 24 kBProgress (4): 9.7/16 MB | 3.6/34 MB | 3.1/7.9 MB | 24 kBProgress (4): 9.7/16 MB | 3.6/34 MB | 3.1/7.9 MB | 24 kBProgress (4): 9.7/16 MB | 3.6/34 MB | 3.2/7.9 MB | 24 kBProgress (4): 9.7/16 MB | 3.6/34 MB | 3.2/7.9 MB | 24 kBProgress (4): 9.7/16 MB | 3.6/34 MB | 3.2/7.9 MB | 24 kBProgress (4): 9.7/16 MB | 3.6/34 MB | 3.2/7.9 MB | 24 kBProgress (4): 9.7/16 MB | 3.6/34 MB | 3.2/7.9 MB | 24 kBProgress (4): 9.7/16 MB | 3.6/34 MB | 3.2/7.9 MB | 24 kBProgress (4): 9.7/16 MB | 3.6/34 MB | 3.2/7.9 MB | 24 kBProgress (4): 9.7/16 MB | 3.6/34 MB | 3.2/7.9 MB | 24 kBProgress (4): 9.7/16 MB | 3.6/34 MB | 3.2/7.9 MB | 24 kBProgress (4): 9.7/16 MB | 3.6/34 MB | 3.2/7.9 MB | 24 kBProgress (4): 9.7/16 MB | 3.6/34 MB | 3.2/7.9 MB | 24 kBProgress (4): 9.7/16 MB | 3.6/34 MB | 3.2/7.9 MB | 24 kBProgress (4): 9.7/16 MB | 3.6/34 MB | 3.3/7.9 MB | 24 kBProgress (5): 9.7/16 MB | 3.6/34 MB | 3.3/7.9 MB | 24 kB | 7.3/257 kBProgress (5): 9.7/16 MB | 3.6/34 MB | 3.3/7.9 MB | 24 kB | 15/257 kB Progress (5): 9.7/16 MB | 3.6/34 MB | 3.3/7.9 MB | 24 kB | 15/257 kBProgress (5): 9.7/16 MB | 3.6/34 MB | 3.3/7.9 MB | 24 kB | 18/257 kBProgress (5): 9.7/16 MB | 3.6/34 MB | 3.3/7.9 MB | 24 kB | 18/257 kBProgress (5): 9.8/16 MB | 3.6/34 MB | 3.3/7.9 MB | 24 kB | 18/257 kBProgress (5): 9.8/16 MB | 3.6/34 MB | 3.3/7.9 MB | 24 kB | 18/257 kBProgress (5): 9.8/16 MB | 3.6/34 MB | 3.3/7.9 MB | 24 kB | 18/257 kBProgress (5): 9.8/16 MB | 3.6/34 MB | 3.3/7.9 MB | 24 kB | 18/257 kBProgress (5): 9.8/16 MB | 3.6/34 MB | 3.3/7.9 MB | 24 kB | 18/257 kBProgress (5): 9.8/16 MB | 3.6/34 MB | 3.3/7.9 MB | 24 kB | 18/257 kBProgress (5): 9.8/16 MB | 3.6/34 MB | 3.3/7.9 MB | 24 kB | 18/257 kBProgress (5): 9.8/16 MB | 3.7/34 MB | 3.3/7.9 MB | 24 kB | 18/257 kBProgress (5): 9.8/16 MB | 3.7/34 MB | 3.3/7.9 MB | 24 kB | 18/257 kBProgress (5): 9.8/16 MB | 3.7/34 MB | 3.3/7.9 MB | 24 kB | 18/257 kBProgress (5): 9.8/16 MB | 3.7/34 MB | 3.3/7.9 MB | 24 kB | 18/257 kBProgress (5): 9.8/16 MB | 3.7/34 MB | 3.3/7.9 MB | 24 kB | 18/257 kBProgress (5): 9.8/16 MB | 3.7/34 MB | 3.3/7.9 MB | 24 kB | 18/257 kBProgress (5): 9.9/16 MB | 3.7/34 MB | 3.3/7.9 MB | 24 kB | 18/257 kBProgress (5): 9.9/16 MB | 3.7/34 MB | 3.3/7.9 MB | 24 kB | 30/257 kBProgress (5): 9.9/16 MB | 3.7/34 MB | 3.3/7.9 MB | 24 kB | 46/257 kBProgress (5): 9.9/16 MB | 3.7/34 MB | 3.3/7.9 MB | 24 kB | 46/257 kBProgress (5): 9.9/16 MB | 3.7/34 MB | 3.3/7.9 MB | 24 kB | 62/257 kBProgress (5): 9.9/16 MB | 3.7/34 MB | 3.4/7.9 MB | 24 kB | 62/257 kBProgress (5): 9.9/16 MB | 3.7/34 MB | 3.4/7.9 MB | 24 kB | 62/257 kBProgress (5): 9.9/16 MB | 3.7/34 MB | 3.4/7.9 MB | 24 kB | 62/257 kBProgress (5): 9.9/16 MB | 3.7/34 MB | 3.4/7.9 MB | 24 kB | 62/257 kBProgress (5): 9.9/16 MB | 3.7/34 MB | 3.4/7.9 MB | 24 kB | 69/257 kBProgress (5): 9.9/16 MB | 3.7/34 MB | 3.4/7.9 MB | 24 kB | 69/257 kBProgress (5): 9.9/16 MB | 3.7/34 MB | 3.4/7.9 MB | 24 kB | 69/257 kBProgress (5): 9.9/16 MB | 3.7/34 MB | 3.4/7.9 MB | 24 kB | 76/257 kBProgress (5): 9.9/16 MB | 3.7/34 MB | 3.4/7.9 MB | 24 kB | 76/257 kBProgress (5): 9.9/16 MB | 3.7/34 MB | 3.4/7.9 MB | 24 kB | 76/257 kBProgress (5): 9.9/16 MB | 3.7/34 MB | 3.4/7.9 MB | 24 kB | 76/257 kBProgress (5): 9.9/16 MB | 3.7/34 MB | 3.4/7.9 MB | 24 kB | 76/257 kBProgress (5): 9.9/16 MB | 3.7/34 MB | 3.4/7.9 MB | 24 kB | 93/257 kBProgress (5): 9.9/16 MB | 3.7/34 MB | 3.4/7.9 MB | 24 kB | 93/257 kBProgress (5): 9.9/16 MB | 3.7/34 MB | 3.4/7.9 MB | 24 kB | 94/257 kBProgress (5): 9.9/16 MB | 3.7/34 MB | 3.4/7.9 MB | 24 kB | 94/257 kBProgress (5): 9.9/16 MB | 3.7/34 MB | 3.5/7.9 MB | 24 kB | 94/257 kBProgress (5): 9.9/16 MB | 3.7/34 MB | 3.5/7.9 MB | 24 kB | 94/257 kBProgress (5): 10.0/16 MB | 3.7/34 MB | 3.5/7.9 MB | 24 kB | 94/257 kBProgress (5): 10.0/16 MB | 3.7/34 MB | 3.5/7.9 MB | 24 kB | 110/257 kBProgress (5): 10.0/16 MB | 3.7/34 MB | 3.5/7.9 MB | 24 kB | 110/257 kBProgress (5): 10.0/16 MB | 3.7/34 MB | 3.5/7.9 MB | 24 kB | 113/257 kB                                                                      Downloaded from aliyun: https://maven.aliyun.com/repository/public/com/googlecode/json-simple/json-simple/1.1.1/json-simple-1.1.1.jar (24 kB at 5.8 kB/s)
Downloading from aliyun: https://maven.aliyun.com/repository/public/org/apache/commons/commons-text/1.10.0/commons-text-1.10.0.jar
Progress (4): 10.0/16 MB | 3.7/34 MB | 3.5/7.9 MB | 113/257 kBProgress (4): 10.0/16 MB | 3.7/34 MB | 3.5/7.9 MB | 113/257 kBProgress (4): 10.0/16 MB | 3.7/34 MB | 3.5/7.9 MB | 113/257 kBProgress (4): 10.0/16 MB | 3.7/34 MB | 3.5/7.9 MB | 129/257 kBProgress (4): 10.0/16 MB | 3.7/34 MB | 3.5/7.9 MB | 129/257 kBProgress (4): 10.0/16 MB | 3.7/34 MB | 3.5/7.9 MB | 146/257 kBProgress (4): 10.0/16 MB | 3.7/34 MB | 3.6/7.9 MB | 146/257 kBProgress (4): 10.0/16 MB | 3.7/34 MB | 3.6/7.9 MB | 155/257 kBProgress (4): 10.0/16 MB | 3.7/34 MB | 3.6/7.9 MB | 155/257 kBProgress (4): 10.0/16 MB | 3.7/34 MB | 3.6/7.9 MB | 155/257 kBProgress (4): 10.0/16 MB | 3.7/34 MB | 3.6/7.9 MB | 155/257 kBProgress (4): 10.0/16 MB | 3.7/34 MB | 3.6/7.9 MB | 155/257 kBProgress (4): 10.0/16 MB | 3.7/34 MB | 3.6/7.9 MB | 172/257 kBProgress (4): 10.0/16 MB | 3.7/34 MB | 3.6/7.9 MB | 188/257 kBProgress (4): 10.0/16 MB | 3.7/34 MB | 3.6/7.9 MB | 188/257 kBProgress (4): 10.0/16 MB | 3.7/34 MB | 3.6/7.9 MB | 188/257 kBProgress (4): 10/16 MB | 3.7/34 MB | 3.6/7.9 MB | 188/257 kB  Progress (4): 10/16 MB | 3.7/34 MB | 3.6/7.9 MB | 188/257 kBProgress (4): 10/16 MB | 3.7/34 MB | 3.6/7.9 MB | 188/257 kBProgress (4): 10/16 MB | 3.7/34 MB | 3.6/7.9 MB | 188/257 kBProgress (4): 10/16 MB | 3.7/34 MB | 3.6/7.9 MB | 188/257 kBProgress (4): 10/16 MB | 3.7/34 MB | 3.6/7.9 MB | 188/257 kBProgress (5): 10/16 MB | 3.7/34 MB | 3.6/7.9 MB | 188/257 kB | 7.3/238 kBProgress (5): 10/16 MB | 3.7/34 MB | 3.6/7.9 MB | 188/257 kB | 16/238 kB Progress (5): 10/16 MB | 3.7/34 MB | 3.6/7.9 MB | 188/257 kB | 19/238 kBProgress (5): 10/16 MB | 3.7/34 MB | 3.7/7.9 MB | 188/257 kB | 19/238 kBProgress (5): 10/16 MB | 3.7/34 MB | 3.7/7.9 MB | 204/257 kB | 19/238 kBProgress (5): 10/16 MB | 3.7/34 MB | 3.7/7.9 MB | 204/257 kB | 19/238 kBProgress (5): 10/16 MB | 3.7/34 MB | 3.7/7.9 MB | 204/257 kB | 36/238 kBProgress (5): 10/16 MB | 3.7/34 MB | 3.7/7.9 MB | 204/257 kB | 36/238 kBProgress (5): 10/16 MB | 3.7/34 MB | 3.7/7.9 MB | 204/257 kB | 36/238 kBProgress (5): 10/16 MB | 3.7/34 MB | 3.7/7.9 MB | 204/257 kB | 36/238 kBProgress (5): 10/16 MB | 3.7/34 MB | 3.7/7.9 MB | 204/257 kB | 36/238 kBProgress (5): 10/16 MB | 3.7/34 MB | 3.7/7.9 MB | 221/257 kB | 36/238 kBProgress (5): 10/16 MB | 3.7/34 MB | 3.7/7.9 MB | 221/257 kB | 36/238 kBProgress (5): 10/16 MB | 3.7/34 MB | 3.7/7.9 MB | 237/257 kB | 36/238 kBProgress (5): 10/16 MB | 3.7/34 MB | 3.7/7.9 MB | 254/257 kB | 36/238 kBProgress (5): 10/16 MB | 3.7/34 MB | 3.7/7.9 MB | 254/257 kB | 36/238 kBProgress (5): 10/16 MB | 3.7/34 MB | 3.7/7.9 MB | 257 kB | 36/238 kB    Progress (5): 10/16 MB | 3.7/34 MB | 3.7/7.9 MB | 257 kB | 36/238 kBProgress (5): 10/16 MB | 3.7/34 MB | 3.7/7.9 MB | 257 kB | 49/238 kBProgress (5): 10/16 MB | 3.7/34 MB | 3.7/7.9 MB | 257 kB | 53/238 kBProgress (5): 10/16 MB | 3.7/34 MB | 3.7/7.9 MB | 257 kB | 56/238 kBProgress (5): 10/16 MB | 3.7/34 MB | 3.7/7.9 MB | 257 kB | 60/238 kBProgress (5): 10/16 MB | 3.7/34 MB | 3.7/7.9 MB | 257 kB | 63/238 kBProgress (5): 10/16 MB | 3.7/34 MB | 3.7/7.9 MB | 257 kB | 66/238 kBProgress (5): 10/16 MB | 3.7/34 MB | 3.7/7.9 MB | 257 kB | 69/238 kBProgress (5): 10/16 MB | 3.7/34 MB | 3.7/7.9 MB | 257 kB | 71/238 kBProgress (5): 10/16 MB | 3.7/34 MB | 3.7/7.9 MB | 257 kB | 73/238 kBProgress (5): 10/16 MB | 3.7/34 MB | 3.7/7.9 MB | 257 kB | 73/238 kBProgress (5): 10/16 MB | 3.7/34 MB | 3.7/7.9 MB | 257 kB | 73/238 kBProgress (5): 10/16 MB | 3.7/34 MB | 3.7/7.9 MB | 257 kB | 73/238 kBProgress (5): 10/16 MB | 3.7/34 MB | 3.7/7.9 MB | 257 kB | 78/238 kBProgress (5): 10/16 MB | 3.7/34 MB | 3.7/7.9 MB | 257 kB | 79/238 kBProgress (5): 10/16 MB | 3.7/34 MB | 3.7/7.9 MB | 257 kB | 84/238 kBProgress (5): 10/16 MB | 3.7/34 MB | 3.7/7.9 MB | 257 kB | 84/238 kBProgress (5): 10/16 MB | 3.7/34 MB | 3.8/7.9 MB | 257 kB | 84/238 kBProgress (5): 10/16 MB | 3.7/34 MB | 3.8/7.9 MB | 257 kB | 92/238 kBProgress (5): 10/16 MB | 3.7/34 MB | 3.8/7.9 MB | 257 kB | 92/238 kBProgress (5): 10/16 MB | 3.7/34 MB | 3.8/7.9 MB | 257 kB | 92/238 kBProgress (5): 10/16 MB | 3.8/34 MB | 3.8/7.9 MB | 257 kB | 92/238 kBProgress (5): 10/16 MB | 3.8/34 MB | 3.8/7.9 MB | 257 kB | 92/238 kBProgress (5): 10/16 MB | 3.8/34 MB | 3.8/7.9 MB | 257 kB | 92/238 kBProgress (5): 10/16 MB | 3.8/34 MB | 3.8/7.9 MB | 257 kB | 92/238 kBProgress (5): 10/16 MB | 3.8/34 MB | 3.8/7.9 MB | 257 kB | 92/238 kBProgress (5): 10/16 MB | 3.8/34 MB | 3.8/7.9 MB | 257 kB | 92/238 kBProgress (5): 10/16 MB | 3.8/34 MB | 3.8/7.9 MB | 257 kB | 92/238 kBProgress (5): 10/16 MB | 3.8/34 MB | 3.8/7.9 MB | 257 kB | 92/238 kBProgress (5): 10/16 MB | 3.8/34 MB | 3.8/7.9 MB | 257 kB | 92/238 kBProgress (5): 10/16 MB | 3.8/34 MB | 3.8/7.9 MB | 257 kB | 92/238 kBProgress (5): 10/16 MB | 3.8/34 MB | 3.8/7.9 MB | 257 kB | 92/238 kBProgress (5): 10/16 MB | 3.8/34 MB | 3.8/7.9 MB | 257 kB | 109/238 kBProgress (5): 10/16 MB | 3.8/34 MB | 3.8/7.9 MB | 257 kB | 109/238 kBProgress (5): 10/16 MB | 3.8/34 MB | 3.8/7.9 MB | 257 kB | 109/238 kBProgress (5): 10/16 MB | 3.8/34 MB | 3.8/7.9 MB | 257 kB | 116/238 kBProgress (5): 10/16 MB | 3.8/34 MB | 3.8/7.9 MB | 257 kB | 116/238 kBProgress (5): 10/16 MB | 3.8/34 MB | 3.8/7.9 MB | 257 kB | 116/238 kBProgress (5): 10/16 MB | 3.8/34 MB | 3.8/7.9 MB | 257 kB | 127/238 kBProgress (5): 10/16 MB | 3.8/34 MB | 3.8/7.9 MB | 257 kB | 130/238 kBProgress (5): 10/16 MB | 3.8/34 MB | 3.8/7.9 MB | 257 kB | 130/238 kB                                                                     Downloaded from aliyun: https://maven.aliyun.com/repository/public/org/locationtech/proj4j/proj4j/1.2.2/proj4j-1.2.2.jar (257 kB at 61 kB/s)
Downloading from aliyun: https://maven.aliyun.com/repository/public/org/apache/calcite/calcite-linq4j/1.36.0/calcite-linq4j-1.36.0.jar
Progress (4): 10/16 MB | 3.8/34 MB | 3.8/7.9 MB | 138/238 kBProgress (4): 10/16 MB | 3.8/34 MB | 3.8/7.9 MB | 142/238 kBProgress (4): 10/16 MB | 3.8/34 MB | 3.8/7.9 MB | 142/238 kBProgress (4): 10/16 MB | 3.8/34 MB | 3.8/7.9 MB | 148/238 kBProgress (4): 10/16 MB | 3.8/34 MB | 3.8/7.9 MB | 148/238 kBProgress (4): 10/16 MB | 3.8/34 MB | 3.8/7.9 MB | 148/238 kBProgress (4): 10/16 MB | 3.8/34 MB | 3.8/7.9 MB | 160/238 kBProgress (4): 10/16 MB | 3.8/34 MB | 3.8/7.9 MB | 160/238 kBProgress (4): 10/16 MB | 3.8/34 MB | 3.8/7.9 MB | 176/238 kBProgress (4): 10/16 MB | 3.8/34 MB | 3.8/7.9 MB | 179/238 kBProgress (4): 10/16 MB | 3.8/34 MB | 3.8/7.9 MB | 184/238 kBProgress (4): 10/16 MB | 3.8/34 MB | 3.8/7.9 MB | 198/238 kBProgress (4): 10/16 MB | 3.8/34 MB | 3.8/7.9 MB | 202/238 kBProgress (4): 10/16 MB | 3.8/34 MB | 3.8/7.9 MB | 208/238 kBProgress (4): 10/16 MB | 3.8/34 MB | 3.8/7.9 MB | 208/238 kBProgress (4): 10/16 MB | 3.8/34 MB | 3.8/7.9 MB | 222/238 kBProgress (4): 10/16 MB | 3.8/34 MB | 3.8/7.9 MB | 224/238 kBProgress (4): 10/16 MB | 3.9/34 MB | 3.8/7.9 MB | 224/238 kBProgress (4): 10/16 MB | 3.9/34 MB | 3.8/7.9 MB | 224/238 kBProgress (4): 10/16 MB | 3.9/34 MB | 3.8/7.9 MB | 231/238 kBProgress (4): 10/16 MB | 3.9/34 MB | 3.8/7.9 MB | 231/238 kBProgress (4): 10/16 MB | 3.9/34 MB | 3.9/7.9 MB | 231/238 kBProgress (4): 10/16 MB | 3.9/34 MB | 3.9/7.9 MB | 231/238 kBProgress (4): 10/16 MB | 3.9/34 MB | 3.9/7.9 MB | 231/238 kBProgress (4): 10/16 MB | 3.9/34 MB | 3.9/7.9 MB | 236/238 kBProgress (4): 10/16 MB | 3.9/34 MB | 3.9/7.9 MB | 236/238 kBProgress (4): 10/16 MB | 3.9/34 MB | 3.9/7.9 MB | 237/238 kBProgress (4): 10/16 MB | 3.9/34 MB | 3.9/7.9 MB | 238 kB    Progress (4): 10/16 MB | 3.9/34 MB | 3.9/7.9 MB | 238 kBProgress (4): 10/16 MB | 3.9/34 MB | 3.9/7.9 MB | 238 kBProgress (4): 10/16 MB | 3.9/34 MB | 3.9/7.9 MB | 238 kBProgress (4): 10/16 MB | 3.9/34 MB | 3.9/7.9 MB | 238 kBProgress (4): 10/16 MB | 3.9/34 MB | 3.9/7.9 MB | 238 kBProgress (4): 10/16 MB | 3.9/34 MB | 3.9/7.9 MB | 238 kBProgress (4): 10/16 MB | 3.9/34 MB | 3.9/7.9 MB | 238 kBProgress (4): 10/16 MB | 3.9/34 MB | 4.0/7.9 MB | 238 kBProgress (4): 10/16 MB | 3.9/34 MB | 4.0/7.9 MB | 238 kBProgress (4): 10/16 MB | 3.9/34 MB | 4.0/7.9 MB | 238 kBProgress (4): 10/16 MB | 3.9/34 MB | 4.0/7.9 MB | 238 kBProgress (4): 10/16 MB | 3.9/34 MB | 4.0/7.9 MB | 238 kBProgress (4): 10/16 MB | 3.9/34 MB | 4.0/7.9 MB | 238 kBProgress (4): 10/16 MB | 3.9/34 MB | 4.0/7.9 MB | 238 kBProgress (4): 11/16 MB | 3.9/34 MB | 4.0/7.9 MB | 238 kBProgress (4): 11/16 MB | 3.9/34 MB | 4.0/7.9 MB | 238 kBProgress (4): 11/16 MB | 3.9/34 MB | 4.0/7.9 MB | 238 kBProgress (4): 11/16 MB | 3.9/34 MB | 4.0/7.9 MB | 238 kBProgress (4): 11/16 MB | 3.9/34 MB | 4.0/7.9 MB | 238 kBProgress (4): 11/16 MB | 3.9/34 MB | 4.0/7.9 MB | 238 kBProgress (4): 11/16 MB | 3.9/34 MB | 4.0/7.9 MB | 238 kB                                                        Downloaded from aliyun: https://maven.aliyun.com/repository/public/org/apache/commons/commons-text/1.10.0/commons-text-1.10.0.jar (238 kB at 56 kB/s)
Downloading from aliyun: https://maven.aliyun.com/repository/public/org/apache/calcite/avatica/avatica-core/1.23.0/avatica-core-1.23.0.jar
Progress (3): 11/16 MB | 3.9/34 MB | 4.1/7.9 MBProgress (3): 11/16 MB | 3.9/34 MB | 4.1/7.9 MBProgress (3): 11/16 MB | 3.9/34 MB | 4.1/7.9 MBProgress (3): 11/16 MB | 3.9/34 MB | 4.1/7.9 MBProgress (3): 11/16 MB | 3.9/34 MB | 4.1/7.9 MBProgress (3): 11/16 MB | 3.9/34 MB | 4.1/7.9 MBProgress (3): 11/16 MB | 3.9/34 MB | 4.1/7.9 MBProgress (3): 11/16 MB | 3.9/34 MB | 4.1/7.9 MBProgress (3): 11/16 MB | 3.9/34 MB | 4.1/7.9 MBProgress (3): 11/16 MB | 4.0/34 MB | 4.1/7.9 MBProgress (3): 11/16 MB | 4.0/34 MB | 4.1/7.9 MBProgress (3): 11/16 MB | 4.0/34 MB | 4.1/7.9 MBProgress (3): 11/16 MB | 4.0/34 MB | 4.1/7.9 MBProgress (3): 11/16 MB | 4.0/34 MB | 4.1/7.9 MBProgress (3): 11/16 MB | 4.0/34 MB | 4.1/7.9 MBProgress (3): 11/16 MB | 4.0/34 MB | 4.1/7.9 MBProgress (3): 11/16 MB | 4.0/34 MB | 4.1/7.9 MBProgress (3): 11/16 MB | 4.0/34 MB | 4.1/7.9 MBProgress (4): 11/16 MB | 4.0/34 MB | 4.1/7.9 MB | 0/1.3 MBProgress (4): 11/16 MB | 4.0/34 MB | 4.1/7.9 MB | 0/1.3 MBProgress (4): 11/16 MB | 4.0/34 MB | 4.2/7.9 MB | 0/1.3 MBProgress (4): 11/16 MB | 4.0/34 MB | 4.2/7.9 MB | 0/1.3 MBProgress (4): 11/16 MB | 4.0/34 MB | 4.2/7.9 MB | 0/1.3 MBProgress (4): 11/16 MB | 4.0/34 MB | 4.2/7.9 MB | 0/1.3 MBProgress (4): 11/16 MB | 4.0/34 MB | 4.2/7.9 MB | 0/1.3 MBProgress (4): 11/16 MB | 4.0/34 MB | 4.2/7.9 MB | 0/1.3 MBProgress (4): 11/16 MB | 4.0/34 MB | 4.2/7.9 MB | 0/1.3 MBProgress (4): 11/16 MB | 4.0/34 MB | 4.2/7.9 MB | 0/1.3 MBProgress (4): 11/16 MB | 4.0/34 MB | 4.2/7.9 MB | 0/1.3 MBProgress (4): 11/16 MB | 4.0/34 MB | 4.2/7.9 MB | 0/1.3 MBProgress (4): 11/16 MB | 4.0/34 MB | 4.2/7.9 MB | 0/1.3 MBProgress (4): 11/16 MB | 4.0/34 MB | 4.2/7.9 MB | 0/1.3 MBProgress (4): 11/16 MB | 4.0/34 MB | 4.2/7.9 MB | 0/1.3 MBProgress (4): 11/16 MB | 4.0/34 MB | 4.3/7.9 MB | 0/1.3 MBProgress (4): 11/16 MB | 4.0/34 MB | 4.3/7.9 MB | 0/1.3 MBProgress (4): 11/16 MB | 4.0/34 MB | 4.3/7.9 MB | 0/1.3 MBProgress (4): 11/16 MB | 4.0/34 MB | 4.3/7.9 MB | 0/1.3 MBProgress (4): 11/16 MB | 4.0/34 MB | 4.3/7.9 MB | 0.1/1.3 MBProgress (4): 11/16 MB | 4.0/34 MB | 4.3/7.9 MB | 0.1/1.3 MBProgress (4): 11/16 MB | 4.0/34 MB | 4.3/7.9 MB | 0.1/1.3 MBProgress (4): 11/16 MB | 4.0/34 MB | 4.3/7.9 MB | 0.1/1.3 MBProgress (4): 11/16 MB | 4.0/34 MB | 4.3/7.9 MB | 0.1/1.3 MBProgress (4): 11/16 MB | 4.0/34 MB | 4.3/7.9 MB | 0.1/1.3 MBProgress (4): 11/16 MB | 4.0/34 MB | 4.3/7.9 MB | 0.1/1.3 MBProgress (4): 11/16 MB | 4.0/34 MB | 4.3/7.9 MB | 0.1/1.3 MBProgress (4): 11/16 MB | 4.0/34 MB | 4.3/7.9 MB | 0.1/1.3 MBProgress (4): 11/16 MB | 4.0/34 MB | 4.3/7.9 MB | 0.1/1.3 MBProgress (4): 11/16 MB | 4.0/34 MB | 4.4/7.9 MB | 0.1/1.3 MBProgress (4): 11/16 MB | 4.0/34 MB | 4.4/7.9 MB | 0.1/1.3 MBProgress (4): 11/16 MB | 4.0/34 MB | 4.4/7.9 MB | 0.1/1.3 MBProgress (4): 11/16 MB | 4.0/34 MB | 4.4/7.9 MB | 0.1/1.3 MBProgress (4): 11/16 MB | 4.0/34 MB | 4.4/7.9 MB | 0.1/1.3 MBProgress (4): 11/16 MB | 4.0/34 MB | 4.4/7.9 MB | 0.1/1.3 MBProgress (4): 11/16 MB | 4.0/34 MB | 4.4/7.9 MB | 0.1/1.3 MBProgress (4): 11/16 MB | 4.0/34 MB | 4.4/7.9 MB | 0.1/1.3 MBProgress (4): 11/16 MB | 4.0/34 MB | 4.4/7.9 MB | 0.1/1.3 MBProgress (5): 11/16 MB | 4.0/34 MB | 4.4/7.9 MB | 0.1/1.3 MB | 3.4/510 kBProgress (5): 11/16 MB | 4.0/34 MB | 4.4/7.9 MB | 0.1/1.3 MB | 3.4/510 kBProgress (5): 11/16 MB | 4.0/34 MB | 4.4/7.9 MB | 0.1/1.3 MB | 3.4/510 kBProgress (5): 11/16 MB | 4.0/34 MB | 4.4/7.9 MB | 0.1/1.3 MB | 3.4/510 kBProgress (5): 11/16 MB | 4.0/34 MB | 4.4/7.9 MB | 0.1/1.3 MB | 3.4/510 kBProgress (5): 11/16 MB | 4.0/34 MB | 4.4/7.9 MB | 0.1/1.3 MB | 3.4/510 kBProgress (5): 11/16 MB | 4.0/34 MB | 4.4/7.9 MB | 0.1/1.3 MB | 3.4/510 kBProgress (5): 11/16 MB | 4.0/34 MB | 4.4/7.9 MB | 0.1/1.3 MB | 3.4/510 kBProgress (5): 11/16 MB | 4.0/34 MB | 4.4/7.9 MB | 0.1/1.3 MB | 3.4/510 kBProgress (5): 11/16 MB | 4.0/34 MB | 4.4/7.9 MB | 0.1/1.3 MB | 3.4/510 kBProgress (5): 11/16 MB | 4.0/34 MB | 4.4/7.9 MB | 0.1/1.3 MB | 3.4/510 kBProgress (5): 11/16 MB | 4.0/34 MB | 4.5/7.9 MB | 0.1/1.3 MB | 3.4/510 kBProgress (5): 11/16 MB | 4.0/34 MB | 4.5/7.9 MB | 0.1/1.3 MB | 3.4/510 kBProgress (5): 11/16 MB | 4.0/34 MB | 4.5/7.9 MB | 0.1/1.3 MB | 20/510 kB Progress (5): 11/16 MB | 4.0/34 MB | 4.5/7.9 MB | 0.1/1.3 MB | 36/510 kBProgress (5): 11/16 MB | 4.0/34 MB | 4.5/7.9 MB | 0.2/1.3 MB | 36/510 kBProgress (5): 11/16 MB | 4.0/34 MB | 4.5/7.9 MB | 0.2/1.3 MB | 36/510 kBProgress (5): 11/16 MB | 4.0/34 MB | 4.5/7.9 MB | 0.2/1.3 MB | 36/510 kBProgress (5): 11/16 MB | 4.0/34 MB | 4.5/7.9 MB | 0.2/1.3 MB | 53/510 kBProgress (5): 11/16 MB | 4.0/34 MB | 4.5/7.9 MB | 0.2/1.3 MB | 53/510 kBProgress (5): 11/16 MB | 4.0/34 MB | 4.5/7.9 MB | 0.2/1.3 MB | 53/510 kBProgress (5): 11/16 MB | 4.0/34 MB | 4.5/7.9 MB | 0.2/1.3 MB | 53/510 kBProgress (5): 11/16 MB | 4.0/34 MB | 4.5/7.9 MB | 0.2/1.3 MB | 53/510 kBProgress (5): 11/16 MB | 4.0/34 MB | 4.5/7.9 MB | 0.2/1.3 MB | 53/510 kBProgress (5): 11/16 MB | 4.0/34 MB | 4.5/7.9 MB | 0.2/1.3 MB | 69/510 kBProgress (5): 11/16 MB | 4.0/34 MB | 4.5/7.9 MB | 0.2/1.3 MB | 69/510 kBProgress (5): 11/16 MB | 4.0/34 MB | 4.5/7.9 MB | 0.2/1.3 MB | 69/510 kBProgress (5): 11/16 MB | 4.0/34 MB | 4.5/7.9 MB | 0.2/1.3 MB | 69/510 kBProgress (5): 11/16 MB | 4.0/34 MB | 4.5/7.9 MB | 0.2/1.3 MB | 69/510 kBProgress (5): 11/16 MB | 4.0/34 MB | 4.5/7.9 MB | 0.2/1.3 MB | 69/510 kBProgress (5): 11/16 MB | 4.0/34 MB | 4.5/7.9 MB | 0.2/1.3 MB | 69/510 kBProgress (5): 11/16 MB | 4.0/34 MB | 4.6/7.9 MB | 0.2/1.3 MB | 69/510 kBProgress (5): 11/16 MB | 4.0/34 MB | 4.6/7.9 MB | 0.2/1.3 MB | 69/510 kBProgress (5): 11/16 MB | 4.0/34 MB | 4.6/7.9 MB | 0.2/1.3 MB | 69/510 kBProgress (5): 11/16 MB | 4.0/34 MB | 4.6/7.9 MB | 0.2/1.3 MB | 69/510 kBProgress (5): 11/16 MB | 4.0/34 MB | 4.6/7.9 MB | 0.2/1.3 MB | 69/510 kBProgress (5): 11/16 MB | 4.0/34 MB | 4.6/7.9 MB | 0.2/1.3 MB | 85/510 kBProgress (5): 11/16 MB | 4.0/34 MB | 4.6/7.9 MB | 0.2/1.3 MB | 102/510 kBProgress (5): 11/16 MB | 4.0/34 MB | 4.6/7.9 MB | 0.2/1.3 MB | 102/510 kBProgress (5): 11/16 MB | 4.0/34 MB | 4.6/7.9 MB | 0.2/1.3 MB | 102/510 kBProgress (5): 11/16 MB | 4.0/34 MB | 4.6/7.9 MB | 0.2/1.3 MB | 102/510 kBProgress (5): 11/16 MB | 4.0/34 MB | 4.6/7.9 MB | 0.2/1.3 MB | 102/510 kBProgress (5): 11/16 MB | 4.0/34 MB | 4.6/7.9 MB | 0.2/1.3 MB | 102/510 kBProgress (5): 11/16 MB | 4.0/34 MB | 4.6/7.9 MB | 0.2/1.3 MB | 102/510 kBProgress (5): 11/16 MB | 4.0/34 MB | 4.6/7.9 MB | 0.2/1.3 MB | 102/510 kBProgress (5): 11/16 MB | 4.1/34 MB | 4.6/7.9 MB | 0.2/1.3 MB | 102/510 kBProgress (5): 11/16 MB | 4.1/34 MB | 4.6/7.9 MB | 0.2/1.3 MB | 102/510 kBProgress (5): 11/16 MB | 4.1/34 MB | 4.6/7.9 MB | 0.2/1.3 MB | 102/510 kBProgress (5): 11/16 MB | 4.1/34 MB | 4.7/7.9 MB | 0.2/1.3 MB | 102/510 kBProgress (5): 11/16 MB | 4.1/34 MB | 4.7/7.9 MB | 0.3/1.3 MB | 102/510 kBProgress (5): 11/16 MB | 4.1/34 MB | 4.7/7.9 MB | 0.3/1.3 MB | 102/510 kBProgress (5): 11/16 MB | 4.1/34 MB | 4.7/7.9 MB | 0.3/1.3 MB | 102/510 kBProgress (5): 11/16 MB | 4.1/34 MB | 4.7/7.9 MB | 0.3/1.3 MB | 102/510 kBProgress (5): 11/16 MB | 4.1/34 MB | 4.7/7.9 MB | 0.3/1.3 MB | 102/510 kBProgress (5): 11/16 MB | 4.1/34 MB | 4.7/7.9 MB | 0.3/1.3 MB | 118/510 kBProgress (5): 11/16 MB | 4.1/34 MB | 4.7/7.9 MB | 0.3/1.3 MB | 134/510 kBProgress (5): 11/16 MB | 4.1/34 MB | 4.7/7.9 MB | 0.3/1.3 MB | 134/510 kBProgress (5): 11/16 MB | 4.1/34 MB | 4.7/7.9 MB | 0.3/1.3 MB | 134/510 kBProgress (5): 11/16 MB | 4.1/34 MB | 4.7/7.9 MB | 0.3/1.3 MB | 134/510 kBProgress (5): 11/16 MB | 4.1/34 MB | 4.7/7.9 MB | 0.3/1.3 MB | 134/510 kBProgress (5): 11/16 MB | 4.1/34 MB | 4.7/7.9 MB | 0.3/1.3 MB | 134/510 kBProgress (5): 11/16 MB | 4.1/34 MB | 4.7/7.9 MB | 0.3/1.3 MB | 134/510 kBProgress (5): 11/16 MB | 4.1/34 MB | 4.7/7.9 MB | 0.3/1.3 MB | 134/510 kBProgress (5): 11/16 MB | 4.1/34 MB | 4.7/7.9 MB | 0.3/1.3 MB | 151/510 kBProgress (5): 11/16 MB | 4.1/34 MB | 4.7/7.9 MB | 0.3/1.3 MB | 151/510 kBProgress (5): 11/16 MB | 4.1/34 MB | 4.7/7.9 MB | 0.3/1.3 MB | 151/510 kBProgress (5): 11/16 MB | 4.1/34 MB | 4.7/7.9 MB | 0.3/1.3 MB | 151/510 kBProgress (5): 11/16 MB | 4.1/34 MB | 4.7/7.9 MB | 0.3/1.3 MB | 167/510 kBProgress (5): 11/16 MB | 4.1/34 MB | 4.8/7.9 MB | 0.3/1.3 MB | 167/510 kBProgress (5): 11/16 MB | 4.1/34 MB | 4.8/7.9 MB | 0.3/1.3 MB | 167/510 kBProgress (5): 11/16 MB | 4.1/34 MB | 4.8/7.9 MB | 0.4/1.3 MB | 167/510 kBProgress (5): 11/16 MB | 4.1/34 MB | 4.8/7.9 MB | 0.4/1.3 MB | 184/510 kBProgress (5): 11/16 MB | 4.1/34 MB | 4.8/7.9 MB | 0.4/1.3 MB | 184/510 kBProgress (5): 11/16 MB | 4.1/34 MB | 4.8/7.9 MB | 0.4/1.3 MB | 184/510 kBProgress (5): 11/16 MB | 4.1/34 MB | 4.8/7.9 MB | 0.4/1.3 MB | 184/510 kBProgress (5): 11/16 MB | 4.1/34 MB | 4.8/7.9 MB | 0.4/1.3 MB | 184/510 kBProgress (5): 11/16 MB | 4.1/34 MB | 4.8/7.9 MB | 0.4/1.3 MB | 184/510 kBProgress (5): 11/16 MB | 4.1/34 MB | 4.8/7.9 MB | 0.4/1.3 MB | 184/510 kBProgress (5): 11/16 MB | 4.1/34 MB | 4.8/7.9 MB | 0.4/1.3 MB | 184/510 kBProgress (5): 11/16 MB | 4.1/34 MB | 4.8/7.9 MB | 0.4/1.3 MB | 200/510 kBProgress (5): 11/16 MB | 4.1/34 MB | 4.8/7.9 MB | 0.4/1.3 MB | 200/510 kBProgress (5): 11/16 MB | 4.1/34 MB | 4.8/7.9 MB | 0.4/1.3 MB | 200/510 kBProgress (5): 11/16 MB | 4.1/34 MB | 4.8/7.9 MB | 0.4/1.3 MB | 200/510 kBProgress (5): 11/16 MB | 4.1/34 MB | 4.8/7.9 MB | 0.4/1.3 MB | 200/510 kBProgress (5): 11/16 MB | 4.1/34 MB | 4.8/7.9 MB | 0.4/1.3 MB | 200/510 kBProgress (5): 11/16 MB | 4.1/34 MB | 4.8/7.9 MB | 0.4/1.3 MB | 200/510 kBProgress (5): 11/16 MB | 4.1/34 MB | 4.9/7.9 MB | 0.4/1.3 MB | 200/510 kBProgress (5): 11/16 MB | 4.1/34 MB | 4.9/7.9 MB | 0.4/1.3 MB | 216/510 kBProgress (5): 11/16 MB | 4.1/34 MB | 4.9/7.9 MB | 0.4/1.3 MB | 216/510 kBProgress (5): 11/16 MB | 4.1/34 MB | 4.9/7.9 MB | 0.4/1.3 MB | 216/510 kBProgress (5): 11/16 MB | 4.1/34 MB | 4.9/7.9 MB | 0.4/1.3 MB | 216/510 kBProgress (5): 11/16 MB | 4.1/34 MB | 4.9/7.9 MB | 0.4/1.3 MB | 216/510 kBProgress (5): 11/16 MB | 4.1/34 MB | 4.9/7.9 MB | 0.4/1.3 MB | 216/510 kBProgress (5): 11/16 MB | 4.1/34 MB | 4.9/7.9 MB | 0.4/1.3 MB | 216/510 kBProgress (5): 11/16 MB | 4.1/34 MB | 4.9/7.9 MB | 0.4/1.3 MB | 216/510 kBProgress (5): 11/16 MB | 4.1/34 MB | 4.9/7.9 MB | 0.4/1.3 MB | 233/510 kBProgress (5): 11/16 MB | 4.1/34 MB | 4.9/7.9 MB | 0.4/1.3 MB | 233/510 kBProgress (5): 11/16 MB | 4.1/34 MB | 4.9/7.9 MB | 0.4/1.3 MB | 233/510 kBProgress (5): 11/16 MB | 4.1/34 MB | 4.9/7.9 MB | 0.4/1.3 MB | 233/510 kBProgress (5): 11/16 MB | 4.1/34 MB | 4.9/7.9 MB | 0.4/1.3 MB | 249/510 kBProgress (5): 11/16 MB | 4.1/34 MB | 4.9/7.9 MB | 0.4/1.3 MB | 266/510 kBProgress (5): 11/16 MB | 4.1/34 MB | 4.9/7.9 MB | 0.4/1.3 MB | 266/510 kBProgress (5): 11/16 MB | 4.1/34 MB | 4.9/7.9 MB | 0.4/1.3 MB | 266/510 kBProgress (5): 11/16 MB | 4.1/34 MB | 5.0/7.9 MB | 0.4/1.3 MB | 266/510 kBProgress (5): 11/16 MB | 4.1/34 MB | 5.0/7.9 MB | 0.4/1.3 MB | 266/510 kBProgress (5): 11/16 MB | 4.1/34 MB | 5.0/7.9 MB | 0.5/1.3 MB | 266/510 kBProgress (5): 11/16 MB | 4.1/34 MB | 5.0/7.9 MB | 0.5/1.3 MB | 266/510 kBProgress (5): 11/16 MB | 4.1/34 MB | 5.0/7.9 MB | 0.5/1.3 MB | 266/510 kBProgress (5): 11/16 MB | 4.1/34 MB | 5.0/7.9 MB | 0.5/1.3 MB | 266/510 kBProgress (5): 11/16 MB | 4.1/34 MB | 5.0/7.9 MB | 0.5/1.3 MB | 266/510 kBProgress (5): 11/16 MB | 4.1/34 MB | 5.0/7.9 MB | 0.5/1.3 MB | 266/510 kBProgress (5): 11/16 MB | 4.1/34 MB | 5.0/7.9 MB | 0.5/1.3 MB | 266/510 kBProgress (5): 11/16 MB | 4.1/34 MB | 5.0/7.9 MB | 0.5/1.3 MB | 266/510 kBProgress (5): 11/16 MB | 4.1/34 MB | 5.0/7.9 MB | 0.5/1.3 MB | 282/510 kBProgress (5): 11/16 MB | 4.1/34 MB | 5.0/7.9 MB | 0.5/1.3 MB | 298/510 kBProgress (5): 11/16 MB | 4.1/34 MB | 5.0/7.9 MB | 0.5/1.3 MB | 298/510 kBProgress (5): 11/16 MB | 4.1/34 MB | 5.0/7.9 MB | 0.5/1.3 MB | 298/510 kBProgress (5): 11/16 MB | 4.1/34 MB | 5.0/7.9 MB | 0.5/1.3 MB | 298/510 kBProgress (5): 11/16 MB | 4.1/34 MB | 5.0/7.9 MB | 0.5/1.3 MB | 298/510 kBProgress (5): 11/16 MB | 4.1/34 MB | 5.0/7.9 MB | 0.5/1.3 MB | 298/510 kBProgress (5): 11/16 MB | 4.1/34 MB | 5.1/7.9 MB | 0.5/1.3 MB | 298/510 kBProgress (5): 11/16 MB | 4.1/34 MB | 5.1/7.9 MB | 0.5/1.3 MB | 298/510 kBProgress (5): 11/16 MB | 4.1/34 MB | 5.1/7.9 MB | 0.5/1.3 MB | 298/510 kBProgress (5): 11/16 MB | 4.1/34 MB | 5.1/7.9 MB | 0.5/1.3 MB | 298/510 kBProgress (5): 11/16 MB | 4.1/34 MB | 5.1/7.9 MB | 0.5/1.3 MB | 298/510 kBProgress (5): 11/16 MB | 4.1/34 MB | 5.1/7.9 MB | 0.5/1.3 MB | 298/510 kBProgress (5): 11/16 MB | 4.1/34 MB | 5.1/7.9 MB | 0.5/1.3 MB | 315/510 kBProgress (5): 11/16 MB | 4.1/34 MB | 5.1/7.9 MB | 0.5/1.3 MB | 315/510 kBProgress (5): 11/16 MB | 4.1/34 MB | 5.1/7.9 MB | 0.5/1.3 MB | 315/510 kBProgress (5): 11/16 MB | 4.2/34 MB | 5.1/7.9 MB | 0.5/1.3 MB | 315/510 kBProgress (5): 11/16 MB | 4.2/34 MB | 5.1/7.9 MB | 0.5/1.3 MB | 315/510 kBProgress (5): 11/16 MB | 4.2/34 MB | 5.1/7.9 MB | 0.5/1.3 MB | 315/510 kBProgress (5): 11/16 MB | 4.2/34 MB | 5.1/7.9 MB | 0.5/1.3 MB | 315/510 kBProgress (5): 11/16 MB | 4.2/34 MB | 5.1/7.9 MB | 0.5/1.3 MB | 331/510 kBProgress (5): 11/16 MB | 4.2/34 MB | 5.1/7.9 MB | 0.5/1.3 MB | 331/510 kBProgress (5): 11/16 MB | 4.2/34 MB | 5.1/7.9 MB | 0.6/1.3 MB | 331/510 kBProgress (5): 11/16 MB | 4.2/34 MB | 5.2/7.9 MB | 0.6/1.3 MB | 331/510 kBProgress (5): 11/16 MB | 4.2/34 MB | 5.2/7.9 MB | 0.6/1.3 MB | 331/510 kBProgress (5): 11/16 MB | 4.2/34 MB | 5.2/7.9 MB | 0.6/1.3 MB | 331/510 kBProgress (5): 11/16 MB | 4.2/34 MB | 5.2/7.9 MB | 0.6/1.3 MB | 331/510 kBProgress (5): 11/16 MB | 4.2/34 MB | 5.2/7.9 MB | 0.6/1.3 MB | 331/510 kBProgress (5): 11/16 MB | 4.2/34 MB | 5.2/7.9 MB | 0.6/1.3 MB | 331/510 kBProgress (5): 11/16 MB | 4.2/34 MB | 5.2/7.9 MB | 0.6/1.3 MB | 347/510 kBProgress (5): 11/16 MB | 4.2/34 MB | 5.2/7.9 MB | 0.6/1.3 MB | 347/510 kBProgress (5): 11/16 MB | 4.2/34 MB | 5.2/7.9 MB | 0.6/1.3 MB | 347/510 kBProgress (5): 11/16 MB | 4.2/34 MB | 5.2/7.9 MB | 0.6/1.3 MB | 347/510 kBProgress (5): 11/16 MB | 4.2/34 MB | 5.2/7.9 MB | 0.6/1.3 MB | 364/510 kBProgress (5): 11/16 MB | 4.2/34 MB | 5.2/7.9 MB | 0.6/1.3 MB | 380/510 kBProgress (5): 11/16 MB | 4.2/34 MB | 5.2/7.9 MB | 0.6/1.3 MB | 380/510 kBProgress (5): 11/16 MB | 4.2/34 MB | 5.2/7.9 MB | 0.6/1.3 MB | 380/510 kBProgress (5): 11/16 MB | 4.2/34 MB | 5.2/7.9 MB | 0.6/1.3 MB | 380/510 kBProgress (5): 11/16 MB | 4.2/34 MB | 5.2/7.9 MB | 0.6/1.3 MB | 397/510 kBProgress (5): 11/16 MB | 4.2/34 MB | 5.2/7.9 MB | 0.6/1.3 MB | 397/510 kBProgress (5): 11/16 MB | 4.2/34 MB | 5.2/7.9 MB | 0.6/1.3 MB | 397/510 kBProgress (5): 11/16 MB | 4.2/34 MB | 5.2/7.9 MB | 0.6/1.3 MB | 397/510 kBProgress (5): 11/16 MB | 4.2/34 MB | 5.3/7.9 MB | 0.6/1.3 MB | 397/510 kBProgress (5): 11/16 MB | 4.2/34 MB | 5.3/7.9 MB | 0.6/1.3 MB | 397/510 kBProgress (5): 11/16 MB | 4.2/34 MB | 5.3/7.9 MB | 0.6/1.3 MB | 397/510 kBProgress (5): 11/16 MB | 4.2/34 MB | 5.3/7.9 MB | 0.6/1.3 MB | 397/510 kBProgress (5): 11/16 MB | 4.2/34 MB | 5.3/7.9 MB | 0.6/1.3 MB | 397/510 kBProgress (5): 11/16 MB | 4.2/34 MB | 5.3/7.9 MB | 0.6/1.3 MB | 397/510 kBProgress (5): 12/16 MB | 4.2/34 MB | 5.3/7.9 MB | 0.6/1.3 MB | 397/510 kBProgress (5): 12/16 MB | 4.2/34 MB | 5.3/7.9 MB | 0.6/1.3 MB | 397/510 kBProgress (5): 12/16 MB | 4.2/34 MB | 5.3/7.9 MB | 0.6/1.3 MB | 413/510 kBProgress (5): 12/16 MB | 4.2/34 MB | 5.3/7.9 MB | 0.6/1.3 MB | 429/510 kBProgress (5): 12/16 MB | 4.2/34 MB | 5.3/7.9 MB | 0.6/1.3 MB | 429/510 kBProgress (5): 12/16 MB | 4.2/34 MB | 5.3/7.9 MB | 0.6/1.3 MB | 446/510 kBProgress (5): 12/16 MB | 4.2/34 MB | 5.3/7.9 MB | 0.6/1.3 MB | 446/510 kBProgress (5): 12/16 MB | 4.2/34 MB | 5.3/7.9 MB | 0.6/1.3 MB | 462/510 kBProgress (5): 12/16 MB | 4.2/34 MB | 5.4/7.9 MB | 0.6/1.3 MB | 462/510 kBProgress (5): 12/16 MB | 4.2/34 MB | 5.4/7.9 MB | 0.6/1.3 MB | 462/510 kBProgress (5): 12/16 MB | 4.2/34 MB | 5.4/7.9 MB | 0.6/1.3 MB | 462/510 kBProgress (5): 12/16 MB | 4.2/34 MB | 5.4/7.9 MB | 0.6/1.3 MB | 462/510 kBProgress (5): 12/16 MB | 4.2/34 MB | 5.4/7.9 MB | 0.6/1.3 MB | 462/510 kBProgress (5): 12/16 MB | 4.2/34 MB | 5.4/7.9 MB | 0.6/1.3 MB | 462/510 kBProgress (5): 12/16 MB | 4.2/34 MB | 5.4/7.9 MB | 0.6/1.3 MB | 462/510 kBProgress (5): 12/16 MB | 4.2/34 MB | 5.4/7.9 MB | 0.6/1.3 MB | 462/510 kBProgress (5): 12/16 MB | 4.2/34 MB | 5.4/7.9 MB | 0.6/1.3 MB | 462/510 kBProgress (5): 12/16 MB | 4.2/34 MB | 5.4/7.9 MB | 0.6/1.3 MB | 479/510 kBProgress (5): 12/16 MB | 4.2/34 MB | 5.4/7.9 MB | 0.6/1.3 MB | 479/510 kBProgress (5): 12/16 MB | 4.2/34 MB | 5.4/7.9 MB | 0.6/1.3 MB | 495/510 kBProgress (5): 12/16 MB | 4.2/34 MB | 5.4/7.9 MB | 0.6/1.3 MB | 495/510 kBProgress (5): 12/16 MB | 4.2/34 MB | 5.4/7.9 MB | 0.6/1.3 MB | 495/510 kBProgress (5): 12/16 MB | 4.2/34 MB | 5.4/7.9 MB | 0.6/1.3 MB | 495/510 kBProgress (5): 12/16 MB | 4.2/34 MB | 5.5/7.9 MB | 0.6/1.3 MB | 495/510 kBProgress (5): 12/16 MB | 4.2/34 MB | 5.5/7.9 MB | 0.7/1.3 MB | 495/510 kBProgress (5): 12/16 MB | 4.2/34 MB | 5.5/7.9 MB | 0.7/1.3 MB | 495/510 kBProgress (5): 12/16 MB | 4.2/34 MB | 5.5/7.9 MB | 0.7/1.3 MB | 495/510 kBProgress (5): 12/16 MB | 4.2/34 MB | 5.5/7.9 MB | 0.7/1.3 MB | 495/510 kBProgress (5): 12/16 MB | 4.2/34 MB | 5.5/7.9 MB | 0.7/1.3 MB | 495/510 kBProgress (5): 12/16 MB | 4.2/34 MB | 5.5/7.9 MB | 0.7/1.3 MB | 495/510 kBProgress (5): 12/16 MB | 4.2/34 MB | 5.5/7.9 MB | 0.7/1.3 MB | 495/510 kBProgress (5): 12/16 MB | 4.2/34 MB | 5.5/7.9 MB | 0.7/1.3 MB | 495/510 kBProgress (5): 12/16 MB | 4.2/34 MB | 5.5/7.9 MB | 0.7/1.3 MB | 495/510 kBProgress (5): 12/16 MB | 4.2/34 MB | 5.5/7.9 MB | 0.7/1.3 MB | 510 kB    Progress (5): 12/16 MB | 4.2/34 MB | 5.5/7.9 MB | 0.7/1.3 MB | 510 kBProgress (5): 12/16 MB | 4.2/34 MB | 5.5/7.9 MB | 0.7/1.3 MB | 510 kBProgress (5): 12/16 MB | 4.2/34 MB | 5.5/7.9 MB | 0.7/1.3 MB | 510 kBProgress (5): 12/16 MB | 4.2/34 MB | 5.6/7.9 MB | 0.7/1.3 MB | 510 kBProgress (5): 12/16 MB | 4.2/34 MB | 5.6/7.9 MB | 0.7/1.3 MB | 510 kBProgress (5): 12/16 MB | 4.2/34 MB | 5.6/7.9 MB | 0.7/1.3 MB | 510 kBProgress (5): 12/16 MB | 4.2/34 MB | 5.6/7.9 MB | 0.7/1.3 MB | 510 kBProgress (5): 12/16 MB | 4.2/34 MB | 5.6/7.9 MB | 0.7/1.3 MB | 510 kBProgress (5): 12/16 MB | 4.2/34 MB | 5.6/7.9 MB | 0.7/1.3 MB | 510 kBProgress (5): 12/16 MB | 4.2/34 MB | 5.6/7.9 MB | 0.7/1.3 MB | 510 kBProgress (5): 12/16 MB | 4.2/34 MB | 5.6/7.9 MB | 0.7/1.3 MB | 510 kBProgress (5): 12/16 MB | 4.2/34 MB | 5.6/7.9 MB | 0.7/1.3 MB | 510 kBProgress (5): 12/16 MB | 4.2/34 MB | 5.6/7.9 MB | 0.7/1.3 MB | 510 kBProgress (5): 12/16 MB | 4.2/34 MB | 5.6/7.9 MB | 0.7/1.3 MB | 510 kBProgress (5): 12/16 MB | 4.2/34 MB | 5.6/7.9 MB | 0.7/1.3 MB | 510 kBProgress (5): 12/16 MB | 4.2/34 MB | 5.6/7.9 MB | 0.8/1.3 MB | 510 kBProgress (5): 12/16 MB | 4.2/34 MB | 5.6/7.9 MB | 0.8/1.3 MB | 510 kBProgress (5): 12/16 MB | 4.2/34 MB | 5.6/7.9 MB | 0.8/1.3 MB | 510 kBProgress (5): 12/16 MB | 4.2/34 MB | 5.6/7.9 MB | 0.8/1.3 MB | 510 kBProgress (5): 12/16 MB | 4.2/34 MB | 5.7/7.9 MB | 0.8/1.3 MB | 510 kBProgress (5): 12/16 MB | 4.2/34 MB | 5.7/7.9 MB | 0.8/1.3 MB | 510 kBProgress (5): 12/16 MB | 4.2/34 MB | 5.7/7.9 MB | 0.8/1.3 MB | 510 kBProgress (5): 12/16 MB | 4.2/34 MB | 5.7/7.9 MB | 0.8/1.3 MB | 510 kBProgress (5): 12/16 MB | 4.2/34 MB | 5.7/7.9 MB | 0.8/1.3 MB | 510 kBProgress (5): 12/16 MB | 4.3/34 MB | 5.7/7.9 MB | 0.8/1.3 MB | 510 kBProgress (5): 12/16 MB | 4.3/34 MB | 5.7/7.9 MB | 0.8/1.3 MB | 510 kBProgress (5): 12/16 MB | 4.3/34 MB | 5.7/7.9 MB | 0.8/1.3 MB | 510 kBProgress (5): 12/16 MB | 4.3/34 MB | 5.7/7.9 MB | 0.8/1.3 MB | 510 kBProgress (5): 12/16 MB | 4.3/34 MB | 5.7/7.9 MB | 0.8/1.3 MB | 510 kBProgress (5): 12/16 MB | 4.3/34 MB | 5.7/7.9 MB | 0.8/1.3 MB | 510 kBProgress (5): 12/16 MB | 4.3/34 MB | 5.7/7.9 MB | 0.8/1.3 MB | 510 kBProgress (5): 12/16 MB | 4.3/34 MB | 5.7/7.9 MB | 0.8/1.3 MB | 510 kBProgress (5): 12/16 MB | 4.3/34 MB | 5.7/7.9 MB | 0.8/1.3 MB | 510 kBProgress (5): 12/16 MB | 4.3/34 MB | 5.7/7.9 MB | 0.9/1.3 MB | 510 kBProgress (5): 12/16 MB | 4.3/34 MB | 5.7/7.9 MB | 0.9/1.3 MB | 510 kBProgress (5): 12/16 MB | 4.3/34 MB | 5.7/7.9 MB | 0.9/1.3 MB | 510 kBProgress (5): 12/16 MB | 4.3/34 MB | 5.7/7.9 MB | 0.9/1.3 MB | 510 kBProgress (5): 12/16 MB | 4.3/34 MB | 5.8/7.9 MB | 0.9/1.3 MB | 510 kBProgress (5): 12/16 MB | 4.3/34 MB | 5.8/7.9 MB | 0.9/1.3 MB | 510 kBProgress (5): 12/16 MB | 4.3/34 MB | 5.8/7.9 MB | 0.9/1.3 MB | 510 kBProgress (5): 12/16 MB | 4.3/34 MB | 5.8/7.9 MB | 0.9/1.3 MB | 510 kBProgress (5): 12/16 MB | 4.3/34 MB | 5.8/7.9 MB | 0.9/1.3 MB | 510 kBProgress (5): 12/16 MB | 4.3/34 MB | 5.8/7.9 MB | 0.9/1.3 MB | 510 kBProgress (5): 12/16 MB | 4.3/34 MB | 5.8/7.9 MB | 0.9/1.3 MB | 510 kBProgress (5): 12/16 MB | 4.3/34 MB | 5.8/7.9 MB | 0.9/1.3 MB | 510 kBProgress (5): 12/16 MB | 4.3/34 MB | 5.8/7.9 MB | 0.9/1.3 MB | 510 kBProgress (5): 12/16 MB | 4.3/34 MB | 5.8/7.9 MB | 0.9/1.3 MB | 510 kBProgress (5): 12/16 MB | 4.3/34 MB | 5.8/7.9 MB | 0.9/1.3 MB | 510 kBProgress (5): 12/16 MB | 4.3/34 MB | 5.8/7.9 MB | 0.9/1.3 MB | 510 kBProgress (5): 12/16 MB | 4.3/34 MB | 5.8/7.9 MB | 0.9/1.3 MB | 510 kBProgress (5): 12/16 MB | 4.3/34 MB | 5.8/7.9 MB | 0.9/1.3 MB | 510 kBProgress (5): 12/16 MB | 4.3/34 MB | 5.8/7.9 MB | 0.9/1.3 MB | 510 kBProgress (5): 12/16 MB | 4.3/34 MB | 5.8/7.9 MB | 0.9/1.3 MB | 510 kBProgress (5): 12/16 MB | 4.3/34 MB | 5.9/7.9 MB | 0.9/1.3 MB | 510 kBProgress (5): 12/16 MB | 4.3/34 MB | 5.9/7.9 MB | 0.9/1.3 MB | 510 kBProgress (5): 12/16 MB | 4.3/34 MB | 5.9/7.9 MB | 0.9/1.3 MB | 510 kBProgress (5): 12/16 MB | 4.3/34 MB | 5.9/7.9 MB | 0.9/1.3 MB | 510 kBProgress (5): 12/16 MB | 4.3/34 MB | 5.9/7.9 MB | 0.9/1.3 MB | 510 kBProgress (5): 12/16 MB | 4.3/34 MB | 5.9/7.9 MB | 1.0/1.3 MB | 510 kBProgress (5): 12/16 MB | 4.3/34 MB | 5.9/7.9 MB | 1.0/1.3 MB | 510 kBProgress (5): 12/16 MB | 4.3/34 MB | 5.9/7.9 MB | 1.0/1.3 MB | 510 kBProgress (5): 12/16 MB | 4.3/34 MB | 5.9/7.9 MB | 1.0/1.3 MB | 510 kBProgress (5): 12/16 MB | 4.3/34 MB | 5.9/7.9 MB | 1.0/1.3 MB | 510 kBProgress (5): 12/16 MB | 4.3/34 MB | 5.9/7.9 MB | 1.0/1.3 MB | 510 kBProgress (5): 12/16 MB | 4.3/34 MB | 5.9/7.9 MB | 1.0/1.3 MB | 510 kBProgress (5): 12/16 MB | 4.3/34 MB | 5.9/7.9 MB | 1.0/1.3 MB | 510 kBProgress (5): 12/16 MB | 4.3/34 MB | 5.9/7.9 MB | 1.0/1.3 MB | 510 kBProgress (5): 12/16 MB | 4.3/34 MB | 5.9/7.9 MB | 1.0/1.3 MB | 510 kBProgress (5): 12/16 MB | 4.4/34 MB | 5.9/7.9 MB | 1.0/1.3 MB | 510 kBProgress (5): 12/16 MB | 4.4/34 MB | 5.9/7.9 MB | 1.0/1.3 MB | 510 kBProgress (5): 12/16 MB | 4.4/34 MB | 5.9/7.9 MB | 1.0/1.3 MB | 510 kBProgress (5): 12/16 MB | 4.4/34 MB | 5.9/7.9 MB | 1.0/1.3 MB | 510 kBProgress (5): 12/16 MB | 4.4/34 MB | 5.9/7.9 MB | 1.0/1.3 MB | 510 kBProgress (5): 12/16 MB | 4.4/34 MB | 5.9/7.9 MB | 1.0/1.3 MB | 510 kBProgress (5): 12/16 MB | 4.4/34 MB | 5.9/7.9 MB | 1.1/1.3 MB | 510 kBProgress (5): 12/16 MB | 4.4/34 MB | 5.9/7.9 MB | 1.1/1.3 MB | 510 kBProgress (5): 12/16 MB | 4.4/34 MB | 5.9/7.9 MB | 1.1/1.3 MB | 510 kBProgress (5): 12/16 MB | 4.4/34 MB | 5.9/7.9 MB | 1.1/1.3 MB | 510 kBProgress (5): 12/16 MB | 4.4/34 MB | 5.9/7.9 MB | 1.1/1.3 MB | 510 kBProgress (5): 12/16 MB | 4.4/34 MB | 5.9/7.9 MB | 1.1/1.3 MB | 510 kBProgress (5): 12/16 MB | 4.4/34 MB | 5.9/7.9 MB | 1.1/1.3 MB | 510 kBProgress (5): 12/16 MB | 4.4/34 MB | 5.9/7.9 MB | 1.1/1.3 MB | 510 kBProgress (5): 12/16 MB | 4.4/34 MB | 5.9/7.9 MB | 1.1/1.3 MB | 510 kBProgress (5): 12/16 MB | 4.4/34 MB | 6.0/7.9 MB | 1.1/1.3 MB | 510 kBProgress (5): 12/16 MB | 4.4/34 MB | 6.0/7.9 MB | 1.1/1.3 MB | 510 kBProgress (5): 12/16 MB | 4.4/34 MB | 6.0/7.9 MB | 1.1/1.3 MB | 510 kBProgress (5): 12/16 MB | 4.4/34 MB | 6.0/7.9 MB | 1.1/1.3 MB | 510 kBProgress (5): 12/16 MB | 4.4/34 MB | 6.0/7.9 MB | 1.1/1.3 MB | 510 kBProgress (5): 12/16 MB | 4.4/34 MB | 6.0/7.9 MB | 1.1/1.3 MB | 510 kBProgress (5): 12/16 MB | 4.4/34 MB | 6.1/7.9 MB | 1.1/1.3 MB | 510 kBProgress (5): 12/16 MB | 4.4/34 MB | 6.1/7.9 MB | 1.1/1.3 MB | 510 kBProgress (5): 12/16 MB | 4.4/34 MB | 6.1/7.9 MB | 1.1/1.3 MB | 510 kBProgress (5): 12/16 MB | 4.4/34 MB | 6.1/7.9 MB | 1.1/1.3 MB | 510 kBProgress (5): 12/16 MB | 4.4/34 MB | 6.1/7.9 MB | 1.1/1.3 MB | 510 kBProgress (5): 12/16 MB | 4.4/34 MB | 6.1/7.9 MB | 1.1/1.3 MB | 510 kBProgress (5): 12/16 MB | 4.4/34 MB | 6.1/7.9 MB | 1.1/1.3 MB | 510 kBProgress (5): 12/16 MB | 4.4/34 MB | 6.1/7.9 MB | 1.1/1.3 MB | 510 kBProgress (5): 12/16 MB | 4.4/34 MB | 6.1/7.9 MB | 1.1/1.3 MB | 510 kBProgress (5): 12/16 MB | 4.4/34 MB | 6.1/7.9 MB | 1.2/1.3 MB | 510 kBProgress (5): 12/16 MB | 4.4/34 MB | 6.1/7.9 MB | 1.2/1.3 MB | 510 kBProgress (5): 12/16 MB | 4.4/34 MB | 6.1/7.9 MB | 1.2/1.3 MB | 510 kBProgress (5): 12/16 MB | 4.4/34 MB | 6.1/7.9 MB | 1.2/1.3 MB | 510 kBProgress (5): 12/16 MB | 4.4/34 MB | 6.1/7.9 MB | 1.2/1.3 MB | 510 kBProgress (5): 12/16 MB | 4.4/34 MB | 6.1/7.9 MB | 1.2/1.3 MB | 510 kBProgress (5): 12/16 MB | 4.4/34 MB | 6.1/7.9 MB | 1.2/1.3 MB | 510 kB                                                                     Downloaded from aliyun: https://maven.aliyun.com/repository/public/org/apache/calcite/calcite-linq4j/1.36.0/calcite-linq4j-1.36.0.jar (510 kB at 106 kB/s)
Downloading from aliyun: https://maven.aliyun.com/repository/public/org/apache/calcite/avatica/avatica-metrics/1.23.0/avatica-metrics-1.23.0.jar
Progress (4): 12/16 MB | 4.4/34 MB | 6.1/7.9 MB | 1.3/1.3 MBProgress (4): 12/16 MB | 4.4/34 MB | 6.1/7.9 MB | 1.3/1.3 MBProgress (4): 12/16 MB | 4.4/34 MB | 6.1/7.9 MB | 1.3/1.3 MBProgress (4): 12/16 MB | 4.4/34 MB | 6.1/7.9 MB | 1.3/1.3 MBProgress (4): 12/16 MB | 4.4/34 MB | 6.1/7.9 MB | 1.3/1.3 MBProgress (4): 12/16 MB | 4.4/34 MB | 6.1/7.9 MB | 1.3/1.3 MBProgress (4): 12/16 MB | 4.4/34 MB | 6.1/7.9 MB | 1.3/1.3 MBProgress (4): 12/16 MB | 4.4/34 MB | 6.1/7.9 MB | 1.3/1.3 MBProgress (4): 12/16 MB | 4.4/34 MB | 6.1/7.9 MB | 1.3/1.3 MBProgress (4): 12/16 MB | 4.4/34 MB | 6.1/7.9 MB | 1.3/1.3 MBProgress (4): 12/16 MB | 4.4/34 MB | 6.1/7.9 MB | 1.3 MB    Progress (4): 12/16 MB | 4.4/34 MB | 6.1/7.9 MB | 1.3 MBProgress (4): 12/16 MB | 4.4/34 MB | 6.1/7.9 MB | 1.3 MBProgress (4): 12/16 MB | 4.5/34 MB | 6.1/7.9 MB | 1.3 MBProgress (4): 12/16 MB | 4.5/34 MB | 6.1/7.9 MB | 1.3 MBProgress (4): 12/16 MB | 4.5/34 MB | 6.2/7.9 MB | 1.3 MBProgress (4): 12/16 MB | 4.5/34 MB | 6.2/7.9 MB | 1.3 MBProgress (4): 12/16 MB | 4.5/34 MB | 6.2/7.9 MB | 1.3 MBProgress (4): 12/16 MB | 4.5/34 MB | 6.2/7.9 MB | 1.3 MBProgress (4): 12/16 MB | 4.5/34 MB | 6.2/7.9 MB | 1.3 MBProgress (4): 12/16 MB | 4.5/34 MB | 6.2/7.9 MB | 1.3 MBProgress (4): 12/16 MB | 4.5/34 MB | 6.2/7.9 MB | 1.3 MBProgress (4): 12/16 MB | 4.5/34 MB | 6.2/7.9 MB | 1.3 MBProgress (4): 12/16 MB | 4.5/34 MB | 6.2/7.9 MB | 1.3 MBProgress (4): 12/16 MB | 4.5/34 MB | 6.2/7.9 MB | 1.3 MBProgress (4): 12/16 MB | 4.5/34 MB | 6.2/7.9 MB | 1.3 MBProgress (4): 12/16 MB | 4.5/34 MB | 6.2/7.9 MB | 1.3 MBProgress (4): 12/16 MB | 4.5/34 MB | 6.2/7.9 MB | 1.3 MBProgress (4): 12/16 MB | 4.5/34 MB | 6.3/7.9 MB | 1.3 MBProgress (4): 12/16 MB | 4.5/34 MB | 6.3/7.9 MB | 1.3 MBProgress (4): 12/16 MB | 4.5/34 MB | 6.3/7.9 MB | 1.3 MBProgress (4): 12/16 MB | 4.5/34 MB | 6.3/7.9 MB | 1.3 MBProgress (5): 12/16 MB | 4.5/34 MB | 6.3/7.9 MB | 1.3 MB | 7.3/16 kBProgress (5): 12/16 MB | 4.5/34 MB | 6.3/7.9 MB | 1.3 MB | 16/16 kB Progress (5): 12/16 MB | 4.5/34 MB | 6.3/7.9 MB | 1.3 MB | 16 kB   Progress (5): 12/16 MB | 4.5/34 MB | 6.3/7.9 MB | 1.3 MB | 16 kBProgress (5): 12/16 MB | 4.5/34 MB | 6.3/7.9 MB | 1.3 MB | 16 kBProgress (5): 12/16 MB | 4.5/34 MB | 6.3/7.9 MB | 1.3 MB | 16 kB                                                                Downloaded from aliyun: https://maven.aliyun.com/repository/public/org/apache/calcite/avatica/avatica-core/1.23.0/avatica-core-1.23.0.jar (1.3 MB at 263 kB/s)
Downloading from aliyun: https://maven.aliyun.com/repository/public/org/apache/calcite/calcite-csv/1.36.0/calcite-csv-1.36.0.jar
Progress (4): 12/16 MB | 4.5/34 MB | 6.3/7.9 MB | 16 kBProgress (4): 12/16 MB | 4.5/34 MB | 6.3/7.9 MB | 16 kBProgress (4): 12/16 MB | 4.5/34 MB | 6.3/7.9 MB | 16 kBProgress (4): 12/16 MB | 4.5/34 MB | 6.3/7.9 MB | 16 kBProgress (4): 12/16 MB | 4.5/34 MB | 6.3/7.9 MB | 16 kBProgress (4): 12/16 MB | 4.5/34 MB | 6.4/7.9 MB | 16 kBProgress (4): 12/16 MB | 4.5/34 MB | 6.4/7.9 MB | 16 kBProgress (4): 12/16 MB | 4.5/34 MB | 6.4/7.9 MB | 16 kBProgress (4): 12/16 MB | 4.5/34 MB | 6.4/7.9 MB | 16 kBProgress (4): 12/16 MB | 4.5/34 MB | 6.4/7.9 MB | 16 kBProgress (4): 12/16 MB | 4.6/34 MB | 6.4/7.9 MB | 16 kBProgress (4): 12/16 MB | 4.6/34 MB | 6.4/7.9 MB | 16 kBProgress (4): 12/16 MB | 4.6/34 MB | 6.4/7.9 MB | 16 kBProgress (4): 12/16 MB | 4.6/34 MB | 6.4/7.9 MB | 16 kBProgress (4): 12/16 MB | 4.6/34 MB | 6.4/7.9 MB | 16 kBProgress (4): 12/16 MB | 4.6/34 MB | 6.4/7.9 MB | 16 kBProgress (4): 12/16 MB | 4.6/34 MB | 6.4/7.9 MB | 16 kBProgress (4): 12/16 MB | 4.6/34 MB | 6.4/7.9 MB | 16 kBProgress (4): 12/16 MB | 4.6/34 MB | 6.4/7.9 MB | 16 kBProgress (4): 12/16 MB | 4.6/34 MB | 6.4/7.9 MB | 16 kBProgress (4): 12/16 MB | 4.6/34 MB | 6.4/7.9 MB | 16 kBProgress (4): 12/16 MB | 4.6/34 MB | 6.5/7.9 MB | 16 kBProgress (4): 12/16 MB | 4.6/34 MB | 6.5/7.9 MB | 16 kBProgress (4): 12/16 MB | 4.6/34 MB | 6.5/7.9 MB | 16 kBProgress (4): 12/16 MB | 4.6/34 MB | 6.5/7.9 MB | 16 kBProgress (4): 12/16 MB | 4.6/34 MB | 6.5/7.9 MB | 16 kBProgress (4): 12/16 MB | 4.6/34 MB | 6.5/7.9 MB | 16 kBProgress (4): 12/16 MB | 4.6/34 MB | 6.5/7.9 MB | 16 kB                                                       Downloaded from aliyun: https://maven.aliyun.com/repository/public/org/apache/calcite/avatica/avatica-metrics/1.23.0/avatica-metrics-1.23.0.jar (16 kB at 3.2 kB/s)
Downloading from aliyun: https://maven.aliyun.com/repository/public/org/apache/calcite/calcite-file/1.36.0/calcite-file-1.36.0.jar
Progress (3): 12/16 MB | 4.6/34 MB | 6.5/7.9 MBProgress (3): 12/16 MB | 4.6/34 MB | 6.5/7.9 MBProgress (3): 12/16 MB | 4.6/34 MB | 6.5/7.9 MBProgress (4): 12/16 MB | 4.6/34 MB | 6.5/7.9 MB | 7.3/37 kBProgress (4): 12/16 MB | 4.6/34 MB | 6.5/7.9 MB | 16/37 kB Progress (4): 12/16 MB | 4.6/34 MB | 6.5/7.9 MB | 32/37 kBProgress (4): 12/16 MB | 4.6/34 MB | 6.5/7.9 MB | 37 kB   Progress (4): 12/16 MB | 4.6/34 MB | 6.5/7.9 MB | 37 kBProgress (4): 12/16 MB | 4.6/34 MB | 6.5/7.9 MB | 37 kBProgress (4): 12/16 MB | 4.7/34 MB | 6.5/7.9 MB | 37 kBProgress (4): 12/16 MB | 4.7/34 MB | 6.6/7.9 MB | 37 kBProgress (4): 12/16 MB | 4.7/34 MB | 6.6/7.9 MB | 37 kBProgress (4): 12/16 MB | 4.7/34 MB | 6.6/7.9 MB | 37 kBProgress (4): 12/16 MB | 4.7/34 MB | 6.6/7.9 MB | 37 kBProgress (4): 12/16 MB | 4.7/34 MB | 6.6/7.9 MB | 37 kBProgress (4): 12/16 MB | 4.7/34 MB | 6.6/7.9 MB | 37 kBProgress (4): 12/16 MB | 4.7/34 MB | 6.6/7.9 MB | 37 kBProgress (4): 12/16 MB | 4.7/34 MB | 6.6/7.9 MB | 37 kBProgress (4): 12/16 MB | 4.7/34 MB | 6.7/7.9 MB | 37 kBProgress (4): 12/16 MB | 4.7/34 MB | 6.7/7.9 MB | 37 kBProgress (4): 12/16 MB | 4.7/34 MB | 6.7/7.9 MB | 37 kBProgress (5): 12/16 MB | 4.7/34 MB | 6.7/7.9 MB | 37 kB | 2.1/72 kBProgress (5): 12/16 MB | 4.7/34 MB | 6.7/7.9 MB | 37 kB | 2.1/72 kBProgress (5): 12/16 MB | 4.7/34 MB | 6.7/7.9 MB | 37 kB | 2.1/72 kBProgress (5): 12/16 MB | 4.7/34 MB | 6.7/7.9 MB | 37 kB | 2.1/72 kBProgress (5): 12/16 MB | 4.7/34 MB | 6.7/7.9 MB | 37 kB | 2.1/72 kBProgress (5): 12/16 MB | 4.7/34 MB | 6.7/7.9 MB | 37 kB | 2.1/72 kBProgress (5): 13/16 MB | 4.7/34 MB | 6.7/7.9 MB | 37 kB | 2.1/72 kBProgress (5): 13/16 MB | 4.7/34 MB | 6.8/7.9 MB | 37 kB | 2.1/72 kBProgress (5): 13/16 MB | 4.7/34 MB | 6.8/7.9 MB | 37 kB | 2.1/72 kBProgress (5): 13/16 MB | 4.7/34 MB | 6.8/7.9 MB | 37 kB | 2.1/72 kBProgress (5): 13/16 MB | 4.7/34 MB | 6.8/7.9 MB | 37 kB | 2.1/72 kBProgress (5): 13/16 MB | 4.7/34 MB | 6.8/7.9 MB | 37 kB | 2.1/72 kBProgress (5): 13/16 MB | 4.7/34 MB | 6.8/7.9 MB | 37 kB | 18/72 kB Progress (5): 13/16 MB | 4.7/34 MB | 6.8/7.9 MB | 37 kB | 35/72 kBProgress (5): 13/16 MB | 4.7/34 MB | 6.8/7.9 MB | 37 kB | 35/72 kBProgress (5): 13/16 MB | 4.7/34 MB | 6.8/7.9 MB | 37 kB | 35/72 kBProgress (5): 13/16 MB | 4.7/34 MB | 6.8/7.9 MB | 37 kB | 35/72 kBProgress (5): 13/16 MB | 4.7/34 MB | 6.8/7.9 MB | 37 kB | 35/72 kBProgress (5): 13/16 MB | 4.7/34 MB | 6.8/7.9 MB | 37 kB | 35/72 kBProgress (5): 13/16 MB | 4.7/34 MB | 6.8/7.9 MB | 37 kB | 35/72 kBProgress (5): 13/16 MB | 4.7/34 MB | 6.8/7.9 MB | 37 kB | 35/72 kBProgress (5): 13/16 MB | 4.7/34 MB | 6.8/7.9 MB | 37 kB | 35/72 kBProgress (5): 13/16 MB | 4.7/34 MB | 6.8/7.9 MB | 37 kB | 35/72 kBProgress (5): 13/16 MB | 4.7/34 MB | 6.8/7.9 MB | 37 kB | 51/72 kBProgress (5): 13/16 MB | 4.7/34 MB | 6.9/7.9 MB | 37 kB | 51/72 kBProgress (5): 13/16 MB | 4.7/34 MB | 6.9/7.9 MB | 37 kB | 51/72 kBProgress (5): 13/16 MB | 4.7/34 MB | 6.9/7.9 MB | 37 kB | 51/72 kBProgress (5): 13/16 MB | 4.7/34 MB | 6.9/7.9 MB | 37 kB | 68/72 kBProgress (5): 13/16 MB | 4.7/34 MB | 6.9/7.9 MB | 37 kB | 72 kB   Progress (5): 13/16 MB | 4.7/34 MB | 6.9/7.9 MB | 37 kB | 72 kBProgress (5): 13/16 MB | 4.7/34 MB | 6.9/7.9 MB | 37 kB | 72 kBProgress (5): 13/16 MB | 4.8/34 MB | 6.9/7.9 MB | 37 kB | 72 kBProgress (5): 13/16 MB | 4.8/34 MB | 6.9/7.9 MB | 37 kB | 72 kBProgress (5): 13/16 MB | 4.8/34 MB | 6.9/7.9 MB | 37 kB | 72 kBProgress (5): 13/16 MB | 4.8/34 MB | 6.9/7.9 MB | 37 kB | 72 kBProgress (5): 13/16 MB | 4.8/34 MB | 6.9/7.9 MB | 37 kB | 72 kBProgress (5): 13/16 MB | 4.8/34 MB | 6.9/7.9 MB | 37 kB | 72 kBProgress (5): 13/16 MB | 4.8/34 MB | 7.0/7.9 MB | 37 kB | 72 kBProgress (5): 13/16 MB | 4.8/34 MB | 7.0/7.9 MB | 37 kB | 72 kBProgress (5): 13/16 MB | 4.8/34 MB | 7.0/7.9 MB | 37 kB | 72 kBProgress (5): 13/16 MB | 4.8/34 MB | 7.0/7.9 MB | 37 kB | 72 kBProgress (5): 13/16 MB | 4.8/34 MB | 7.0/7.9 MB | 37 kB | 72 kBProgress (5): 13/16 MB | 4.8/34 MB | 7.0/7.9 MB | 37 kB | 72 kBProgress (5): 13/16 MB | 4.8/34 MB | 7.0/7.9 MB | 37 kB | 72 kBProgress (5): 13/16 MB | 4.8/34 MB | 7.0/7.9 MB | 37 kB | 72 kBProgress (5): 13/16 MB | 4.8/34 MB | 7.0/7.9 MB | 37 kB | 72 kBProgress (5): 13/16 MB | 4.8/34 MB | 7.0/7.9 MB | 37 kB | 72 kBProgress (5): 13/16 MB | 4.8/34 MB | 7.0/7.9 MB | 37 kB | 72 kBProgress (5): 13/16 MB | 4.8/34 MB | 7.0/7.9 MB | 37 kB | 72 kBProgress (5): 13/16 MB | 4.8/34 MB | 7.1/7.9 MB | 37 kB | 72 kBProgress (5): 13/16 MB | 4.8/34 MB | 7.1/7.9 MB | 37 kB | 72 kBProgress (5): 13/16 MB | 4.8/34 MB | 7.1/7.9 MB | 37 kB | 72 kBProgress (5): 13/16 MB | 4.8/34 MB | 7.1/7.9 MB | 37 kB | 72 kBProgress (5): 13/16 MB | 4.8/34 MB | 7.1/7.9 MB | 37 kB | 72 kBProgress (5): 13/16 MB | 4.8/34 MB | 7.1/7.9 MB | 37 kB | 72 kBProgress (5): 13/16 MB | 4.8/34 MB | 7.1/7.9 MB | 37 kB | 72 kBProgress (5): 13/16 MB | 4.8/34 MB | 7.1/7.9 MB | 37 kB | 72 kBProgress (5): 13/16 MB | 4.8/34 MB | 7.1/7.9 MB | 37 kB | 72 kBProgress (5): 13/16 MB | 4.8/34 MB | 7.1/7.9 MB | 37 kB | 72 kBProgress (5): 13/16 MB | 4.8/34 MB | 7.1/7.9 MB | 37 kB | 72 kBProgress (5): 13/16 MB | 4.8/34 MB | 7.2/7.9 MB | 37 kB | 72 kBProgress (5): 13/16 MB | 4.8/34 MB | 7.2/7.9 MB | 37 kB | 72 kBProgress (5): 13/16 MB | 4.8/34 MB | 7.2/7.9 MB | 37 kB | 72 kBProgress (5): 13/16 MB | 4.8/34 MB | 7.2/7.9 MB | 37 kB | 72 kBProgress (5): 13/16 MB | 4.8/34 MB | 7.2/7.9 MB | 37 kB | 72 kBProgress (5): 13/16 MB | 4.8/34 MB | 7.2/7.9 MB | 37 kB | 72 kBProgress (5): 13/16 MB | 4.8/34 MB | 7.2/7.9 MB | 37 kB | 72 kBProgress (5): 13/16 MB | 4.8/34 MB | 7.2/7.9 MB | 37 kB | 72 kBProgress (5): 13/16 MB | 4.8/34 MB | 7.2/7.9 MB | 37 kB | 72 kBProgress (5): 13/16 MB | 4.8/34 MB | 7.2/7.9 MB | 37 kB | 72 kBProgress (5): 13/16 MB | 4.8/34 MB | 7.2/7.9 MB | 37 kB | 72 kBProgress (5): 13/16 MB | 4.8/34 MB | 7.3/7.9 MB | 37 kB | 72 kBProgress (5): 13/16 MB | 4.8/34 MB | 7.3/7.9 MB | 37 kB | 72 kBProgress (5): 13/16 MB | 4.8/34 MB | 7.3/7.9 MB | 37 kB | 72 kBProgress (5): 13/16 MB | 4.8/34 MB | 7.3/7.9 MB | 37 kB | 72 kBProgress (5): 13/16 MB | 4.8/34 MB | 7.3/7.9 MB | 37 kB | 72 kBProgress (5): 13/16 MB | 4.8/34 MB | 7.3/7.9 MB | 37 kB | 72 kBProgress (5): 13/16 MB | 4.8/34 MB | 7.3/7.9 MB | 37 kB | 72 kBProgress (5): 13/16 MB | 4.8/34 MB | 7.3/7.9 MB | 37 kB | 72 kBProgress (5): 13/16 MB | 4.8/34 MB | 7.3/7.9 MB | 37 kB | 72 kBProgress (5): 13/16 MB | 4.8/34 MB | 7.4/7.9 MB | 37 kB | 72 kBProgress (5): 13/16 MB | 4.8/34 MB | 7.4/7.9 MB | 37 kB | 72 kBProgress (5): 13/16 MB | 4.8/34 MB | 7.4/7.9 MB | 37 kB | 72 kBProgress (5): 13/16 MB | 4.8/34 MB | 7.4/7.9 MB | 37 kB | 72 kBProgress (5): 13/16 MB | 4.8/34 MB | 7.4/7.9 MB | 37 kB | 72 kBProgress (5): 13/16 MB | 4.8/34 MB | 7.4/7.9 MB | 37 kB | 72 kBProgress (5): 13/16 MB | 4.8/34 MB | 7.4/7.9 MB | 37 kB | 72 kBProgress (5): 13/16 MB | 4.9/34 MB | 7.4/7.9 MB | 37 kB | 72 kBProgress (5): 13/16 MB | 4.9/34 MB | 7.4/7.9 MB | 37 kB | 72 kBProgress (5): 13/16 MB | 4.9/34 MB | 7.4/7.9 MB | 37 kB | 72 kBProgress (5): 13/16 MB | 4.9/34 MB | 7.4/7.9 MB | 37 kB | 72 kBProgress (5): 13/16 MB | 4.9/34 MB | 7.4/7.9 MB | 37 kB | 72 kBProgress (5): 13/16 MB | 4.9/34 MB | 7.4/7.9 MB | 37 kB | 72 kBProgress (5): 13/16 MB | 4.9/34 MB | 7.4/7.9 MB | 37 kB | 72 kBProgress (5): 13/16 MB | 4.9/34 MB | 7.4/7.9 MB | 37 kB | 72 kBProgress (5): 13/16 MB | 4.9/34 MB | 7.4/7.9 MB | 37 kB | 72 kBProgress (5): 13/16 MB | 4.9/34 MB | 7.4/7.9 MB | 37 kB | 72 kBProgress (5): 13/16 MB | 4.9/34 MB | 7.5/7.9 MB | 37 kB | 72 kBProgress (5): 13/16 MB | 4.9/34 MB | 7.5/7.9 MB | 37 kB | 72 kBProgress (5): 13/16 MB | 4.9/34 MB | 7.5/7.9 MB | 37 kB | 72 kBProgress (5): 13/16 MB | 5.0/34 MB | 7.5/7.9 MB | 37 kB | 72 kBProgress (5): 13/16 MB | 5.0/34 MB | 7.5/7.9 MB | 37 kB | 72 kBProgress (5): 13/16 MB | 5.0/34 MB | 7.5/7.9 MB | 37 kB | 72 kBProgress (5): 13/16 MB | 5.0/34 MB | 7.5/7.9 MB | 37 kB | 72 kB                                                               Downloaded from aliyun: https://maven.aliyun.com/repository/public/org/apache/calcite/calcite-file/1.36.0/calcite-file-1.36.0.jar (72 kB at 14 kB/s)
Downloading from aliyun: https://maven.aliyun.com/repository/public/org/elasticsearch/client/elasticsearch-rest-client/8.18.5/elasticsearch-rest-client-8.18.5.jar
Progress (4): 13/16 MB | 5.0/34 MB | 7.5/7.9 MB | 37 kBProgress (4): 13/16 MB | 5.0/34 MB | 7.5/7.9 MB | 37 kBProgress (4): 13/16 MB | 5.0/34 MB | 7.5/7.9 MB | 37 kBProgress (4): 13/16 MB | 5.0/34 MB | 7.5/7.9 MB | 37 kBProgress (4): 13/16 MB | 5.0/34 MB | 7.5/7.9 MB | 37 kBProgress (4): 13/16 MB | 5.0/34 MB | 7.5/7.9 MB | 37 kB                                                       Downloaded from aliyun: https://maven.aliyun.com/repository/public/org/apache/calcite/calcite-csv/1.36.0/calcite-csv-1.36.0.jar (37 kB at 7.3 kB/s)
Downloading from aliyun: https://maven.aliyun.com/repository/public/org/apache/httpcomponents/httpasyncclient/4.1.5/httpasyncclient-4.1.5.jar
Progress (3): 13/16 MB | 5.0/34 MB | 7.5/7.9 MBProgress (3): 13/16 MB | 5.0/34 MB | 7.6/7.9 MBProgress (3): 13/16 MB | 5.0/34 MB | 7.6/7.9 MBProgress (3): 13/16 MB | 5.0/34 MB | 7.6/7.9 MBProgress (3): 13/16 MB | 5.0/34 MB | 7.6/7.9 MBProgress (3): 13/16 MB | 5.0/34 MB | 7.6/7.9 MBProgress (3): 13/16 MB | 5.0/34 MB | 7.6/7.9 MBProgress (3): 13/16 MB | 5.0/34 MB | 7.6/7.9 MBProgress (3): 13/16 MB | 5.0/34 MB | 7.6/7.9 MBProgress (3): 13/16 MB | 5.0/34 MB | 7.7/7.9 MBProgress (4): 13/16 MB | 5.0/34 MB | 7.7/7.9 MB | 0.5/182 kBProgress (4): 13/16 MB | 5.0/34 MB | 7.7/7.9 MB | 0.5/182 kBProgress (4): 13/16 MB | 5.0/34 MB | 7.7/7.9 MB | 0.5/182 kBProgress (4): 13/16 MB | 5.0/34 MB | 7.7/7.9 MB | 0.5/182 kBProgress (4): 13/16 MB | 5.0/34 MB | 7.7/7.9 MB | 0.5/182 kBProgress (4): 13/16 MB | 5.0/34 MB | 7.7/7.9 MB | 17/182 kB Progress (4): 13/16 MB | 5.0/34 MB | 7.7/7.9 MB | 33/182 kBProgress (4): 13/16 MB | 5.0/34 MB | 7.7/7.9 MB | 33/182 kBProgress (4): 13/16 MB | 5.0/34 MB | 7.7/7.9 MB | 33/182 kBProgress (4): 13/16 MB | 5.0/34 MB | 7.7/7.9 MB | 33/182 kBProgress (4): 13/16 MB | 5.0/34 MB | 7.7/7.9 MB | 33/182 kBProgress (4): 13/16 MB | 5.0/34 MB | 7.7/7.9 MB | 33/182 kBProgress (4): 13/16 MB | 5.0/34 MB | 7.7/7.9 MB | 50/182 kBProgress (4): 13/16 MB | 5.0/34 MB | 7.7/7.9 MB | 50/182 kBProgress (4): 13/16 MB | 5.0/34 MB | 7.7/7.9 MB | 50/182 kBProgress (4): 13/16 MB | 5.0/34 MB | 7.7/7.9 MB | 50/182 kBProgress (4): 13/16 MB | 5.0/34 MB | 7.7/7.9 MB | 50/182 kBProgress (4): 13/16 MB | 5.0/34 MB | 7.7/7.9 MB | 50/182 kBProgress (4): 13/16 MB | 5.0/34 MB | 7.7/7.9 MB | 50/182 kBProgress (4): 13/16 MB | 5.1/34 MB | 7.7/7.9 MB | 50/182 kBProgress (4): 13/16 MB | 5.1/34 MB | 7.7/7.9 MB | 50/182 kBProgress (4): 13/16 MB | 5.1/34 MB | 7.7/7.9 MB | 50/182 kBProgress (4): 13/16 MB | 5.1/34 MB | 7.7/7.9 MB | 50/182 kBProgress (4): 13/16 MB | 5.1/34 MB | 7.8/7.9 MB | 50/182 kBProgress (4): 13/16 MB | 5.1/34 MB | 7.8/7.9 MB | 50/182 kBProgress (4): 13/16 MB | 5.1/34 MB | 7.8/7.9 MB | 50/182 kBProgress (5): 13/16 MB | 5.1/34 MB | 7.8/7.9 MB | 50/182 kB | 7.3/74 kBProgress (5): 13/16 MB | 5.1/34 MB | 7.8/7.9 MB | 50/182 kB | 15/74 kB Progress (5): 13/16 MB | 5.1/34 MB | 7.8/7.9 MB | 50/182 kB | 15/74 kBProgress (5): 13/16 MB | 5.1/34 MB | 7.8/7.9 MB | 63/182 kB | 15/74 kBProgress (5): 13/16 MB | 5.1/34 MB | 7.8/7.9 MB | 66/182 kB | 15/74 kBProgress (5): 13/16 MB | 5.1/34 MB | 7.8/7.9 MB | 66/182 kB | 15/74 kBProgress (5): 13/16 MB | 5.1/34 MB | 7.8/7.9 MB | 66/182 kB | 15/74 kBProgress (5): 13/16 MB | 5.1/34 MB | 7.8/7.9 MB | 66/182 kB | 15/74 kBProgress (5): 13/16 MB | 5.1/34 MB | 7.8/7.9 MB | 66/182 kB | 15/74 kBProgress (5): 13/16 MB | 5.1/34 MB | 7.8/7.9 MB | 66/182 kB | 15/74 kBProgress (5): 13/16 MB | 5.1/34 MB | 7.8/7.9 MB | 83/182 kB | 15/74 kBProgress (5): 13/16 MB | 5.1/34 MB | 7.8/7.9 MB | 84/182 kB | 15/74 kBProgress (5): 13/16 MB | 5.1/34 MB | 7.9/7.9 MB | 84/182 kB | 15/74 kBProgress (5): 13/16 MB | 5.1/34 MB | 7.9/7.9 MB | 84/182 kB | 15/74 kBProgress (5): 13/16 MB | 5.1/34 MB | 7.9/7.9 MB | 84/182 kB | 15/74 kBProgress (5): 13/16 MB | 5.1/34 MB | 7.9/7.9 MB | 84/182 kB | 15/74 kBProgress (5): 13/16 MB | 5.1/34 MB | 7.9/7.9 MB | 84/182 kB | 15/74 kBProgress (5): 13/16 MB | 5.1/34 MB | 7.9/7.9 MB | 84/182 kB | 32/74 kBProgress (5): 13/16 MB | 5.1/34 MB | 7.9/7.9 MB | 84/182 kB | 32/74 kBProgress (5): 13/16 MB | 5.1/34 MB | 7.9/7.9 MB | 84/182 kB | 32/74 kBProgress (5): 13/16 MB | 5.1/34 MB | 7.9/7.9 MB | 100/182 kB | 32/74 kBProgress (5): 13/16 MB | 5.2/34 MB | 7.9/7.9 MB | 100/182 kB | 32/74 kBProgress (5): 13/16 MB | 5.2/34 MB | 7.9/7.9 MB | 100/182 kB | 32/74 kBProgress (5): 13/16 MB | 5.2/34 MB | 7.9/7.9 MB | 100/182 kB | 32/74 kBProgress (5): 13/16 MB | 5.2/34 MB | 7.9/7.9 MB | 100/182 kB | 32/74 kBProgress (5): 13/16 MB | 5.2/34 MB | 7.9/7.9 MB | 100/182 kB | 32/74 kBProgress (5): 13/16 MB | 5.2/34 MB | 7.9 MB | 100/182 kB | 32/74 kB    Progress (5): 13/16 MB | 5.2/34 MB | 7.9 MB | 100/182 kB | 32/74 kBProgress (5): 13/16 MB | 5.2/34 MB | 7.9 MB | 100/182 kB | 48/74 kBProgress (5): 13/16 MB | 5.2/34 MB | 7.9 MB | 100/182 kB | 65/74 kBProgress (5): 13/16 MB | 5.2/34 MB | 7.9 MB | 100/182 kB | 74 kB   Progress (5): 13/16 MB | 5.2/34 MB | 7.9 MB | 116/182 kB | 74 kBProgress (5): 13/16 MB | 5.2/34 MB | 7.9 MB | 116/182 kB | 74 kBProgress (5): 13/16 MB | 5.2/34 MB | 7.9 MB | 116/182 kB | 74 kBProgress (5): 13/16 MB | 5.2/34 MB | 7.9 MB | 116/182 kB | 74 kBProgress (5): 13/16 MB | 5.2/34 MB | 7.9 MB | 116/182 kB | 74 kBProgress (5): 13/16 MB | 5.2/34 MB | 7.9 MB | 127/182 kB | 74 kBProgress (5): 13/16 MB | 5.2/34 MB | 7.9 MB | 127/182 kB | 74 kBProgress (5): 13/16 MB | 5.2/34 MB | 7.9 MB | 130/182 kB | 74 kBProgress (5): 13/16 MB | 5.2/34 MB | 7.9 MB | 136/182 kB | 74 kBProgress (5): 13/16 MB | 5.2/34 MB | 7.9 MB | 136/182 kB | 74 kBProgress (5): 13/16 MB | 5.2/34 MB | 7.9 MB | 144/182 kB | 74 kBProgress (5): 13/16 MB | 5.2/34 MB | 7.9 MB | 144/182 kB | 74 kBProgress (5): 13/16 MB | 5.2/34 MB | 7.9 MB | 160/182 kB | 74 kBProgress (5): 13/16 MB | 5.2/34 MB | 7.9 MB | 160/182 kB | 74 kBProgress (5): 13/16 MB | 5.2/34 MB | 7.9 MB | 176/182 kB | 74 kBProgress (5): 13/16 MB | 5.2/34 MB | 7.9 MB | 182 kB | 74 kB    Progress (5): 13/16 MB | 5.2/34 MB | 7.9 MB | 182 kB | 74 kBProgress (5): 13/16 MB | 5.2/34 MB | 7.9 MB | 182 kB | 74 kBProgress (5): 13/16 MB | 5.2/34 MB | 7.9 MB | 182 kB | 74 kBProgress (5): 13/16 MB | 5.2/34 MB | 7.9 MB | 182 kB | 74 kBProgress (5): 13/16 MB | 5.3/34 MB | 7.9 MB | 182 kB | 74 kBProgress (5): 13/16 MB | 5.3/34 MB | 7.9 MB | 182 kB | 74 kBProgress (5): 13/16 MB | 5.3/34 MB | 7.9 MB | 182 kB | 74 kBProgress (5): 13/16 MB | 5.3/34 MB | 7.9 MB | 182 kB | 74 kBProgress (5): 13/16 MB | 5.3/34 MB | 7.9 MB | 182 kB | 74 kBProgress (5): 13/16 MB | 5.3/34 MB | 7.9 MB | 182 kB | 74 kBProgress (5): 13/16 MB | 5.3/34 MB | 7.9 MB | 182 kB | 74 kBProgress (5): 13/16 MB | 5.3/34 MB | 7.9 MB | 182 kB | 74 kBProgress (5): 13/16 MB | 5.3/34 MB | 7.9 MB | 182 kB | 74 kBProgress (5): 13/16 MB | 5.3/34 MB | 7.9 MB | 182 kB | 74 kBProgress (5): 14/16 MB | 5.3/34 MB | 7.9 MB | 182 kB | 74 kBProgress (5): 14/16 MB | 5.3/34 MB | 7.9 MB | 182 kB | 74 kBProgress (5): 14/16 MB | 5.3/34 MB | 7.9 MB | 182 kB | 74 kBProgress (5): 14/16 MB | 5.3/34 MB | 7.9 MB | 182 kB | 74 kB                                                            Downloaded from aliyun: https://maven.aliyun.com/repository/public/org/apache/httpcomponents/httpasyncclient/4.1.5/httpasyncclient-4.1.5.jar (182 kB at 34 kB/s)
Downloading from aliyun: https://maven.aliyun.com/repository/public/org/apache/httpcomponents/httpcore-nio/4.4.16/httpcore-nio-4.4.16.jar
Progress (4): 14/16 MB | 5.3/34 MB | 7.9 MB | 74 kBProgress (4): 14/16 MB | 5.3/34 MB | 7.9 MB | 74 kBProgress (4): 14/16 MB | 5.3/34 MB | 7.9 MB | 74 kBProgress (4): 14/16 MB | 5.3/34 MB | 7.9 MB | 74 kBProgress (4): 14/16 MB | 5.3/34 MB | 7.9 MB | 74 kBProgress (5): 14/16 MB | 5.3/34 MB | 7.9 MB | 74 kB | 1.9/369 kBProgress (5): 14/16 MB | 5.3/34 MB | 7.9 MB | 74 kB | 1.9/369 kBProgress (5): 14/16 MB | 5.4/34 MB | 7.9 MB | 74 kB | 1.9/369 kBProgress (5): 14/16 MB | 5.4/34 MB | 7.9 MB | 74 kB | 18/369 kB Progress (5): 14/16 MB | 5.4/34 MB | 7.9 MB | 74 kB | 18/369 kBProgress (5): 14/16 MB | 5.4/34 MB | 7.9 MB | 74 kB | 18/369 kBProgress (5): 14/16 MB | 5.4/34 MB | 7.9 MB | 74 kB | 18/369 kBProgress (5): 14/16 MB | 5.4/34 MB | 7.9 MB | 74 kB | 18/369 kBProgress (5): 14/16 MB | 5.4/34 MB | 7.9 MB | 74 kB | 18/369 kBProgress (5): 14/16 MB | 5.4/34 MB | 7.9 MB | 74 kB | 18/369 kBProgress (5): 14/16 MB | 5.4/34 MB | 7.9 MB | 74 kB | 18/369 kBProgress (5): 14/16 MB | 5.4/34 MB | 7.9 MB | 74 kB | 18/369 kBProgress (5): 14/16 MB | 5.4/34 MB | 7.9 MB | 74 kB | 18/369 kBProgress (5): 14/16 MB | 5.4/34 MB | 7.9 MB | 74 kB | 35/369 kBProgress (5): 14/16 MB | 5.4/34 MB | 7.9 MB | 74 kB | 35/369 kBProgress (5): 14/16 MB | 5.4/34 MB | 7.9 MB | 74 kB | 35/369 kBProgress (5): 14/16 MB | 5.4/34 MB | 7.9 MB | 74 kB | 35/369 kBProgress (5): 14/16 MB | 5.4/34 MB | 7.9 MB | 74 kB | 35/369 kBProgress (5): 14/16 MB | 5.4/34 MB | 7.9 MB | 74 kB | 51/369 kBProgress (5): 14/16 MB | 5.4/34 MB | 7.9 MB | 74 kB | 57/369 kBProgress (5): 14/16 MB | 5.4/34 MB | 7.9 MB | 74 kB | 63/369 kBProgress (5): 14/16 MB | 5.4/34 MB | 7.9 MB | 74 kB | 63/369 kBProgress (5): 14/16 MB | 5.4/34 MB | 7.9 MB | 74 kB | 63/369 kBProgress (5): 14/16 MB | 5.4/34 MB | 7.9 MB | 74 kB | 63/369 kBProgress (5): 14/16 MB | 5.4/34 MB | 7.9 MB | 74 kB | 63/369 kBProgress (5): 14/16 MB | 5.4/34 MB | 7.9 MB | 74 kB | 63/369 kBProgress (5): 14/16 MB | 5.4/34 MB | 7.9 MB | 74 kB | 63/369 kBProgress (5): 14/16 MB | 5.4/34 MB | 7.9 MB | 74 kB | 63/369 kBProgress (5): 14/16 MB | 5.5/34 MB | 7.9 MB | 74 kB | 63/369 kBProgress (5): 14/16 MB | 5.5/34 MB | 7.9 MB | 74 kB | 63/369 kBProgress (5): 14/16 MB | 5.5/34 MB | 7.9 MB | 74 kB | 63/369 kBProgress (5): 14/16 MB | 5.5/34 MB | 7.9 MB | 74 kB | 63/369 kBProgress (5): 14/16 MB | 5.5/34 MB | 7.9 MB | 74 kB | 63/369 kBProgress (5): 14/16 MB | 5.5/34 MB | 7.9 MB | 74 kB | 63/369 kBProgress (5): 14/16 MB | 5.5/34 MB | 7.9 MB | 74 kB | 63/369 kBProgress (5): 14/16 MB | 5.5/34 MB | 7.9 MB | 74 kB | 63/369 kBProgress (5): 14/16 MB | 5.5/34 MB | 7.9 MB | 74 kB | 63/369 kBProgress (5): 14/16 MB | 5.5/34 MB | 7.9 MB | 74 kB | 80/369 kBProgress (5): 14/16 MB | 5.5/34 MB | 7.9 MB | 74 kB | 96/369 kBProgress (5): 14/16 MB | 5.5/34 MB | 7.9 MB | 74 kB | 112/369 kBProgress (5): 14/16 MB | 5.5/34 MB | 7.9 MB | 74 kB | 129/369 kBProgress (5): 14/16 MB | 5.5/34 MB | 7.9 MB | 74 kB | 145/369 kBProgress (5): 14/16 MB | 5.5/34 MB | 7.9 MB | 74 kB | 162/369 kBProgress (5): 14/16 MB | 5.5/34 MB | 7.9 MB | 74 kB | 162/369 kBProgress (5): 14/16 MB | 5.5/34 MB | 7.9 MB | 74 kB | 178/369 kBProgress (5): 14/16 MB | 5.5/34 MB | 7.9 MB | 74 kB | 178/369 kBProgress (5): 14/16 MB | 5.6/34 MB | 7.9 MB | 74 kB | 178/369 kBProgress (5): 14/16 MB | 5.6/34 MB | 7.9 MB | 74 kB | 178/369 kB                                                                Downloaded from aliyun: https://maven.aliyun.com/repository/public/org/elasticsearch/client/elasticsearch-rest-client/8.18.5/elasticsearch-rest-client-8.18.5.jar (74 kB at 14 kB/s)
Downloading from aliyun: https://maven.aliyun.com/repository/public/org/jeecgframework/jimureport/jimureport-echarts-starter/2.1.1/jimureport-echarts-starter-2.1.1.jar
Progress (4): 14/16 MB | 5.6/34 MB | 7.9 MB | 178/369 kB                                                        Downloaded from aliyun: https://maven.aliyun.com/repository/public/org/apache/calcite/calcite-core/1.36.0/calcite-core-1.36.0.jar (7.9 MB at 1.5 MB/s)
Downloading from aliyun: https://maven.aliyun.com/repository/public/com/github/weisj/jsvg/1.7.0/jsvg-1.7.0.jar
Progress (3): 14/16 MB | 5.6/34 MB | 178/369 kBProgress (3): 14/16 MB | 5.6/34 MB | 178/369 kBProgress (3): 14/16 MB | 5.6/34 MB | 178/369 kBProgress (3): 14/16 MB | 5.6/34 MB | 178/369 kBProgress (3): 14/16 MB | 5.6/34 MB | 194/369 kBProgress (3): 14/16 MB | 5.6/34 MB | 211/369 kBProgress (3): 14/16 MB | 5.6/34 MB | 227/369 kBProgress (3): 14/16 MB | 5.6/34 MB | 227/369 kBProgress (3): 14/16 MB | 5.6/34 MB | 243/369 kBProgress (3): 14/16 MB | 5.6/34 MB | 252/369 kBProgress (3): 14/16 MB | 5.6/34 MB | 256/369 kBProgress (3): 14/16 MB | 5.6/34 MB | 272/369 kBProgress (3): 14/16 MB | 5.6/34 MB | 279/369 kBProgress (3): 14/16 MB | 5.6/34 MB | 279/369 kBProgress (3): 14/16 MB | 5.6/34 MB | 279/369 kBProgress (3): 14/16 MB | 5.6/34 MB | 279/369 kBProgress (3): 14/16 MB | 5.6/34 MB | 296/369 kBProgress (3): 14/16 MB | 5.6/34 MB | 296/369 kBProgress (3): 14/16 MB | 5.6/34 MB | 312/369 kBProgress (3): 14/16 MB | 5.6/34 MB | 312/369 kBProgress (3): 14/16 MB | 5.6/34 MB | 328/369 kBProgress (3): 14/16 MB | 5.6/34 MB | 328/369 kBProgress (3): 14/16 MB | 5.7/34 MB | 328/369 kBProgress (3): 14/16 MB | 5.7/34 MB | 345/369 kBProgress (3): 14/16 MB | 5.7/34 MB | 345/369 kBProgress (3): 14/16 MB | 5.7/34 MB | 345/369 kBProgress (3): 14/16 MB | 5.7/34 MB | 345/369 kBProgress (3): 14/16 MB | 5.7/34 MB | 345/369 kBProgress (3): 14/16 MB | 5.7/34 MB | 345/369 kBProgress (3): 14/16 MB | 5.7/34 MB | 361/369 kBProgress (3): 14/16 MB | 5.7/34 MB | 364/369 kBProgress (3): 14/16 MB | 5.7/34 MB | 365/369 kBProgress (3): 14/16 MB | 5.7/34 MB | 367/369 kBProgress (3): 14/16 MB | 5.7/34 MB | 369 kB    Progress (3): 14/16 MB | 5.7/34 MB | 369 kBProgress (4): 14/16 MB | 5.7/34 MB | 369 kB | 1.9/710 kBProgress (4): 14/16 MB | 5.7/34 MB | 369 kB | 1.9/710 kBProgress (4): 14/16 MB | 5.7/34 MB | 369 kB | 1.9/710 kBProgress (4): 14/16 MB | 5.7/34 MB | 369 kB | 1.9/710 kBProgress (4): 14/16 MB | 5.7/34 MB | 369 kB | 18/710 kB Progress (4): 14/16 MB | 5.7/34 MB | 369 kB | 18/710 kBProgress (4): 14/16 MB | 5.7/34 MB | 369 kB | 18/710 kBProgress (4): 14/16 MB | 5.7/34 MB | 369 kB | 18/710 kBProgress (4): 14/16 MB | 5.7/34 MB | 369 kB | 35/710 kBProgress (4): 14/16 MB | 5.7/34 MB | 369 kB | 35/710 kBProgress (4): 14/16 MB | 5.7/34 MB | 369 kB | 35/710 kBProgress (4): 14/16 MB | 5.7/34 MB | 369 kB | 38/710 kBProgress (4): 14/16 MB | 5.7/34 MB | 369 kB | 38/710 kBProgress (4): 14/16 MB | 5.7/34 MB | 369 kB | 38/710 kBProgress (4): 14/16 MB | 5.7/34 MB | 369 kB | 51/710 kBProgress (4): 14/16 MB | 5.7/34 MB | 369 kB | 51/710 kBProgress (4): 14/16 MB | 5.7/34 MB | 369 kB | 51/710 kBProgress (4): 14/16 MB | 5.7/34 MB | 369 kB | 57/710 kBProgress (4): 14/16 MB | 5.7/34 MB | 369 kB | 57/710 kBProgress (4): 14/16 MB | 5.7/34 MB | 369 kB | 68/710 kBProgress (4): 14/16 MB | 5.7/34 MB | 369 kB | 71/710 kBProgress (4): 14/16 MB | 5.7/34 MB | 369 kB | 71/710 kBProgress (4): 14/16 MB | 5.7/34 MB | 369 kB | 73/710 kBProgress (4): 14/16 MB | 5.7/34 MB | 369 kB | 75/710 kBProgress (4): 14/16 MB | 5.7/34 MB | 369 kB | 75/710 kBProgress (4): 14/16 MB | 5.7/34 MB | 369 kB | 79/710 kBProgress (4): 14/16 MB | 5.8/34 MB | 369 kB | 79/710 kBProgress (4): 14/16 MB | 5.8/34 MB | 369 kB | 79/710 kBProgress (4): 14/16 MB | 5.8/34 MB | 369 kB | 87/710 kBProgress (4): 14/16 MB | 5.8/34 MB | 369 kB | 87/710 kBProgress (4): 14/16 MB | 5.8/34 MB | 369 kB | 95/710 kBProgress (4): 14/16 MB | 5.8/34 MB | 369 kB | 95/710 kBProgress (4): 14/16 MB | 5.8/34 MB | 369 kB | 95/710 kBProgress (4): 14/16 MB | 5.8/34 MB | 369 kB | 99/710 kBProgress (4): 14/16 MB | 5.8/34 MB | 369 kB | 101/710 kBProgress (4): 14/16 MB | 5.8/34 MB | 369 kB | 101/710 kBProgress (4): 14/16 MB | 5.8/34 MB | 369 kB | 101/710 kBProgress (4): 14/16 MB | 5.8/34 MB | 369 kB | 101/710 kBProgress (4): 14/16 MB | 5.8/34 MB | 369 kB | 101/710 kBProgress (4): 14/16 MB | 5.8/34 MB | 369 kB | 101/710 kBProgress (4): 14/16 MB | 5.8/34 MB | 369 kB | 101/710 kBProgress (4): 14/16 MB | 5.8/34 MB | 369 kB | 101/710 kBProgress (4): 14/16 MB | 5.8/34 MB | 369 kB | 101/710 kBProgress (4): 14/16 MB | 5.8/34 MB | 369 kB | 101/710 kBProgress (4): 14/16 MB | 5.8/34 MB | 369 kB | 109/710 kBProgress (4): 14/16 MB | 5.8/34 MB | 369 kB | 115/710 kBProgress (4): 14/16 MB | 5.8/34 MB | 369 kB | 121/710 kBProgress (4): 14/16 MB | 5.8/34 MB | 369 kB | 132/710 kBProgress (4): 14/16 MB | 5.8/34 MB | 369 kB | 148/710 kBProgress (4): 14/16 MB | 5.8/34 MB | 369 kB | 165/710 kBProgress (4): 14/16 MB | 5.8/34 MB | 369 kB | 181/710 kBProgress (4): 14/16 MB | 5.8/34 MB | 369 kB | 196/710 kBProgress (4): 14/16 MB | 5.8/34 MB | 369 kB | 207/710 kBProgress (4): 14/16 MB | 5.8/34 MB | 369 kB | 207/710 kBProgress (4): 14/16 MB | 5.8/34 MB | 369 kB | 207/710 kBProgress (4): 15/16 MB | 5.8/34 MB | 369 kB | 207/710 kBProgress (4): 15/16 MB | 5.8/34 MB | 369 kB | 214/710 kBProgress (4): 15/16 MB | 5.8/34 MB | 369 kB | 214/710 kBProgress (4): 15/16 MB | 5.8/34 MB | 369 kB | 214/710 kBProgress (4): 15/16 MB | 5.8/34 MB | 369 kB | 214/710 kBProgress (4): 15/16 MB | 5.8/34 MB | 369 kB | 214/710 kBProgress (4): 15/16 MB | 5.8/34 MB | 369 kB | 214/710 kBProgress (4): 15/16 MB | 5.8/34 MB | 369 kB | 214/710 kBProgress (4): 15/16 MB | 5.8/34 MB | 369 kB | 226/710 kBProgress (4): 15/16 MB | 5.8/34 MB | 369 kB | 228/710 kBProgress (4): 15/16 MB | 5.8/34 MB | 369 kB | 235/710 kBProgress (4): 15/16 MB | 5.8/34 MB | 369 kB | 238/710 kBProgress (4): 15/16 MB | 5.8/34 MB | 369 kB | 244/710 kBProgress (4): 15/16 MB | 5.8/34 MB | 369 kB | 244/710 kBProgress (4): 15/16 MB | 5.8/34 MB | 369 kB | 251/710 kBProgress (4): 15/16 MB | 5.8/34 MB | 369 kB | 260/710 kBProgress (4): 15/16 MB | 5.8/34 MB | 369 kB | 271/710 kBProgress (4): 15/16 MB | 5.8/34 MB | 369 kB | 271/710 kBProgress (4): 15/16 MB | 5.8/34 MB | 369 kB | 271/710 kBProgress (4): 15/16 MB | 5.8/34 MB | 369 kB | 271/710 kBProgress (4): 15/16 MB | 5.9/34 MB | 369 kB | 271/710 kBProgress (4): 15/16 MB | 5.9/34 MB | 369 kB | 271/710 kBProgress (4): 15/16 MB | 5.9/34 MB | 369 kB | 271/710 kBProgress (4): 15/16 MB | 5.9/34 MB | 369 kB | 271/710 kBProgress (4): 15/16 MB | 5.9/34 MB | 369 kB | 271/710 kBProgress (4): 15/16 MB | 5.9/34 MB | 369 kB | 271/710 kBProgress (4): 15/16 MB | 5.9/34 MB | 369 kB | 271/710 kBProgress (4): 15/16 MB | 5.9/34 MB | 369 kB | 288/710 kBProgress (4): 15/16 MB | 5.9/34 MB | 369 kB | 288/710 kBProgress (4): 15/16 MB | 5.9/34 MB | 369 kB | 288/710 kBProgress (4): 15/16 MB | 5.9/34 MB | 369 kB | 288/710 kBProgress (4): 15/16 MB | 5.9/34 MB | 369 kB | 292/710 kBProgress (4): 15/16 MB | 5.9/34 MB | 369 kB | 301/710 kBProgress (4): 15/16 MB | 5.9/34 MB | 369 kB | 308/710 kBProgress (4): 15/16 MB | 5.9/34 MB | 369 kB | 317/710 kBProgress (4): 15/16 MB | 5.9/34 MB | 369 kB | 325/710 kBProgress (4): 15/16 MB | 5.9/34 MB | 369 kB | 327/710 kBProgress (4): 15/16 MB | 5.9/34 MB | 369 kB | 327/710 kBProgress (4): 15/16 MB | 5.9/34 MB | 369 kB | 327/710 kBProgress (4): 15/16 MB | 5.9/34 MB | 369 kB | 327/710 kBProgress (4): 15/16 MB | 5.9/34 MB | 369 kB | 327/710 kBProgress (4): 15/16 MB | 5.9/34 MB | 369 kB | 327/710 kB                                                        Downloaded from aliyun: https://maven.aliyun.com/repository/public/org/apache/httpcomponents/httpcore-nio/4.4.16/httpcore-nio-4.4.16.jar (369 kB at 67 kB/s)
Downloading from aliyun: https://maven.aliyun.com/repository/public/org/jeecgframework/jimureport/jimubi-spring-boot3-starter/2.1.4/jimubi-spring-boot3-starter-2.1.4.jar
Progress (3): 15/16 MB | 5.9/34 MB | 341/710 kBProgress (3): 15/16 MB | 6.0/34 MB | 341/710 kBProgress (3): 15/16 MB | 6.0/34 MB | 341/710 kBProgress (3): 15/16 MB | 6.0/34 MB | 341/710 kBProgress (3): 15/16 MB | 6.0/34 MB | 347/710 kBProgress (3): 15/16 MB | 6.0/34 MB | 347/710 kBProgress (3): 15/16 MB | 6.0/34 MB | 347/710 kBProgress (3): 15/16 MB | 6.0/34 MB | 357/710 kBProgress (3): 15/16 MB | 6.0/34 MB | 357/710 kBProgress (3): 15/16 MB | 6.0/34 MB | 363/710 kBProgress (3): 15/16 MB | 6.0/34 MB | 363/710 kBProgress (3): 15/16 MB | 6.0/34 MB | 374/710 kBProgress (3): 15/16 MB | 6.0/34 MB | 380/710 kBProgress (3): 15/16 MB | 6.0/34 MB | 390/710 kBProgress (3): 15/16 MB | 6.0/34 MB | 390/710 kBProgress (3): 15/16 MB | 6.0/34 MB | 397/710 kBProgress (3): 15/16 MB | 6.0/34 MB | 397/710 kBProgress (3): 15/16 MB | 6.0/34 MB | 406/710 kBProgress (3): 15/16 MB | 6.0/34 MB | 423/710 kBProgress (3): 15/16 MB | 6.0/34 MB | 423/710 kBProgress (3): 15/16 MB | 6.0/34 MB | 432/710 kBProgress (3): 15/16 MB | 6.0/34 MB | 439/710 kBProgress (3): 15/16 MB | 6.0/34 MB | 447/710 kBProgress (4): 15/16 MB | 6.0/34 MB | 447/710 kB | 0/12 MBProgress (4): 15/16 MB | 6.0/34 MB | 456/710 kB | 0/12 MBProgress (4): 15/16 MB | 6.0/34 MB | 456/710 kB | 0/12 MBProgress (4): 15/16 MB | 6.1/34 MB | 456/710 kB | 0/12 MBProgress (4): 15/16 MB | 6.1/34 MB | 461/710 kB | 0/12 MBProgress (4): 15/16 MB | 6.1/34 MB | 472/710 kB | 0/12 MBProgress (4): 15/16 MB | 6.1/34 MB | 479/710 kB | 0/12 MBProgress (4): 15/16 MB | 6.1/34 MB | 488/710 kB | 0/12 MBProgress (4): 15/16 MB | 6.1/34 MB | 494/710 kB | 0/12 MBProgress (4): 15/16 MB | 6.1/34 MB | 505/710 kB | 0/12 MBProgress (4): 15/16 MB | 6.1/34 MB | 514/710 kB | 0/12 MBProgress (4): 15/16 MB | 6.1/34 MB | 521/710 kB | 0/12 MBProgress (4): 15/16 MB | 6.1/34 MB | 530/710 kB | 0/12 MBProgress (4): 15/16 MB | 6.1/34 MB | 546/710 kB | 0/12 MBProgress (4): 15/16 MB | 6.1/34 MB | 557/710 kB | 0/12 MBProgress (4): 15/16 MB | 6.1/34 MB | 573/710 kB | 0/12 MBProgress (4): 15/16 MB | 6.1/34 MB | 573/710 kB | 0/12 MBProgress (4): 15/16 MB | 6.1/34 MB | 573/710 kB | 0/12 MBProgress (4): 15/16 MB | 6.1/34 MB | 573/710 kB | 0/12 MBProgress (4): 15/16 MB | 6.1/34 MB | 573/710 kB | 0/12 MBProgress (4): 15/16 MB | 6.1/34 MB | 573/710 kB | 0/12 MBProgress (4): 15/16 MB | 6.1/34 MB | 573/710 kB | 0/12 MBProgress (4): 15/16 MB | 6.1/34 MB | 573/710 kB | 0/12 MBProgress (4): 15/16 MB | 6.1/34 MB | 573/710 kB | 0/12 MBProgress (4): 15/16 MB | 6.1/34 MB | 573/710 kB | 0/12 MBProgress (4): 15/16 MB | 6.1/34 MB | 573/710 kB | 0/12 MBProgress (4): 15/16 MB | 6.1/34 MB | 573/710 kB | 0/12 MBProgress (4): 15/16 MB | 6.1/34 MB | 573/710 kB | 0/12 MBProgress (4): 15/16 MB | 6.1/34 MB | 573/710 kB | 0/12 MBProgress (4): 15/16 MB | 6.1/34 MB | 573/710 kB | 0/12 MBProgress (4): 15/16 MB | 6.1/34 MB | 573/710 kB | 0.1/12 MBProgress (4): 15/16 MB | 6.1/34 MB | 573/710 kB | 0.1/12 MBProgress (4): 15/16 MB | 6.1/34 MB | 573/710 kB | 0.1/12 MBProgress (4): 15/16 MB | 6.1/34 MB | 573/710 kB | 0.1/12 MBProgress (4): 15/16 MB | 6.1/34 MB | 573/710 kB | 0.1/12 MBProgress (4): 15/16 MB | 6.1/34 MB | 573/710 kB | 0.1/12 MBProgress (4): 15/16 MB | 6.1/34 MB | 573/710 kB | 0.1/12 MBProgress (4): 15/16 MB | 6.1/34 MB | 573/710 kB | 0.1/12 MBProgress (4): 15/16 MB | 6.1/34 MB | 573/710 kB | 0.1/12 MBProgress (4): 15/16 MB | 6.1/34 MB | 573/710 kB | 0.1/12 MBProgress (4): 15/16 MB | 6.1/34 MB | 573/710 kB | 0.1/12 MBProgress (4): 15/16 MB | 6.1/34 MB | 573/710 kB | 0.1/12 MBProgress (4): 15/16 MB | 6.1/34 MB | 573/710 kB | 0.1/12 MBProgress (4): 15/16 MB | 6.1/34 MB | 573/710 kB | 0.1/12 MBProgress (4): 15/16 MB | 6.1/34 MB | 573/710 kB | 0.1/12 MBProgress (4): 15/16 MB | 6.1/34 MB | 573/710 kB | 0.1/12 MBProgress (4): 15/16 MB | 6.1/34 MB | 573/710 kB | 0.1/12 MBProgress (4): 15/16 MB | 6.1/34 MB | 590/710 kB | 0.1/12 MBProgress (4): 15/16 MB | 6.1/34 MB | 606/710 kB | 0.1/12 MBProgress (4): 15/16 MB | 6.1/34 MB | 623/710 kB | 0.1/12 MBProgress (4): 15/16 MB | 6.1/34 MB | 623/710 kB | 0.1/12 MBProgress (4): 15/16 MB | 6.1/34 MB | 623/710 kB | 0.1/12 MBProgress (4): 15/16 MB | 6.1/34 MB | 623/710 kB | 0.2/12 MBProgress (4): 15/16 MB | 6.1/34 MB | 623/710 kB | 0.2/12 MBProgress (4): 15/16 MB | 6.1/34 MB | 623/710 kB | 0.2/12 MBProgress (4): 15/16 MB | 6.1/34 MB | 623/710 kB | 0.2/12 MBProgress (4): 15/16 MB | 6.1/34 MB | 623/710 kB | 0.2/12 MBProgress (4): 15/16 MB | 6.1/34 MB | 623/710 kB | 0.2/12 MBProgress (4): 15/16 MB | 6.1/34 MB | 639/710 kB | 0.2/12 MBProgress (4): 15/16 MB | 6.1/34 MB | 655/710 kB | 0.2/12 MBProgress (4): 15/16 MB | 6.1/34 MB | 672/710 kB | 0.2/12 MBProgress (4): 15/16 MB | 6.1/34 MB | 672/710 kB | 0.2/12 MBProgress (4): 15/16 MB | 6.1/34 MB | 688/710 kB | 0.2/12 MBProgress (4): 15/16 MB | 6.1/34 MB | 688/710 kB | 0.2/12 MBProgress (4): 15/16 MB | 6.1/34 MB | 688/710 kB | 0.2/12 MBProgress (4): 15/16 MB | 6.1/34 MB | 688/710 kB | 0.3/12 MBProgress (4): 15/16 MB | 6.1/34 MB | 688/710 kB | 0.3/12 MBProgress (4): 15/16 MB | 6.1/34 MB | 688/710 kB | 0.3/12 MBProgress (4): 15/16 MB | 6.1/34 MB | 688/710 kB | 0.3/12 MBProgress (4): 15/16 MB | 6.1/34 MB | 688/710 kB | 0.3/12 MBProgress (4): 15/16 MB | 6.1/34 MB | 705/710 kB | 0.3/12 MBProgress (4): 15/16 MB | 6.1/34 MB | 710 kB | 0.3/12 MB    Progress (4): 15/16 MB | 6.1/34 MB | 710 kB | 0.3/12 MBProgress (4): 15/16 MB | 6.1/34 MB | 710 kB | 0.3/12 MBProgress (4): 15/16 MB | 6.1/34 MB | 710 kB | 0.3/12 MBProgress (4): 15/16 MB | 6.1/34 MB | 710 kB | 0.3/12 MBProgress (4): 15/16 MB | 6.1/34 MB | 710 kB | 0.3/12 MBProgress (4): 15/16 MB | 6.1/34 MB | 710 kB | 0.3/12 MBProgress (4): 15/16 MB | 6.1/34 MB | 710 kB | 0.3/12 MBProgress (5): 15/16 MB | 6.1/34 MB | 710 kB | 0.3/12 MB | 0/56 MBProgress (5): 15/16 MB | 6.1/34 MB | 710 kB | 0.3/12 MB | 0/56 MBProgress (5): 15/16 MB | 6.1/34 MB | 710 kB | 0.4/12 MB | 0/56 MBProgress (5): 15/16 MB | 6.1/34 MB | 710 kB | 0.4/12 MB | 0/56 MBProgress (5): 15/16 MB | 6.1/34 MB | 710 kB | 0.4/12 MB | 0/56 MBProgress (5): 15/16 MB | 6.2/34 MB | 710 kB | 0.4/12 MB | 0/56 MBProgress (5): 15/16 MB | 6.2/34 MB | 710 kB | 0.4/12 MB | 0/56 MBProgress (5): 15/16 MB | 6.2/34 MB | 710 kB | 0.4/12 MB | 0/56 MBProgress (5): 15/16 MB | 6.2/34 MB | 710 kB | 0.4/12 MB | 0/56 MBProgress (5): 15/16 MB | 6.2/34 MB | 710 kB | 0.4/12 MB | 0/56 MBProgress (5): 15/16 MB | 6.2/34 MB | 710 kB | 0.4/12 MB | 0/56 MBProgress (5): 15/16 MB | 6.2/34 MB | 710 kB | 0.4/12 MB | 0/56 MBProgress (5): 15/16 MB | 6.2/34 MB | 710 kB | 0.4/12 MB | 0/56 MBProgress (5): 15/16 MB | 6.2/34 MB | 710 kB | 0.5/12 MB | 0/56 MBProgress (5): 15/16 MB | 6.2/34 MB | 710 kB | 0.5/12 MB | 0/56 MBProgress (5): 15/16 MB | 6.2/34 MB | 710 kB | 0.5/12 MB | 0/56 MBProgress (5): 15/16 MB | 6.2/34 MB | 710 kB | 0.5/12 MB | 0/56 MBProgress (5): 15/16 MB | 6.2/34 MB | 710 kB | 0.5/12 MB | 0.1/56 MBProgress (5): 15/16 MB | 6.2/34 MB | 710 kB | 0.5/12 MB | 0.1/56 MBProgress (5): 15/16 MB | 6.2/34 MB | 710 kB | 0.5/12 MB | 0.1/56 MBProgress (5): 15/16 MB | 6.2/34 MB | 710 kB | 0.5/12 MB | 0.1/56 MBProgress (5): 15/16 MB | 6.2/34 MB | 710 kB | 0.5/12 MB | 0.1/56 MBProgress (5): 15/16 MB | 6.2/34 MB | 710 kB | 0.5/12 MB | 0.1/56 MBProgress (5): 15/16 MB | 6.2/34 MB | 710 kB | 0.5/12 MB | 0.1/56 MBProgress (5): 15/16 MB | 6.2/34 MB | 710 kB | 0.5/12 MB | 0.1/56 MBProgress (5): 15/16 MB | 6.2/34 MB | 710 kB | 0.5/12 MB | 0.1/56 MBProgress (5): 15/16 MB | 6.2/34 MB | 710 kB | 0.5/12 MB | 0.1/56 MBProgress (5): 15/16 MB | 6.2/34 MB | 710 kB | 0.5/12 MB | 0.1/56 MBProgress (5): 15/16 MB | 6.2/34 MB | 710 kB | 0.5/12 MB | 0.1/56 MBProgress (5): 15/16 MB | 6.2/34 MB | 710 kB | 0.5/12 MB | 0.1/56 MBProgress (5): 15/16 MB | 6.2/34 MB | 710 kB | 0.5/12 MB | 0.1/56 MBProgress (5): 15/16 MB | 6.2/34 MB | 710 kB | 0.5/12 MB | 0.1/56 MBProgress (5): 15/16 MB | 6.2/34 MB | 710 kB | 0.5/12 MB | 0.1/56 MBProgress (5): 15/16 MB | 6.2/34 MB | 710 kB | 0.5/12 MB | 0.1/56 MBProgress (5): 15/16 MB | 6.2/34 MB | 710 kB | 0.5/12 MB | 0.1/56 MBProgress (5): 15/16 MB | 6.2/34 MB | 710 kB | 0.5/12 MB | 0.1/56 MBProgress (5): 15/16 MB | 6.2/34 MB | 710 kB | 0.5/12 MB | 0.1/56 MBProgress (5): 15/16 MB | 6.2/34 MB | 710 kB | 0.6/12 MB | 0.1/56 MBProgress (5): 15/16 MB | 6.2/34 MB | 710 kB | 0.6/12 MB | 0.1/56 MBProgress (5): 15/16 MB | 6.2/34 MB | 710 kB | 0.6/12 MB | 0.1/56 MBProgress (5): 15/16 MB | 6.2/34 MB | 710 kB | 0.6/12 MB | 0.1/56 MBProgress (5): 15/16 MB | 6.2/34 MB | 710 kB | 0.6/12 MB | 0.1/56 MBProgress (5): 15/16 MB | 6.2/34 MB | 710 kB | 0.6/12 MB | 0.1/56 MBProgress (5): 15/16 MB | 6.2/34 MB | 710 kB | 0.6/12 MB | 0.1/56 MBProgress (5): 15/16 MB | 6.2/34 MB | 710 kB | 0.6/12 MB | 0.1/56 MBProgress (5): 15/16 MB | 6.2/34 MB | 710 kB | 0.6/12 MB | 0.1/56 MBProgress (5): 15/16 MB | 6.2/34 MB | 710 kB | 0.6/12 MB | 0.1/56 MBProgress (5): 15/16 MB | 6.2/34 MB | 710 kB | 0.6/12 MB | 0.1/56 MBProgress (5): 15/16 MB | 6.2/34 MB | 710 kB | 0.6/12 MB | 0.1/56 MBProgress (5): 15/16 MB | 6.2/34 MB | 710 kB | 0.7/12 MB | 0.1/56 MBProgress (5): 15/16 MB | 6.2/34 MB | 710 kB | 0.7/12 MB | 0.1/56 MBProgress (5): 15/16 MB | 6.2/34 MB | 710 kB | 0.7/12 MB | 0.1/56 MBProgress (5): 15/16 MB | 6.2/34 MB | 710 kB | 0.7/12 MB | 0.1/56 MBProgress (5): 15/16 MB | 6.2/34 MB | 710 kB | 0.7/12 MB | 0.1/56 MBProgress (5): 15/16 MB | 6.2/34 MB | 710 kB | 0.7/12 MB | 0.1/56 MBProgress (5): 15/16 MB | 6.2/34 MB | 710 kB | 0.7/12 MB | 0.1/56 MBProgress (5): 15/16 MB | 6.2/34 MB | 710 kB | 0.7/12 MB | 0.1/56 MBProgress (5): 15/16 MB | 6.2/34 MB | 710 kB | 0.7/12 MB | 0.1/56 MBProgress (5): 15/16 MB | 6.2/34 MB | 710 kB | 0.7/12 MB | 0.1/56 MBProgress (5): 15/16 MB | 6.2/34 MB | 710 kB | 0.7/12 MB | 0.1/56 MBProgress (5): 15/16 MB | 6.2/34 MB | 710 kB | 0.7/12 MB | 0.2/56 MBProgress (5): 15/16 MB | 6.2/34 MB | 710 kB | 0.7/12 MB | 0.2/56 MBProgress (5): 15/16 MB | 6.2/34 MB | 710 kB | 0.7/12 MB | 0.2/56 MBProgress (5): 15/16 MB | 6.2/34 MB | 710 kB | 0.7/12 MB | 0.2/56 MBProgress (5): 15/16 MB | 6.2/34 MB | 710 kB | 0.8/12 MB | 0.2/56 MBProgress (5): 15/16 MB | 6.2/34 MB | 710 kB | 0.8/12 MB | 0.2/56 MBProgress (5): 15/16 MB | 6.2/34 MB | 710 kB | 0.8/12 MB | 0.2/56 MBProgress (5): 15/16 MB | 6.2/34 MB | 710 kB | 0.8/12 MB | 0.2/56 MBProgress (5): 15/16 MB | 6.2/34 MB | 710 kB | 0.8/12 MB | 0.2/56 MBProgress (5): 15/16 MB | 6.2/34 MB | 710 kB | 0.8/12 MB | 0.2/56 MBProgress (5): 15/16 MB | 6.2/34 MB | 710 kB | 0.8/12 MB | 0.2/56 MBProgress (5): 15/16 MB | 6.2/34 MB | 710 kB | 0.8/12 MB | 0.2/56 MBProgress (5): 15/16 MB | 6.2/34 MB | 710 kB | 0.8/12 MB | 0.2/56 MBProgress (5): 15/16 MB | 6.2/34 MB | 710 kB | 0.8/12 MB | 0.2/56 MBProgress (5): 15/16 MB | 6.2/34 MB | 710 kB | 0.8/12 MB | 0.2/56 MBProgress (5): 15/16 MB | 6.2/34 MB | 710 kB | 0.8/12 MB | 0.2/56 MBProgress (5): 15/16 MB | 6.3/34 MB | 710 kB | 0.8/12 MB | 0.2/56 MBProgress (5): 15/16 MB | 6.3/34 MB | 710 kB | 0.8/12 MB | 0.2/56 MBProgress (5): 15/16 MB | 6.3/34 MB | 710 kB | 0.8/12 MB | 0.2/56 MBProgress (5): 15/16 MB | 6.3/34 MB | 710 kB | 0.8/12 MB | 0.2/56 MBProgress (5): 15/16 MB | 6.3/34 MB | 710 kB | 0.9/12 MB | 0.2/56 MBProgress (5): 15/16 MB | 6.3/34 MB | 710 kB | 0.9/12 MB | 0.2/56 MBProgress (5): 15/16 MB | 6.3/34 MB | 710 kB | 0.9/12 MB | 0.2/56 MBProgress (5): 15/16 MB | 6.3/34 MB | 710 kB | 0.9/12 MB | 0.2/56 MBProgress (5): 15/16 MB | 6.3/34 MB | 710 kB | 0.9/12 MB | 0.2/56 MBProgress (5): 15/16 MB | 6.3/34 MB | 710 kB | 0.9/12 MB | 0.2/56 MBProgress (5): 15/16 MB | 6.3/34 MB | 710 kB | 0.9/12 MB | 0.2/56 MBProgress (5): 15/16 MB | 6.3/34 MB | 710 kB | 0.9/12 MB | 0.2/56 MBProgress (5): 15/16 MB | 6.3/34 MB | 710 kB | 0.9/12 MB | 0.2/56 MBProgress (5): 15/16 MB | 6.3/34 MB | 710 kB | 0.9/12 MB | 0.2/56 MBProgress (5): 15/16 MB | 6.3/34 MB | 710 kB | 0.9/12 MB | 0.2/56 MBProgress (5): 15/16 MB | 6.3/34 MB | 710 kB | 0.9/12 MB | 0.2/56 MBProgress (5): 15/16 MB | 6.3/34 MB | 710 kB | 0.9/12 MB | 0.2/56 MBProgress (5): 16/16 MB | 6.3/34 MB | 710 kB | 0.9/12 MB | 0.2/56 MBProgress (5): 16/16 MB | 6.3/34 MB | 710 kB | 0.9/12 MB | 0.2/56 MBProgress (5): 16/16 MB | 6.3/34 MB | 710 kB | 1.0/12 MB | 0.2/56 MBProgress (5): 16/16 MB | 6.3/34 MB | 710 kB | 1.0/12 MB | 0.2/56 MBProgress (5): 16/16 MB | 6.3/34 MB | 710 kB | 1.0/12 MB | 0.2/56 MBProgress (5): 16/16 MB | 6.3/34 MB | 710 kB | 1.0/12 MB | 0.2/56 MBProgress (5): 16/16 MB | 6.3/34 MB | 710 kB | 1.0/12 MB | 0.2/56 MBProgress (5): 16/16 MB | 6.3/34 MB | 710 kB | 1.0/12 MB | 0.2/56 MBProgress (5): 16/16 MB | 6.3/34 MB | 710 kB | 1.0/12 MB | 0.2/56 MBProgress (5): 16/16 MB | 6.3/34 MB | 710 kB | 1.0/12 MB | 0.2/56 MBProgress (5): 16/16 MB | 6.3/34 MB | 710 kB | 1.0/12 MB | 0.2/56 MBProgress (5): 16/16 MB | 6.3/34 MB | 710 kB | 1.0/12 MB | 0.3/56 MBProgress (5): 16/16 MB | 6.3/34 MB | 710 kB | 1.0/12 MB | 0.3/56 MBProgress (5): 16/16 MB | 6.3/34 MB | 710 kB | 1.0/12 MB | 0.3/56 MBProgress (5): 16/16 MB | 6.3/34 MB | 710 kB | 1.0/12 MB | 0.3/56 MBProgress (5): 16/16 MB | 6.3/34 MB | 710 kB | 1.0/12 MB | 0.3/56 MBProgress (5): 16/16 MB | 6.3/34 MB | 710 kB | 1.1/12 MB | 0.3/56 MBProgress (5): 16/16 MB | 6.3/34 MB | 710 kB | 1.1/12 MB | 0.3/56 MBProgress (5): 16/16 MB | 6.3/34 MB | 710 kB | 1.1/12 MB | 0.3/56 MBProgress (5): 16/16 MB | 6.3/34 MB | 710 kB | 1.1/12 MB | 0.3/56 MBProgress (5): 16/16 MB | 6.3/34 MB | 710 kB | 1.1/12 MB | 0.3/56 MBProgress (5): 16/16 MB | 6.3/34 MB | 710 kB | 1.1/12 MB | 0.3/56 MBProgress (5): 16/16 MB | 6.3/34 MB | 710 kB | 1.1/12 MB | 0.3/56 MBProgress (5): 16/16 MB | 6.3/34 MB | 710 kB | 1.1/12 MB | 0.3/56 MBProgress (5): 16/16 MB | 6.3/34 MB | 710 kB | 1.1/12 MB | 0.3/56 MBProgress (5): 16/16 MB | 6.3/34 MB | 710 kB | 1.1/12 MB | 0.3/56 MBProgress (5): 16/16 MB | 6.3/34 MB | 710 kB | 1.1/12 MB | 0.3/56 MBProgress (5): 16/16 MB | 6.3/34 MB | 710 kB | 1.1/12 MB | 0.3/56 MBProgress (5): 16/16 MB | 6.3/34 MB | 710 kB | 1.1/12 MB | 0.3/56 MBProgress (5): 16/16 MB | 6.3/34 MB | 710 kB | 1.1/12 MB | 0.3/56 MBProgress (5): 16/16 MB | 6.3/34 MB | 710 kB | 1.1/12 MB | 0.3/56 MBProgress (5): 16/16 MB | 6.3/34 MB | 710 kB | 1.1/12 MB | 0.3/56 MBProgress (5): 16/16 MB | 6.3/34 MB | 710 kB | 1.1/12 MB | 0.3/56 MBProgress (5): 16/16 MB | 6.4/34 MB | 710 kB | 1.1/12 MB | 0.3/56 MBProgress (5): 16/16 MB | 6.4/34 MB | 710 kB | 1.1/12 MB | 0.3/56 MBProgress (5): 16/16 MB | 6.4/34 MB | 710 kB | 1.1/12 MB | 0.3/56 MB                                                                   Downloaded from aliyun: https://maven.aliyun.com/repository/public/com/github/weisj/jsvg/1.7.0/jsvg-1.7.0.jar (710 kB at 122 kB/s)
Progress (4): 16/16 MB | 6.4/34 MB | 1.1/12 MB | 0.3/56 MB                                                          Downloading from aliyun: https://maven.aliyun.com/repository/public/com/sun/mail/javax.mail/1.6.2/javax.mail-1.6.2.jar
Progress (4): 16/16 MB | 6.4/34 MB | 1.1/12 MB | 0.3/56 MBProgress (4): 16/16 MB | 6.4/34 MB | 1.1/12 MB | 0.4/56 MBProgress (4): 16/16 MB | 6.4/34 MB | 1.1/12 MB | 0.4/56 MBProgress (4): 16/16 MB | 6.4/34 MB | 1.1/12 MB | 0.4/56 MBProgress (4): 16/16 MB | 6.4/34 MB | 1.1/12 MB | 0.4/56 MBProgress (4): 16/16 MB | 6.4/34 MB | 1.1/12 MB | 0.4/56 MBProgress (4): 16/16 MB | 6.4/34 MB | 1.1/12 MB | 0.4/56 MBProgress (4): 16/16 MB | 6.4/34 MB | 1.2/12 MB | 0.4/56 MBProgress (4): 16/16 MB | 6.4/34 MB | 1.2/12 MB | 0.4/56 MBProgress (4): 16/16 MB | 6.4/34 MB | 1.2/12 MB | 0.4/56 MBProgress (4): 16/16 MB | 6.4/34 MB | 1.2/12 MB | 0.4/56 MBProgress (4): 16/16 MB | 6.4/34 MB | 1.2/12 MB | 0.4/56 MBProgress (4): 16/16 MB | 6.4/34 MB | 1.2/12 MB | 0.4/56 MBProgress (4): 16/16 MB | 6.4/34 MB | 1.2/12 MB | 0.4/56 MBProgress (4): 16/16 MB | 6.4/34 MB | 1.2/12 MB | 0.4/56 MBProgress (4): 16/16 MB | 6.4/34 MB | 1.2/12 MB | 0.4/56 MBProgress (4): 16/16 MB | 6.4/34 MB | 1.2/12 MB | 0.4/56 MBProgress (4): 16/16 MB | 6.4/34 MB | 1.2/12 MB | 0.4/56 MBProgress (4): 16/16 MB | 6.4/34 MB | 1.2/12 MB | 0.4/56 MBProgress (4): 16/16 MB | 6.4/34 MB | 1.3/12 MB | 0.4/56 MBProgress (4): 16/16 MB | 6.4/34 MB | 1.3/12 MB | 0.4/56 MBProgress (4): 16/16 MB | 6.4/34 MB | 1.3/12 MB | 0.4/56 MBProgress (4): 16/16 MB | 6.4/34 MB | 1.3/12 MB | 0.4/56 MBProgress (4): 16/16 MB | 6.4/34 MB | 1.3/12 MB | 0.4/56 MBProgress (4): 16/16 MB | 6.4/34 MB | 1.3/12 MB | 0.4/56 MBProgress (4): 16/16 MB | 6.4/34 MB | 1.3/12 MB | 0.4/56 MBProgress (4): 16/16 MB | 6.4/34 MB | 1.3/12 MB | 0.4/56 MBProgress (4): 16/16 MB | 6.4/34 MB | 1.3/12 MB | 0.4/56 MBProgress (4): 16/16 MB | 6.4/34 MB | 1.3/12 MB | 0.4/56 MBProgress (4): 16/16 MB | 6.4/34 MB | 1.3/12 MB | 0.4/56 MBProgress (4): 16/16 MB | 6.4/34 MB | 1.3/12 MB | 0.4/56 MBProgress (4): 16/16 MB | 6.4/34 MB | 1.3/12 MB | 0.4/56 MBProgress (4): 16/16 MB | 6.4/34 MB | 1.4/12 MB | 0.4/56 MBProgress (5): 16/16 MB | 6.4/34 MB | 1.4/12 MB | 0.4/56 MB | 1.9/659 kBProgress (5): 16/16 MB | 6.4/34 MB | 1.4/12 MB | 0.4/56 MB | 18/659 kB Progress (5): 16/16 MB | 6.4/34 MB | 1.4/12 MB | 0.4/56 MB | 18/659 kBProgress (5): 16/16 MB | 6.4/34 MB | 1.4/12 MB | 0.4/56 MB | 18/659 kBProgress (5): 16/16 MB | 6.4/34 MB | 1.4/12 MB | 0.4/56 MB | 18/659 kBProgress (5): 16/16 MB | 6.4/34 MB | 1.4/12 MB | 0.4/56 MB | 18/659 kBProgress (5): 16/16 MB | 6.4/34 MB | 1.4/12 MB | 0.4/56 MB | 18/659 kBProgress (5): 16/16 MB | 6.4/34 MB | 1.4/12 MB | 0.4/56 MB | 18/659 kBProgress (5): 16/16 MB | 6.4/34 MB | 1.4/12 MB | 0.5/56 MB | 18/659 kBProgress (5): 16/16 MB | 6.4/34 MB | 1.4/12 MB | 0.5/56 MB | 18/659 kBProgress (5): 16/16 MB | 6.4/34 MB | 1.4/12 MB | 0.5/56 MB | 18/659 kBProgress (5): 16/16 MB | 6.4/34 MB | 1.4/12 MB | 0.5/56 MB | 35/659 kBProgress (5): 16/16 MB | 6.4/34 MB | 1.5/12 MB | 0.5/56 MB | 35/659 kBProgress (5): 16/16 MB | 6.4/34 MB | 1.5/12 MB | 0.5/56 MB | 51/659 kBProgress (5): 16/16 MB | 6.4/34 MB | 1.5/12 MB | 0.5/56 MB | 51/659 kBProgress (5): 16/16 MB | 6.4/34 MB | 1.5/12 MB | 0.5/56 MB | 51/659 kBProgress (5): 16/16 MB | 6.4/34 MB | 1.5/12 MB | 0.5/56 MB | 51/659 kBProgress (5): 16/16 MB | 6.4/34 MB | 1.5/12 MB | 0.5/56 MB | 51/659 kBProgress (5): 16/16 MB | 6.4/34 MB | 1.5/12 MB | 0.5/56 MB | 51/659 kBProgress (5): 16/16 MB | 6.4/34 MB | 1.5/12 MB | 0.5/56 MB | 51/659 kBProgress (5): 16/16 MB | 6.4/34 MB | 1.5/12 MB | 0.5/56 MB | 51/659 kBProgress (5): 16/16 MB | 6.4/34 MB | 1.5/12 MB | 0.5/56 MB | 51/659 kBProgress (5): 16/16 MB | 6.4/34 MB | 1.5/12 MB | 0.5/56 MB | 67/659 kBProgress (5): 16/16 MB | 6.4/34 MB | 1.5/12 MB | 0.5/56 MB | 84/659 kBProgress (5): 16/16 MB | 6.4/34 MB | 1.5/12 MB | 0.5/56 MB | 84/659 kBProgress (5): 16/16 MB | 6.4/34 MB | 1.5/12 MB | 0.5/56 MB | 100/659 kBProgress (5): 16/16 MB | 6.4/34 MB | 1.5/12 MB | 0.5/56 MB | 100/659 kBProgress (5): 16/16 MB | 6.4/34 MB | 1.5/12 MB | 0.5/56 MB | 100/659 kBProgress (5): 16/16 MB | 6.4/34 MB | 1.5/12 MB | 0.5/56 MB | 100/659 kBProgress (5): 16/16 MB | 6.4/34 MB | 1.5/12 MB | 0.5/56 MB | 100/659 kBProgress (5): 16/16 MB | 6.4/34 MB | 1.5/12 MB | 0.5/56 MB | 100/659 kBProgress (5): 16/16 MB | 6.4/34 MB | 1.5/12 MB | 0.5/56 MB | 100/659 kBProgress (5): 16/16 MB | 6.4/34 MB | 1.6/12 MB | 0.5/56 MB | 100/659 kBProgress (5): 16/16 MB | 6.4/34 MB | 1.6/12 MB | 0.5/56 MB | 100/659 kBProgress (5): 16/16 MB | 6.4/34 MB | 1.6/12 MB | 0.5/56 MB | 100/659 kBProgress (5): 16/16 MB | 6.4/34 MB | 1.6/12 MB | 0.5/56 MB | 100/659 kBProgress (5): 16/16 MB | 6.4/34 MB | 1.6/12 MB | 0.5/56 MB | 100/659 kBProgress (5): 16/16 MB | 6.4/34 MB | 1.6/12 MB | 0.5/56 MB | 100/659 kBProgress (5): 16/16 MB | 6.4/34 MB | 1.6/12 MB | 0.5/56 MB | 117/659 kBProgress (5): 16/16 MB | 6.4/34 MB | 1.6/12 MB | 0.5/56 MB | 132/659 kBProgress (5): 16/16 MB | 6.4/34 MB | 1.6/12 MB | 0.5/56 MB | 135/659 kBProgress (5): 16/16 MB | 6.4/34 MB | 1.6/12 MB | 0.5/56 MB | 145/659 kBProgress (5): 16/16 MB | 6.4/34 MB | 1.6/12 MB | 0.5/56 MB | 145/659 kBProgress (5): 16/16 MB | 6.4/34 MB | 1.6/12 MB | 0.5/56 MB | 161/659 kBProgress (5): 16/16 MB | 6.4/34 MB | 1.6/12 MB | 0.5/56 MB | 161/659 kBProgress (5): 16/16 MB | 6.4/34 MB | 1.6/12 MB | 0.5/56 MB | 161/659 kBProgress (5): 16/16 MB | 6.4/34 MB | 1.6/12 MB | 0.5/56 MB | 161/659 kBProgress (5): 16/16 MB | 6.5/34 MB | 1.6/12 MB | 0.5/56 MB | 161/659 kBProgress (5): 16/16 MB | 6.5/34 MB | 1.6/12 MB | 0.5/56 MB | 161/659 kBProgress (5): 16/16 MB | 6.5/34 MB | 1.6/12 MB | 0.5/56 MB | 161/659 kBProgress (5): 16/16 MB | 6.5/34 MB | 1.6/12 MB | 0.5/56 MB | 161/659 kBProgress (5): 16/16 MB | 6.5/34 MB | 1.6/12 MB | 0.5/56 MB | 161/659 kBProgress (5): 16/16 MB | 6.5/34 MB | 1.6/12 MB | 0.5/56 MB | 178/659 kBProgress (5): 16/16 MB | 6.5/34 MB | 1.6/12 MB | 0.5/56 MB | 178/659 kBProgress (5): 16/16 MB | 6.5/34 MB | 1.6/12 MB | 0.5/56 MB | 178/659 kBProgress (5): 16/16 MB | 6.5/34 MB | 1.6/12 MB | 0.5/56 MB | 178/659 kBProgress (5): 16/16 MB | 6.5/34 MB | 1.6/12 MB | 0.5/56 MB | 178/659 kBProgress (5): 16/16 MB | 6.5/34 MB | 1.6/12 MB | 0.5/56 MB | 178/659 kBProgress (5): 16/16 MB | 6.5/34 MB | 1.6/12 MB | 0.6/56 MB | 178/659 kBProgress (5): 16/16 MB | 6.5/34 MB | 1.6/12 MB | 0.6/56 MB | 178/659 kBProgress (5): 16/16 MB | 6.5/34 MB | 1.7/12 MB | 0.6/56 MB | 178/659 kBProgress (5): 16/16 MB | 6.5/34 MB | 1.7/12 MB | 0.6/56 MB | 178/659 kBProgress (5): 16/16 MB | 6.5/34 MB | 1.7/12 MB | 0.6/56 MB | 178/659 kBProgress (5): 16/16 MB | 6.5/34 MB | 1.7/12 MB | 0.6/56 MB | 178/659 kBProgress (5): 16/16 MB | 6.5/34 MB | 1.7/12 MB | 0.6/56 MB | 194/659 kBProgress (5): 16/16 MB | 6.5/34 MB | 1.7/12 MB | 0.6/56 MB | 194/659 kBProgress (5): 16/16 MB | 6.5/34 MB | 1.7/12 MB | 0.6/56 MB | 211/659 kBProgress (5): 16/16 MB | 6.5/34 MB | 1.7/12 MB | 0.6/56 MB | 211/659 kBProgress (5): 16/16 MB | 6.5/34 MB | 1.7/12 MB | 0.6/56 MB | 211/659 kBProgress (5): 16/16 MB | 6.5/34 MB | 1.7/12 MB | 0.6/56 MB | 211/659 kBProgress (5): 16/16 MB | 6.5/34 MB | 1.7/12 MB | 0.6/56 MB | 211/659 kBProgress (5): 16/16 MB | 6.5/34 MB | 1.7/12 MB | 0.6/56 MB | 211/659 kBProgress (5): 16/16 MB | 6.5/34 MB | 1.7/12 MB | 0.6/56 MB | 211/659 kBProgress (5): 16/16 MB | 6.5/34 MB | 1.7/12 MB | 0.6/56 MB | 211/659 kBProgress (5): 16/16 MB | 6.5/34 MB | 1.7/12 MB | 0.6/56 MB | 211/659 kBProgress (5): 16/16 MB | 6.5/34 MB | 1.7/12 MB | 0.6/56 MB | 211/659 kBProgress (5): 16/16 MB | 6.5/34 MB | 1.7/12 MB | 0.6/56 MB | 211/659 kBProgress (5): 16/16 MB | 6.5/34 MB | 1.7/12 MB | 0.6/56 MB | 211/659 kBProgress (5): 16/16 MB | 6.5/34 MB | 1.7/12 MB | 0.6/56 MB | 211/659 kBProgress (5): 16/16 MB | 6.5/34 MB | 1.7/12 MB | 0.6/56 MB | 211/659 kBProgress (5): 16/16 MB | 6.5/34 MB | 1.7/12 MB | 0.6/56 MB | 211/659 kBProgress (5): 16/16 MB | 6.5/34 MB | 1.7/12 MB | 0.7/56 MB | 211/659 kBProgress (5): 16/16 MB | 6.5/34 MB | 1.7/12 MB | 0.7/56 MB | 211/659 kBProgress (5): 16/16 MB | 6.5/34 MB | 1.7/12 MB | 0.7/56 MB | 211/659 kBProgress (5): 16/16 MB | 6.5/34 MB | 1.8/12 MB | 0.7/56 MB | 211/659 kBProgress (5): 16/16 MB | 6.5/34 MB | 1.8/12 MB | 0.7/56 MB | 211/659 kBProgress (5): 16/16 MB | 6.5/34 MB | 1.8/12 MB | 0.7/56 MB | 211/659 kBProgress (5): 16/16 MB | 6.5/34 MB | 1.8/12 MB | 0.7/56 MB | 211/659 kBProgress (5): 16/16 MB | 6.5/34 MB | 1.8/12 MB | 0.7/56 MB | 211/659 kBProgress (5): 16/16 MB | 6.5/34 MB | 1.8/12 MB | 0.7/56 MB | 211/659 kBProgress (5): 16/16 MB | 6.5/34 MB | 1.8/12 MB | 0.7/56 MB | 211/659 kBProgress (5): 16/16 MB | 6.5/34 MB | 1.8/12 MB | 0.7/56 MB | 211/659 kBProgress (5): 16/16 MB | 6.5/34 MB | 1.8/12 MB | 0.7/56 MB | 211/659 kBProgress (5): 16/16 MB | 6.5/34 MB | 1.8/12 MB | 0.7/56 MB | 227/659 kBProgress (5): 16/16 MB | 6.5/34 MB | 1.8/12 MB | 0.7/56 MB | 227/659 kBProgress (5): 16/16 MB | 6.6/34 MB | 1.8/12 MB | 0.7/56 MB | 227/659 kBProgress (5): 16/16 MB | 6.6/34 MB | 1.8/12 MB | 0.7/56 MB | 243/659 kBProgress (5): 16/16 MB | 6.6/34 MB | 1.8/12 MB | 0.7/56 MB | 243/659 kBProgress (5): 16/16 MB | 6.6/34 MB | 1.8/12 MB | 0.7/56 MB | 243/659 kBProgress (5): 16/16 MB | 6.6/34 MB | 1.8/12 MB | 0.7/56 MB | 243/659 kBProgress (5): 16/16 MB | 6.6/34 MB | 1.8/12 MB | 0.7/56 MB | 243/659 kBProgress (5): 16/16 MB | 6.6/34 MB | 1.8/12 MB | 0.7/56 MB | 243/659 kBProgress (5): 16/16 MB | 6.6/34 MB | 1.8/12 MB | 0.7/56 MB | 243/659 kBProgress (5): 16/16 MB | 6.6/34 MB | 1.8/12 MB | 0.7/56 MB | 243/659 kBProgress (5): 16/16 MB | 6.6/34 MB | 1.8/12 MB | 0.7/56 MB | 243/659 kBProgress (5): 16/16 MB | 6.6/34 MB | 1.8/12 MB | 0.7/56 MB | 260/659 kBProgress (5): 16/16 MB | 6.6/34 MB | 1.8/12 MB | 0.7/56 MB | 260/659 kBProgress (5): 16/16 MB | 6.6/34 MB | 1.8/12 MB | 0.7/56 MB | 260/659 kBProgress (5): 16/16 MB | 6.6/34 MB | 1.8/12 MB | 0.7/56 MB | 260/659 kBProgress (5): 16/16 MB | 6.6/34 MB | 1.8/12 MB | 0.7/56 MB | 260/659 kBProgress (5): 16/16 MB | 6.6/34 MB | 1.8/12 MB | 0.7/56 MB | 260/659 kBProgress (5): 16/16 MB | 6.6/34 MB | 1.8/12 MB | 0.7/56 MB | 260/659 kBProgress (5): 16/16 MB | 6.6/34 MB | 1.8/12 MB | 0.7/56 MB | 260/659 kBProgress (5): 16/16 MB | 6.6/34 MB | 1.9/12 MB | 0.7/56 MB | 260/659 kBProgress (5): 16/16 MB | 6.6/34 MB | 1.9/12 MB | 0.7/56 MB | 260/659 kBProgress (5): 16/16 MB | 6.6/34 MB | 1.9/12 MB | 0.8/56 MB | 260/659 kBProgress (5): 16/16 MB | 6.6/34 MB | 1.9/12 MB | 0.8/56 MB | 260/659 kBProgress (5): 16/16 MB | 6.6/34 MB | 1.9/12 MB | 0.8/56 MB | 260/659 kBProgress (5): 16/16 MB | 6.6/34 MB | 1.9/12 MB | 0.8/56 MB | 260/659 kBProgress (5): 16/16 MB | 6.6/34 MB | 1.9/12 MB | 0.8/56 MB | 276/659 kBProgress (5): 16/16 MB | 6.6/34 MB | 1.9/12 MB | 0.8/56 MB | 276/659 kBProgress (5): 16/16 MB | 6.6/34 MB | 1.9/12 MB | 0.8/56 MB | 276/659 kBProgress (5): 16/16 MB | 6.6/34 MB | 1.9/12 MB | 0.8/56 MB | 276/659 kBProgress (5): 16/16 MB | 6.6/34 MB | 1.9/12 MB | 0.8/56 MB | 276/659 kBProgress (5): 16/16 MB | 6.6/34 MB | 1.9/12 MB | 0.8/56 MB | 276/659 kBProgress (5): 16/16 MB | 6.6/34 MB | 1.9/12 MB | 0.8/56 MB | 276/659 kBProgress (5): 16/16 MB | 6.6/34 MB | 1.9/12 MB | 0.8/56 MB | 276/659 kBProgress (5): 16/16 MB | 6.6/34 MB | 2.0/12 MB | 0.8/56 MB | 276/659 kBProgress (5): 16/16 MB | 6.6/34 MB | 2.0/12 MB | 0.8/56 MB | 276/659 kBProgress (5): 16/16 MB | 6.6/34 MB | 2.0/12 MB | 0.8/56 MB | 276/659 kBProgress (5): 16/16 MB | 6.7/34 MB | 2.0/12 MB | 0.8/56 MB | 276/659 kBProgress (5): 16/16 MB | 6.7/34 MB | 2.0/12 MB | 0.8/56 MB | 276/659 kBProgress (5): 16/16 MB | 6.7/34 MB | 2.0/12 MB | 0.8/56 MB | 276/659 kBProgress (5): 16/16 MB | 6.7/34 MB | 2.0/12 MB | 0.9/56 MB | 276/659 kBProgress (5): 16/16 MB | 6.7/34 MB | 2.0/12 MB | 0.9/56 MB | 276/659 kBProgress (5): 16/16 MB | 6.7/34 MB | 2.0/12 MB | 0.9/56 MB | 292/659 kBProgress (5): 16/16 MB | 6.7/34 MB | 2.0/12 MB | 0.9/56 MB | 292/659 kBProgress (5): 16/16 MB | 6.7/34 MB | 2.0/12 MB | 0.9/56 MB | 309/659 kBProgress (5): 16/16 MB | 6.7/34 MB | 2.0/12 MB | 0.9/56 MB | 309/659 kBProgress (5): 16/16 MB | 6.7/34 MB | 2.0/12 MB | 0.9/56 MB | 309/659 kBProgress (5): 16/16 MB | 6.7/34 MB | 2.0/12 MB | 0.9/56 MB | 309/659 kBProgress (5): 16/16 MB | 6.7/34 MB | 2.0/12 MB | 0.9/56 MB | 309/659 kBProgress (5): 16/16 MB | 6.7/34 MB | 2.0/12 MB | 0.9/56 MB | 309/659 kBProgress (5): 16/16 MB | 6.7/34 MB | 2.0/12 MB | 0.9/56 MB | 309/659 kBProgress (5): 16/16 MB | 6.7/34 MB | 2.0/12 MB | 0.9/56 MB | 325/659 kBProgress (5): 16/16 MB | 6.7/34 MB | 2.0/12 MB | 0.9/56 MB | 325/659 kBProgress (5): 16/16 MB | 6.7/34 MB | 2.0/12 MB | 0.9/56 MB | 325/659 kBProgress (5): 16/16 MB | 6.7/34 MB | 2.0/12 MB | 0.9/56 MB | 325/659 kBProgress (5): 16/16 MB | 6.7/34 MB | 2.1/12 MB | 0.9/56 MB | 325/659 kBProgress (5): 16/16 MB | 6.7/34 MB | 2.1/12 MB | 0.9/56 MB | 325/659 kBProgress (5): 16/16 MB | 6.7/34 MB | 2.1/12 MB | 1.0/56 MB | 325/659 kBProgress (5): 16/16 MB | 6.7/34 MB | 2.1/12 MB | 1.0/56 MB | 325/659 kBProgress (5): 16/16 MB | 6.7/34 MB | 2.1/12 MB | 1.0/56 MB | 325/659 kBProgress (5): 16/16 MB | 6.7/34 MB | 2.1/12 MB | 1.0/56 MB | 325/659 kBProgress (5): 16/16 MB | 6.7/34 MB | 2.1/12 MB | 1.0/56 MB | 325/659 kBProgress (5): 16/16 MB | 6.7/34 MB | 2.1/12 MB | 1.0/56 MB | 342/659 kBProgress (5): 16/16 MB | 6.7/34 MB | 2.1/12 MB | 1.0/56 MB | 342/659 kBProgress (5): 16/16 MB | 6.7/34 MB | 2.1/12 MB | 1.0/56 MB | 342/659 kBProgress (5): 16/16 MB | 6.7/34 MB | 2.1/12 MB | 1.0/56 MB | 342/659 kBProgress (5): 16/16 MB | 6.7/34 MB | 2.1/12 MB | 1.0/56 MB | 342/659 kBProgress (5): 16/16 MB | 6.7/34 MB | 2.1/12 MB | 1.0/56 MB | 342/659 kBProgress (5): 16/16 MB | 6.7/34 MB | 2.1/12 MB | 1.0/56 MB | 342/659 kBProgress (5): 16/16 MB | 6.7/34 MB | 2.1/12 MB | 1.0/56 MB | 342/659 kBProgress (5): 16/16 MB | 6.7/34 MB | 2.1/12 MB | 1.0/56 MB | 342/659 kBProgress (5): 16/16 MB | 6.7/34 MB | 2.1/12 MB | 1.0/56 MB | 358/659 kBProgress (5): 16/16 MB | 6.7/34 MB | 2.1/12 MB | 1.0/56 MB | 358/659 kBProgress (5): 16/16 MB | 6.7/34 MB | 2.1/12 MB | 1.0/56 MB | 358/659 kBProgress (5): 16/16 MB | 6.7/34 MB | 2.1/12 MB | 1.0/56 MB | 358/659 kBProgress (5): 16/16 MB | 6.8/34 MB | 2.1/12 MB | 1.0/56 MB | 358/659 kBProgress (5): 16/16 MB | 6.8/34 MB | 2.1/12 MB | 1.0/56 MB | 358/659 kBProgress (5): 16/16 MB | 6.8/34 MB | 2.1/12 MB | 1.0/56 MB | 358/659 kBProgress (5): 16/16 MB | 6.8/34 MB | 2.1/12 MB | 1.0/56 MB | 358/659 kBProgress (5): 16/16 MB | 6.8/34 MB | 2.1/12 MB | 1.0/56 MB | 358/659 kBProgress (5): 16/16 MB | 6.8/34 MB | 2.1/12 MB | 1.0/56 MB | 374/659 kBProgress (5): 16/16 MB | 6.8/34 MB | 2.1/12 MB | 1.0/56 MB | 374/659 kBProgress (5): 16/16 MB | 6.8/34 MB | 2.1/12 MB | 1.0/56 MB | 374/659 kBProgress (5): 16/16 MB | 6.8/34 MB | 2.1/12 MB | 1.0/56 MB | 374/659 kBProgress (5): 16/16 MB | 6.8/34 MB | 2.1/12 MB | 1.0/56 MB | 374/659 kBProgress (5): 16/16 MB | 6.8/34 MB | 2.1/12 MB | 1.0/56 MB | 374/659 kBProgress (5): 16/16 MB | 6.8/34 MB | 2.2/12 MB | 1.0/56 MB | 374/659 kBProgress (5): 16/16 MB | 6.8/34 MB | 2.2/12 MB | 1.0/56 MB | 374/659 kBProgress (5): 16/16 MB | 6.8/34 MB | 2.2/12 MB | 1.0/56 MB | 374/659 kBProgress (5): 16/16 MB | 6.8/34 MB | 2.2/12 MB | 1.0/56 MB | 391/659 kBProgress (5): 16/16 MB | 6.8/34 MB | 2.2/12 MB | 1.0/56 MB | 391/659 kBProgress (5): 16/16 MB | 6.8/34 MB | 2.2/12 MB | 1.0/56 MB | 399/659 kBProgress (5): 16/16 MB | 6.8/34 MB | 2.2/12 MB | 1.0/56 MB | 399/659 kBProgress (5): 16/16 MB | 6.8/34 MB | 2.2/12 MB | 1.0/56 MB | 402/659 kBProgress (5): 16/16 MB | 6.8/34 MB | 2.2/12 MB | 1.0/56 MB | 402/659 kBProgress (5): 16/16 MB | 6.8/34 MB | 2.2/12 MB | 1.0/56 MB | 411/659 kBProgress (5): 16/16 MB | 6.8/34 MB | 2.2/12 MB | 1.0/56 MB | 411/659 kBProgress (5): 16/16 MB | 6.8/34 MB | 2.2/12 MB | 1.0/56 MB | 411/659 kBProgress (5): 16/16 MB | 6.8/34 MB | 2.2/12 MB | 1.0/56 MB | 427/659 kBProgress (5): 16/16 MB | 6.8/34 MB | 2.2/12 MB | 1.0/56 MB | 427/659 kBProgress (5): 16 MB | 6.8/34 MB | 2.2/12 MB | 1.0/56 MB | 427/659 kB   Progress (5): 16 MB | 6.8/34 MB | 2.2/12 MB | 1.0/56 MB | 427/659 kBProgress (5): 16 MB | 6.8/34 MB | 2.3/12 MB | 1.0/56 MB | 427/659 kBProgress (5): 16 MB | 6.8/34 MB | 2.3/12 MB | 1.0/56 MB | 427/659 kBProgress (5): 16 MB | 6.8/34 MB | 2.3/12 MB | 1.1/56 MB | 427/659 kBProgress (5): 16 MB | 6.8/34 MB | 2.3/12 MB | 1.1/56 MB | 427/659 kBProgress (5): 16 MB | 6.8/34 MB | 2.3/12 MB | 1.1/56 MB | 427/659 kBProgress (5): 16 MB | 6.8/34 MB | 2.3/12 MB | 1.1/56 MB | 444/659 kBProgress (5): 16 MB | 6.8/34 MB | 2.3/12 MB | 1.1/56 MB | 444/659 kBProgress (5): 16 MB | 6.8/34 MB | 2.3/12 MB | 1.1/56 MB | 444/659 kBProgress (5): 16 MB | 6.8/34 MB | 2.3/12 MB | 1.1/56 MB | 444/659 kBProgress (5): 16 MB | 6.8/34 MB | 2.3/12 MB | 1.1/56 MB | 444/659 kBProgress (5): 16 MB | 6.8/34 MB | 2.3/12 MB | 1.1/56 MB | 444/659 kBProgress (5): 16 MB | 6.8/34 MB | 2.3/12 MB | 1.1/56 MB | 460/659 kBProgress (5): 16 MB | 6.8/34 MB | 2.3/12 MB | 1.1/56 MB | 460/659 kBProgress (5): 16 MB | 6.8/34 MB | 2.3/12 MB | 1.1/56 MB | 460/659 kBProgress (5): 16 MB | 6.8/34 MB | 2.3/12 MB | 1.1/56 MB | 460/659 kBProgress (5): 16 MB | 6.8/34 MB | 2.3/12 MB | 1.1/56 MB | 460/659 kBProgress (5): 16 MB | 6.8/34 MB | 2.3/12 MB | 1.1/56 MB | 460/659 kBProgress (5): 16 MB | 6.8/34 MB | 2.3/12 MB | 1.2/56 MB | 460/659 kBProgress (5): 16 MB | 6.8/34 MB | 2.3/12 MB | 1.2/56 MB | 476/659 kBProgress (5): 16 MB | 6.8/34 MB | 2.3/12 MB | 1.2/56 MB | 476/659 kBProgress (5): 16 MB | 6.8/34 MB | 2.3/12 MB | 1.2/56 MB | 476/659 kBProgress (5): 16 MB | 6.8/34 MB | 2.3/12 MB | 1.2/56 MB | 493/659 kBProgress (5): 16 MB | 6.8/34 MB | 2.3/12 MB | 1.2/56 MB | 493/659 kBProgress (5): 16 MB | 6.8/34 MB | 2.3/12 MB | 1.2/56 MB | 493/659 kBProgress (5): 16 MB | 6.8/34 MB | 2.4/12 MB | 1.2/56 MB | 493/659 kBProgress (5): 16 MB | 6.8/34 MB | 2.4/12 MB | 1.2/56 MB | 493/659 kBProgress (5): 16 MB | 6.8/34 MB | 2.4/12 MB | 1.2/56 MB | 493/659 kBProgress (5): 16 MB | 6.8/34 MB | 2.4/12 MB | 1.2/56 MB | 509/659 kBProgress (5): 16 MB | 6.8/34 MB | 2.4/12 MB | 1.2/56 MB | 509/659 kB                                                                    Downloaded from aliyun: https://maven.aliyun.com/repository/public/org/apache/poi/ooxml-schemas/1.4/ooxml-schemas-1.4.jar (16 MB at 2.6 MB/s)
Downloading from aliyun: https://maven.aliyun.com/repository/public/javax/activation/activation/1.1/activation-1.1.jar
Progress (4): 6.8/34 MB | 2.4/12 MB | 1.2/56 MB | 509/659 kBProgress (4): 6.8/34 MB | 2.4/12 MB | 1.2/56 MB | 509/659 kBProgress (4): 6.8/34 MB | 2.4/12 MB | 1.2/56 MB | 509/659 kBProgress (4): 6.8/34 MB | 2.4/12 MB | 1.3/56 MB | 509/659 kBProgress (4): 6.8/34 MB | 2.4/12 MB | 1.3/56 MB | 524/659 kBProgress (4): 6.8/34 MB | 2.4/12 MB | 1.3/56 MB | 527/659 kBProgress (4): 6.8/34 MB | 2.4/12 MB | 1.3/56 MB | 544/659 kBProgress (4): 6.8/34 MB | 2.4/12 MB | 1.3/56 MB | 560/659 kBProgress (4): 6.8/34 MB | 2.4/12 MB | 1.3/56 MB | 560/659 kBProgress (4): 6.8/34 MB | 2.4/12 MB | 1.3/56 MB | 560/659 kBProgress (4): 6.8/34 MB | 2.4/12 MB | 1.3/56 MB | 560/659 kBProgress (4): 6.8/34 MB | 2.4/12 MB | 1.3/56 MB | 560/659 kBProgress (4): 6.8/34 MB | 2.4/12 MB | 1.3/56 MB | 560/659 kBProgress (4): 6.8/34 MB | 2.4/12 MB | 1.3/56 MB | 560/659 kBProgress (4): 6.8/34 MB | 2.5/12 MB | 1.3/56 MB | 560/659 kBProgress (4): 6.8/34 MB | 2.5/12 MB | 1.3/56 MB | 560/659 kBProgress (4): 6.8/34 MB | 2.5/12 MB | 1.4/56 MB | 560/659 kBProgress (4): 6.8/34 MB | 2.5/12 MB | 1.4/56 MB | 570/659 kBProgress (4): 6.8/34 MB | 2.5/12 MB | 1.4/56 MB | 578/659 kBProgress (4): 6.8/34 MB | 2.5/12 MB | 1.4/56 MB | 595/659 kBProgress (4): 6.8/34 MB | 2.5/12 MB | 1.4/56 MB | 606/659 kBProgress (4): 6.8/34 MB | 2.5/12 MB | 1.4/56 MB | 606/659 kBProgress (4): 6.8/34 MB | 2.5/12 MB | 1.4/56 MB | 622/659 kBProgress (4): 6.8/34 MB | 2.5/12 MB | 1.4/56 MB | 622/659 kBProgress (4): 6.8/34 MB | 2.5/12 MB | 1.4/56 MB | 622/659 kBProgress (5): 6.8/34 MB | 2.5/12 MB | 1.4/56 MB | 622/659 kB | 7.3/63 kBProgress (5): 6.8/34 MB | 2.5/12 MB | 1.4/56 MB | 622/659 kB | 16/63 kB Progress (5): 6.8/34 MB | 2.5/12 MB | 1.4/56 MB | 639/659 kB | 16/63 kBProgress (5): 6.8/34 MB | 2.5/12 MB | 1.4/56 MB | 639/659 kB | 16/63 kBProgress (5): 6.8/34 MB | 2.5/12 MB | 1.4/56 MB | 655/659 kB | 16/63 kBProgress (5): 6.8/34 MB | 2.5/12 MB | 1.4/56 MB | 659 kB | 16/63 kB    Progress (5): 6.8/34 MB | 2.5/12 MB | 1.4/56 MB | 659 kB | 32/63 kBProgress (5): 6.8/34 MB | 2.5/12 MB | 1.4/56 MB | 659 kB | 32/63 kBProgress (5): 6.8/34 MB | 2.5/12 MB | 1.4/56 MB | 659 kB | 32/63 kBProgress (5): 6.8/34 MB | 2.5/12 MB | 1.4/56 MB | 659 kB | 32/63 kBProgress (5): 6.8/34 MB | 2.5/12 MB | 1.4/56 MB | 659 kB | 48/63 kBProgress (5): 6.8/34 MB | 2.5/12 MB | 1.4/56 MB | 659 kB | 63 kB   Progress (5): 6.8/34 MB | 2.5/12 MB | 1.4/56 MB | 659 kB | 63 kBProgress (5): 6.8/34 MB | 2.5/12 MB | 1.5/56 MB | 659 kB | 63 kBProgress (5): 6.9/34 MB | 2.5/12 MB | 1.5/56 MB | 659 kB | 63 kBProgress (5): 6.9/34 MB | 2.5/12 MB | 1.5/56 MB | 659 kB | 63 kBProgress (5): 6.9/34 MB | 2.5/12 MB | 1.5/56 MB | 659 kB | 63 kBProgress (5): 6.9/34 MB | 2.5/12 MB | 1.5/56 MB | 659 kB | 63 kBProgress (5): 6.9/34 MB | 2.5/12 MB | 1.5/56 MB | 659 kB | 63 kBProgress (5): 6.9/34 MB | 2.5/12 MB | 1.5/56 MB | 659 kB | 63 kBProgress (5): 6.9/34 MB | 2.5/12 MB | 1.5/56 MB | 659 kB | 63 kBProgress (5): 6.9/34 MB | 2.5/12 MB | 1.5/56 MB | 659 kB | 63 kBProgress (5): 6.9/34 MB | 2.5/12 MB | 1.5/56 MB | 659 kB | 63 kBProgress (5): 6.9/34 MB | 2.5/12 MB | 1.5/56 MB | 659 kB | 63 kBProgress (5): 6.9/34 MB | 2.5/12 MB | 1.5/56 MB | 659 kB | 63 kBProgress (5): 6.9/34 MB | 2.5/12 MB | 1.5/56 MB | 659 kB | 63 kBProgress (5): 6.9/34 MB | 2.6/12 MB | 1.5/56 MB | 659 kB | 63 kBProgress (5): 6.9/34 MB | 2.6/12 MB | 1.6/56 MB | 659 kB | 63 kBProgress (5): 6.9/34 MB | 2.6/12 MB | 1.6/56 MB | 659 kB | 63 kBProgress (5): 6.9/34 MB | 2.6/12 MB | 1.6/56 MB | 659 kB | 63 kBProgress (5): 6.9/34 MB | 2.6/12 MB | 1.6/56 MB | 659 kB | 63 kBProgress (5): 6.9/34 MB | 2.6/12 MB | 1.6/56 MB | 659 kB | 63 kBProgress (5): 6.9/34 MB | 2.6/12 MB | 1.6/56 MB | 659 kB | 63 kBProgress (5): 6.9/34 MB | 2.6/12 MB | 1.6/56 MB | 659 kB | 63 kBProgress (5): 6.9/34 MB | 2.6/12 MB | 1.6/56 MB | 659 kB | 63 kBProgress (5): 6.9/34 MB | 2.6/12 MB | 1.7/56 MB | 659 kB | 63 kBProgress (5): 6.9/34 MB | 2.6/12 MB | 1.7/56 MB | 659 kB | 63 kBProgress (5): 6.9/34 MB | 2.6/12 MB | 1.7/56 MB | 659 kB | 63 kBProgress (5): 6.9/34 MB | 2.6/12 MB | 1.7/56 MB | 659 kB | 63 kBProgress (5): 6.9/34 MB | 2.6/12 MB | 1.7/56 MB | 659 kB | 63 kBProgress (5): 6.9/34 MB | 2.6/12 MB | 1.7/56 MB | 659 kB | 63 kBProgress (5): 6.9/34 MB | 2.6/12 MB | 1.7/56 MB | 659 kB | 63 kBProgress (5): 6.9/34 MB | 2.6/12 MB | 1.7/56 MB | 659 kB | 63 kBProgress (5): 6.9/34 MB | 2.7/12 MB | 1.7/56 MB | 659 kB | 63 kBProgress (5): 6.9/34 MB | 2.7/12 MB | 1.7/56 MB | 659 kB | 63 kBProgress (5): 6.9/34 MB | 2.7/12 MB | 1.7/56 MB | 659 kB | 63 kBProgress (5): 6.9/34 MB | 2.7/12 MB | 1.7/56 MB | 659 kB | 63 kBProgress (5): 6.9/34 MB | 2.7/12 MB | 1.7/56 MB | 659 kB | 63 kBProgress (5): 6.9/34 MB | 2.7/12 MB | 1.7/56 MB | 659 kB | 63 kBProgress (5): 6.9/34 MB | 2.7/12 MB | 1.7/56 MB | 659 kB | 63 kBProgress (5): 6.9/34 MB | 2.7/12 MB | 1.8/56 MB | 659 kB | 63 kBProgress (5): 6.9/34 MB | 2.7/12 MB | 1.8/56 MB | 659 kB | 63 kBProgress (5): 7.0/34 MB | 2.7/12 MB | 1.8/56 MB | 659 kB | 63 kBProgress (5): 7.0/34 MB | 2.7/12 MB | 1.8/56 MB | 659 kB | 63 kBProgress (5): 7.0/34 MB | 2.7/12 MB | 1.8/56 MB | 659 kB | 63 kBProgress (5): 7.0/34 MB | 2.7/12 MB | 1.8/56 MB | 659 kB | 63 kBProgress (5): 7.0/34 MB | 2.7/12 MB | 1.8/56 MB | 659 kB | 63 kBProgress (5): 7.0/34 MB | 2.7/12 MB | 1.8/56 MB | 659 kB | 63 kBProgress (5): 7.0/34 MB | 2.7/12 MB | 1.8/56 MB | 659 kB | 63 kBProgress (5): 7.0/34 MB | 2.7/12 MB | 1.9/56 MB | 659 kB | 63 kBProgress (5): 7.0/34 MB | 2.7/12 MB | 1.9/56 MB | 659 kB | 63 kBProgress (5): 7.0/34 MB | 2.7/12 MB | 1.9/56 MB | 659 kB | 63 kBProgress (5): 7.0/34 MB | 2.7/12 MB | 1.9/56 MB | 659 kB | 63 kBProgress (5): 7.0/34 MB | 2.7/12 MB | 1.9/56 MB | 659 kB | 63 kBProgress (5): 7.0/34 MB | 2.7/12 MB | 1.9/56 MB | 659 kB | 63 kBProgress (5): 7.0/34 MB | 2.8/12 MB | 1.9/56 MB | 659 kB | 63 kBProgress (5): 7.0/34 MB | 2.8/12 MB | 2.0/56 MB | 659 kB | 63 kBProgress (5): 7.0/34 MB | 2.8/12 MB | 2.0/56 MB | 659 kB | 63 kBProgress (5): 7.0/34 MB | 2.8/12 MB | 2.0/56 MB | 659 kB | 63 kBProgress (5): 7.0/34 MB | 2.8/12 MB | 2.0/56 MB | 659 kB | 63 kBProgress (5): 7.0/34 MB | 2.8/12 MB | 2.0/56 MB | 659 kB | 63 kBProgress (5): 7.0/34 MB | 2.8/12 MB | 2.0/56 MB | 659 kB | 63 kBProgress (5): 7.0/34 MB | 2.8/12 MB | 2.0/56 MB | 659 kB | 63 kBProgress (5): 7.0/34 MB | 2.8/12 MB | 2.0/56 MB | 659 kB | 63 kBProgress (5): 7.0/34 MB | 2.8/12 MB | 2.0/56 MB | 659 kB | 63 kBProgress (5): 7.0/34 MB | 2.8/12 MB | 2.0/56 MB | 659 kB | 63 kBProgress (5): 7.0/34 MB | 2.8/12 MB | 2.0/56 MB | 659 kB | 63 kBProgress (5): 7.0/34 MB | 2.8/12 MB | 2.0/56 MB | 659 kB | 63 kBProgress (5): 7.0/34 MB | 2.9/12 MB | 2.0/56 MB | 659 kB | 63 kBProgress (5): 7.0/34 MB | 2.9/12 MB | 2.1/56 MB | 659 kB | 63 kBProgress (5): 7.0/34 MB | 2.9/12 MB | 2.1/56 MB | 659 kB | 63 kBProgress (5): 7.0/34 MB | 2.9/12 MB | 2.1/56 MB | 659 kB | 63 kBProgress (5): 7.0/34 MB | 2.9/12 MB | 2.1/56 MB | 659 kB | 63 kBProgress (5): 7.0/34 MB | 2.9/12 MB | 2.1/56 MB | 659 kB | 63 kBProgress (5): 7.0/34 MB | 2.9/12 MB | 2.1/56 MB | 659 kB | 63 kBProgress (5): 7.0/34 MB | 2.9/12 MB | 2.1/56 MB | 659 kB | 63 kBProgress (5): 7.0/34 MB | 2.9/12 MB | 2.1/56 MB | 659 kB | 63 kBProgress (5): 7.0/34 MB | 2.9/12 MB | 2.1/56 MB | 659 kB | 63 kBProgress (5): 7.0/34 MB | 2.9/12 MB | 2.1/56 MB | 659 kB | 63 kBProgress (5): 7.0/34 MB | 2.9/12 MB | 2.1/56 MB | 659 kB | 63 kBProgress (5): 7.0/34 MB | 2.9/12 MB | 2.1/56 MB | 659 kB | 63 kBProgress (5): 7.0/34 MB | 2.9/12 MB | 2.2/56 MB | 659 kB | 63 kBProgress (5): 7.0/34 MB | 2.9/12 MB | 2.2/56 MB | 659 kB | 63 kBProgress (5): 7.0/34 MB | 3.0/12 MB | 2.2/56 MB | 659 kB | 63 kBProgress (5): 7.0/34 MB | 3.0/12 MB | 2.2/56 MB | 659 kB | 63 kBProgress (5): 7.0/34 MB | 3.0/12 MB | 2.2/56 MB | 659 kB | 63 kBProgress (5): 7.0/34 MB | 3.0/12 MB | 2.2/56 MB | 659 kB | 63 kBProgress (5): 7.0/34 MB | 3.0/12 MB | 2.2/56 MB | 659 kB | 63 kBProgress (5): 7.0/34 MB | 3.0/12 MB | 2.2/56 MB | 659 kB | 63 kBProgress (5): 7.0/34 MB | 3.0/12 MB | 2.2/56 MB | 659 kB | 63 kBProgress (5): 7.0/34 MB | 3.0/12 MB | 2.2/56 MB | 659 kB | 63 kBProgress (5): 7.0/34 MB | 3.0/12 MB | 2.2/56 MB | 659 kB | 63 kBProgress (5): 7.0/34 MB | 3.0/12 MB | 2.2/56 MB | 659 kB | 63 kBProgress (5): 7.0/34 MB | 3.1/12 MB | 2.2/56 MB | 659 kB | 63 kBProgress (5): 7.0/34 MB | 3.1/12 MB | 2.2/56 MB | 659 kB | 63 kBProgress (5): 7.0/34 MB | 3.1/12 MB | 2.2/56 MB | 659 kB | 63 kBProgress (5): 7.0/34 MB | 3.1/12 MB | 2.2/56 MB | 659 kB | 63 kBProgress (5): 7.0/34 MB | 3.1/12 MB | 2.3/56 MB | 659 kB | 63 kBProgress (5): 7.0/34 MB | 3.1/12 MB | 2.3/56 MB | 659 kB | 63 kBProgress (5): 7.0/34 MB | 3.1/12 MB | 2.3/56 MB | 659 kB | 63 kBProgress (5): 7.0/34 MB | 3.1/12 MB | 2.3/56 MB | 659 kB | 63 kBProgress (5): 7.0/34 MB | 3.1/12 MB | 2.3/56 MB | 659 kB | 63 kB                                                                Downloaded from aliyun: https://maven.aliyun.com/repository/public/javax/activation/activation/1.1/activation-1.1.jar (63 kB at 9.8 kB/s)
Downloading from aliyun: https://maven.aliyun.com/repository/public/javax/mail/javax.mail-api/1.5.5/javax.mail-api-1.5.5.jar
Progress (4): 7.0/34 MB | 3.1/12 MB | 2.3/56 MB | 659 kB                                                        Downloaded from aliyun: https://maven.aliyun.com/repository/public/com/sun/mail/javax.mail/1.6.2/javax.mail-1.6.2.jar (659 kB at 103 kB/s)
Downloading from aliyun: https://maven.aliyun.com/repository/public/javax/mail/mail/1.4.7/mail-1.4.7.jar
Progress (3): 7.0/34 MB | 3.1/12 MB | 2.3/56 MBProgress (3): 7.0/34 MB | 3.1/12 MB | 2.3/56 MBProgress (3): 7.0/34 MB | 3.2/12 MB | 2.3/56 MBProgress (3): 7.0/34 MB | 3.2/12 MB | 2.3/56 MBProgress (3): 7.0/34 MB | 3.2/12 MB | 2.3/56 MBProgress (3): 7.0/34 MB | 3.2/12 MB | 2.3/56 MBProgress (3): 7.0/34 MB | 3.2/12 MB | 2.3/56 MBProgress (3): 7.0/34 MB | 3.2/12 MB | 2.4/56 MBProgress (3): 7.0/34 MB | 3.2/12 MB | 2.4/56 MBProgress (3): 7.0/34 MB | 3.2/12 MB | 2.4/56 MBProgress (3): 7.0/34 MB | 3.2/12 MB | 2.4/56 MBProgress (3): 7.0/34 MB | 3.2/12 MB | 2.4/56 MBProgress (3): 7.0/34 MB | 3.2/12 MB | 2.4/56 MBProgress (3): 7.0/34 MB | 3.3/12 MB | 2.4/56 MBProgress (3): 7.0/34 MB | 3.3/12 MB | 2.4/56 MBProgress (3): 7.0/34 MB | 3.3/12 MB | 2.4/56 MBProgress (3): 7.0/34 MB | 3.3/12 MB | 2.4/56 MBProgress (3): 7.0/34 MB | 3.3/12 MB | 2.4/56 MBProgress (3): 7.0/34 MB | 3.3/12 MB | 2.4/56 MBProgress (3): 7.0/34 MB | 3.3/12 MB | 2.4/56 MBProgress (3): 7.0/34 MB | 3.3/12 MB | 2.5/56 MBProgress (3): 7.0/34 MB | 3.3/12 MB | 2.5/56 MBProgress (3): 7.0/34 MB | 3.3/12 MB | 2.5/56 MBProgress (4): 7.0/34 MB | 3.3/12 MB | 2.5/56 MB | 7.3/521 kBProgress (4): 7.0/34 MB | 3.3/12 MB | 2.5/56 MB | 16/521 kB Progress (4): 7.0/34 MB | 3.3/12 MB | 2.5/56 MB | 18/521 kBProgress (4): 7.0/34 MB | 3.3/12 MB | 2.5/56 MB | 18/521 kBProgress (4): 7.0/34 MB | 3.3/12 MB | 2.5/56 MB | 18/521 kBProgress (4): 7.0/34 MB | 3.3/12 MB | 2.5/56 MB | 18/521 kBProgress (4): 7.0/34 MB | 3.3/12 MB | 2.5/56 MB | 18/521 kBProgress (4): 7.0/34 MB | 3.3/12 MB | 2.5/56 MB | 34/521 kBProgress (4): 7.0/34 MB | 3.3/12 MB | 2.5/56 MB | 34/521 kBProgress (4): 7.0/34 MB | 3.3/12 MB | 2.5/56 MB | 34/521 kBProgress (4): 7.0/34 MB | 3.3/12 MB | 2.5/56 MB | 34/521 kBProgress (4): 7.0/34 MB | 3.4/12 MB | 2.5/56 MB | 34/521 kBProgress (4): 7.0/34 MB | 3.4/12 MB | 2.5/56 MB | 34/521 kBProgress (4): 7.0/34 MB | 3.4/12 MB | 2.5/56 MB | 34/521 kBProgress (4): 7.0/34 MB | 3.4/12 MB | 2.6/56 MB | 34/521 kBProgress (4): 7.0/34 MB | 3.4/12 MB | 2.6/56 MB | 34/521 kBProgress (4): 7.0/34 MB | 3.4/12 MB | 2.6/56 MB | 51/521 kBProgress (4): 7.0/34 MB | 3.4/12 MB | 2.6/56 MB | 51/521 kBProgress (4): 7.1/34 MB | 3.4/12 MB | 2.6/56 MB | 51/521 kBProgress (4): 7.1/34 MB | 3.4/12 MB | 2.6/56 MB | 51/521 kBProgress (4): 7.1/34 MB | 3.4/12 MB | 2.6/56 MB | 67/521 kBProgress (4): 7.1/34 MB | 3.4/12 MB | 2.6/56 MB | 67/521 kBProgress (4): 7.1/34 MB | 3.4/12 MB | 2.6/56 MB | 67/521 kBProgress (4): 7.1/34 MB | 3.4/12 MB | 2.6/56 MB | 67/521 kBProgress (4): 7.1/34 MB | 3.4/12 MB | 2.6/56 MB | 67/521 kBProgress (4): 7.1/34 MB | 3.4/12 MB | 2.6/56 MB | 67/521 kBProgress (4): 7.1/34 MB | 3.5/12 MB | 2.6/56 MB | 67/521 kBProgress (4): 7.1/34 MB | 3.5/12 MB | 2.6/56 MB | 67/521 kBProgress (4): 7.1/34 MB | 3.5/12 MB | 2.6/56 MB | 67/521 kBProgress (4): 7.1/34 MB | 3.5/12 MB | 2.6/56 MB | 84/521 kBProgress (4): 7.1/34 MB | 3.5/12 MB | 2.6/56 MB | 84/521 kBProgress (4): 7.1/34 MB | 3.5/12 MB | 2.7/56 MB | 84/521 kBProgress (4): 7.1/34 MB | 3.5/12 MB | 2.7/56 MB | 84/521 kBProgress (4): 7.1/34 MB | 3.5/12 MB | 2.7/56 MB | 100/521 kBProgress (4): 7.1/34 MB | 3.5/12 MB | 2.7/56 MB | 100/521 kBProgress (4): 7.1/34 MB | 3.5/12 MB | 2.7/56 MB | 104/521 kBProgress (4): 7.1/34 MB | 3.5/12 MB | 2.7/56 MB | 113/521 kBProgress (4): 7.1/34 MB | 3.5/12 MB | 2.7/56 MB | 122/521 kBProgress (4): 7.1/34 MB | 3.5/12 MB | 2.7/56 MB | 122/521 kBProgress (4): 7.1/34 MB | 3.5/12 MB | 2.7/56 MB | 122/521 kBProgress (4): 7.1/34 MB | 3.5/12 MB | 2.7/56 MB | 129/521 kBProgress (4): 7.1/34 MB | 3.5/12 MB | 2.7/56 MB | 135/521 kBProgress (4): 7.1/34 MB | 3.5/12 MB | 2.7/56 MB | 135/521 kBProgress (4): 7.1/34 MB | 3.5/12 MB | 2.7/56 MB | 141/521 kBProgress (4): 7.1/34 MB | 3.5/12 MB | 2.7/56 MB | 141/521 kBProgress (5): 7.1/34 MB | 3.5/12 MB | 2.7/56 MB | 141/521 kB | 4.8/203 kBProgress (5): 7.1/34 MB | 3.6/12 MB | 2.7/56 MB | 141/521 kB | 4.8/203 kBProgress (5): 7.1/34 MB | 3.6/12 MB | 2.7/56 MB | 141/521 kB | 4.8/203 kBProgress (5): 7.1/34 MB | 3.6/12 MB | 2.7/56 MB | 151/521 kB | 4.8/203 kBProgress (5): 7.1/34 MB | 3.6/12 MB | 2.7/56 MB | 151/521 kB | 4.8/203 kBProgress (5): 7.1/34 MB | 3.6/12 MB | 2.7/56 MB | 151/521 kB | 21/203 kB Progress (5): 7.1/34 MB | 3.6/12 MB | 2.7/56 MB | 151/521 kB | 21/203 kBProgress (5): 7.1/34 MB | 3.6/12 MB | 2.7/56 MB | 151/521 kB | 21/203 kBProgress (5): 7.1/34 MB | 3.6/12 MB | 2.7/56 MB | 151/521 kB | 38/203 kBProgress (5): 7.1/34 MB | 3.6/12 MB | 2.7/56 MB | 151/521 kB | 38/203 kBProgress (5): 7.1/34 MB | 3.6/12 MB | 2.7/56 MB | 151/521 kB | 38/203 kBProgress (5): 7.1/34 MB | 3.6/12 MB | 2.7/56 MB | 151/521 kB | 38/203 kBProgress (5): 7.1/34 MB | 3.6/12 MB | 2.7/56 MB | 151/521 kB | 38/203 kBProgress (5): 7.1/34 MB | 3.6/12 MB | 2.7/56 MB | 151/521 kB | 38/203 kBProgress (5): 7.1/34 MB | 3.6/12 MB | 2.7/56 MB | 158/521 kB | 38/203 kBProgress (5): 7.1/34 MB | 3.6/12 MB | 2.7/56 MB | 168/521 kB | 38/203 kBProgress (5): 7.1/34 MB | 3.6/12 MB | 2.7/56 MB | 180/521 kB | 38/203 kBProgress (5): 7.1/34 MB | 3.6/12 MB | 2.7/56 MB | 187/521 kB | 38/203 kBProgress (5): 7.1/34 MB | 3.6/12 MB | 2.7/56 MB | 190/521 kB | 38/203 kBProgress (5): 7.1/34 MB | 3.6/12 MB | 2.7/56 MB | 195/521 kB | 38/203 kBProgress (5): 7.1/34 MB | 3.6/12 MB | 2.7/56 MB | 211/521 kB | 38/203 kBProgress (5): 7.1/34 MB | 3.6/12 MB | 2.7/56 MB | 217/521 kB | 38/203 kBProgress (5): 7.1/34 MB | 3.7/12 MB | 2.7/56 MB | 217/521 kB | 38/203 kBProgress (5): 7.1/34 MB | 3.7/12 MB | 2.7/56 MB | 217/521 kB | 38/203 kBProgress (5): 7.1/34 MB | 3.7/12 MB | 2.7/56 MB | 217/521 kB | 38/203 kBProgress (5): 7.1/34 MB | 3.7/12 MB | 2.8/56 MB | 217/521 kB | 38/203 kBProgress (5): 7.1/34 MB | 3.7/12 MB | 2.8/56 MB | 217/521 kB | 38/203 kBProgress (5): 7.1/34 MB | 3.7/12 MB | 2.8/56 MB | 225/521 kB | 38/203 kBProgress (5): 7.1/34 MB | 3.7/12 MB | 2.8/56 MB | 231/521 kB | 38/203 kBProgress (5): 7.1/34 MB | 3.7/12 MB | 2.8/56 MB | 231/521 kB | 38/203 kBProgress (5): 7.1/34 MB | 3.7/12 MB | 2.8/56 MB | 238/521 kB | 38/203 kBProgress (5): 7.1/34 MB | 3.7/12 MB | 2.8/56 MB | 255/521 kB | 38/203 kBProgress (5): 7.1/34 MB | 3.7/12 MB | 2.8/56 MB | 255/521 kB | 38/203 kBProgress (5): 7.1/34 MB | 3.7/12 MB | 2.8/56 MB | 259/521 kB | 38/203 kBProgress (5): 7.1/34 MB | 3.7/12 MB | 2.8/56 MB | 271/521 kB | 38/203 kBProgress (5): 7.1/34 MB | 3.7/12 MB | 2.8/56 MB | 271/521 kB | 38/203 kBProgress (5): 7.1/34 MB | 3.7/12 MB | 2.8/56 MB | 271/521 kB | 38/203 kBProgress (5): 7.1/34 MB | 3.7/12 MB | 2.8/56 MB | 271/521 kB | 54/203 kBProgress (5): 7.1/34 MB | 3.7/12 MB | 2.8/56 MB | 271/521 kB | 54/203 kBProgress (5): 7.1/34 MB | 3.7/12 MB | 2.8/56 MB | 271/521 kB | 70/203 kBProgress (5): 7.1/34 MB | 3.7/12 MB | 2.8/56 MB | 271/521 kB | 70/203 kBProgress (5): 7.1/34 MB | 3.7/12 MB | 2.8/56 MB | 285/521 kB | 70/203 kBProgress (5): 7.1/34 MB | 3.7/12 MB | 2.8/56 MB | 285/521 kB | 70/203 kBProgress (5): 7.1/34 MB | 3.7/12 MB | 2.8/56 MB | 285/521 kB | 70/203 kBProgress (5): 7.1/34 MB | 3.7/12 MB | 2.8/56 MB | 285/521 kB | 87/203 kBProgress (5): 7.1/34 MB | 3.7/12 MB | 2.8/56 MB | 285/521 kB | 87/203 kBProgress (5): 7.1/34 MB | 3.7/12 MB | 2.8/56 MB | 285/521 kB | 87/203 kBProgress (5): 7.1/34 MB | 3.7/12 MB | 2.9/56 MB | 285/521 kB | 87/203 kBProgress (5): 7.1/34 MB | 3.8/12 MB | 2.9/56 MB | 285/521 kB | 87/203 kBProgress (5): 7.1/34 MB | 3.8/12 MB | 2.9/56 MB | 285/521 kB | 87/203 kBProgress (5): 7.1/34 MB | 3.8/12 MB | 2.9/56 MB | 285/521 kB | 103/203 kBProgress (5): 7.1/34 MB | 3.8/12 MB | 2.9/56 MB | 297/521 kB | 103/203 kBProgress (5): 7.1/34 MB | 3.8/12 MB | 2.9/56 MB | 307/521 kB | 103/203 kBProgress (5): 7.1/34 MB | 3.8/12 MB | 2.9/56 MB | 310/521 kB | 103/203 kBProgress (5): 7.1/34 MB | 3.8/12 MB | 2.9/56 MB | 313/521 kB | 103/203 kBProgress (5): 7.2/34 MB | 3.8/12 MB | 2.9/56 MB | 313/521 kB | 103/203 kBProgress (5): 7.2/34 MB | 3.8/12 MB | 2.9/56 MB | 313/521 kB | 103/203 kBProgress (5): 7.2/34 MB | 3.8/12 MB | 2.9/56 MB | 313/521 kB | 103/203 kBProgress (5): 7.2/34 MB | 3.8/12 MB | 2.9/56 MB | 313/521 kB | 103/203 kBProgress (5): 7.2/34 MB | 3.8/12 MB | 2.9/56 MB | 313/521 kB | 103/203 kBProgress (5): 7.2/34 MB | 3.8/12 MB | 2.9/56 MB | 319/521 kB | 103/203 kBProgress (5): 7.2/34 MB | 3.8/12 MB | 2.9/56 MB | 332/521 kB | 103/203 kBProgress (5): 7.2/34 MB | 3.8/12 MB | 2.9/56 MB | 336/521 kB | 103/203 kBProgress (5): 7.2/34 MB | 3.8/12 MB | 2.9/56 MB | 341/521 kB | 103/203 kBProgress (5): 7.2/34 MB | 3.8/12 MB | 2.9/56 MB | 344/521 kB | 103/203 kBProgress (5): 7.2/34 MB | 3.8/12 MB | 2.9/56 MB | 348/521 kB | 103/203 kBProgress (5): 7.2/34 MB | 3.8/12 MB | 2.9/56 MB | 349/521 kB | 103/203 kBProgress (5): 7.2/34 MB | 3.8/12 MB | 2.9/56 MB | 354/521 kB | 103/203 kBProgress (5): 7.2/34 MB | 3.8/12 MB | 2.9/56 MB | 370/521 kB | 103/203 kBProgress (5): 7.2/34 MB | 3.8/12 MB | 2.9/56 MB | 377/521 kB | 103/203 kBProgress (5): 7.2/34 MB | 3.8/12 MB | 2.9/56 MB | 377/521 kB | 103/203 kBProgress (5): 7.2/34 MB | 3.8/12 MB | 2.9/56 MB | 384/521 kB | 103/203 kBProgress (5): 7.2/34 MB | 3.8/12 MB | 2.9/56 MB | 387/521 kB | 103/203 kBProgress (5): 7.2/34 MB | 3.8/12 MB | 2.9/56 MB | 393/521 kB | 103/203 kBProgress (5): 7.2/34 MB | 3.8/12 MB | 2.9/56 MB | 395/521 kB | 103/203 kBProgress (5): 7.2/34 MB | 3.8/12 MB | 2.9/56 MB | 395/521 kB | 103/203 kBProgress (5): 7.2/34 MB | 3.8/12 MB | 2.9/56 MB | 395/521 kB | 103/203 kBProgress (5): 7.2/34 MB | 3.8/12 MB | 2.9/56 MB | 395/521 kB | 103/203 kBProgress (5): 7.2/34 MB | 3.8/12 MB | 3.0/56 MB | 395/521 kB | 103/203 kBProgress (5): 7.2/34 MB | 3.8/12 MB | 3.0/56 MB | 395/521 kB | 103/203 kBProgress (5): 7.2/34 MB | 3.8/12 MB | 3.0/56 MB | 411/521 kB | 103/203 kBProgress (5): 7.2/34 MB | 3.8/12 MB | 3.0/56 MB | 414/521 kB | 103/203 kBProgress (5): 7.2/34 MB | 3.8/12 MB | 3.0/56 MB | 418/521 kB | 103/203 kBProgress (5): 7.2/34 MB | 3.8/12 MB | 3.0/56 MB | 418/521 kB | 120/203 kBProgress (5): 7.2/34 MB | 3.8/12 MB | 3.0/56 MB | 418/521 kB | 120/203 kBProgress (5): 7.2/34 MB | 3.8/12 MB | 3.0/56 MB | 418/521 kB | 120/203 kBProgress (5): 7.2/34 MB | 3.8/12 MB | 3.0/56 MB | 418/521 kB | 136/203 kBProgress (5): 7.2/34 MB | 3.8/12 MB | 3.0/56 MB | 418/521 kB | 136/203 kBProgress (5): 7.2/34 MB | 3.8/12 MB | 3.0/56 MB | 434/521 kB | 136/203 kBProgress (5): 7.2/34 MB | 3.8/12 MB | 3.0/56 MB | 434/521 kB | 136/203 kBProgress (5): 7.2/34 MB | 3.8/12 MB | 3.0/56 MB | 434/521 kB | 136/203 kBProgress (5): 7.2/34 MB | 3.8/12 MB | 3.0/56 MB | 434/521 kB | 136/203 kBProgress (5): 7.2/34 MB | 3.9/12 MB | 3.0/56 MB | 434/521 kB | 136/203 kBProgress (5): 7.2/34 MB | 3.9/12 MB | 3.0/56 MB | 434/521 kB | 136/203 kBProgress (5): 7.2/34 MB | 3.9/12 MB | 3.1/56 MB | 434/521 kB | 136/203 kBProgress (5): 7.2/34 MB | 3.9/12 MB | 3.1/56 MB | 434/521 kB | 152/203 kBProgress (5): 7.2/34 MB | 3.9/12 MB | 3.1/56 MB | 451/521 kB | 152/203 kBProgress (5): 7.2/34 MB | 3.9/12 MB | 3.1/56 MB | 467/521 kB | 152/203 kBProgress (5): 7.2/34 MB | 3.9/12 MB | 3.1/56 MB | 484/521 kB | 152/203 kBProgress (5): 7.2/34 MB | 3.9/12 MB | 3.1/56 MB | 484/521 kB | 152/203 kBProgress (5): 7.2/34 MB | 3.9/12 MB | 3.1/56 MB | 484/521 kB | 152/203 kBProgress (5): 7.2/34 MB | 3.9/12 MB | 3.1/56 MB | 484/521 kB | 152/203 kBProgress (5): 7.2/34 MB | 3.9/12 MB | 3.1/56 MB | 500/521 kB | 152/203 kBProgress (5): 7.2/34 MB | 3.9/12 MB | 3.1/56 MB | 500/521 kB | 152/203 kBProgress (5): 7.2/34 MB | 3.9/12 MB | 3.1/56 MB | 500/521 kB | 152/203 kBProgress (5): 7.2/34 MB | 3.9/12 MB | 3.1/56 MB | 516/521 kB | 152/203 kBProgress (5): 7.2/34 MB | 3.9/12 MB | 3.1/56 MB | 521 kB | 152/203 kB    Progress (5): 7.2/34 MB | 3.9/12 MB | 3.1/56 MB | 521 kB | 152/203 kBProgress (5): 7.2/34 MB | 3.9/12 MB | 3.1/56 MB | 521 kB | 152/203 kBProgress (5): 7.2/34 MB | 3.9/12 MB | 3.1/56 MB | 521 kB | 152/203 kBProgress (5): 7.2/34 MB | 3.9/12 MB | 3.2/56 MB | 521 kB | 152/203 kBProgress (5): 7.2/34 MB | 3.9/12 MB | 3.2/56 MB | 521 kB | 169/203 kBProgress (5): 7.2/34 MB | 3.9/12 MB | 3.2/56 MB | 521 kB | 169/203 kBProgress (5): 7.2/34 MB | 3.9/12 MB | 3.2/56 MB | 521 kB | 169/203 kBProgress (5): 7.2/34 MB | 3.9/12 MB | 3.2/56 MB | 521 kB | 169/203 kBProgress (5): 7.2/34 MB | 3.9/12 MB | 3.2/56 MB | 521 kB | 169/203 kBProgress (5): 7.2/34 MB | 4.0/12 MB | 3.2/56 MB | 521 kB | 169/203 kBProgress (5): 7.2/34 MB | 4.0/12 MB | 3.2/56 MB | 521 kB | 169/203 kBProgress (5): 7.2/34 MB | 4.0/12 MB | 3.2/56 MB | 521 kB | 185/203 kBProgress (5): 7.2/34 MB | 4.0/12 MB | 3.2/56 MB | 521 kB | 185/203 kBProgress (5): 7.2/34 MB | 4.0/12 MB | 3.2/56 MB | 521 kB | 185/203 kBProgress (5): 7.2/34 MB | 4.0/12 MB | 3.2/56 MB | 521 kB | 185/203 kBProgress (5): 7.2/34 MB | 4.0/12 MB | 3.2/56 MB | 521 kB | 201/203 kBProgress (5): 7.2/34 MB | 4.0/12 MB | 3.2/56 MB | 521 kB | 203 kB    Progress (5): 7.2/34 MB | 4.0/12 MB | 3.2/56 MB | 521 kB | 203 kBProgress (5): 7.2/34 MB | 4.0/12 MB | 3.2/56 MB | 521 kB | 203 kBProgress (5): 7.2/34 MB | 4.0/12 MB | 3.2/56 MB | 521 kB | 203 kBProgress (5): 7.2/34 MB | 4.0/12 MB | 3.3/56 MB | 521 kB | 203 kBProgress (5): 7.2/34 MB | 4.0/12 MB | 3.3/56 MB | 521 kB | 203 kBProgress (5): 7.2/34 MB | 4.0/12 MB | 3.3/56 MB | 521 kB | 203 kBProgress (5): 7.2/34 MB | 4.0/12 MB | 3.3/56 MB | 521 kB | 203 kBProgress (5): 7.2/34 MB | 4.0/12 MB | 3.3/56 MB | 521 kB | 203 kBProgress (5): 7.2/34 MB | 4.0/12 MB | 3.3/56 MB | 521 kB | 203 kBProgress (5): 7.2/34 MB | 4.0/12 MB | 3.3/56 MB | 521 kB | 203 kBProgress (5): 7.2/34 MB | 4.0/12 MB | 3.3/56 MB | 521 kB | 203 kBProgress (5): 7.2/34 MB | 4.0/12 MB | 3.3/56 MB | 521 kB | 203 kBProgress (5): 7.2/34 MB | 4.0/12 MB | 3.4/56 MB | 521 kB | 203 kBProgress (5): 7.2/34 MB | 4.0/12 MB | 3.4/56 MB | 521 kB | 203 kBProgress (5): 7.2/34 MB | 4.0/12 MB | 3.4/56 MB | 521 kB | 203 kBProgress (5): 7.2/34 MB | 4.0/12 MB | 3.4/56 MB | 521 kB | 203 kBProgress (5): 7.2/34 MB | 4.0/12 MB | 3.4/56 MB | 521 kB | 203 kBProgress (5): 7.3/34 MB | 4.0/12 MB | 3.4/56 MB | 521 kB | 203 kBProgress (5): 7.3/34 MB | 4.0/12 MB | 3.4/56 MB | 521 kB | 203 kBProgress (5): 7.3/34 MB | 4.1/12 MB | 3.4/56 MB | 521 kB | 203 kBProgress (5): 7.3/34 MB | 4.1/12 MB | 3.4/56 MB | 521 kB | 203 kBProgress (5): 7.3/34 MB | 4.1/12 MB | 3.4/56 MB | 521 kB | 203 kBProgress (5): 7.3/34 MB | 4.1/12 MB | 3.4/56 MB | 521 kB | 203 kBProgress (5): 7.3/34 MB | 4.1/12 MB | 3.5/56 MB | 521 kB | 203 kBProgress (5): 7.3/34 MB | 4.1/12 MB | 3.5/56 MB | 521 kB | 203 kBProgress (5): 7.3/34 MB | 4.1/12 MB | 3.5/56 MB | 521 kB | 203 kBProgress (5): 7.3/34 MB | 4.1/12 MB | 3.5/56 MB | 521 kB | 203 kBProgress (5): 7.3/34 MB | 4.1/12 MB | 3.5/56 MB | 521 kB | 203 kBProgress (5): 7.3/34 MB | 4.1/12 MB | 3.5/56 MB | 521 kB | 203 kBProgress (5): 7.3/34 MB | 4.1/12 MB | 3.5/56 MB | 521 kB | 203 kBProgress (5): 7.3/34 MB | 4.1/12 MB | 3.5/56 MB | 521 kB | 203 kBProgress (5): 7.3/34 MB | 4.1/12 MB | 3.5/56 MB | 521 kB | 203 kBProgress (5): 7.3/34 MB | 4.1/12 MB | 3.5/56 MB | 521 kB | 203 kBProgress (5): 7.3/34 MB | 4.2/12 MB | 3.5/56 MB | 521 kB | 203 kBProgress (5): 7.3/34 MB | 4.2/12 MB | 3.5/56 MB | 521 kB | 203 kBProgress (5): 7.3/34 MB | 4.2/12 MB | 3.5/56 MB | 521 kB | 203 kBProgress (5): 7.3/34 MB | 4.2/12 MB | 3.6/56 MB | 521 kB | 203 kBProgress (5): 7.3/34 MB | 4.2/12 MB | 3.6/56 MB | 521 kB | 203 kBProgress (5): 7.3/34 MB | 4.2/12 MB | 3.6/56 MB | 521 kB | 203 kBProgress (5): 7.3/34 MB | 4.2/12 MB | 3.6/56 MB | 521 kB | 203 kBProgress (5): 7.3/34 MB | 4.2/12 MB | 3.6/56 MB | 521 kB | 203 kBProgress (5): 7.3/34 MB | 4.2/12 MB | 3.6/56 MB | 521 kB | 203 kBProgress (5): 7.3/34 MB | 4.2/12 MB | 3.6/56 MB | 521 kB | 203 kBProgress (5): 7.3/34 MB | 4.2/12 MB | 3.6/56 MB | 521 kB | 203 kBProgress (5): 7.3/34 MB | 4.2/12 MB | 3.6/56 MB | 521 kB | 203 kBProgress (5): 7.3/34 MB | 4.2/12 MB | 3.6/56 MB | 521 kB | 203 kBProgress (5): 7.3/34 MB | 4.2/12 MB | 3.6/56 MB | 521 kB | 203 kBProgress (5): 7.3/34 MB | 4.2/12 MB | 3.6/56 MB | 521 kB | 203 kBProgress (5): 7.3/34 MB | 4.2/12 MB | 3.7/56 MB | 521 kB | 203 kBProgress (5): 7.3/34 MB | 4.2/12 MB | 3.7/56 MB | 521 kB | 203 kBProgress (5): 7.3/34 MB | 4.2/12 MB | 3.7/56 MB | 521 kB | 203 kBProgress (5): 7.3/34 MB | 4.2/12 MB | 3.7/56 MB | 521 kB | 203 kBProgress (5): 7.3/34 MB | 4.2/12 MB | 3.7/56 MB | 521 kB | 203 kBProgress (5): 7.3/34 MB | 4.2/12 MB | 3.7/56 MB | 521 kB | 203 kBProgress (5): 7.3/34 MB | 4.3/12 MB | 3.7/56 MB | 521 kB | 203 kBProgress (5): 7.3/34 MB | 4.3/12 MB | 3.7/56 MB | 521 kB | 203 kBProgress (5): 7.3/34 MB | 4.3/12 MB | 3.7/56 MB | 521 kB | 203 kBProgress (5): 7.3/34 MB | 4.3/12 MB | 3.7/56 MB | 521 kB | 203 kBProgress (5): 7.3/34 MB | 4.3/12 MB | 3.8/56 MB | 521 kB | 203 kBProgress (5): 7.3/34 MB | 4.3/12 MB | 3.8/56 MB | 521 kB | 203 kBProgress (5): 7.3/34 MB | 4.3/12 MB | 3.8/56 MB | 521 kB | 203 kBProgress (5): 7.3/34 MB | 4.3/12 MB | 3.8/56 MB | 521 kB | 203 kBProgress (5): 7.3/34 MB | 4.3/12 MB | 3.8/56 MB | 521 kB | 203 kBProgress (5): 7.3/34 MB | 4.3/12 MB | 3.8/56 MB | 521 kB | 203 kBProgress (5): 7.3/34 MB | 4.3/12 MB | 3.8/56 MB | 521 kB | 203 kBProgress (5): 7.3/34 MB | 4.3/12 MB | 3.8/56 MB | 521 kB | 203 kBProgress (5): 7.3/34 MB | 4.3/12 MB | 3.8/56 MB | 521 kB | 203 kBProgress (5): 7.3/34 MB | 4.3/12 MB | 3.8/56 MB | 521 kB | 203 kBProgress (5): 7.3/34 MB | 4.3/12 MB | 3.8/56 MB | 521 kB | 203 kBProgress (5): 7.3/34 MB | 4.3/12 MB | 3.9/56 MB | 521 kB | 203 kBProgress (5): 7.3/34 MB | 4.4/12 MB | 3.9/56 MB | 521 kB | 203 kBProgress (5): 7.3/34 MB | 4.4/12 MB | 3.9/56 MB | 521 kB | 203 kB                                                                 Downloaded from aliyun: https://maven.aliyun.com/repository/public/javax/mail/mail/1.4.7/mail-1.4.7.jar (521 kB at 77 kB/s)
Downloading from aliyun: https://maven.aliyun.com/repository/public/com/github/wxpay/wxpay-sdk/0.0.3/wxpay-sdk-0.0.3.jar
Progress (4): 7.3/34 MB | 4.4/12 MB | 3.9/56 MB | 203 kBProgress (4): 7.3/34 MB | 4.4/12 MB | 3.9/56 MB | 203 kBProgress (4): 7.3/34 MB | 4.4/12 MB | 3.9/56 MB | 203 kBProgress (4): 7.3/34 MB | 4.4/12 MB | 3.9/56 MB | 203 kBProgress (4): 7.4/34 MB | 4.4/12 MB | 3.9/56 MB | 203 kBProgress (4): 7.4/34 MB | 4.4/12 MB | 3.9/56 MB | 203 kBProgress (4): 7.4/34 MB | 4.4/12 MB | 3.9/56 MB | 203 kBProgress (4): 7.4/34 MB | 4.5/12 MB | 3.9/56 MB | 203 kBProgress (4): 7.4/34 MB | 4.5/12 MB | 3.9/56 MB | 203 kBProgress (4): 7.4/34 MB | 4.5/12 MB | 3.9/56 MB | 203 kBProgress (4): 7.4/34 MB | 4.5/12 MB | 3.9/56 MB | 203 kBProgress (4): 7.4/34 MB | 4.5/12 MB | 3.9/56 MB | 203 kBProgress (4): 7.4/34 MB | 4.5/12 MB | 3.9/56 MB | 203 kBProgress (4): 7.4/34 MB | 4.5/12 MB | 3.9/56 MB | 203 kBProgress (4): 7.4/34 MB | 4.5/12 MB | 4.0/56 MB | 203 kBProgress (4): 7.4/34 MB | 4.5/12 MB | 4.0/56 MB | 203 kBProgress (4): 7.4/34 MB | 4.5/12 MB | 4.0/56 MB | 203 kBProgress (4): 7.4/34 MB | 4.5/12 MB | 4.0/56 MB | 203 kBProgress (4): 7.4/34 MB | 4.5/12 MB | 4.0/56 MB | 203 kBProgress (4): 7.4/34 MB | 4.5/12 MB | 4.0/56 MB | 203 kBProgress (4): 7.4/34 MB | 4.5/12 MB | 4.0/56 MB | 203 kBProgress (4): 7.4/34 MB | 4.5/12 MB | 4.0/56 MB | 203 kBProgress (4): 7.4/34 MB | 4.5/12 MB | 4.0/56 MB | 203 kBProgress (4): 7.4/34 MB | 4.5/12 MB | 4.0/56 MB | 203 kBProgress (4): 7.4/34 MB | 4.5/12 MB | 4.0/56 MB | 203 kBProgress (4): 7.4/34 MB | 4.5/12 MB | 4.0/56 MB | 203 kBProgress (4): 7.4/34 MB | 4.5/12 MB | 4.1/56 MB | 203 kBProgress (4): 7.4/34 MB | 4.6/12 MB | 4.1/56 MB | 203 kBProgress (4): 7.4/34 MB | 4.6/12 MB | 4.1/56 MB | 203 kBProgress (4): 7.4/34 MB | 4.6/12 MB | 4.1/56 MB | 203 kBProgress (4): 7.4/34 MB | 4.6/12 MB | 4.1/56 MB | 203 kBProgress (4): 7.4/34 MB | 4.6/12 MB | 4.1/56 MB | 203 kBProgress (4): 7.4/34 MB | 4.6/12 MB | 4.1/56 MB | 203 kBProgress (4): 7.4/34 MB | 4.6/12 MB | 4.1/56 MB | 203 kBProgress (4): 7.4/34 MB | 4.6/12 MB | 4.1/56 MB | 203 kBProgress (4): 7.4/34 MB | 4.6/12 MB | 4.1/56 MB | 203 kBProgress (4): 7.4/34 MB | 4.6/12 MB | 4.1/56 MB | 203 kBProgress (4): 7.5/34 MB | 4.6/12 MB | 4.1/56 MB | 203 kBProgress (4): 7.5/34 MB | 4.6/12 MB | 4.1/56 MB | 203 kBProgress (5): 7.5/34 MB | 4.6/12 MB | 4.1/56 MB | 203 kB | 7.3/14 kBProgress (5): 7.5/34 MB | 4.6/12 MB | 4.1/56 MB | 203 kB | 14 kB    Progress (5): 7.5/34 MB | 4.6/12 MB | 4.1/56 MB | 203 kB | 14 kBProgress (5): 7.5/34 MB | 4.7/12 MB | 4.1/56 MB | 203 kB | 14 kBProgress (5): 7.5/34 MB | 4.7/12 MB | 4.1/56 MB | 203 kB | 14 kBProgress (5): 7.5/34 MB | 4.7/12 MB | 4.1/56 MB | 203 kB | 14 kBProgress (5): 7.5/34 MB | 4.7/12 MB | 4.2/56 MB | 203 kB | 14 kBProgress (5): 7.5/34 MB | 4.7/12 MB | 4.2/56 MB | 203 kB | 14 kBProgress (5): 7.5/34 MB | 4.7/12 MB | 4.2/56 MB | 203 kB | 14 kBProgress (5): 7.5/34 MB | 4.7/12 MB | 4.2/56 MB | 203 kB | 14 kBProgress (5): 7.5/34 MB | 4.7/12 MB | 4.2/56 MB | 203 kB | 14 kBProgress (5): 7.5/34 MB | 4.7/12 MB | 4.2/56 MB | 203 kB | 14 kB                                                                Downloaded from aliyun: https://maven.aliyun.com/repository/public/javax/mail/javax.mail-api/1.5.5/javax.mail-api-1.5.5.jar (203 kB at 30 kB/s)
Downloading from aliyun: https://maven.aliyun.com/repository/public/com/aliyun/aliyun-java-sdk-core/4.6.3/aliyun-java-sdk-core-4.6.3.jar
Progress (4): 7.5/34 MB | 4.7/12 MB | 4.2/56 MB | 14 kBProgress (4): 7.5/34 MB | 4.7/12 MB | 4.2/56 MB | 14 kBProgress (4): 7.5/34 MB | 4.7/12 MB | 4.2/56 MB | 14 kBProgress (4): 7.5/34 MB | 4.7/12 MB | 4.2/56 MB | 14 kBProgress (4): 7.5/34 MB | 4.8/12 MB | 4.2/56 MB | 14 kBProgress (4): 7.5/34 MB | 4.8/12 MB | 4.2/56 MB | 14 kBProgress (4): 7.5/34 MB | 4.8/12 MB | 4.2/56 MB | 14 kBProgress (4): 7.5/34 MB | 4.8/12 MB | 4.3/56 MB | 14 kBProgress (5): 7.5/34 MB | 4.8/12 MB | 4.3/56 MB | 14 kB | 0.5/242 kBProgress (5): 7.5/34 MB | 4.8/12 MB | 4.3/56 MB | 14 kB | 0.5/242 kBProgress (5): 7.5/34 MB | 4.8/12 MB | 4.3/56 MB | 14 kB | 0.5/242 kBProgress (5): 7.5/34 MB | 4.8/12 MB | 4.3/56 MB | 14 kB | 17/242 kB Progress (5): 7.5/34 MB | 4.8/12 MB | 4.3/56 MB | 14 kB | 17/242 kBProgress (5): 7.5/34 MB | 4.8/12 MB | 4.3/56 MB | 14 kB | 17/242 kBProgress (5): 7.5/34 MB | 4.8/12 MB | 4.3/56 MB | 14 kB | 17/242 kBProgress (5): 7.5/34 MB | 4.8/12 MB | 4.3/56 MB | 14 kB | 17/242 kBProgress (5): 7.5/34 MB | 4.8/12 MB | 4.3/56 MB | 14 kB | 17/242 kBProgress (5): 7.5/34 MB | 4.8/12 MB | 4.3/56 MB | 14 kB | 17/242 kBProgress (5): 7.5/34 MB | 4.9/12 MB | 4.3/56 MB | 14 kB | 17/242 kBProgress (5): 7.5/34 MB | 4.9/12 MB | 4.3/56 MB | 14 kB | 17/242 kBProgress (5): 7.5/34 MB | 4.9/12 MB | 4.3/56 MB | 14 kB | 33/242 kBProgress (5): 7.5/34 MB | 4.9/12 MB | 4.3/56 MB | 14 kB | 50/242 kBProgress (5): 7.5/34 MB | 4.9/12 MB | 4.3/56 MB | 14 kB | 50/242 kBProgress (5): 7.5/34 MB | 4.9/12 MB | 4.3/56 MB | 14 kB | 50/242 kBProgress (5): 7.6/34 MB | 4.9/12 MB | 4.3/56 MB | 14 kB | 50/242 kBProgress (5): 7.6/34 MB | 4.9/12 MB | 4.3/56 MB | 14 kB | 50/242 kBProgress (5): 7.6/34 MB | 4.9/12 MB | 4.3/56 MB | 14 kB | 50/242 kBProgress (5): 7.6/34 MB | 4.9/12 MB | 4.3/56 MB | 14 kB | 50/242 kBProgress (5): 7.6/34 MB | 4.9/12 MB | 4.4/56 MB | 14 kB | 50/242 kBProgress (5): 7.6/34 MB | 4.9/12 MB | 4.4/56 MB | 14 kB | 50/242 kBProgress (5): 7.6/34 MB | 4.9/12 MB | 4.4/56 MB | 14 kB | 50/242 kBProgress (5): 7.6/34 MB | 4.9/12 MB | 4.4/56 MB | 14 kB | 50/242 kBProgress (5): 7.6/34 MB | 4.9/12 MB | 4.4/56 MB | 14 kB | 50/242 kBProgress (5): 7.6/34 MB | 4.9/12 MB | 4.4/56 MB | 14 kB | 50/242 kBProgress (5): 7.6/34 MB | 4.9/12 MB | 4.4/56 MB | 14 kB | 50/242 kBProgress (5): 7.6/34 MB | 4.9/12 MB | 4.4/56 MB | 14 kB | 50/242 kBProgress (5): 7.6/34 MB | 4.9/12 MB | 4.4/56 MB | 14 kB | 50/242 kBProgress (5): 7.6/34 MB | 4.9/12 MB | 4.4/56 MB | 14 kB | 50/242 kBProgress (5): 7.6/34 MB | 4.9/12 MB | 4.5/56 MB | 14 kB | 50/242 kBProgress (5): 7.6/34 MB | 4.9/12 MB | 4.5/56 MB | 14 kB | 50/242 kBProgress (5): 7.6/34 MB | 5.0/12 MB | 4.5/56 MB | 14 kB | 50/242 kBProgress (5): 7.6/34 MB | 5.0/12 MB | 4.5/56 MB | 14 kB | 63/242 kBProgress (5): 7.6/34 MB | 5.0/12 MB | 4.5/56 MB | 14 kB | 66/242 kBProgress (5): 7.6/34 MB | 5.0/12 MB | 4.5/56 MB | 14 kB | 73/242 kBProgress (5): 7.6/34 MB | 5.0/12 MB | 4.5/56 MB | 14 kB | 90/242 kBProgress (5): 7.6/34 MB | 5.0/12 MB | 4.5/56 MB | 14 kB | 90/242 kBProgress (5): 7.6/34 MB | 5.0/12 MB | 4.5/56 MB | 14 kB | 90/242 kBProgress (5): 7.6/34 MB | 5.0/12 MB | 4.5/56 MB | 14 kB | 90/242 kBProgress (5): 7.6/34 MB | 5.0/12 MB | 4.5/56 MB | 14 kB | 90/242 kBProgress (5): 7.6/34 MB | 5.0/12 MB | 4.5/56 MB | 14 kB | 90/242 kBProgress (5): 7.6/34 MB | 5.0/12 MB | 4.5/56 MB | 14 kB | 90/242 kBProgress (5): 7.6/34 MB | 5.0/12 MB | 4.5/56 MB | 14 kB | 90/242 kBProgress (5): 7.6/34 MB | 5.0/12 MB | 4.5/56 MB | 14 kB | 90/242 kBProgress (5): 7.6/34 MB | 5.0/12 MB | 4.6/56 MB | 14 kB | 90/242 kBProgress (5): 7.6/34 MB | 5.0/12 MB | 4.6/56 MB | 14 kB | 106/242 kBProgress (5): 7.6/34 MB | 5.0/12 MB | 4.6/56 MB | 14 kB | 106/242 kBProgress (5): 7.6/34 MB | 5.0/12 MB | 4.6/56 MB | 14 kB | 106/242 kBProgress (5): 7.6/34 MB | 5.0/12 MB | 4.6/56 MB | 14 kB | 106/242 kBProgress (5): 7.6/34 MB | 5.0/12 MB | 4.6/56 MB | 14 kB | 106/242 kBProgress (5): 7.6/34 MB | 5.0/12 MB | 4.6/56 MB | 14 kB | 123/242 kBProgress (5): 7.6/34 MB | 5.0/12 MB | 4.6/56 MB | 14 kB | 127/242 kBProgress (5): 7.6/34 MB | 5.0/12 MB | 4.6/56 MB | 14 kB | 130/242 kBProgress (5): 7.6/34 MB | 5.0/12 MB | 4.6/56 MB | 14 kB | 130/242 kBProgress (5): 7.6/34 MB | 5.0/12 MB | 4.6/56 MB | 14 kB | 138/242 kBProgress (5): 7.6/34 MB | 5.0/12 MB | 4.6/56 MB | 14 kB | 138/242 kBProgress (5): 7.6/34 MB | 5.0/12 MB | 4.6/56 MB | 14 kB | 138/242 kBProgress (5): 7.6/34 MB | 5.1/12 MB | 4.6/56 MB | 14 kB | 138/242 kBProgress (5): 7.6/34 MB | 5.1/12 MB | 4.6/56 MB | 14 kB | 138/242 kBProgress (5): 7.6/34 MB | 5.1/12 MB | 4.6/56 MB | 14 kB | 138/242 kBProgress (5): 7.6/34 MB | 5.1/12 MB | 4.6/56 MB | 14 kB | 138/242 kBProgress (5): 7.6/34 MB | 5.1/12 MB | 4.6/56 MB | 14 kB | 138/242 kBProgress (5): 7.6/34 MB | 5.1/12 MB | 4.6/56 MB | 14 kB | 138/242 kBProgress (5): 7.6/34 MB | 5.1/12 MB | 4.6/56 MB | 14 kB | 138/242 kBProgress (5): 7.6/34 MB | 5.1/12 MB | 4.6/56 MB | 14 kB | 138/242 kBProgress (5): 7.6/34 MB | 5.1/12 MB | 4.6/56 MB | 14 kB | 154/242 kBProgress (5): 7.6/34 MB | 5.1/12 MB | 4.7/56 MB | 14 kB | 154/242 kBProgress (5): 7.7/34 MB | 5.1/12 MB | 4.7/56 MB | 14 kB | 154/242 kBProgress (5): 7.7/34 MB | 5.1/12 MB | 4.7/56 MB | 14 kB | 154/242 kBProgress (5): 7.7/34 MB | 5.1/12 MB | 4.7/56 MB | 14 kB | 154/242 kBProgress (5): 7.7/34 MB | 5.1/12 MB | 4.7/56 MB | 14 kB | 154/242 kBProgress (5): 7.7/34 MB | 5.1/12 MB | 4.7/56 MB | 14 kB | 154/242 kBProgress (5): 7.7/34 MB | 5.1/12 MB | 4.7/56 MB | 14 kB | 154/242 kBProgress (5): 7.7/34 MB | 5.1/12 MB | 4.7/56 MB | 14 kB | 154/242 kBProgress (5): 7.7/34 MB | 5.1/12 MB | 4.7/56 MB | 14 kB | 154/242 kBProgress (5): 7.7/34 MB | 5.1/12 MB | 4.7/56 MB | 14 kB | 163/242 kBProgress (5): 7.7/34 MB | 5.1/12 MB | 4.8/56 MB | 14 kB | 163/242 kBProgress (5): 7.7/34 MB | 5.1/12 MB | 4.8/56 MB | 14 kB | 163/242 kBProgress (5): 7.7/34 MB | 5.1/12 MB | 4.8/56 MB | 14 kB | 163/242 kBProgress (5): 7.7/34 MB | 5.2/12 MB | 4.8/56 MB | 14 kB | 163/242 kBProgress (5): 7.7/34 MB | 5.2/12 MB | 4.8/56 MB | 14 kB | 163/242 kBProgress (5): 7.7/34 MB | 5.2/12 MB | 4.8/56 MB | 14 kB | 163/242 kBProgress (5): 7.7/34 MB | 5.2/12 MB | 4.8/56 MB | 14 kB | 163/242 kBProgress (5): 7.7/34 MB | 5.2/12 MB | 4.8/56 MB | 14 kB | 163/242 kBProgress (5): 7.7/34 MB | 5.2/12 MB | 4.8/56 MB | 14 kB | 163/242 kBProgress (5): 7.7/34 MB | 5.2/12 MB | 4.8/56 MB | 14 kB | 179/242 kBProgress (5): 7.7/34 MB | 5.2/12 MB | 4.8/56 MB | 14 kB | 195/242 kBProgress (5): 7.7/34 MB | 5.2/12 MB | 4.8/56 MB | 14 kB | 195/242 kBProgress (5): 7.7/34 MB | 5.2/12 MB | 4.9/56 MB | 14 kB | 195/242 kBProgress (5): 7.7/34 MB | 5.2/12 MB | 4.9/56 MB | 14 kB | 195/242 kBProgress (5): 7.7/34 MB | 5.2/12 MB | 4.9/56 MB | 14 kB | 195/242 kBProgress (5): 7.7/34 MB | 5.2/12 MB | 4.9/56 MB | 14 kB | 195/242 kB                                                                    Downloaded from aliyun: https://maven.aliyun.com/repository/public/com/github/wxpay/wxpay-sdk/0.0.3/wxpay-sdk-0.0.3.jar (14 kB at 2.0 kB/s)
Downloading from aliyun: https://maven.aliyun.com/repository/public/org/bouncycastle/bcprov-jdk15on/1.70/bcprov-jdk15on-1.70.jar
Progress (4): 7.7/34 MB | 5.2/12 MB | 4.9/56 MB | 195/242 kBProgress (4): 7.7/34 MB | 5.2/12 MB | 4.9/56 MB | 195/242 kBProgress (4): 7.7/34 MB | 5.2/12 MB | 4.9/56 MB | 195/242 kBProgress (4): 7.7/34 MB | 5.2/12 MB | 4.9/56 MB | 195/242 kBProgress (4): 7.7/34 MB | 5.2/12 MB | 4.9/56 MB | 212/242 kBProgress (4): 7.7/34 MB | 5.2/12 MB | 4.9/56 MB | 212/242 kBProgress (4): 7.7/34 MB | 5.2/12 MB | 4.9/56 MB | 212/242 kBProgress (4): 7.7/34 MB | 5.2/12 MB | 4.9/56 MB | 212/242 kBProgress (4): 7.7/34 MB | 5.2/12 MB | 4.9/56 MB | 212/242 kBProgress (4): 7.7/34 MB | 5.2/12 MB | 4.9/56 MB | 228/242 kBProgress (4): 7.7/34 MB | 5.2/12 MB | 5.0/56 MB | 228/242 kBProgress (4): 7.7/34 MB | 5.2/12 MB | 5.0/56 MB | 242 kB    Progress (4): 7.7/34 MB | 5.2/12 MB | 5.0/56 MB | 242 kBProgress (4): 7.7/34 MB | 5.2/12 MB | 5.0/56 MB | 242 kBProgress (4): 7.7/34 MB | 5.2/12 MB | 5.0/56 MB | 242 kBProgress (4): 7.7/34 MB | 5.2/12 MB | 5.0/56 MB | 242 kBProgress (4): 7.7/34 MB | 5.3/12 MB | 5.0/56 MB | 242 kBProgress (4): 7.7/34 MB | 5.3/12 MB | 5.0/56 MB | 242 kBProgress (4): 7.7/34 MB | 5.3/12 MB | 5.0/56 MB | 242 kBProgress (4): 7.7/34 MB | 5.3/12 MB | 5.0/56 MB | 242 kBProgress (4): 7.7/34 MB | 5.3/12 MB | 5.0/56 MB | 242 kBProgress (5): 7.7/34 MB | 5.3/12 MB | 5.0/56 MB | 242 kB | 0/5.9 MBProgress (5): 7.7/34 MB | 5.3/12 MB | 5.0/56 MB | 242 kB | 0/5.9 MBProgress (5): 7.7/34 MB | 5.3/12 MB | 5.0/56 MB | 242 kB | 0/5.9 MBProgress (5): 7.7/34 MB | 5.3/12 MB | 5.0/56 MB | 242 kB | 0/5.9 MBProgress (5): 7.7/34 MB | 5.3/12 MB | 5.0/56 MB | 242 kB | 0/5.9 MBProgress (5): 7.7/34 MB | 5.3/12 MB | 5.0/56 MB | 242 kB | 0/5.9 MBProgress (5): 7.7/34 MB | 5.3/12 MB | 5.0/56 MB | 242 kB | 0/5.9 MBProgress (5): 7.7/34 MB | 5.3/12 MB | 5.1/56 MB | 242 kB | 0/5.9 MBProgress (5): 7.7/34 MB | 5.4/12 MB | 5.1/56 MB | 242 kB | 0/5.9 MBProgress (5): 7.7/34 MB | 5.4/12 MB | 5.1/56 MB | 242 kB | 0/5.9 MBProgress (5): 7.7/34 MB | 5.4/12 MB | 5.1/56 MB | 242 kB | 0/5.9 MBProgress (5): 7.7/34 MB | 5.4/12 MB | 5.1/56 MB | 242 kB | 0/5.9 MBProgress (5): 7.7/34 MB | 5.4/12 MB | 5.1/56 MB | 242 kB | 0/5.9 MBProgress (5): 7.7/34 MB | 5.4/12 MB | 5.1/56 MB | 242 kB | 0/5.9 MBProgress (5): 7.7/34 MB | 5.4/12 MB | 5.1/56 MB | 242 kB | 0/5.9 MBProgress (5): 7.7/34 MB | 5.4/12 MB | 5.1/56 MB | 242 kB | 0.1/5.9 MBProgress (5): 7.7/34 MB | 5.4/12 MB | 5.1/56 MB | 242 kB | 0.1/5.9 MBProgress (5): 7.7/34 MB | 5.4/12 MB | 5.1/56 MB | 242 kB | 0.1/5.9 MBProgress (5): 7.7/34 MB | 5.4/12 MB | 5.1/56 MB | 242 kB | 0.1/5.9 MBProgress (5): 7.7/34 MB | 5.4/12 MB | 5.1/56 MB | 242 kB | 0.1/5.9 MBProgress (5): 7.7/34 MB | 5.4/12 MB | 5.1/56 MB | 242 kB | 0.1/5.9 MBProgress (5): 7.7/34 MB | 5.4/12 MB | 5.1/56 MB | 242 kB | 0.1/5.9 MBProgress (5): 7.7/34 MB | 5.4/12 MB | 5.1/56 MB | 242 kB | 0.1/5.9 MBProgress (5): 7.8/34 MB | 5.4/12 MB | 5.1/56 MB | 242 kB | 0.1/5.9 MBProgress (5): 7.8/34 MB | 5.4/12 MB | 5.1/56 MB | 242 kB | 0.1/5.9 MBProgress (5): 7.8/34 MB | 5.4/12 MB | 5.1/56 MB | 242 kB | 0.1/5.9 MBProgress (5): 7.8/34 MB | 5.4/12 MB | 5.1/56 MB | 242 kB | 0.1/5.9 MBProgress (5): 7.8/34 MB | 5.4/12 MB | 5.1/56 MB | 242 kB | 0.1/5.9 MBProgress (5): 7.8/34 MB | 5.4/12 MB | 5.1/56 MB | 242 kB | 0.1/5.9 MBProgress (5): 7.8/34 MB | 5.4/12 MB | 5.1/56 MB | 242 kB | 0.1/5.9 MBProgress (5): 7.8/34 MB | 5.4/12 MB | 5.1/56 MB | 242 kB | 0.2/5.9 MBProgress (5): 7.8/34 MB | 5.5/12 MB | 5.1/56 MB | 242 kB | 0.2/5.9 MBProgress (5): 7.8/34 MB | 5.5/12 MB | 5.1/56 MB | 242 kB | 0.2/5.9 MBProgress (5): 7.8/34 MB | 5.5/12 MB | 5.1/56 MB | 242 kB | 0.2/5.9 MBProgress (5): 7.8/34 MB | 5.5/12 MB | 5.1/56 MB | 242 kB | 0.2/5.9 MBProgress (5): 7.8/34 MB | 5.5/12 MB | 5.2/56 MB | 242 kB | 0.2/5.9 MBProgress (5): 7.8/34 MB | 5.5/12 MB | 5.2/56 MB | 242 kB | 0.2/5.9 MBProgress (5): 7.8/34 MB | 5.5/12 MB | 5.2/56 MB | 242 kB | 0.2/5.9 MBProgress (5): 7.8/34 MB | 5.5/12 MB | 5.2/56 MB | 242 kB | 0.2/5.9 MBProgress (5): 7.8/34 MB | 5.5/12 MB | 5.2/56 MB | 242 kB | 0.2/5.9 MBProgress (5): 7.8/34 MB | 5.5/12 MB | 5.2/56 MB | 242 kB | 0.2/5.9 MBProgress (5): 7.8/34 MB | 5.5/12 MB | 5.2/56 MB | 242 kB | 0.2/5.9 MBProgress (5): 7.8/34 MB | 5.5/12 MB | 5.3/56 MB | 242 kB | 0.2/5.9 MBProgress (5): 7.8/34 MB | 5.5/12 MB | 5.3/56 MB | 242 kB | 0.2/5.9 MBProgress (5): 7.8/34 MB | 5.5/12 MB | 5.3/56 MB | 242 kB | 0.2/5.9 MBProgress (5): 7.8/34 MB | 5.5/12 MB | 5.3/56 MB | 242 kB | 0.2/5.9 MBProgress (5): 7.8/34 MB | 5.5/12 MB | 5.3/56 MB | 242 kB | 0.2/5.9 MBProgress (5): 7.8/34 MB | 5.5/12 MB | 5.3/56 MB | 242 kB | 0.2/5.9 MBProgress (5): 7.8/34 MB | 5.5/12 MB | 5.3/56 MB | 242 kB | 0.2/5.9 MBProgress (5): 7.8/34 MB | 5.5/12 MB | 5.3/56 MB | 242 kB | 0.2/5.9 MBProgress (5): 7.8/34 MB | 5.5/12 MB | 5.3/56 MB | 242 kB | 0.2/5.9 MBProgress (5): 7.8/34 MB | 5.5/12 MB | 5.3/56 MB | 242 kB | 0.2/5.9 MBProgress (5): 7.8/34 MB | 5.5/12 MB | 5.3/56 MB | 242 kB | 0.2/5.9 MBProgress (5): 7.8/34 MB | 5.5/12 MB | 5.3/56 MB | 242 kB | 0.3/5.9 MBProgress (5): 7.8/34 MB | 5.5/12 MB | 5.3/56 MB | 242 kB | 0.3/5.9 MBProgress (5): 7.8/34 MB | 5.5/12 MB | 5.3/56 MB | 242 kB | 0.3/5.9 MBProgress (5): 7.8/34 MB | 5.5/12 MB | 5.3/56 MB | 242 kB | 0.3/5.9 MBProgress (5): 7.9/34 MB | 5.5/12 MB | 5.3/56 MB | 242 kB | 0.3/5.9 MBProgress (5): 7.9/34 MB | 5.5/12 MB | 5.3/56 MB | 242 kB | 0.3/5.9 MBProgress (5): 7.9/34 MB | 5.5/12 MB | 5.3/56 MB | 242 kB | 0.3/5.9 MBProgress (5): 7.9/34 MB | 5.5/12 MB | 5.4/56 MB | 242 kB | 0.3/5.9 MBProgress (5): 7.9/34 MB | 5.5/12 MB | 5.4/56 MB | 242 kB | 0.3/5.9 MBProgress (5): 7.9/34 MB | 5.5/12 MB | 5.4/56 MB | 242 kB | 0.3/5.9 MBProgress (5): 7.9/34 MB | 5.5/12 MB | 5.4/56 MB | 242 kB | 0.3/5.9 MBProgress (5): 7.9/34 MB | 5.5/12 MB | 5.4/56 MB | 242 kB | 0.3/5.9 MBProgress (5): 7.9/34 MB | 5.6/12 MB | 5.4/56 MB | 242 kB | 0.3/5.9 MBProgress (5): 7.9/34 MB | 5.6/12 MB | 5.4/56 MB | 242 kB | 0.3/5.9 MBProgress (5): 7.9/34 MB | 5.6/12 MB | 5.4/56 MB | 242 kB | 0.3/5.9 MBProgress (5): 7.9/34 MB | 5.6/12 MB | 5.4/56 MB | 242 kB | 0.3/5.9 MBProgress (5): 7.9/34 MB | 5.6/12 MB | 5.4/56 MB | 242 kB | 0.3/5.9 MBProgress (5): 7.9/34 MB | 5.6/12 MB | 5.5/56 MB | 242 kB | 0.3/5.9 MBProgress (5): 7.9/34 MB | 5.6/12 MB | 5.5/56 MB | 242 kB | 0.3/5.9 MBProgress (5): 7.9/34 MB | 5.6/12 MB | 5.5/56 MB | 242 kB | 0.3/5.9 MBProgress (5): 7.9/34 MB | 5.6/12 MB | 5.5/56 MB | 242 kB | 0.3/5.9 MBProgress (5): 7.9/34 MB | 5.6/12 MB | 5.5/56 MB | 242 kB | 0.3/5.9 MBProgress (5): 7.9/34 MB | 5.6/12 MB | 5.5/56 MB | 242 kB | 0.3/5.9 MBProgress (5): 7.9/34 MB | 5.6/12 MB | 5.5/56 MB | 242 kB | 0.3/5.9 MBProgress (5): 7.9/34 MB | 5.6/12 MB | 5.5/56 MB | 242 kB | 0.3/5.9 MBProgress (5): 7.9/34 MB | 5.6/12 MB | 5.5/56 MB | 242 kB | 0.3/5.9 MBProgress (5): 7.9/34 MB | 5.6/12 MB | 5.5/56 MB | 242 kB | 0.3/5.9 MBProgress (5): 7.9/34 MB | 5.6/12 MB | 5.5/56 MB | 242 kB | 0.3/5.9 MBProgress (5): 7.9/34 MB | 5.6/12 MB | 5.5/56 MB | 242 kB | 0.3/5.9 MBProgress (5): 7.9/34 MB | 5.7/12 MB | 5.5/56 MB | 242 kB | 0.3/5.9 MBProgress (5): 7.9/34 MB | 5.7/12 MB | 5.5/56 MB | 242 kB | 0.3/5.9 MBProgress (5): 7.9/34 MB | 5.7/12 MB | 5.5/56 MB | 242 kB | 0.3/5.9 MBProgress (5): 7.9/34 MB | 5.7/12 MB | 5.5/56 MB | 242 kB | 0.3/5.9 MBProgress (5): 7.9/34 MB | 5.7/12 MB | 5.6/56 MB | 242 kB | 0.3/5.9 MBProgress (5): 7.9/34 MB | 5.7/12 MB | 5.6/56 MB | 242 kB | 0.3/5.9 MBProgress (5): 7.9/34 MB | 5.7/12 MB | 5.6/56 MB | 242 kB | 0.3/5.9 MBProgress (5): 7.9/34 MB | 5.7/12 MB | 5.6/56 MB | 242 kB | 0.3/5.9 MBProgress (5): 7.9/34 MB | 5.7/12 MB | 5.6/56 MB | 242 kB | 0.3/5.9 MBProgress (5): 7.9/34 MB | 5.7/12 MB | 5.6/56 MB | 242 kB | 0.3/5.9 MBProgress (5): 7.9/34 MB | 5.7/12 MB | 5.6/56 MB | 242 kB | 0.3/5.9 MBProgress (5): 7.9/34 MB | 5.7/12 MB | 5.6/56 MB | 242 kB | 0.3/5.9 MBProgress (5): 7.9/34 MB | 5.7/12 MB | 5.6/56 MB | 242 kB | 0.3/5.9 MBProgress (5): 7.9/34 MB | 5.7/12 MB | 5.6/56 MB | 242 kB | 0.3/5.9 MBProgress (5): 7.9/34 MB | 5.7/12 MB | 5.6/56 MB | 242 kB | 0.3/5.9 MBProgress (5): 7.9/34 MB | 5.7/12 MB | 5.6/56 MB | 242 kB | 0.3/5.9 MBProgress (5): 7.9/34 MB | 5.7/12 MB | 5.6/56 MB | 242 kB | 0.3/5.9 MBProgress (5): 7.9/34 MB | 5.7/12 MB | 5.7/56 MB | 242 kB | 0.3/5.9 MBProgress (5): 7.9/34 MB | 5.7/12 MB | 5.7/56 MB | 242 kB | 0.4/5.9 MBProgress (5): 7.9/34 MB | 5.7/12 MB | 5.7/56 MB | 242 kB | 0.4/5.9 MBProgress (5): 7.9/34 MB | 5.7/12 MB | 5.7/56 MB | 242 kB | 0.4/5.9 MBProgress (5): 8.0/34 MB | 5.7/12 MB | 5.7/56 MB | 242 kB | 0.4/5.9 MBProgress (5): 8.0/34 MB | 5.8/12 MB | 5.7/56 MB | 242 kB | 0.4/5.9 MBProgress (5): 8.0/34 MB | 5.8/12 MB | 5.7/56 MB | 242 kB | 0.4/5.9 MBProgress (5): 8.0/34 MB | 5.8/12 MB | 5.7/56 MB | 242 kB | 0.4/5.9 MBProgress (5): 8.0/34 MB | 5.8/12 MB | 5.7/56 MB | 242 kB | 0.4/5.9 MBProgress (5): 8.0/34 MB | 5.8/12 MB | 5.7/56 MB | 242 kB | 0.4/5.9 MBProgress (5): 8.0/34 MB | 5.8/12 MB | 5.7/56 MB | 242 kB | 0.4/5.9 MBProgress (5): 8.0/34 MB | 5.8/12 MB | 5.7/56 MB | 242 kB | 0.4/5.9 MBProgress (5): 8.0/34 MB | 5.8/12 MB | 5.7/56 MB | 242 kB | 0.4/5.9 MBProgress (5): 8.0/34 MB | 5.8/12 MB | 5.7/56 MB | 242 kB | 0.4/5.9 MBProgress (5): 8.0/34 MB | 5.8/12 MB | 5.7/56 MB | 242 kB | 0.4/5.9 MBProgress (5): 8.0/34 MB | 5.8/12 MB | 5.8/56 MB | 242 kB | 0.4/5.9 MBProgress (5): 8.0/34 MB | 5.8/12 MB | 5.8/56 MB | 242 kB | 0.4/5.9 MB                                                                     Downloaded from aliyun: https://maven.aliyun.com/repository/public/com/aliyun/aliyun-java-sdk-core/4.6.3/aliyun-java-sdk-core-4.6.3.jar (242 kB at 33 kB/s)
Downloading from aliyun: https://maven.aliyun.com/repository/public/org/jacoco/org.jacoco.agent/0.8.8/org.jacoco.agent-0.8.8-runtime.jar
Progress (4): 8.0/34 MB | 5.8/12 MB | 5.8/56 MB | 0.4/5.9 MBProgress (4): 8.0/34 MB | 5.8/12 MB | 5.8/56 MB | 0.4/5.9 MBProgress (4): 8.0/34 MB | 5.8/12 MB | 5.8/56 MB | 0.4/5.9 MBProgress (4): 8.0/34 MB | 5.8/12 MB | 5.8/56 MB | 0.4/5.9 MBProgress (4): 8.0/34 MB | 5.8/12 MB | 5.8/56 MB | 0.4/5.9 MBProgress (4): 8.0/34 MB | 5.8/12 MB | 5.8/56 MB | 0.4/5.9 MBProgress (4): 8.0/34 MB | 5.9/12 MB | 5.8/56 MB | 0.4/5.9 MBProgress (4): 8.0/34 MB | 5.9/12 MB | 5.8/56 MB | 0.4/5.9 MBProgress (4): 8.0/34 MB | 5.9/12 MB | 5.8/56 MB | 0.4/5.9 MBProgress (4): 8.0/34 MB | 5.9/12 MB | 5.8/56 MB | 0.4/5.9 MBProgress (4): 8.0/34 MB | 5.9/12 MB | 5.8/56 MB | 0.4/5.9 MBProgress (4): 8.0/34 MB | 5.9/12 MB | 5.8/56 MB | 0.4/5.9 MBProgress (4): 8.0/34 MB | 5.9/12 MB | 5.8/56 MB | 0.4/5.9 MBProgress (4): 8.0/34 MB | 5.9/12 MB | 5.8/56 MB | 0.4/5.9 MBProgress (4): 8.0/34 MB | 5.9/12 MB | 5.8/56 MB | 0.4/5.9 MBProgress (4): 8.0/34 MB | 5.9/12 MB | 5.8/56 MB | 0.4/5.9 MBProgress (4): 8.0/34 MB | 5.9/12 MB | 5.8/56 MB | 0.5/5.9 MBProgress (4): 8.0/34 MB | 5.9/12 MB | 5.8/56 MB | 0.5/5.9 MBProgress (4): 8.0/34 MB | 5.9/12 MB | 5.8/56 MB | 0.5/5.9 MBProgress (4): 8.0/34 MB | 5.9/12 MB | 5.8/56 MB | 0.5/5.9 MBProgress (4): 8.1/34 MB | 5.9/12 MB | 5.8/56 MB | 0.5/5.9 MBProgress (4): 8.1/34 MB | 5.9/12 MB | 5.9/56 MB | 0.5/5.9 MBProgress (4): 8.1/34 MB | 5.9/12 MB | 5.9/56 MB | 0.5/5.9 MBProgress (4): 8.1/34 MB | 5.9/12 MB | 5.9/56 MB | 0.5/5.9 MBProgress (4): 8.1/34 MB | 5.9/12 MB | 5.9/56 MB | 0.5/5.9 MBProgress (4): 8.1/34 MB | 5.9/12 MB | 5.9/56 MB | 0.5/5.9 MBProgress (4): 8.1/34 MB | 5.9/12 MB | 5.9/56 MB | 0.5/5.9 MBProgress (5): 8.1/34 MB | 5.9/12 MB | 5.9/56 MB | 0.5/5.9 MB | 6.3/293 kBProgress (5): 8.1/34 MB | 5.9/12 MB | 5.9/56 MB | 0.5/5.9 MB | 6.3/293 kBProgress (5): 8.1/34 MB | 5.9/12 MB | 5.9/56 MB | 0.5/5.9 MB | 6.3/293 kBProgress (5): 8.1/34 MB | 5.9/12 MB | 5.9/56 MB | 0.5/5.9 MB | 6.3/293 kBProgress (5): 8.1/34 MB | 5.9/12 MB | 5.9/56 MB | 0.5/5.9 MB | 6.3/293 kBProgress (5): 8.1/34 MB | 5.9/12 MB | 5.9/56 MB | 0.5/5.9 MB | 6.3/293 kBProgress (5): 8.1/34 MB | 5.9/12 MB | 5.9/56 MB | 0.6/5.9 MB | 6.3/293 kBProgress (5): 8.1/34 MB | 5.9/12 MB | 5.9/56 MB | 0.6/5.9 MB | 6.3/293 kBProgress (5): 8.1/34 MB | 5.9/12 MB | 5.9/56 MB | 0.6/5.9 MB | 23/293 kB Progress (5): 8.1/34 MB | 5.9/12 MB | 5.9/56 MB | 0.6/5.9 MB | 23/293 kBProgress (5): 8.1/34 MB | 6.0/12 MB | 5.9/56 MB | 0.6/5.9 MB | 23/293 kBProgress (5): 8.1/34 MB | 6.0/12 MB | 5.9/56 MB | 0.6/5.9 MB | 23/293 kBProgress (5): 8.1/34 MB | 6.0/12 MB | 5.9/56 MB | 0.6/5.9 MB | 39/293 kBProgress (5): 8.1/34 MB | 6.0/12 MB | 5.9/56 MB | 0.6/5.9 MB | 39/293 kBProgress (5): 8.1/34 MB | 6.0/12 MB | 5.9/56 MB | 0.6/5.9 MB | 39/293 kBProgress (5): 8.1/34 MB | 6.0/12 MB | 5.9/56 MB | 0.6/5.9 MB | 39/293 kBProgress (5): 8.1/34 MB | 6.0/12 MB | 5.9/56 MB | 0.6/5.9 MB | 39/293 kBProgress (5): 8.1/34 MB | 6.0/12 MB | 5.9/56 MB | 0.6/5.9 MB | 39/293 kBProgress (5): 8.1/34 MB | 6.0/12 MB | 6.0/56 MB | 0.6/5.9 MB | 39/293 kBProgress (5): 8.1/34 MB | 6.0/12 MB | 6.0/56 MB | 0.6/5.9 MB | 39/293 kBProgress (5): 8.1/34 MB | 6.0/12 MB | 6.0/56 MB | 0.6/5.9 MB | 55/293 kBProgress (5): 8.1/34 MB | 6.0/12 MB | 6.0/56 MB | 0.6/5.9 MB | 55/293 kBProgress (5): 8.1/34 MB | 6.0/12 MB | 6.0/56 MB | 0.6/5.9 MB | 55/293 kBProgress (5): 8.1/34 MB | 6.0/12 MB | 6.0/56 MB | 0.6/5.9 MB | 55/293 kBProgress (5): 8.1/34 MB | 6.0/12 MB | 6.0/56 MB | 0.6/5.9 MB | 55/293 kBProgress (5): 8.1/34 MB | 6.0/12 MB | 6.0/56 MB | 0.6/5.9 MB | 55/293 kBProgress (5): 8.1/34 MB | 6.0/12 MB | 6.0/56 MB | 0.7/5.9 MB | 55/293 kBProgress (5): 8.1/34 MB | 6.0/12 MB | 6.0/56 MB | 0.7/5.9 MB | 55/293 kBProgress (5): 8.1/34 MB | 6.0/12 MB | 6.0/56 MB | 0.7/5.9 MB | 55/293 kBProgress (5): 8.1/34 MB | 6.0/12 MB | 6.0/56 MB | 0.7/5.9 MB | 55/293 kBProgress (5): 8.1/34 MB | 6.0/12 MB | 6.0/56 MB | 0.7/5.9 MB | 55/293 kBProgress (5): 8.1/34 MB | 6.0/12 MB | 6.0/56 MB | 0.7/5.9 MB | 55/293 kBProgress (5): 8.1/34 MB | 6.0/12 MB | 6.0/56 MB | 0.7/5.9 MB | 55/293 kBProgress (5): 8.1/34 MB | 6.0/12 MB | 6.0/56 MB | 0.7/5.9 MB | 55/293 kBProgress (5): 8.1/34 MB | 6.0/12 MB | 6.0/56 MB | 0.7/5.9 MB | 72/293 kBProgress (5): 8.1/34 MB | 6.0/12 MB | 6.0/56 MB | 0.7/5.9 MB | 88/293 kBProgress (5): 8.1/34 MB | 6.0/12 MB | 6.0/56 MB | 0.7/5.9 MB | 88/293 kBProgress (5): 8.1/34 MB | 6.0/12 MB | 6.0/56 MB | 0.7/5.9 MB | 88/293 kBProgress (5): 8.1/34 MB | 6.0/12 MB | 6.0/56 MB | 0.7/5.9 MB | 88/293 kBProgress (5): 8.1/34 MB | 6.0/12 MB | 6.0/56 MB | 0.7/5.9 MB | 88/293 kBProgress (5): 8.1/34 MB | 6.0/12 MB | 6.0/56 MB | 0.7/5.9 MB | 105/293 kBProgress (5): 8.1/34 MB | 6.0/12 MB | 6.0/56 MB | 0.7/5.9 MB | 121/293 kBProgress (5): 8.1/34 MB | 6.0/12 MB | 6.0/56 MB | 0.7/5.9 MB | 137/293 kBProgress (5): 8.1/34 MB | 6.0/12 MB | 6.0/56 MB | 0.7/5.9 MB | 137/293 kBProgress (5): 8.1/34 MB | 6.0/12 MB | 6.1/56 MB | 0.7/5.9 MB | 137/293 kBProgress (5): 8.1/34 MB | 6.0/12 MB | 6.1/56 MB | 0.7/5.9 MB | 137/293 kBProgress (5): 8.1/34 MB | 6.1/12 MB | 6.1/56 MB | 0.7/5.9 MB | 137/293 kBProgress (5): 8.1/34 MB | 6.1/12 MB | 6.1/56 MB | 0.8/5.9 MB | 137/293 kBProgress (5): 8.1/34 MB | 6.1/12 MB | 6.1/56 MB | 0.8/5.9 MB | 154/293 kBProgress (5): 8.1/34 MB | 6.1/12 MB | 6.1/56 MB | 0.8/5.9 MB | 154/293 kBProgress (5): 8.1/34 MB | 6.1/12 MB | 6.1/56 MB | 0.8/5.9 MB | 154/293 kBProgress (5): 8.1/34 MB | 6.1/12 MB | 6.1/56 MB | 0.8/5.9 MB | 154/293 kBProgress (5): 8.1/34 MB | 6.1/12 MB | 6.1/56 MB | 0.8/5.9 MB | 170/293 kBProgress (5): 8.1/34 MB | 6.1/12 MB | 6.1/56 MB | 0.8/5.9 MB | 170/293 kBProgress (5): 8.1/34 MB | 6.1/12 MB | 6.1/56 MB | 0.8/5.9 MB | 170/293 kBProgress (5): 8.1/34 MB | 6.1/12 MB | 6.1/56 MB | 0.8/5.9 MB | 170/293 kBProgress (5): 8.1/34 MB | 6.1/12 MB | 6.1/56 MB | 0.8/5.9 MB | 187/293 kBProgress (5): 8.1/34 MB | 6.1/12 MB | 6.1/56 MB | 0.8/5.9 MB | 187/293 kBProgress (5): 8.1/34 MB | 6.1/12 MB | 6.1/56 MB | 0.8/5.9 MB | 187/293 kBProgress (5): 8.1/34 MB | 6.1/12 MB | 6.1/56 MB | 0.8/5.9 MB | 187/293 kBProgress (5): 8.1/34 MB | 6.1/12 MB | 6.1/56 MB | 0.8/5.9 MB | 187/293 kBProgress (5): 8.1/34 MB | 6.1/12 MB | 6.1/56 MB | 0.8/5.9 MB | 187/293 kBProgress (5): 8.1/34 MB | 6.1/12 MB | 6.1/56 MB | 0.8/5.9 MB | 187/293 kBProgress (5): 8.1/34 MB | 6.1/12 MB | 6.1/56 MB | 0.8/5.9 MB | 187/293 kBProgress (5): 8.1/34 MB | 6.1/12 MB | 6.1/56 MB | 0.8/5.9 MB | 187/293 kBProgress (5): 8.1/34 MB | 6.1/12 MB | 6.1/56 MB | 0.8/5.9 MB | 203/293 kBProgress (5): 8.1/34 MB | 6.1/12 MB | 6.1/56 MB | 0.8/5.9 MB | 219/293 kBProgress (5): 8.1/34 MB | 6.1/12 MB | 6.2/56 MB | 0.8/5.9 MB | 219/293 kBProgress (5): 8.1/34 MB | 6.1/12 MB | 6.2/56 MB | 0.8/5.9 MB | 219/293 kBProgress (5): 8.2/34 MB | 6.1/12 MB | 6.2/56 MB | 0.8/5.9 MB | 219/293 kBProgress (5): 8.2/34 MB | 6.1/12 MB | 6.2/56 MB | 0.8/5.9 MB | 236/293 kBProgress (5): 8.2/34 MB | 6.1/12 MB | 6.2/56 MB | 0.8/5.9 MB | 236/293 kBProgress (5): 8.2/34 MB | 6.1/12 MB | 6.2/56 MB | 0.8/5.9 MB | 252/293 kBProgress (5): 8.2/34 MB | 6.1/12 MB | 6.2/56 MB | 0.8/5.9 MB | 252/293 kBProgress (5): 8.2/34 MB | 6.1/12 MB | 6.2/56 MB | 0.9/5.9 MB | 252/293 kBProgress (5): 8.2/34 MB | 6.1/12 MB | 6.2/56 MB | 0.9/5.9 MB | 252/293 kBProgress (5): 8.2/34 MB | 6.1/12 MB | 6.2/56 MB | 0.9/5.9 MB | 252/293 kBProgress (5): 8.2/34 MB | 6.1/12 MB | 6.2/56 MB | 0.9/5.9 MB | 252/293 kBProgress (5): 8.2/34 MB | 6.1/12 MB | 6.2/56 MB | 0.9/5.9 MB | 252/293 kBProgress (5): 8.2/34 MB | 6.1/12 MB | 6.2/56 MB | 0.9/5.9 MB | 252/293 kBProgress (5): 8.2/34 MB | 6.1/12 MB | 6.2/56 MB | 0.9/5.9 MB | 252/293 kBProgress (5): 8.2/34 MB | 6.1/12 MB | 6.2/56 MB | 1.0/5.9 MB | 252/293 kBProgress (5): 8.2/34 MB | 6.1/12 MB | 6.2/56 MB | 1.0/5.9 MB | 252/293 kBProgress (5): 8.2/34 MB | 6.2/12 MB | 6.2/56 MB | 1.0/5.9 MB | 252/293 kBProgress (5): 8.2/34 MB | 6.2/12 MB | 6.2/56 MB | 1.0/5.9 MB | 252/293 kBProgress (5): 8.2/34 MB | 6.2/12 MB | 6.2/56 MB | 1.0/5.9 MB | 252/293 kBProgress (5): 8.2/34 MB | 6.2/12 MB | 6.2/56 MB | 1.0/5.9 MB | 268/293 kBProgress (5): 8.2/34 MB | 6.2/12 MB | 6.2/56 MB | 1.0/5.9 MB | 268/293 kBProgress (5): 8.2/34 MB | 6.2/12 MB | 6.2/56 MB | 1.0/5.9 MB | 268/293 kBProgress (5): 8.2/34 MB | 6.2/12 MB | 6.2/56 MB | 1.0/5.9 MB | 268/293 kBProgress (5): 8.2/34 MB | 6.2/12 MB | 6.2/56 MB | 1.0/5.9 MB | 268/293 kBProgress (5): 8.2/34 MB | 6.2/12 MB | 6.2/56 MB | 1.0/5.9 MB | 268/293 kBProgress (5): 8.2/34 MB | 6.2/12 MB | 6.2/56 MB | 1.0/5.9 MB | 268/293 kBProgress (5): 8.2/34 MB | 6.2/12 MB | 6.2/56 MB | 1.0/5.9 MB | 285/293 kBProgress (5): 8.2/34 MB | 6.2/12 MB | 6.2/56 MB | 1.0/5.9 MB | 293 kB    Progress (5): 8.2/34 MB | 6.2/12 MB | 6.2/56 MB | 1.0/5.9 MB | 293 kBProgress (5): 8.2/34 MB | 6.2/12 MB | 6.2/56 MB | 1.0/5.9 MB | 293 kBProgress (5): 8.2/34 MB | 6.2/12 MB | 6.2/56 MB | 1.0/5.9 MB | 293 kBProgress (5): 8.2/34 MB | 6.2/12 MB | 6.2/56 MB | 1.0/5.9 MB | 293 kBProgress (5): 8.2/34 MB | 6.2/12 MB | 6.2/56 MB | 1.0/5.9 MB | 293 kBProgress (5): 8.2/34 MB | 6.2/12 MB | 6.2/56 MB | 1.0/5.9 MB | 293 kBProgress (5): 8.2/34 MB | 6.2/12 MB | 6.2/56 MB | 1.1/5.9 MB | 293 kBProgress (5): 8.2/34 MB | 6.3/12 MB | 6.2/56 MB | 1.1/5.9 MB | 293 kBProgress (5): 8.2/34 MB | 6.3/12 MB | 6.2/56 MB | 1.1/5.9 MB | 293 kBProgress (5): 8.2/34 MB | 6.3/12 MB | 6.2/56 MB | 1.1/5.9 MB | 293 kBProgress (5): 8.2/34 MB | 6.3/12 MB | 6.2/56 MB | 1.1/5.9 MB | 293 kBProgress (5): 8.2/34 MB | 6.3/12 MB | 6.2/56 MB | 1.1/5.9 MB | 293 kBProgress (5): 8.2/34 MB | 6.3/12 MB | 6.2/56 MB | 1.1/5.9 MB | 293 kBProgress (5): 8.2/34 MB | 6.3/12 MB | 6.2/56 MB | 1.1/5.9 MB | 293 kBProgress (5): 8.2/34 MB | 6.3/12 MB | 6.2/56 MB | 1.1/5.9 MB | 293 kBProgress (5): 8.2/34 MB | 6.3/12 MB | 6.2/56 MB | 1.1/5.9 MB | 293 kBProgress (5): 8.2/34 MB | 6.3/12 MB | 6.2/56 MB | 1.1/5.9 MB | 293 kBProgress (5): 8.2/34 MB | 6.3/12 MB | 6.2/56 MB | 1.1/5.9 MB | 293 kBProgress (5): 8.2/34 MB | 6.3/12 MB | 6.2/56 MB | 1.1/5.9 MB | 293 kBProgress (5): 8.2/34 MB | 6.3/12 MB | 6.2/56 MB | 1.1/5.9 MB | 293 kBProgress (5): 8.2/34 MB | 6.3/12 MB | 6.2/56 MB | 1.1/5.9 MB | 293 kBProgress (5): 8.2/34 MB | 6.3/12 MB | 6.2/56 MB | 1.1/5.9 MB | 293 kBProgress (5): 8.2/34 MB | 6.3/12 MB | 6.2/56 MB | 1.1/5.9 MB | 293 kBProgress (5): 8.2/34 MB | 6.4/12 MB | 6.2/56 MB | 1.1/5.9 MB | 293 kBProgress (5): 8.2/34 MB | 6.4/12 MB | 6.3/56 MB | 1.1/5.9 MB | 293 kBProgress (5): 8.2/34 MB | 6.4/12 MB | 6.3/56 MB | 1.1/5.9 MB | 293 kBProgress (5): 8.2/34 MB | 6.4/12 MB | 6.3/56 MB | 1.2/5.9 MB | 293 kBProgress (5): 8.2/34 MB | 6.4/12 MB | 6.3/56 MB | 1.2/5.9 MB | 293 kBProgress (5): 8.2/34 MB | 6.4/12 MB | 6.3/56 MB | 1.2/5.9 MB | 293 kBProgress (5): 8.2/34 MB | 6.4/12 MB | 6.3/56 MB | 1.2/5.9 MB | 293 kBProgress (5): 8.2/34 MB | 6.4/12 MB | 6.3/56 MB | 1.2/5.9 MB | 293 kB                                                                     Downloaded from aliyun: https://maven.aliyun.com/repository/public/org/jacoco/org.jacoco.agent/0.8.8/org.jacoco.agent-0.8.8-runtime.jar (293 kB at 39 kB/s)
Downloading from aliyun: https://maven.aliyun.com/repository/public/com/egzosn/pay-spring-boot-starter/0.0.3/pay-spring-boot-starter-0.0.3.jar
Progress (4): 8.2/34 MB | 6.4/12 MB | 6.3/56 MB | 1.2/5.9 MBProgress (4): 8.2/34 MB | 6.4/12 MB | 6.3/56 MB | 1.2/5.9 MBProgress (4): 8.2/34 MB | 6.4/12 MB | 6.3/56 MB | 1.2/5.9 MBProgress (4): 8.2/34 MB | 6.4/12 MB | 6.3/56 MB | 1.2/5.9 MBProgress (4): 8.2/34 MB | 6.5/12 MB | 6.3/56 MB | 1.2/5.9 MBProgress (4): 8.3/34 MB | 6.5/12 MB | 6.3/56 MB | 1.2/5.9 MBProgress (4): 8.3/34 MB | 6.5/12 MB | 6.3/56 MB | 1.2/5.9 MBProgress (4): 8.3/34 MB | 6.5/12 MB | 6.3/56 MB | 1.2/5.9 MBProgress (4): 8.3/34 MB | 6.5/12 MB | 6.3/56 MB | 1.2/5.9 MBProgress (4): 8.3/34 MB | 6.5/12 MB | 6.3/56 MB | 1.2/5.9 MBProgress (4): 8.3/34 MB | 6.5/12 MB | 6.3/56 MB | 1.3/5.9 MBProgress (4): 8.3/34 MB | 6.5/12 MB | 6.3/56 MB | 1.3/5.9 MBProgress (4): 8.3/34 MB | 6.5/12 MB | 6.3/56 MB | 1.3/5.9 MBProgress (4): 8.3/34 MB | 6.5/12 MB | 6.3/56 MB | 1.3/5.9 MBProgress (4): 8.3/34 MB | 6.5/12 MB | 6.3/56 MB | 1.3/5.9 MBProgress (4): 8.3/34 MB | 6.5/12 MB | 6.3/56 MB | 1.3/5.9 MBProgress (4): 8.3/34 MB | 6.5/12 MB | 6.3/56 MB | 1.3/5.9 MBProgress (4): 8.3/34 MB | 6.5/12 MB | 6.3/56 MB | 1.3/5.9 MBProgress (4): 8.3/34 MB | 6.5/12 MB | 6.3/56 MB | 1.3/5.9 MBProgress (4): 8.3/34 MB | 6.5/12 MB | 6.3/56 MB | 1.3/5.9 MBProgress (4): 8.3/34 MB | 6.5/12 MB | 6.3/56 MB | 1.3/5.9 MBProgress (4): 8.3/34 MB | 6.5/12 MB | 6.4/56 MB | 1.3/5.9 MBProgress (4): 8.3/34 MB | 6.6/12 MB | 6.4/56 MB | 1.3/5.9 MBProgress (4): 8.3/34 MB | 6.6/12 MB | 6.4/56 MB | 1.3/5.9 MBProgress (4): 8.3/34 MB | 6.6/12 MB | 6.4/56 MB | 1.3/5.9 MBProgress (4): 8.3/34 MB | 6.6/12 MB | 6.4/56 MB | 1.3/5.9 MBProgress (4): 8.3/34 MB | 6.6/12 MB | 6.4/56 MB | 1.3/5.9 MBProgress (4): 8.3/34 MB | 6.6/12 MB | 6.4/56 MB | 1.3/5.9 MBProgress (4): 8.3/34 MB | 6.6/12 MB | 6.4/56 MB | 1.3/5.9 MBProgress (4): 8.3/34 MB | 6.6/12 MB | 6.4/56 MB | 1.4/5.9 MBProgress (4): 8.3/34 MB | 6.6/12 MB | 6.4/56 MB | 1.4/5.9 MBProgress (4): 8.3/34 MB | 6.6/12 MB | 6.4/56 MB | 1.4/5.9 MBProgress (4): 8.3/34 MB | 6.6/12 MB | 6.4/56 MB | 1.4/5.9 MBProgress (4): 8.3/34 MB | 6.6/12 MB | 6.4/56 MB | 1.4/5.9 MBProgress (4): 8.3/34 MB | 6.6/12 MB | 6.4/56 MB | 1.4/5.9 MBProgress (4): 8.3/34 MB | 6.6/12 MB | 6.4/56 MB | 1.4/5.9 MBProgress (4): 8.3/34 MB | 6.6/12 MB | 6.4/56 MB | 1.4/5.9 MBProgress (4): 8.3/34 MB | 6.6/12 MB | 6.4/56 MB | 1.4/5.9 MBProgress (4): 8.3/34 MB | 6.6/12 MB | 6.4/56 MB | 1.4/5.9 MBProgress (4): 8.3/34 MB | 6.7/12 MB | 6.4/56 MB | 1.4/5.9 MBProgress (4): 8.3/34 MB | 6.7/12 MB | 6.4/56 MB | 1.4/5.9 MBProgress (4): 8.3/34 MB | 6.7/12 MB | 6.4/56 MB | 1.4/5.9 MBProgress (4): 8.3/34 MB | 6.7/12 MB | 6.4/56 MB | 1.4/5.9 MBProgress (4): 8.3/34 MB | 6.7/12 MB | 6.4/56 MB | 1.5/5.9 MBProgress (4): 8.3/34 MB | 6.7/12 MB | 6.4/56 MB | 1.5/5.9 MBProgress (4): 8.3/34 MB | 6.7/12 MB | 6.4/56 MB | 1.5/5.9 MBProgress (4): 8.3/34 MB | 6.7/12 MB | 6.4/56 MB | 1.5/5.9 MBProgress (4): 8.3/34 MB | 6.7/12 MB | 6.4/56 MB | 1.5/5.9 MBProgress (4): 8.3/34 MB | 6.7/12 MB | 6.4/56 MB | 1.5/5.9 MBProgress (4): 8.3/34 MB | 6.7/12 MB | 6.4/56 MB | 1.5/5.9 MBProgress (4): 8.3/34 MB | 6.7/12 MB | 6.4/56 MB | 1.5/5.9 MBProgress (4): 8.3/34 MB | 6.7/12 MB | 6.4/56 MB | 1.5/5.9 MBProgress (4): 8.3/34 MB | 6.7/12 MB | 6.4/56 MB | 1.5/5.9 MBProgress (4): 8.3/34 MB | 6.7/12 MB | 6.5/56 MB | 1.5/5.9 MBProgress (4): 8.3/34 MB | 6.7/12 MB | 6.5/56 MB | 1.5/5.9 MBProgress (4): 8.3/34 MB | 6.8/12 MB | 6.5/56 MB | 1.5/5.9 MBProgress (4): 8.3/34 MB | 6.8/12 MB | 6.5/56 MB | 1.5/5.9 MBProgress (4): 8.3/34 MB | 6.8/12 MB | 6.5/56 MB | 1.5/5.9 MBProgress (4): 8.3/34 MB | 6.8/12 MB | 6.5/56 MB | 1.5/5.9 MBProgress (4): 8.3/34 MB | 6.8/12 MB | 6.5/56 MB | 1.5/5.9 MBProgress (4): 8.3/34 MB | 6.8/12 MB | 6.5/56 MB | 1.5/5.9 MBProgress (4): 8.3/34 MB | 6.8/12 MB | 6.5/56 MB | 1.5/5.9 MBProgress (4): 8.3/34 MB | 6.8/12 MB | 6.5/56 MB | 1.5/5.9 MBProgress (4): 8.3/34 MB | 6.8/12 MB | 6.5/56 MB | 1.5/5.9 MBProgress (4): 8.3/34 MB | 6.8/12 MB | 6.5/56 MB | 1.5/5.9 MBProgress (4): 8.3/34 MB | 6.9/12 MB | 6.5/56 MB | 1.5/5.9 MBProgress (4): 8.3/34 MB | 6.9/12 MB | 6.5/56 MB | 1.5/5.9 MBProgress (4): 8.3/34 MB | 6.9/12 MB | 6.5/56 MB | 1.5/5.9 MBProgress (4): 8.3/34 MB | 6.9/12 MB | 6.5/56 MB | 1.5/5.9 MBProgress (4): 8.3/34 MB | 6.9/12 MB | 6.5/56 MB | 1.5/5.9 MBProgress (4): 8.3/34 MB | 6.9/12 MB | 6.5/56 MB | 1.5/5.9 MBProgress (4): 8.3/34 MB | 6.9/12 MB | 6.5/56 MB | 1.5/5.9 MBProgress (4): 8.3/34 MB | 6.9/12 MB | 6.5/56 MB | 1.5/5.9 MBProgress (4): 8.3/34 MB | 6.9/12 MB | 6.5/56 MB | 1.5/5.9 MBProgress (4): 8.3/34 MB | 6.9/12 MB | 6.5/56 MB | 1.6/5.9 MBProgress (4): 8.3/34 MB | 6.9/12 MB | 6.5/56 MB | 1.6/5.9 MBProgress (4): 8.3/34 MB | 6.9/12 MB | 6.5/56 MB | 1.6/5.9 MBProgress (4): 8.3/34 MB | 6.9/12 MB | 6.5/56 MB | 1.6/5.9 MBProgress (4): 8.3/34 MB | 6.9/12 MB | 6.5/56 MB | 1.6/5.9 MBProgress (4): 8.3/34 MB | 6.9/12 MB | 6.5/56 MB | 1.6/5.9 MBProgress (4): 8.3/34 MB | 6.9/12 MB | 6.5/56 MB | 1.6/5.9 MBProgress (4): 8.3/34 MB | 6.9/12 MB | 6.6/56 MB | 1.6/5.9 MBProgress (4): 8.3/34 MB | 7.0/12 MB | 6.6/56 MB | 1.6/5.9 MBProgress (4): 8.3/34 MB | 7.0/12 MB | 6.6/56 MB | 1.6/5.9 MBProgress (4): 8.3/34 MB | 7.0/12 MB | 6.6/56 MB | 1.6/5.9 MBProgress (4): 8.3/34 MB | 7.0/12 MB | 6.6/56 MB | 1.6/5.9 MBProgress (4): 8.3/34 MB | 7.0/12 MB | 6.6/56 MB | 1.6/5.9 MBProgress (4): 8.3/34 MB | 7.0/12 MB | 6.6/56 MB | 1.6/5.9 MBProgress (4): 8.3/34 MB | 7.0/12 MB | 6.6/56 MB | 1.6/5.9 MBProgress (4): 8.3/34 MB | 7.0/12 MB | 6.6/56 MB | 1.6/5.9 MBProgress (4): 8.3/34 MB | 7.0/12 MB | 6.6/56 MB | 1.6/5.9 MBProgress (4): 8.4/34 MB | 7.0/12 MB | 6.6/56 MB | 1.6/5.9 MBProgress (4): 8.4/34 MB | 7.1/12 MB | 6.6/56 MB | 1.6/5.9 MBProgress (4): 8.4/34 MB | 7.1/12 MB | 6.6/56 MB | 1.6/5.9 MBProgress (4): 8.4/34 MB | 7.1/12 MB | 6.6/56 MB | 1.6/5.9 MBProgress (4): 8.4/34 MB | 7.1/12 MB | 6.6/56 MB | 1.6/5.9 MBProgress (4): 8.4/34 MB | 7.1/12 MB | 6.6/56 MB | 1.6/5.9 MBProgress (4): 8.4/34 MB | 7.1/12 MB | 6.6/56 MB | 1.6/5.9 MBProgress (4): 8.4/34 MB | 7.1/12 MB | 6.6/56 MB | 1.6/5.9 MBProgress (4): 8.4/34 MB | 7.1/12 MB | 6.6/56 MB | 1.6/5.9 MBProgress (4): 8.4/34 MB | 7.1/12 MB | 6.6/56 MB | 1.6/5.9 MBProgress (4): 8.4/34 MB | 7.1/12 MB | 6.6/56 MB | 1.6/5.9 MBProgress (4): 8.4/34 MB | 7.1/12 MB | 6.6/56 MB | 1.6/5.9 MBProgress (4): 8.4/34 MB | 7.1/12 MB | 6.6/56 MB | 1.6/5.9 MBProgress (4): 8.4/34 MB | 7.2/12 MB | 6.6/56 MB | 1.6/5.9 MBProgress (4): 8.4/34 MB | 7.2/12 MB | 6.6/56 MB | 1.6/5.9 MBProgress (4): 8.4/34 MB | 7.2/12 MB | 6.6/56 MB | 1.6/5.9 MBProgress (4): 8.4/34 MB | 7.2/12 MB | 6.6/56 MB | 1.6/5.9 MBProgress (4): 8.4/34 MB | 7.2/12 MB | 6.6/56 MB | 1.7/5.9 MBProgress (4): 8.4/34 MB | 7.2/12 MB | 6.7/56 MB | 1.7/5.9 MBProgress (4): 8.4/34 MB | 7.2/12 MB | 6.7/56 MB | 1.7/5.9 MBProgress (4): 8.4/34 MB | 7.2/12 MB | 6.7/56 MB | 1.7/5.9 MBProgress (4): 8.4/34 MB | 7.2/12 MB | 6.7/56 MB | 1.7/5.9 MBProgress (4): 8.4/34 MB | 7.2/12 MB | 6.7/56 MB | 1.7/5.9 MBProgress (4): 8.4/34 MB | 7.2/12 MB | 6.7/56 MB | 1.7/5.9 MBProgress (4): 8.4/34 MB | 7.2/12 MB | 6.7/56 MB | 1.7/5.9 MBProgress (4): 8.4/34 MB | 7.3/12 MB | 6.7/56 MB | 1.7/5.9 MBProgress (4): 8.4/34 MB | 7.3/12 MB | 6.7/56 MB | 1.7/5.9 MBProgress (4): 8.4/34 MB | 7.3/12 MB | 6.7/56 MB | 1.7/5.9 MBProgress (4): 8.4/34 MB | 7.3/12 MB | 6.7/56 MB | 1.7/5.9 MBProgress (4): 8.4/34 MB | 7.3/12 MB | 6.7/56 MB | 1.7/5.9 MBProgress (4): 8.4/34 MB | 7.3/12 MB | 6.7/56 MB | 1.7/5.9 MBProgress (4): 8.4/34 MB | 7.3/12 MB | 6.7/56 MB | 1.7/5.9 MBProgress (4): 8.4/34 MB | 7.3/12 MB | 6.7/56 MB | 1.7/5.9 MBProgress (4): 8.4/34 MB | 7.3/12 MB | 6.7/56 MB | 1.7/5.9 MBProgress (4): 8.4/34 MB | 7.3/12 MB | 6.7/56 MB | 1.7/5.9 MBProgress (4): 8.4/34 MB | 7.3/12 MB | 6.8/56 MB | 1.7/5.9 MBProgress (4): 8.4/34 MB | 7.3/12 MB | 6.8/56 MB | 1.7/5.9 MBProgress (4): 8.4/34 MB | 7.3/12 MB | 6.8/56 MB | 1.7/5.9 MBProgress (4): 8.4/34 MB | 7.3/12 MB | 6.8/56 MB | 1.7/5.9 MBProgress (4): 8.4/34 MB | 7.3/12 MB | 6.8/56 MB | 1.7/5.9 MBProgress (4): 8.5/34 MB | 7.3/12 MB | 6.8/56 MB | 1.7/5.9 MBProgress (4): 8.5/34 MB | 7.3/12 MB | 6.8/56 MB | 1.7/5.9 MBProgress (4): 8.5/34 MB | 7.3/12 MB | 6.8/56 MB | 1.7/5.9 MBProgress (4): 8.5/34 MB | 7.3/12 MB | 6.8/56 MB | 1.7/5.9 MBProgress (4): 8.5/34 MB | 7.4/12 MB | 6.8/56 MB | 1.7/5.9 MBProgress (4): 8.5/34 MB | 7.4/12 MB | 6.8/56 MB | 1.7/5.9 MBProgress (4): 8.5/34 MB | 7.4/12 MB | 6.8/56 MB | 1.7/5.9 MBProgress (4): 8.5/34 MB | 7.4/12 MB | 6.8/56 MB | 1.7/5.9 MBProgress (4): 8.5/34 MB | 7.4/12 MB | 6.8/56 MB | 1.7/5.9 MBProgress (4): 8.5/34 MB | 7.4/12 MB | 6.8/56 MB | 1.7/5.9 MBProgress (4): 8.5/34 MB | 7.4/12 MB | 6.8/56 MB | 1.7/5.9 MBProgress (4): 8.5/34 MB | 7.5/12 MB | 6.8/56 MB | 1.7/5.9 MBProgress (4): 8.5/34 MB | 7.5/12 MB | 6.8/56 MB | 1.7/5.9 MBProgress (4): 8.5/34 MB | 7.5/12 MB | 6.8/56 MB | 1.7/5.9 MBProgress (4): 8.5/34 MB | 7.5/12 MB | 6.8/56 MB | 1.7/5.9 MBProgress (4): 8.5/34 MB | 7.5/12 MB | 6.8/56 MB | 1.7/5.9 MBProgress (4): 8.5/34 MB | 7.5/12 MB | 6.8/56 MB | 1.8/5.9 MBProgress (5): 8.5/34 MB | 7.5/12 MB | 6.8/56 MB | 1.8/5.9 MB | 1.8 kBProgress (5): 8.5/34 MB | 7.5/12 MB | 6.8/56 MB | 1.8/5.9 MB | 1.8 kBProgress (5): 8.5/34 MB | 7.5/12 MB | 6.8/56 MB | 1.8/5.9 MB | 1.8 kBProgress (5): 8.5/34 MB | 7.5/12 MB | 6.8/56 MB | 1.8/5.9 MB | 1.8 kBProgress (5): 8.5/34 MB | 7.6/12 MB | 6.8/56 MB | 1.8/5.9 MB | 1.8 kBProgress (5): 8.5/34 MB | 7.6/12 MB | 6.8/56 MB | 1.8/5.9 MB | 1.8 kBProgress (5): 8.5/34 MB | 7.6/12 MB | 6.8/56 MB | 1.8/5.9 MB | 1.8 kBProgress (5): 8.5/34 MB | 7.6/12 MB | 6.9/56 MB | 1.8/5.9 MB | 1.8 kBProgress (5): 8.5/34 MB | 7.6/12 MB | 6.9/56 MB | 1.8/5.9 MB | 1.8 kBProgress (5): 8.5/34 MB | 7.6/12 MB | 6.9/56 MB | 1.8/5.9 MB | 1.8 kBProgress (5): 8.5/34 MB | 7.6/12 MB | 6.9/56 MB | 1.8/5.9 MB | 1.8 kBProgress (5): 8.5/34 MB | 7.6/12 MB | 6.9/56 MB | 1.8/5.9 MB | 1.8 kBProgress (5): 8.5/34 MB | 7.6/12 MB | 6.9/56 MB | 1.8/5.9 MB | 1.8 kBProgress (5): 8.5/34 MB | 7.6/12 MB | 6.9/56 MB | 1.8/5.9 MB | 1.8 kBProgress (5): 8.5/34 MB | 7.6/12 MB | 6.9/56 MB | 1.8/5.9 MB | 1.8 kBProgress (5): 8.5/34 MB | 7.6/12 MB | 6.9/56 MB | 1.8/5.9 MB | 1.8 kBProgress (5): 8.5/34 MB | 7.6/12 MB | 6.9/56 MB | 1.8/5.9 MB | 1.8 kBProgress (5): 8.5/34 MB | 7.6/12 MB | 6.9/56 MB | 1.8/5.9 MB | 1.8 kBProgress (5): 8.5/34 MB | 7.6/12 MB | 6.9/56 MB | 1.8/5.9 MB | 1.8 kBProgress (5): 8.5/34 MB | 7.7/12 MB | 6.9/56 MB | 1.8/5.9 MB | 1.8 kBProgress (5): 8.5/34 MB | 7.7/12 MB | 6.9/56 MB | 1.8/5.9 MB | 1.8 kBProgress (5): 8.5/34 MB | 7.7/12 MB | 6.9/56 MB | 1.8/5.9 MB | 1.8 kBProgress (5): 8.5/34 MB | 7.7/12 MB | 6.9/56 MB | 1.8/5.9 MB | 1.8 kBProgress (5): 8.5/34 MB | 7.7/12 MB | 6.9/56 MB | 1.8/5.9 MB | 1.8 kBProgress (5): 8.5/34 MB | 7.7/12 MB | 7.0/56 MB | 1.8/5.9 MB | 1.8 kBProgress (5): 8.5/34 MB | 7.7/12 MB | 7.0/56 MB | 1.8/5.9 MB | 1.8 kBProgress (5): 8.5/34 MB | 7.7/12 MB | 7.0/56 MB | 1.8/5.9 MB | 1.8 kBProgress (5): 8.5/34 MB | 7.7/12 MB | 7.0/56 MB | 1.8/5.9 MB | 1.8 kBProgress (5): 8.5/34 MB | 7.7/12 MB | 7.0/56 MB | 1.8/5.9 MB | 1.8 kBProgress (5): 8.5/34 MB | 7.7/12 MB | 7.0/56 MB | 1.8/5.9 MB | 1.8 kBProgress (5): 8.5/34 MB | 7.7/12 MB | 7.0/56 MB | 1.8/5.9 MB | 1.8 kBProgress (5): 8.5/34 MB | 7.7/12 MB | 7.0/56 MB | 1.8/5.9 MB | 1.8 kBProgress (5): 8.5/34 MB | 7.7/12 MB | 7.0/56 MB | 1.8/5.9 MB | 1.8 kBProgress (5): 8.5/34 MB | 7.7/12 MB | 7.0/56 MB | 1.8/5.9 MB | 1.8 kBProgress (5): 8.5/34 MB | 7.7/12 MB | 7.0/56 MB | 1.8/5.9 MB | 1.8 kBProgress (5): 8.5/34 MB | 7.7/12 MB | 7.0/56 MB | 1.8/5.9 MB | 1.8 kBProgress (5): 8.5/34 MB | 7.8/12 MB | 7.0/56 MB | 1.8/5.9 MB | 1.8 kBProgress (5): 8.5/34 MB | 7.8/12 MB | 7.0/56 MB | 1.8/5.9 MB | 1.8 kBProgress (5): 8.5/34 MB | 7.8/12 MB | 7.0/56 MB | 1.8/5.9 MB | 1.8 kBProgress (5): 8.5/34 MB | 7.8/12 MB | 7.0/56 MB | 1.8/5.9 MB | 1.8 kBProgress (5): 8.5/34 MB | 7.8/12 MB | 7.1/56 MB | 1.8/5.9 MB | 1.8 kBProgress (5): 8.5/34 MB | 7.8/12 MB | 7.1/56 MB | 1.8/5.9 MB | 1.8 kBProgress (5): 8.5/34 MB | 7.8/12 MB | 7.1/56 MB | 1.8/5.9 MB | 1.8 kBProgress (5): 8.5/34 MB | 7.8/12 MB | 7.1/56 MB | 1.8/5.9 MB | 1.8 kBProgress (5): 8.5/34 MB | 7.8/12 MB | 7.1/56 MB | 1.8/5.9 MB | 1.8 kBProgress (5): 8.5/34 MB | 7.8/12 MB | 7.1/56 MB | 1.8/5.9 MB | 1.8 kBProgress (5): 8.5/34 MB | 7.9/12 MB | 7.1/56 MB | 1.8/5.9 MB | 1.8 kBProgress (5): 8.5/34 MB | 7.9/12 MB | 7.1/56 MB | 1.8/5.9 MB | 1.8 kBProgress (5): 8.5/34 MB | 7.9/12 MB | 7.1/56 MB | 1.8/5.9 MB | 1.8 kBProgress (5): 8.5/34 MB | 7.9/12 MB | 7.1/56 MB | 1.8/5.9 MB | 1.8 kBProgress (5): 8.5/34 MB | 7.9/12 MB | 7.1/56 MB | 1.8/5.9 MB | 1.8 kBProgress (5): 8.5/34 MB | 7.9/12 MB | 7.1/56 MB | 1.9/5.9 MB | 1.8 kBProgress (5): 8.5/34 MB | 7.9/12 MB | 7.1/56 MB | 1.9/5.9 MB | 1.8 kBProgress (5): 8.5/34 MB | 7.9/12 MB | 7.1/56 MB | 1.9/5.9 MB | 1.8 kBProgress (5): 8.6/34 MB | 7.9/12 MB | 7.1/56 MB | 1.9/5.9 MB | 1.8 kBProgress (5): 8.6/34 MB | 7.9/12 MB | 7.1/56 MB | 1.9/5.9 MB | 1.8 kBProgress (5): 8.6/34 MB | 7.9/12 MB | 7.1/56 MB | 1.9/5.9 MB | 1.8 kBProgress (5): 8.6/34 MB | 7.9/12 MB | 7.1/56 MB | 1.9/5.9 MB | 1.8 kBProgress (5): 8.6/34 MB | 7.9/12 MB | 7.1/56 MB | 1.9/5.9 MB | 1.8 kBProgress (5): 8.6/34 MB | 7.9/12 MB | 7.2/56 MB | 1.9/5.9 MB | 1.8 kBProgress (5): 8.6/34 MB | 7.9/12 MB | 7.2/56 MB | 1.9/5.9 MB | 1.8 kBProgress (5): 8.6/34 MB | 7.9/12 MB | 7.2/56 MB | 1.9/5.9 MB | 1.8 kBProgress (5): 8.6/34 MB | 7.9/12 MB | 7.2/56 MB | 1.9/5.9 MB | 1.8 kBProgress (5): 8.6/34 MB | 7.9/12 MB | 7.2/56 MB | 1.9/5.9 MB | 1.8 kBProgress (5): 8.6/34 MB | 7.9/12 MB | 7.2/56 MB | 1.9/5.9 MB | 1.8 kBProgress (5): 8.6/34 MB | 8.0/12 MB | 7.2/56 MB | 1.9/5.9 MB | 1.8 kBProgress (5): 8.6/34 MB | 8.0/12 MB | 7.2/56 MB | 1.9/5.9 MB | 1.8 kBProgress (5): 8.6/34 MB | 8.0/12 MB | 7.2/56 MB | 1.9/5.9 MB | 1.8 kBProgress (5): 8.6/34 MB | 8.0/12 MB | 7.2/56 MB | 1.9/5.9 MB | 1.8 kBProgress (5): 8.6/34 MB | 8.0/12 MB | 7.2/56 MB | 1.9/5.9 MB | 1.8 kBProgress (5): 8.6/34 MB | 8.0/12 MB | 7.2/56 MB | 1.9/5.9 MB | 1.8 kBProgress (5): 8.6/34 MB | 8.0/12 MB | 7.2/56 MB | 1.9/5.9 MB | 1.8 kBProgress (5): 8.6/34 MB | 8.0/12 MB | 7.2/56 MB | 1.9/5.9 MB | 1.8 kBProgress (5): 8.6/34 MB | 8.0/12 MB | 7.2/56 MB | 1.9/5.9 MB | 1.8 kBProgress (5): 8.6/34 MB | 8.0/12 MB | 7.2/56 MB | 1.9/5.9 MB | 1.8 kBProgress (5): 8.6/34 MB | 8.1/12 MB | 7.2/56 MB | 1.9/5.9 MB | 1.8 kBProgress (5): 8.6/34 MB | 8.1/12 MB | 7.2/56 MB | 1.9/5.9 MB | 1.8 kBProgress (5): 8.6/34 MB | 8.1/12 MB | 7.2/56 MB | 1.9/5.9 MB | 1.8 kBProgress (5): 8.6/34 MB | 8.1/12 MB | 7.2/56 MB | 1.9/5.9 MB | 1.8 kBProgress (5): 8.6/34 MB | 8.1/12 MB | 7.2/56 MB | 1.9/5.9 MB | 1.8 kBProgress (5): 8.6/34 MB | 8.1/12 MB | 7.2/56 MB | 1.9/5.9 MB | 1.8 kBProgress (5): 8.6/34 MB | 8.1/12 MB | 7.2/56 MB | 1.9/5.9 MB | 1.8 kBProgress (5): 8.6/34 MB | 8.1/12 MB | 7.2/56 MB | 1.9/5.9 MB | 1.8 kBProgress (5): 8.6/34 MB | 8.1/12 MB | 7.2/56 MB | 1.9/5.9 MB | 1.8 kBProgress (5): 8.6/34 MB | 8.1/12 MB | 7.2/56 MB | 1.9/5.9 MB | 1.8 kBProgress (5): 8.6/34 MB | 8.1/12 MB | 7.2/56 MB | 1.9/5.9 MB | 1.8 kBProgress (5): 8.6/34 MB | 8.1/12 MB | 7.3/56 MB | 1.9/5.9 MB | 1.8 kBProgress (5): 8.6/34 MB | 8.2/12 MB | 7.3/56 MB | 1.9/5.9 MB | 1.8 kBProgress (5): 8.6/34 MB | 8.2/12 MB | 7.3/56 MB | 1.9/5.9 MB | 1.8 kBProgress (5): 8.6/34 MB | 8.2/12 MB | 7.3/56 MB | 1.9/5.9 MB | 1.8 kBProgress (5): 8.6/34 MB | 8.2/12 MB | 7.3/56 MB | 1.9/5.9 MB | 1.8 kBProgress (5): 8.6/34 MB | 8.2/12 MB | 7.3/56 MB | 1.9/5.9 MB | 1.8 kB                                                                     Downloaded from aliyun: https://maven.aliyun.com/repository/public/com/egzosn/pay-spring-boot-starter/0.0.3/pay-spring-boot-starter-0.0.3.jar (1.8 kB at 222 B/s)
Downloading from aliyun: https://maven.aliyun.com/repository/public/com/egzosn/pay-spring-boot-autoconfigue/0.0.3/pay-spring-boot-autoconfigue-0.0.3.jar
Progress (4): 8.6/34 MB | 8.2/12 MB | 7.3/56 MB | 1.9/5.9 MBProgress (4): 8.6/34 MB | 8.2/12 MB | 7.3/56 MB | 1.9/5.9 MBProgress (4): 8.6/34 MB | 8.2/12 MB | 7.3/56 MB | 1.9/5.9 MBProgress (4): 8.6/34 MB | 8.2/12 MB | 7.3/56 MB | 1.9/5.9 MBProgress (4): 8.6/34 MB | 8.2/12 MB | 7.3/56 MB | 1.9/5.9 MBProgress (4): 8.6/34 MB | 8.2/12 MB | 7.3/56 MB | 1.9/5.9 MBProgress (4): 8.7/34 MB | 8.2/12 MB | 7.3/56 MB | 1.9/5.9 MBProgress (4): 8.7/34 MB | 8.2/12 MB | 7.3/56 MB | 1.9/5.9 MBProgress (4): 8.7/34 MB | 8.2/12 MB | 7.3/56 MB | 1.9/5.9 MBProgress (4): 8.7/34 MB | 8.2/12 MB | 7.3/56 MB | 1.9/5.9 MBProgress (4): 8.7/34 MB | 8.3/12 MB | 7.3/56 MB | 1.9/5.9 MBProgress (4): 8.7/34 MB | 8.3/12 MB | 7.3/56 MB | 1.9/5.9 MBProgress (4): 8.7/34 MB | 8.3/12 MB | 7.3/56 MB | 2.0/5.9 MBProgress (4): 8.7/34 MB | 8.3/12 MB | 7.3/56 MB | 2.0/5.9 MBProgress (4): 8.7/34 MB | 8.3/12 MB | 7.3/56 MB | 2.0/5.9 MBProgress (4): 8.7/34 MB | 8.3/12 MB | 7.3/56 MB | 2.0/5.9 MBProgress (4): 8.7/34 MB | 8.3/12 MB | 7.3/56 MB | 2.0/5.9 MBProgress (4): 8.7/34 MB | 8.3/12 MB | 7.3/56 MB | 2.0/5.9 MBProgress (4): 8.7/34 MB | 8.3/12 MB | 7.3/56 MB | 2.0/5.9 MBProgress (4): 8.7/34 MB | 8.3/12 MB | 7.3/56 MB | 2.0/5.9 MBProgress (4): 8.7/34 MB | 8.3/12 MB | 7.3/56 MB | 2.0/5.9 MBProgress (4): 8.7/34 MB | 8.3/12 MB | 7.3/56 MB | 2.0/5.9 MBProgress (4): 8.7/34 MB | 8.3/12 MB | 7.3/56 MB | 2.0/5.9 MBProgress (4): 8.7/34 MB | 8.3/12 MB | 7.3/56 MB | 2.0/5.9 MBProgress (4): 8.7/34 MB | 8.3/12 MB | 7.4/56 MB | 2.0/5.9 MBProgress (4): 8.7/34 MB | 8.4/12 MB | 7.4/56 MB | 2.0/5.9 MBProgress (4): 8.7/34 MB | 8.4/12 MB | 7.4/56 MB | 2.0/5.9 MBProgress (4): 8.7/34 MB | 8.4/12 MB | 7.4/56 MB | 2.0/5.9 MBProgress (4): 8.7/34 MB | 8.4/12 MB | 7.4/56 MB | 2.0/5.9 MBProgress (4): 8.7/34 MB | 8.4/12 MB | 7.4/56 MB | 2.0/5.9 MBProgress (4): 8.7/34 MB | 8.4/12 MB | 7.4/56 MB | 2.0/5.9 MBProgress (4): 8.7/34 MB | 8.4/12 MB | 7.4/56 MB | 2.0/5.9 MBProgress (4): 8.7/34 MB | 8.4/12 MB | 7.4/56 MB | 2.0/5.9 MBProgress (4): 8.7/34 MB | 8.4/12 MB | 7.4/56 MB | 2.0/5.9 MBProgress (4): 8.7/34 MB | 8.4/12 MB | 7.4/56 MB | 2.0/5.9 MBProgress (4): 8.7/34 MB | 8.4/12 MB | 7.4/56 MB | 2.1/5.9 MBProgress (4): 8.7/34 MB | 8.5/12 MB | 7.4/56 MB | 2.1/5.9 MBProgress (4): 8.7/34 MB | 8.5/12 MB | 7.4/56 MB | 2.1/5.9 MBProgress (4): 8.7/34 MB | 8.5/12 MB | 7.4/56 MB | 2.1/5.9 MBProgress (4): 8.7/34 MB | 8.5/12 MB | 7.4/56 MB | 2.1/5.9 MBProgress (4): 8.7/34 MB | 8.5/12 MB | 7.4/56 MB | 2.1/5.9 MBProgress (4): 8.7/34 MB | 8.5/12 MB | 7.4/56 MB | 2.1/5.9 MBProgress (4): 8.8/34 MB | 8.5/12 MB | 7.4/56 MB | 2.1/5.9 MBProgress (4): 8.8/34 MB | 8.5/12 MB | 7.4/56 MB | 2.1/5.9 MBProgress (4): 8.8/34 MB | 8.5/12 MB | 7.4/56 MB | 2.1/5.9 MBProgress (4): 8.8/34 MB | 8.5/12 MB | 7.4/56 MB | 2.1/5.9 MBProgress (4): 8.8/34 MB | 8.5/12 MB | 7.4/56 MB | 2.1/5.9 MBProgress (4): 8.8/34 MB | 8.5/12 MB | 7.4/56 MB | 2.1/5.9 MBProgress (4): 8.8/34 MB | 8.5/12 MB | 7.4/56 MB | 2.1/5.9 MBProgress (4): 8.8/34 MB | 8.5/12 MB | 7.5/56 MB | 2.1/5.9 MBProgress (4): 8.8/34 MB | 8.5/12 MB | 7.5/56 MB | 2.1/5.9 MBProgress (4): 8.8/34 MB | 8.5/12 MB | 7.5/56 MB | 2.1/5.9 MBProgress (4): 8.8/34 MB | 8.5/12 MB | 7.5/56 MB | 2.1/5.9 MBProgress (4): 8.8/34 MB | 8.5/12 MB | 7.5/56 MB | 2.1/5.9 MBProgress (4): 8.8/34 MB | 8.6/12 MB | 7.5/56 MB | 2.1/5.9 MBProgress (4): 8.8/34 MB | 8.6/12 MB | 7.5/56 MB | 2.1/5.9 MBProgress (4): 8.8/34 MB | 8.6/12 MB | 7.5/56 MB | 2.1/5.9 MBProgress (4): 8.8/34 MB | 8.6/12 MB | 7.5/56 MB | 2.1/5.9 MBProgress (4): 8.8/34 MB | 8.6/12 MB | 7.5/56 MB | 2.1/5.9 MBProgress (4): 8.8/34 MB | 8.6/12 MB | 7.5/56 MB | 2.1/5.9 MBProgress (4): 8.8/34 MB | 8.6/12 MB | 7.5/56 MB | 2.1/5.9 MBProgress (4): 8.8/34 MB | 8.6/12 MB | 7.5/56 MB | 2.1/5.9 MBProgress (4): 8.8/34 MB | 8.6/12 MB | 7.5/56 MB | 2.1/5.9 MBProgress (4): 8.8/34 MB | 8.6/12 MB | 7.5/56 MB | 2.1/5.9 MBProgress (4): 8.8/34 MB | 8.6/12 MB | 7.5/56 MB | 2.1/5.9 MBProgress (4): 8.8/34 MB | 8.6/12 MB | 7.5/56 MB | 2.1/5.9 MBProgress (4): 8.8/34 MB | 8.6/12 MB | 7.5/56 MB | 2.1/5.9 MBProgress (4): 8.8/34 MB | 8.6/12 MB | 7.5/56 MB | 2.1/5.9 MBProgress (4): 8.8/34 MB | 8.7/12 MB | 7.5/56 MB | 2.1/5.9 MBProgress (4): 8.8/34 MB | 8.7/12 MB | 7.5/56 MB | 2.1/5.9 MBProgress (4): 8.8/34 MB | 8.7/12 MB | 7.5/56 MB | 2.1/5.9 MBProgress (4): 8.8/34 MB | 8.7/12 MB | 7.6/56 MB | 2.1/5.9 MBProgress (4): 8.8/34 MB | 8.7/12 MB | 7.6/56 MB | 2.1/5.9 MBProgress (4): 8.8/34 MB | 8.7/12 MB | 7.6/56 MB | 2.1/5.9 MBProgress (4): 8.8/34 MB | 8.7/12 MB | 7.6/56 MB | 2.1/5.9 MBProgress (4): 8.8/34 MB | 8.7/12 MB | 7.6/56 MB | 2.1/5.9 MBProgress (4): 8.8/34 MB | 8.7/12 MB | 7.6/56 MB | 2.1/5.9 MBProgress (4): 8.8/34 MB | 8.7/12 MB | 7.6/56 MB | 2.1/5.9 MBProgress (4): 8.8/34 MB | 8.7/12 MB | 7.6/56 MB | 2.1/5.9 MBProgress (4): 8.8/34 MB | 8.7/12 MB | 7.6/56 MB | 2.1/5.9 MBProgress (4): 8.8/34 MB | 8.7/12 MB | 7.6/56 MB | 2.1/5.9 MBProgress (4): 8.8/34 MB | 8.8/12 MB | 7.6/56 MB | 2.1/5.9 MBProgress (4): 8.8/34 MB | 8.8/12 MB | 7.6/56 MB | 2.1/5.9 MBProgress (4): 8.8/34 MB | 8.8/12 MB | 7.6/56 MB | 2.1/5.9 MBProgress (4): 8.8/34 MB | 8.8/12 MB | 7.7/56 MB | 2.1/5.9 MBProgress (4): 8.8/34 MB | 8.8/12 MB | 7.7/56 MB | 2.1/5.9 MBProgress (4): 8.8/34 MB | 8.8/12 MB | 7.7/56 MB | 2.1/5.9 MBProgress (4): 8.8/34 MB | 8.8/12 MB | 7.7/56 MB | 2.1/5.9 MBProgress (4): 8.8/34 MB | 8.8/12 MB | 7.7/56 MB | 2.1/5.9 MBProgress (4): 8.8/34 MB | 8.8/12 MB | 7.7/56 MB | 2.1/5.9 MBProgress (4): 8.8/34 MB | 8.8/12 MB | 7.7/56 MB | 2.2/5.9 MBProgress (4): 8.8/34 MB | 8.9/12 MB | 7.7/56 MB | 2.2/5.9 MBProgress (4): 8.8/34 MB | 8.9/12 MB | 7.7/56 MB | 2.2/5.9 MBProgress (4): 8.8/34 MB | 8.9/12 MB | 7.7/56 MB | 2.2/5.9 MBProgress (4): 8.8/34 MB | 8.9/12 MB | 7.7/56 MB | 2.2/5.9 MBProgress (4): 8.9/34 MB | 8.9/12 MB | 7.7/56 MB | 2.2/5.9 MBProgress (4): 8.9/34 MB | 8.9/12 MB | 7.7/56 MB | 2.2/5.9 MBProgress (4): 8.9/34 MB | 8.9/12 MB | 7.7/56 MB | 2.2/5.9 MBProgress (4): 8.9/34 MB | 8.9/12 MB | 7.7/56 MB | 2.2/5.9 MBProgress (4): 8.9/34 MB | 8.9/12 MB | 7.7/56 MB | 2.2/5.9 MBProgress (4): 8.9/34 MB | 8.9/12 MB | 7.7/56 MB | 2.2/5.9 MBProgress (4): 8.9/34 MB | 8.9/12 MB | 7.7/56 MB | 2.2/5.9 MBProgress (4): 8.9/34 MB | 8.9/12 MB | 7.7/56 MB | 2.2/5.9 MBProgress (4): 8.9/34 MB | 8.9/12 MB | 7.7/56 MB | 2.2/5.9 MBProgress (4): 8.9/34 MB | 8.9/12 MB | 7.7/56 MB | 2.2/5.9 MBProgress (4): 8.9/34 MB | 8.9/12 MB | 7.7/56 MB | 2.2/5.9 MBProgress (4): 8.9/34 MB | 9.0/12 MB | 7.7/56 MB | 2.2/5.9 MBProgress (4): 8.9/34 MB | 9.0/12 MB | 7.7/56 MB | 2.2/5.9 MBProgress (4): 8.9/34 MB | 9.0/12 MB | 7.7/56 MB | 2.2/5.9 MBProgress (4): 8.9/34 MB | 9.0/12 MB | 7.7/56 MB | 2.2/5.9 MBProgress (4): 8.9/34 MB | 9.0/12 MB | 7.7/56 MB | 2.2/5.9 MBProgress (4): 8.9/34 MB | 9.0/12 MB | 7.7/56 MB | 2.2/5.9 MBProgress (4): 8.9/34 MB | 9.0/12 MB | 7.8/56 MB | 2.2/5.9 MBProgress (4): 8.9/34 MB | 9.0/12 MB | 7.8/56 MB | 2.2/5.9 MBProgress (4): 8.9/34 MB | 9.0/12 MB | 7.8/56 MB | 2.2/5.9 MBProgress (4): 8.9/34 MB | 9.0/12 MB | 7.8/56 MB | 2.2/5.9 MBProgress (4): 8.9/34 MB | 9.0/12 MB | 7.8/56 MB | 2.2/5.9 MBProgress (4): 8.9/34 MB | 9.0/12 MB | 7.8/56 MB | 2.2/5.9 MBProgress (4): 8.9/34 MB | 9.0/12 MB | 7.8/56 MB | 2.2/5.9 MBProgress (4): 8.9/34 MB | 9.1/12 MB | 7.8/56 MB | 2.2/5.9 MBProgress (4): 8.9/34 MB | 9.1/12 MB | 7.8/56 MB | 2.2/5.9 MBProgress (4): 8.9/34 MB | 9.1/12 MB | 7.8/56 MB | 2.2/5.9 MBProgress (4): 8.9/34 MB | 9.1/12 MB | 7.8/56 MB | 2.2/5.9 MBProgress (4): 8.9/34 MB | 9.1/12 MB | 7.8/56 MB | 2.2/5.9 MBProgress (4): 8.9/34 MB | 9.1/12 MB | 7.8/56 MB | 2.3/5.9 MBProgress (4): 8.9/34 MB | 9.1/12 MB | 7.8/56 MB | 2.3/5.9 MBProgress (4): 8.9/34 MB | 9.1/12 MB | 7.8/56 MB | 2.3/5.9 MBProgress (4): 8.9/34 MB | 9.1/12 MB | 7.8/56 MB | 2.3/5.9 MBProgress (4): 8.9/34 MB | 9.1/12 MB | 7.8/56 MB | 2.3/5.9 MBProgress (4): 8.9/34 MB | 9.2/12 MB | 7.8/56 MB | 2.3/5.9 MBProgress (4): 8.9/34 MB | 9.2/12 MB | 7.8/56 MB | 2.3/5.9 MBProgress (4): 8.9/34 MB | 9.2/12 MB | 7.8/56 MB | 2.3/5.9 MBProgress (4): 8.9/34 MB | 9.2/12 MB | 7.8/56 MB | 2.3/5.9 MBProgress (4): 8.9/34 MB | 9.2/12 MB | 7.8/56 MB | 2.3/5.9 MBProgress (4): 8.9/34 MB | 9.2/12 MB | 7.8/56 MB | 2.3/5.9 MBProgress (4): 8.9/34 MB | 9.2/12 MB | 7.8/56 MB | 2.3/5.9 MBProgress (4): 8.9/34 MB | 9.2/12 MB | 7.8/56 MB | 2.3/5.9 MBProgress (4): 8.9/34 MB | 9.2/12 MB | 7.8/56 MB | 2.3/5.9 MBProgress (4): 8.9/34 MB | 9.2/12 MB | 7.8/56 MB | 2.3/5.9 MBProgress (5): 8.9/34 MB | 9.2/12 MB | 7.8/56 MB | 2.3/5.9 MB | 3.4/3.8 kBProgress (5): 8.9/34 MB | 9.2/12 MB | 7.8/56 MB | 2.3/5.9 MB | 3.8 kB    Progress (5): 8.9/34 MB | 9.2/12 MB | 7.8/56 MB | 2.3/5.9 MB | 3.8 kBProgress (5): 8.9/34 MB | 9.2/12 MB | 7.8/56 MB | 2.3/5.9 MB | 3.8 kBProgress (5): 8.9/34 MB | 9.2/12 MB | 7.8/56 MB | 2.3/5.9 MB | 3.8 kBProgress (5): 8.9/34 MB | 9.2/12 MB | 7.8/56 MB | 2.3/5.9 MB | 3.8 kBProgress (5): 8.9/34 MB | 9.2/12 MB | 7.8/56 MB | 2.4/5.9 MB | 3.8 kBProgress (5): 8.9/34 MB | 9.2/12 MB | 7.8/56 MB | 2.4/5.9 MB | 3.8 kBProgress (5): 8.9/34 MB | 9.2/12 MB | 7.9/56 MB | 2.4/5.9 MB | 3.8 kBProgress (5): 8.9/34 MB | 9.3/12 MB | 7.9/56 MB | 2.4/5.9 MB | 3.8 kBProgress (5): 9.0/34 MB | 9.3/12 MB | 7.9/56 MB | 2.4/5.9 MB | 3.8 kBProgress (5): 9.0/34 MB | 9.3/12 MB | 7.9/56 MB | 2.4/5.9 MB | 3.8 kBProgress (5): 9.0/34 MB | 9.3/12 MB | 7.9/56 MB | 2.4/5.9 MB | 3.8 kBProgress (5): 9.0/34 MB | 9.3/12 MB | 7.9/56 MB | 2.4/5.9 MB | 3.8 kBProgress (5): 9.0/34 MB | 9.3/12 MB | 7.9/56 MB | 2.4/5.9 MB | 3.8 kBProgress (5): 9.0/34 MB | 9.3/12 MB | 7.9/56 MB | 2.4/5.9 MB | 3.8 kBProgress (5): 9.0/34 MB | 9.3/12 MB | 7.9/56 MB | 2.4/5.9 MB | 3.8 kBProgress (5): 9.0/34 MB | 9.3/12 MB | 7.9/56 MB | 2.4/5.9 MB | 3.8 kBProgress (5): 9.0/34 MB | 9.3/12 MB | 7.9/56 MB | 2.4/5.9 MB | 3.8 kBProgress (5): 9.0/34 MB | 9.3/12 MB | 7.9/56 MB | 2.4/5.9 MB | 3.8 kBProgress (5): 9.0/34 MB | 9.3/12 MB | 7.9/56 MB | 2.4/5.9 MB | 3.8 kBProgress (5): 9.0/34 MB | 9.4/12 MB | 7.9/56 MB | 2.4/5.9 MB | 3.8 kBProgress (5): 9.0/34 MB | 9.4/12 MB | 7.9/56 MB | 2.4/5.9 MB | 3.8 kBProgress (5): 9.0/34 MB | 9.4/12 MB | 7.9/56 MB | 2.4/5.9 MB | 3.8 kBProgress (5): 9.0/34 MB | 9.4/12 MB | 7.9/56 MB | 2.4/5.9 MB | 3.8 kBProgress (5): 9.0/34 MB | 9.4/12 MB | 7.9/56 MB | 2.4/5.9 MB | 3.8 kBProgress (5): 9.0/34 MB | 9.4/12 MB | 7.9/56 MB | 2.4/5.9 MB | 3.8 kBProgress (5): 9.0/34 MB | 9.4/12 MB | 7.9/56 MB | 2.4/5.9 MB | 3.8 kBProgress (5): 9.0/34 MB | 9.4/12 MB | 7.9/56 MB | 2.4/5.9 MB | 3.8 kBProgress (5): 9.0/34 MB | 9.4/12 MB | 7.9/56 MB | 2.4/5.9 MB | 3.8 kBProgress (5): 9.0/34 MB | 9.4/12 MB | 7.9/56 MB | 2.4/5.9 MB | 3.8 kBProgress (5): 9.0/34 MB | 9.4/12 MB | 7.9/56 MB | 2.4/5.9 MB | 3.8 kBProgress (5): 9.0/34 MB | 9.4/12 MB | 7.9/56 MB | 2.4/5.9 MB | 3.8 kBProgress (5): 9.0/34 MB | 9.5/12 MB | 7.9/56 MB | 2.4/5.9 MB | 3.8 kBProgress (5): 9.0/34 MB | 9.5/12 MB | 7.9/56 MB | 2.4/5.9 MB | 3.8 kBProgress (5): 9.0/34 MB | 9.5/12 MB | 7.9/56 MB | 2.4/5.9 MB | 3.8 kBProgress (5): 9.0/34 MB | 9.5/12 MB | 7.9/56 MB | 2.4/5.9 MB | 3.8 kBProgress (5): 9.0/34 MB | 9.5/12 MB | 7.9/56 MB | 2.4/5.9 MB | 3.8 kBProgress (5): 9.0/34 MB | 9.5/12 MB | 7.9/56 MB | 2.4/5.9 MB | 3.8 kBProgress (5): 9.0/34 MB | 9.5/12 MB | 7.9/56 MB | 2.4/5.9 MB | 3.8 kBProgress (5): 9.0/34 MB | 9.5/12 MB | 8.0/56 MB | 2.4/5.9 MB | 3.8 kBProgress (5): 9.0/34 MB | 9.5/12 MB | 8.0/56 MB | 2.4/5.9 MB | 3.8 kBProgress (5): 9.0/34 MB | 9.6/12 MB | 8.0/56 MB | 2.4/5.9 MB | 3.8 kBProgress (5): 9.0/34 MB | 9.6/12 MB | 8.0/56 MB | 2.4/5.9 MB | 3.8 kBProgress (5): 9.0/34 MB | 9.6/12 MB | 8.0/56 MB | 2.4/5.9 MB | 3.8 kBProgress (5): 9.0/34 MB | 9.6/12 MB | 8.0/56 MB | 2.4/5.9 MB | 3.8 kBProgress (5): 9.0/34 MB | 9.6/12 MB | 8.0/56 MB | 2.4/5.9 MB | 3.8 kBProgress (5): 9.0/34 MB | 9.6/12 MB | 8.0/56 MB | 2.5/5.9 MB | 3.8 kBProgress (5): 9.0/34 MB | 9.6/12 MB | 8.0/56 MB | 2.5/5.9 MB | 3.8 kBProgress (5): 9.0/34 MB | 9.6/12 MB | 8.0/56 MB | 2.5/5.9 MB | 3.8 kBProgress (5): 9.0/34 MB | 9.6/12 MB | 8.0/56 MB | 2.5/5.9 MB | 3.8 kBProgress (5): 9.0/34 MB | 9.6/12 MB | 8.0/56 MB | 2.5/5.9 MB | 3.8 kBProgress (5): 9.0/34 MB | 9.6/12 MB | 8.0/56 MB | 2.5/5.9 MB | 3.8 kBProgress (5): 9.0/34 MB | 9.7/12 MB | 8.0/56 MB | 2.5/5.9 MB | 3.8 kBProgress (5): 9.0/34 MB | 9.7/12 MB | 8.0/56 MB | 2.5/5.9 MB | 3.8 kBProgress (5): 9.0/34 MB | 9.7/12 MB | 8.0/56 MB | 2.5/5.9 MB | 3.8 kBProgress (5): 9.1/34 MB | 9.7/12 MB | 8.0/56 MB | 2.5/5.9 MB | 3.8 kBProgress (5): 9.1/34 MB | 9.7/12 MB | 8.0/56 MB | 2.5/5.9 MB | 3.8 kBProgress (5): 9.1/34 MB | 9.7/12 MB | 8.0/56 MB | 2.5/5.9 MB | 3.8 kBProgress (5): 9.1/34 MB | 9.7/12 MB | 8.0/56 MB | 2.5/5.9 MB | 3.8 kBProgress (5): 9.1/34 MB | 9.7/12 MB | 8.0/56 MB | 2.5/5.9 MB | 3.8 kBProgress (5): 9.1/34 MB | 9.7/12 MB | 8.0/56 MB | 2.5/5.9 MB | 3.8 kBProgress (5): 9.1/34 MB | 9.8/12 MB | 8.0/56 MB | 2.5/5.9 MB | 3.8 kBProgress (5): 9.1/34 MB | 9.8/12 MB | 8.0/56 MB | 2.5/5.9 MB | 3.8 kBProgress (5): 9.1/34 MB | 9.8/12 MB | 8.0/56 MB | 2.5/5.9 MB | 3.8 kBProgress (5): 9.1/34 MB | 9.8/12 MB | 8.0/56 MB | 2.5/5.9 MB | 3.8 kBProgress (5): 9.1/34 MB | 9.8/12 MB | 8.0/56 MB | 2.5/5.9 MB | 3.8 kBProgress (5): 9.1/34 MB | 9.8/12 MB | 8.0/56 MB | 2.5/5.9 MB | 3.8 kBProgress (5): 9.1/34 MB | 9.8/12 MB | 8.1/56 MB | 2.5/5.9 MB | 3.8 kBProgress (5): 9.1/34 MB | 9.8/12 MB | 8.1/56 MB | 2.5/5.9 MB | 3.8 kBProgress (5): 9.1/34 MB | 9.8/12 MB | 8.1/56 MB | 2.5/5.9 MB | 3.8 kBProgress (5): 9.1/34 MB | 9.8/12 MB | 8.1/56 MB | 2.5/5.9 MB | 3.8 kBProgress (5): 9.1/34 MB | 9.8/12 MB | 8.1/56 MB | 2.5/5.9 MB | 3.8 kBProgress (5): 9.1/34 MB | 9.8/12 MB | 8.1/56 MB | 2.5/5.9 MB | 3.8 kBProgress (5): 9.1/34 MB | 9.8/12 MB | 8.1/56 MB | 2.5/5.9 MB | 3.8 kBProgress (5): 9.1/34 MB | 9.9/12 MB | 8.1/56 MB | 2.5/5.9 MB | 3.8 kBProgress (5): 9.1/34 MB | 9.9/12 MB | 8.1/56 MB | 2.5/5.9 MB | 3.8 kBProgress (5): 9.1/34 MB | 9.9/12 MB | 8.1/56 MB | 2.5/5.9 MB | 3.8 kBProgress (5): 9.1/34 MB | 9.9/12 MB | 8.1/56 MB | 2.5/5.9 MB | 3.8 kBProgress (5): 9.1/34 MB | 9.9/12 MB | 8.1/56 MB | 2.5/5.9 MB | 3.8 kBProgress (5): 9.1/34 MB | 9.9/12 MB | 8.1/56 MB | 2.5/5.9 MB | 3.8 kBProgress (5): 9.1/34 MB | 9.9/12 MB | 8.1/56 MB | 2.5/5.9 MB | 3.8 kBProgress (5): 9.1/34 MB | 9.9/12 MB | 8.1/56 MB | 2.5/5.9 MB | 3.8 kBProgress (5): 9.1/34 MB | 9.9/12 MB | 8.1/56 MB | 2.5/5.9 MB | 3.8 kBProgress (5): 9.1/34 MB | 10.0/12 MB | 8.1/56 MB | 2.5/5.9 MB | 3.8 kBProgress (5): 9.1/34 MB | 10.0/12 MB | 8.1/56 MB | 2.5/5.9 MB | 3.8 kBProgress (5): 9.1/34 MB | 10.0/12 MB | 8.1/56 MB | 2.5/5.9 MB | 3.8 kBProgress (5): 9.1/34 MB | 10.0/12 MB | 8.1/56 MB | 2.5/5.9 MB | 3.8 kBProgress (5): 9.1/34 MB | 10/12 MB | 8.1/56 MB | 2.5/5.9 MB | 3.8 kB  Progress (5): 9.1/34 MB | 10/12 MB | 8.1/56 MB | 2.5/5.9 MB | 3.8 kBProgress (5): 9.1/34 MB | 10/12 MB | 8.1/56 MB | 2.5/5.9 MB | 3.8 kBProgress (5): 9.1/34 MB | 10/12 MB | 8.1/56 MB | 2.5/5.9 MB | 3.8 kBProgress (5): 9.1/34 MB | 10/12 MB | 8.1/56 MB | 2.5/5.9 MB | 3.8 kBProgress (5): 9.1/34 MB | 10/12 MB | 8.1/56 MB | 2.5/5.9 MB | 3.8 kBProgress (5): 9.1/34 MB | 10/12 MB | 8.1/56 MB | 2.5/5.9 MB | 3.8 kBProgress (5): 9.1/34 MB | 10/12 MB | 8.1/56 MB | 2.5/5.9 MB | 3.8 kBProgress (5): 9.1/34 MB | 10/12 MB | 8.2/56 MB | 2.5/5.9 MB | 3.8 kBProgress (5): 9.1/34 MB | 10/12 MB | 8.2/56 MB | 2.5/5.9 MB | 3.8 kBProgress (5): 9.1/34 MB | 10/12 MB | 8.2/56 MB | 2.5/5.9 MB | 3.8 kBProgress (5): 9.1/34 MB | 10/12 MB | 8.2/56 MB | 2.5/5.9 MB | 3.8 kBProgress (5): 9.1/34 MB | 10/12 MB | 8.2/56 MB | 2.5/5.9 MB | 3.8 kBProgress (5): 9.1/34 MB | 10/12 MB | 8.2/56 MB | 2.5/5.9 MB | 3.8 kBProgress (5): 9.1/34 MB | 10/12 MB | 8.2/56 MB | 2.5/5.9 MB | 3.8 kBProgress (5): 9.1/34 MB | 10/12 MB | 8.2/56 MB | 2.5/5.9 MB | 3.8 kBProgress (5): 9.1/34 MB | 10/12 MB | 8.2/56 MB | 2.5/5.9 MB | 3.8 kBProgress (5): 9.1/34 MB | 10/12 MB | 8.2/56 MB | 2.5/5.9 MB | 3.8 kBProgress (5): 9.2/34 MB | 10/12 MB | 8.2/56 MB | 2.5/5.9 MB | 3.8 kBProgress (5): 9.2/34 MB | 10/12 MB | 8.2/56 MB | 2.5/5.9 MB | 3.8 kBProgress (5): 9.2/34 MB | 10/12 MB | 8.2/56 MB | 2.5/5.9 MB | 3.8 kBProgress (5): 9.2/34 MB | 10/12 MB | 8.2/56 MB | 2.6/5.9 MB | 3.8 kBProgress (5): 9.2/34 MB | 10/12 MB | 8.2/56 MB | 2.6/5.9 MB | 3.8 kBProgress (5): 9.2/34 MB | 10/12 MB | 8.2/56 MB | 2.6/5.9 MB | 3.8 kBProgress (5): 9.2/34 MB | 10/12 MB | 8.2/56 MB | 2.6/5.9 MB | 3.8 kBProgress (5): 9.2/34 MB | 10/12 MB | 8.2/56 MB | 2.6/5.9 MB | 3.8 kBProgress (5): 9.2/34 MB | 10/12 MB | 8.3/56 MB | 2.6/5.9 MB | 3.8 kBProgress (5): 9.2/34 MB | 10/12 MB | 8.3/56 MB | 2.6/5.9 MB | 3.8 kB                                                                    Downloaded from aliyun: https://maven.aliyun.com/repository/public/com/egzosn/pay-spring-boot-autoconfigue/0.0.3/pay-spring-boot-autoconfigue-0.0.3.jar (3.8 kB at 456 B/s)
Downloading from aliyun: https://maven.aliyun.com/repository/public/com/egzosn/pay-java-ali/2.12.9/pay-java-ali-2.12.9.jar
Progress (4): 9.2/34 MB | 10/12 MB | 8.3/56 MB | 2.6/5.9 MBProgress (4): 9.2/34 MB | 10/12 MB | 8.3/56 MB | 2.6/5.9 MBProgress (4): 9.2/34 MB | 10/12 MB | 8.3/56 MB | 2.6/5.9 MBProgress (4): 9.2/34 MB | 10/12 MB | 8.3/56 MB | 2.6/5.9 MBProgress (4): 9.2/34 MB | 10/12 MB | 8.3/56 MB | 2.6/5.9 MBProgress (4): 9.2/34 MB | 10/12 MB | 8.3/56 MB | 2.6/5.9 MBProgress (4): 9.2/34 MB | 10/12 MB | 8.3/56 MB | 2.6/5.9 MBProgress (4): 9.2/34 MB | 10/12 MB | 8.3/56 MB | 2.6/5.9 MBProgress (4): 9.2/34 MB | 10/12 MB | 8.3/56 MB | 2.6/5.9 MBProgress (4): 9.2/34 MB | 10/12 MB | 8.3/56 MB | 2.6/5.9 MBProgress (4): 9.2/34 MB | 10/12 MB | 8.3/56 MB | 2.6/5.9 MBProgress (4): 9.2/34 MB | 10/12 MB | 8.3/56 MB | 2.6/5.9 MBProgress (4): 9.2/34 MB | 10/12 MB | 8.3/56 MB | 2.6/5.9 MBProgress (4): 9.2/34 MB | 10/12 MB | 8.4/56 MB | 2.6/5.9 MBProgress (4): 9.2/34 MB | 10/12 MB | 8.4/56 MB | 2.6/5.9 MBProgress (4): 9.2/34 MB | 10/12 MB | 8.4/56 MB | 2.6/5.9 MBProgress (4): 9.2/34 MB | 10/12 MB | 8.4/56 MB | 2.6/5.9 MBProgress (4): 9.2/34 MB | 10/12 MB | 8.4/56 MB | 2.7/5.9 MBProgress (4): 9.2/34 MB | 10/12 MB | 8.4/56 MB | 2.7/5.9 MBProgress (4): 9.2/34 MB | 10/12 MB | 8.4/56 MB | 2.7/5.9 MBProgress (4): 9.2/34 MB | 10/12 MB | 8.4/56 MB | 2.7/5.9 MBProgress (4): 9.2/34 MB | 10/12 MB | 8.4/56 MB | 2.7/5.9 MBProgress (4): 9.2/34 MB | 10/12 MB | 8.4/56 MB | 2.7/5.9 MBProgress (4): 9.2/34 MB | 10/12 MB | 8.4/56 MB | 2.7/5.9 MBProgress (4): 9.2/34 MB | 10/12 MB | 8.4/56 MB | 2.7/5.9 MBProgress (4): 9.2/34 MB | 10/12 MB | 8.4/56 MB | 2.7/5.9 MBProgress (4): 9.2/34 MB | 10/12 MB | 8.4/56 MB | 2.7/5.9 MBProgress (4): 9.2/34 MB | 10/12 MB | 8.4/56 MB | 2.7/5.9 MBProgress (4): 9.2/34 MB | 10/12 MB | 8.4/56 MB | 2.7/5.9 MBProgress (4): 9.2/34 MB | 10/12 MB | 8.4/56 MB | 2.7/5.9 MBProgress (4): 9.2/34 MB | 10/12 MB | 8.4/56 MB | 2.7/5.9 MBProgress (4): 9.2/34 MB | 10/12 MB | 8.4/56 MB | 2.7/5.9 MBProgress (4): 9.2/34 MB | 10/12 MB | 8.4/56 MB | 2.7/5.9 MBProgress (4): 9.2/34 MB | 10/12 MB | 8.5/56 MB | 2.7/5.9 MBProgress (4): 9.2/34 MB | 10/12 MB | 8.5/56 MB | 2.7/5.9 MBProgress (4): 9.2/34 MB | 10/12 MB | 8.5/56 MB | 2.7/5.9 MBProgress (4): 9.2/34 MB | 10/12 MB | 8.5/56 MB | 2.8/5.9 MBProgress (4): 9.2/34 MB | 10/12 MB | 8.5/56 MB | 2.8/5.9 MBProgress (4): 9.2/34 MB | 10/12 MB | 8.5/56 MB | 2.8/5.9 MBProgress (4): 9.2/34 MB | 10/12 MB | 8.5/56 MB | 2.8/5.9 MBProgress (4): 9.2/34 MB | 10/12 MB | 8.5/56 MB | 2.8/5.9 MBProgress (4): 9.2/34 MB | 10/12 MB | 8.5/56 MB | 2.8/5.9 MBProgress (4): 9.2/34 MB | 10/12 MB | 8.5/56 MB | 2.8/5.9 MBProgress (4): 9.2/34 MB | 10/12 MB | 8.5/56 MB | 2.8/5.9 MBProgress (4): 9.2/34 MB | 10/12 MB | 8.5/56 MB | 2.8/5.9 MBProgress (4): 9.2/34 MB | 10/12 MB | 8.5/56 MB | 2.8/5.9 MBProgress (4): 9.2/34 MB | 10/12 MB | 8.5/56 MB | 2.8/5.9 MBProgress (4): 9.3/34 MB | 10/12 MB | 8.5/56 MB | 2.8/5.9 MBProgress (4): 9.3/34 MB | 10/12 MB | 8.5/56 MB | 2.8/5.9 MBProgress (4): 9.3/34 MB | 10/12 MB | 8.5/56 MB | 2.8/5.9 MBProgress (4): 9.3/34 MB | 10/12 MB | 8.5/56 MB | 2.8/5.9 MBProgress (4): 9.3/34 MB | 10/12 MB | 8.5/56 MB | 2.8/5.9 MBProgress (4): 9.3/34 MB | 10/12 MB | 8.5/56 MB | 2.8/5.9 MBProgress (4): 9.3/34 MB | 10/12 MB | 8.5/56 MB | 2.8/5.9 MBProgress (4): 9.3/34 MB | 10/12 MB | 8.5/56 MB | 2.8/5.9 MBProgress (4): 9.3/34 MB | 10/12 MB | 8.6/56 MB | 2.8/5.9 MBProgress (4): 9.3/34 MB | 10/12 MB | 8.6/56 MB | 2.8/5.9 MBProgress (4): 9.3/34 MB | 10/12 MB | 8.6/56 MB | 2.8/5.9 MBProgress (4): 9.3/34 MB | 10/12 MB | 8.6/56 MB | 2.8/5.9 MBProgress (4): 9.3/34 MB | 10/12 MB | 8.6/56 MB | 2.8/5.9 MBProgress (4): 9.3/34 MB | 10/12 MB | 8.6/56 MB | 2.8/5.9 MBProgress (4): 9.3/34 MB | 10/12 MB | 8.6/56 MB | 2.9/5.9 MBProgress (4): 9.3/34 MB | 10/12 MB | 8.6/56 MB | 2.9/5.9 MBProgress (4): 9.3/34 MB | 10/12 MB | 8.6/56 MB | 2.9/5.9 MBProgress (4): 9.3/34 MB | 10/12 MB | 8.6/56 MB | 2.9/5.9 MBProgress (4): 9.3/34 MB | 10/12 MB | 8.6/56 MB | 2.9/5.9 MBProgress (4): 9.3/34 MB | 10/12 MB | 8.6/56 MB | 2.9/5.9 MBProgress (4): 9.3/34 MB | 10/12 MB | 8.6/56 MB | 2.9/5.9 MBProgress (4): 9.3/34 MB | 10/12 MB | 8.6/56 MB | 2.9/5.9 MBProgress (4): 9.3/34 MB | 10/12 MB | 8.6/56 MB | 2.9/5.9 MBProgress (4): 9.3/34 MB | 10/12 MB | 8.7/56 MB | 2.9/5.9 MBProgress (4): 9.3/34 MB | 10/12 MB | 8.7/56 MB | 2.9/5.9 MBProgress (4): 9.3/34 MB | 10/12 MB | 8.7/56 MB | 2.9/5.9 MBProgress (4): 9.3/34 MB | 10/12 MB | 8.7/56 MB | 2.9/5.9 MBProgress (4): 9.3/34 MB | 11/12 MB | 8.7/56 MB | 2.9/5.9 MBProgress (4): 9.3/34 MB | 11/12 MB | 8.7/56 MB | 2.9/5.9 MBProgress (4): 9.3/34 MB | 11/12 MB | 8.7/56 MB | 2.9/5.9 MBProgress (4): 9.3/34 MB | 11/12 MB | 8.7/56 MB | 2.9/5.9 MBProgress (4): 9.3/34 MB | 11/12 MB | 8.7/56 MB | 2.9/5.9 MBProgress (4): 9.3/34 MB | 11/12 MB | 8.7/56 MB | 2.9/5.9 MBProgress (4): 9.3/34 MB | 11/12 MB | 8.7/56 MB | 2.9/5.9 MBProgress (4): 9.3/34 MB | 11/12 MB | 8.7/56 MB | 2.9/5.9 MBProgress (4): 9.3/34 MB | 11/12 MB | 8.7/56 MB | 3.0/5.9 MBProgress (4): 9.3/34 MB | 11/12 MB | 8.7/56 MB | 3.0/5.9 MBProgress (4): 9.3/34 MB | 11/12 MB | 8.7/56 MB | 3.0/5.9 MBProgress (4): 9.3/34 MB | 11/12 MB | 8.7/56 MB | 3.0/5.9 MBProgress (4): 9.3/34 MB | 11/12 MB | 8.7/56 MB | 3.0/5.9 MBProgress (4): 9.3/34 MB | 11/12 MB | 8.8/56 MB | 3.0/5.9 MBProgress (4): 9.3/34 MB | 11/12 MB | 8.8/56 MB | 3.0/5.9 MBProgress (4): 9.3/34 MB | 11/12 MB | 8.8/56 MB | 3.0/5.9 MBProgress (4): 9.3/34 MB | 11/12 MB | 8.8/56 MB | 3.0/5.9 MBProgress (4): 9.3/34 MB | 11/12 MB | 8.8/56 MB | 3.0/5.9 MBProgress (4): 9.3/34 MB | 11/12 MB | 8.8/56 MB | 3.0/5.9 MBProgress (4): 9.3/34 MB | 11/12 MB | 8.8/56 MB | 3.0/5.9 MBProgress (4): 9.3/34 MB | 11/12 MB | 8.8/56 MB | 3.0/5.9 MBProgress (4): 9.3/34 MB | 11/12 MB | 8.8/56 MB | 3.0/5.9 MBProgress (4): 9.3/34 MB | 11/12 MB | 8.8/56 MB | 3.0/5.9 MBProgress (4): 9.3/34 MB | 11/12 MB | 8.8/56 MB | 3.0/5.9 MBProgress (4): 9.3/34 MB | 11/12 MB | 8.8/56 MB | 3.0/5.9 MBProgress (4): 9.3/34 MB | 11/12 MB | 8.8/56 MB | 3.0/5.9 MBProgress (4): 9.3/34 MB | 11/12 MB | 8.8/56 MB | 3.1/5.9 MBProgress (4): 9.3/34 MB | 11/12 MB | 8.8/56 MB | 3.1/5.9 MBProgress (4): 9.3/34 MB | 11/12 MB | 8.8/56 MB | 3.1/5.9 MBProgress (4): 9.3/34 MB | 11/12 MB | 8.8/56 MB | 3.1/5.9 MBProgress (4): 9.3/34 MB | 11/12 MB | 8.8/56 MB | 3.1/5.9 MBProgress (4): 9.3/34 MB | 11/12 MB | 8.8/56 MB | 3.1/5.9 MBProgress (4): 9.3/34 MB | 11/12 MB | 8.8/56 MB | 3.1/5.9 MBProgress (4): 9.3/34 MB | 11/12 MB | 8.8/56 MB | 3.1/5.9 MBProgress (4): 9.3/34 MB | 11/12 MB | 8.9/56 MB | 3.1/5.9 MBProgress (4): 9.3/34 MB | 11/12 MB | 8.9/56 MB | 3.1/5.9 MBProgress (4): 9.3/34 MB | 11/12 MB | 8.9/56 MB | 3.1/5.9 MBProgress (4): 9.3/34 MB | 11/12 MB | 8.9/56 MB | 3.1/5.9 MBProgress (4): 9.3/34 MB | 11/12 MB | 8.9/56 MB | 3.1/5.9 MBProgress (4): 9.3/34 MB | 11/12 MB | 8.9/56 MB | 3.1/5.9 MBProgress (4): 9.3/34 MB | 11/12 MB | 8.9/56 MB | 3.1/5.9 MBProgress (4): 9.3/34 MB | 11/12 MB | 8.9/56 MB | 3.1/5.9 MBProgress (4): 9.3/34 MB | 11/12 MB | 8.9/56 MB | 3.1/5.9 MBProgress (4): 9.3/34 MB | 11/12 MB | 8.9/56 MB | 3.2/5.9 MBProgress (4): 9.3/34 MB | 11/12 MB | 8.9/56 MB | 3.2/5.9 MBProgress (4): 9.3/34 MB | 11/12 MB | 8.9/56 MB | 3.2/5.9 MBProgress (4): 9.3/34 MB | 11/12 MB | 8.9/56 MB | 3.2/5.9 MBProgress (4): 9.3/34 MB | 11/12 MB | 8.9/56 MB | 3.2/5.9 MBProgress (4): 9.3/34 MB | 11/12 MB | 8.9/56 MB | 3.2/5.9 MBProgress (4): 9.3/34 MB | 11/12 MB | 8.9/56 MB | 3.2/5.9 MBProgress (4): 9.3/34 MB | 11/12 MB | 8.9/56 MB | 3.2/5.9 MBProgress (4): 9.3/34 MB | 11/12 MB | 8.9/56 MB | 3.2/5.9 MBProgress (4): 9.3/34 MB | 11/12 MB | 8.9/56 MB | 3.2/5.9 MBProgress (4): 9.3/34 MB | 11/12 MB | 9.0/56 MB | 3.2/5.9 MBProgress (4): 9.3/34 MB | 11/12 MB | 9.0/56 MB | 3.2/5.9 MBProgress (4): 9.3/34 MB | 11/12 MB | 9.0/56 MB | 3.2/5.9 MBProgress (4): 9.4/34 MB | 11/12 MB | 9.0/56 MB | 3.2/5.9 MBProgress (4): 9.4/34 MB | 11/12 MB | 9.0/56 MB | 3.2/5.9 MBProgress (4): 9.4/34 MB | 11/12 MB | 9.0/56 MB | 3.2/5.9 MBProgress (4): 9.4/34 MB | 11/12 MB | 9.0/56 MB | 3.2/5.9 MBProgress (4): 9.4/34 MB | 11/12 MB | 9.0/56 MB | 3.3/5.9 MBProgress (4): 9.4/34 MB | 11/12 MB | 9.0/56 MB | 3.3/5.9 MBProgress (4): 9.4/34 MB | 11/12 MB | 9.0/56 MB | 3.3/5.9 MBProgress (4): 9.4/34 MB | 11/12 MB | 9.0/56 MB | 3.3/5.9 MBProgress (4): 9.4/34 MB | 11/12 MB | 9.0/56 MB | 3.3/5.9 MBProgress (4): 9.4/34 MB | 11/12 MB | 9.0/56 MB | 3.3/5.9 MBProgress (4): 9.4/34 MB | 11/12 MB | 9.0/56 MB | 3.3/5.9 MBProgress (4): 9.4/34 MB | 11/12 MB | 9.0/56 MB | 3.3/5.9 MBProgress (5): 9.4/34 MB | 11/12 MB | 9.0/56 MB | 3.3/5.9 MB | 7.7/25 kBProgress (5): 9.4/34 MB | 11/12 MB | 9.0/56 MB | 3.3/5.9 MB | 7.7/25 kBProgress (5): 9.4/34 MB | 11/12 MB | 9.0/56 MB | 3.3/5.9 MB | 7.7/25 kBProgress (5): 9.4/34 MB | 11/12 MB | 9.0/56 MB | 3.3/5.9 MB | 7.7/25 kBProgress (5): 9.4/34 MB | 11/12 MB | 9.0/56 MB | 3.3/5.9 MB | 7.7/25 kBProgress (5): 9.4/34 MB | 11/12 MB | 9.0/56 MB | 3.3/5.9 MB | 14/25 kB Progress (5): 9.4/34 MB | 11/12 MB | 9.0/56 MB | 3.3/5.9 MB | 14/25 kBProgress (5): 9.4/34 MB | 11/12 MB | 9.0/56 MB | 3.3/5.9 MB | 20/25 kBProgress (5): 9.4/34 MB | 11/12 MB | 9.0/56 MB | 3.3/5.9 MB | 20/25 kBProgress (5): 9.4/34 MB | 11/12 MB | 9.0/56 MB | 3.3/5.9 MB | 20/25 kBProgress (5): 9.4/34 MB | 11/12 MB | 9.0/56 MB | 3.3/5.9 MB | 20/25 kBProgress (5): 9.4/34 MB | 11/12 MB | 9.0/56 MB | 3.3/5.9 MB | 20/25 kBProgress (5): 9.4/34 MB | 11/12 MB | 9.0/56 MB | 3.3/5.9 MB | 23/25 kBProgress (5): 9.4/34 MB | 11/12 MB | 9.0/56 MB | 3.3/5.9 MB | 24/25 kBProgress (5): 9.4/34 MB | 11/12 MB | 9.0/56 MB | 3.3/5.9 MB | 25 kB   Progress (5): 9.4/34 MB | 11/12 MB | 9.0/56 MB | 3.3/5.9 MB | 25 kBProgress (5): 9.4/34 MB | 11/12 MB | 9.0/56 MB | 3.4/5.9 MB | 25 kBProgress (5): 9.4/34 MB | 11/12 MB | 9.1/56 MB | 3.4/5.9 MB | 25 kBProgress (5): 9.4/34 MB | 11/12 MB | 9.1/56 MB | 3.4/5.9 MB | 25 kBProgress (5): 9.4/34 MB | 11/12 MB | 9.1/56 MB | 3.4/5.9 MB | 25 kBProgress (5): 9.4/34 MB | 11/12 MB | 9.1/56 MB | 3.4/5.9 MB | 25 kBProgress (5): 9.4/34 MB | 11/12 MB | 9.1/56 MB | 3.4/5.9 MB | 25 kBProgress (5): 9.4/34 MB | 11/12 MB | 9.1/56 MB | 3.4/5.9 MB | 25 kBProgress (5): 9.4/34 MB | 11/12 MB | 9.1/56 MB | 3.4/5.9 MB | 25 kBProgress (5): 9.4/34 MB | 11/12 MB | 9.1/56 MB | 3.4/5.9 MB | 25 kBProgress (5): 9.4/34 MB | 11/12 MB | 9.1/56 MB | 3.4/5.9 MB | 25 kBProgress (5): 9.4/34 MB | 11/12 MB | 9.1/56 MB | 3.4/5.9 MB | 25 kBProgress (5): 9.4/34 MB | 11/12 MB | 9.1/56 MB | 3.4/5.9 MB | 25 kBProgress (5): 9.4/34 MB | 11/12 MB | 9.1/56 MB | 3.4/5.9 MB | 25 kBProgress (5): 9.4/34 MB | 11/12 MB | 9.1/56 MB | 3.4/5.9 MB | 25 kBProgress (5): 9.4/34 MB | 11/12 MB | 9.1/56 MB | 3.4/5.9 MB | 25 kBProgress (5): 9.4/34 MB | 11/12 MB | 9.1/56 MB | 3.4/5.9 MB | 25 kBProgress (5): 9.4/34 MB | 11/12 MB | 9.1/56 MB | 3.4/5.9 MB | 25 kBProgress (5): 9.4/34 MB | 11/12 MB | 9.1/56 MB | 3.4/5.9 MB | 25 kBProgress (5): 9.4/34 MB | 11/12 MB | 9.1/56 MB | 3.4/5.9 MB | 25 kBProgress (5): 9.4/34 MB | 11/12 MB | 9.1/56 MB | 3.4/5.9 MB | 25 kBProgress (5): 9.4/34 MB | 11/12 MB | 9.1/56 MB | 3.4/5.9 MB | 25 kBProgress (5): 9.4/34 MB | 11/12 MB | 9.1/56 MB | 3.4/5.9 MB | 25 kBProgress (5): 9.4/34 MB | 11/12 MB | 9.2/56 MB | 3.4/5.9 MB | 25 kBProgress (5): 9.4/34 MB | 11/12 MB | 9.2/56 MB | 3.5/5.9 MB | 25 kBProgress (5): 9.4/34 MB | 11/12 MB | 9.2/56 MB | 3.5/5.9 MB | 25 kBProgress (5): 9.4/34 MB | 11/12 MB | 9.2/56 MB | 3.5/5.9 MB | 25 kBProgress (5): 9.4/34 MB | 11/12 MB | 9.2/56 MB | 3.5/5.9 MB | 25 kBProgress (5): 9.4/34 MB | 11/12 MB | 9.2/56 MB | 3.5/5.9 MB | 25 kBProgress (5): 9.4/34 MB | 11/12 MB | 9.2/56 MB | 3.5/5.9 MB | 25 kBProgress (5): 9.4/34 MB | 11/12 MB | 9.2/56 MB | 3.5/5.9 MB | 25 kBProgress (5): 9.5/34 MB | 11/12 MB | 9.2/56 MB | 3.5/5.9 MB | 25 kBProgress (5): 9.5/34 MB | 11/12 MB | 9.2/56 MB | 3.5/5.9 MB | 25 kBProgress (5): 9.5/34 MB | 11/12 MB | 9.2/56 MB | 3.5/5.9 MB | 25 kBProgress (5): 9.5/34 MB | 11/12 MB | 9.2/56 MB | 3.5/5.9 MB | 25 kBProgress (5): 9.5/34 MB | 11/12 MB | 9.2/56 MB | 3.5/5.9 MB | 25 kBProgress (5): 9.5/34 MB | 11/12 MB | 9.2/56 MB | 3.5/5.9 MB | 25 kBProgress (5): 9.5/34 MB | 11/12 MB | 9.2/56 MB | 3.5/5.9 MB | 25 kBProgress (5): 9.5/34 MB | 11/12 MB | 9.2/56 MB | 3.5/5.9 MB | 25 kBProgress (5): 9.5/34 MB | 11/12 MB | 9.2/56 MB | 3.5/5.9 MB | 25 kBProgress (5): 9.5/34 MB | 11/12 MB | 9.2/56 MB | 3.5/5.9 MB | 25 kBProgress (5): 9.5/34 MB | 11/12 MB | 9.2/56 MB | 3.5/5.9 MB | 25 kBProgress (5): 9.5/34 MB | 11/12 MB | 9.2/56 MB | 3.5/5.9 MB | 25 kBProgress (5): 9.5/34 MB | 11/12 MB | 9.3/56 MB | 3.5/5.9 MB | 25 kBProgress (5): 9.5/34 MB | 11/12 MB | 9.3/56 MB | 3.5/5.9 MB | 25 kBProgress (5): 9.5/34 MB | 11/12 MB | 9.3/56 MB | 3.5/5.9 MB | 25 kBProgress (5): 9.5/34 MB | 11/12 MB | 9.3/56 MB | 3.5/5.9 MB | 25 kBProgress (5): 9.5/34 MB | 11/12 MB | 9.3/56 MB | 3.5/5.9 MB | 25 kBProgress (5): 9.5/34 MB | 11/12 MB | 9.3/56 MB | 3.5/5.9 MB | 25 kBProgress (5): 9.5/34 MB | 11/12 MB | 9.3/56 MB | 3.5/5.9 MB | 25 kBProgress (5): 9.5/34 MB | 11/12 MB | 9.3/56 MB | 3.5/5.9 MB | 25 kBProgress (5): 9.5/34 MB | 11/12 MB | 9.3/56 MB | 3.5/5.9 MB | 25 kBProgress (5): 9.5/34 MB | 11/12 MB | 9.3/56 MB | 3.5/5.9 MB | 25 kBProgress (5): 9.5/34 MB | 11/12 MB | 9.3/56 MB | 3.6/5.9 MB | 25 kBProgress (5): 9.5/34 MB | 11/12 MB | 9.3/56 MB | 3.6/5.9 MB | 25 kBProgress (5): 9.5/34 MB | 11/12 MB | 9.3/56 MB | 3.6/5.9 MB | 25 kBProgress (5): 9.5/34 MB | 11/12 MB | 9.3/56 MB | 3.6/5.9 MB | 25 kBProgress (5): 9.5/34 MB | 11/12 MB | 9.3/56 MB | 3.6/5.9 MB | 25 kBProgress (5): 9.5/34 MB | 11/12 MB | 9.3/56 MB | 3.6/5.9 MB | 25 kBProgress (5): 9.5/34 MB | 11/12 MB | 9.3/56 MB | 3.6/5.9 MB | 25 kBProgress (5): 9.5/34 MB | 11/12 MB | 9.3/56 MB | 3.6/5.9 MB | 25 kBProgress (5): 9.5/34 MB | 11/12 MB | 9.3/56 MB | 3.6/5.9 MB | 25 kBProgress (5): 9.5/34 MB | 11/12 MB | 9.4/56 MB | 3.6/5.9 MB | 25 kBProgress (5): 9.5/34 MB | 11/12 MB | 9.4/56 MB | 3.6/5.9 MB | 25 kBProgress (5): 9.5/34 MB | 11/12 MB | 9.4/56 MB | 3.6/5.9 MB | 25 kBProgress (5): 9.5/34 MB | 11/12 MB | 9.4/56 MB | 3.6/5.9 MB | 25 kBProgress (5): 9.5/34 MB | 11/12 MB | 9.4/56 MB | 3.6/5.9 MB | 25 kBProgress (5): 9.5/34 MB | 11/12 MB | 9.4/56 MB | 3.6/5.9 MB | 25 kBProgress (5): 9.5/34 MB | 11/12 MB | 9.4/56 MB | 3.6/5.9 MB | 25 kBProgress (5): 9.5/34 MB | 11/12 MB | 9.4/56 MB | 3.6/5.9 MB | 25 kBProgress (5): 9.5/34 MB | 11/12 MB | 9.4/56 MB | 3.6/5.9 MB | 25 kBProgress (5): 9.5/34 MB | 11/12 MB | 9.4/56 MB | 3.6/5.9 MB | 25 kBProgress (5): 9.5/34 MB | 11/12 MB | 9.4/56 MB | 3.6/5.9 MB | 25 kBProgress (5): 9.5/34 MB | 11/12 MB | 9.4/56 MB | 3.6/5.9 MB | 25 kBProgress (5): 9.5/34 MB | 11/12 MB | 9.4/56 MB | 3.6/5.9 MB | 25 kBProgress (5): 9.5/34 MB | 11/12 MB | 9.4/56 MB | 3.6/5.9 MB | 25 kBProgress (5): 9.5/34 MB | 11/12 MB | 9.4/56 MB | 3.6/5.9 MB | 25 kBProgress (5): 9.5/34 MB | 11/12 MB | 9.4/56 MB | 3.6/5.9 MB | 25 kBProgress (5): 9.5/34 MB | 11/12 MB | 9.4/56 MB | 3.6/5.9 MB | 25 kBProgress (5): 9.5/34 MB | 11/12 MB | 9.4/56 MB | 3.7/5.9 MB | 25 kBProgress (5): 9.5/34 MB | 11/12 MB | 9.4/56 MB | 3.7/5.9 MB | 25 kBProgress (5): 9.5/34 MB | 11/12 MB | 9.4/56 MB | 3.7/5.9 MB | 25 kBProgress (5): 9.5/34 MB | 11/12 MB | 9.4/56 MB | 3.7/5.9 MB | 25 kBProgress (5): 9.5/34 MB | 11/12 MB | 9.5/56 MB | 3.7/5.9 MB | 25 kBProgress (5): 9.5/34 MB | 11/12 MB | 9.5/56 MB | 3.7/5.9 MB | 25 kBProgress (5): 9.5/34 MB | 11/12 MB | 9.5/56 MB | 3.7/5.9 MB | 25 kBProgress (5): 9.5/34 MB | 11/12 MB | 9.5/56 MB | 3.7/5.9 MB | 25 kBProgress (5): 9.5/34 MB | 11/12 MB | 9.5/56 MB | 3.7/5.9 MB | 25 kBProgress (5): 9.5/34 MB | 11/12 MB | 9.5/56 MB | 3.7/5.9 MB | 25 kBProgress (5): 9.6/34 MB | 11/12 MB | 9.5/56 MB | 3.7/5.9 MB | 25 kBProgress (5): 9.6/34 MB | 11/12 MB | 9.5/56 MB | 3.7/5.9 MB | 25 kBProgress (5): 9.6/34 MB | 11/12 MB | 9.5/56 MB | 3.7/5.9 MB | 25 kBProgress (5): 9.6/34 MB | 11/12 MB | 9.5/56 MB | 3.7/5.9 MB | 25 kBProgress (5): 9.6/34 MB | 11/12 MB | 9.5/56 MB | 3.7/5.9 MB | 25 kBProgress (5): 9.6/34 MB | 11/12 MB | 9.5/56 MB | 3.7/5.9 MB | 25 kBProgress (5): 9.6/34 MB | 11/12 MB | 9.6/56 MB | 3.7/5.9 MB | 25 kBProgress (5): 9.6/34 MB | 11/12 MB | 9.6/56 MB | 3.7/5.9 MB | 25 kBProgress (5): 9.6/34 MB | 11/12 MB | 9.6/56 MB | 3.7/5.9 MB | 25 kBProgress (5): 9.6/34 MB | 11/12 MB | 9.6/56 MB | 3.7/5.9 MB | 25 kBProgress (5): 9.6/34 MB | 11/12 MB | 9.6/56 MB | 3.7/5.9 MB | 25 kBProgress (5): 9.6/34 MB | 11/12 MB | 9.6/56 MB | 3.7/5.9 MB | 25 kBProgress (5): 9.6/34 MB | 11/12 MB | 9.6/56 MB | 3.7/5.9 MB | 25 kBProgress (5): 9.6/34 MB | 11/12 MB | 9.6/56 MB | 3.8/5.9 MB | 25 kBProgress (5): 9.6/34 MB | 11/12 MB | 9.6/56 MB | 3.8/5.9 MB | 25 kBProgress (5): 9.6/34 MB | 11/12 MB | 9.6/56 MB | 3.8/5.9 MB | 25 kBProgress (5): 9.6/34 MB | 11/12 MB | 9.6/56 MB | 3.8/5.9 MB | 25 kBProgress (5): 9.6/34 MB | 11/12 MB | 9.6/56 MB | 3.8/5.9 MB | 25 kBProgress (5): 9.6/34 MB | 11/12 MB | 9.6/56 MB | 3.8/5.9 MB | 25 kBProgress (5): 9.6/34 MB | 11/12 MB | 9.6/56 MB | 3.8/5.9 MB | 25 kBProgress (5): 9.6/34 MB | 12/12 MB | 9.6/56 MB | 3.8/5.9 MB | 25 kBProgress (5): 9.6/34 MB | 12/12 MB | 9.6/56 MB | 3.8/5.9 MB | 25 kBProgress (5): 9.6/34 MB | 12/12 MB | 9.6/56 MB | 3.8/5.9 MB | 25 kBProgress (5): 9.6/34 MB | 12/12 MB | 9.6/56 MB | 3.8/5.9 MB | 25 kBProgress (5): 9.6/34 MB | 12/12 MB | 9.6/56 MB | 3.8/5.9 MB | 25 kBProgress (5): 9.6/34 MB | 12/12 MB | 9.6/56 MB | 3.8/5.9 MB | 25 kBProgress (5): 9.6/34 MB | 12/12 MB | 9.6/56 MB | 3.8/5.9 MB | 25 kB                                                                   Downloaded from aliyun: https://maven.aliyun.com/repository/public/com/egzosn/pay-java-ali/2.12.9/pay-java-ali-2.12.9.jar (25 kB at 2.9 kB/s)
Downloading from aliyun: https://maven.aliyun.com/repository/public/com/egzosn/pay-java-wx/2.12.9/pay-java-wx-2.12.9.jar
Progress (4): 9.6/34 MB | 12/12 MB | 9.6/56 MB | 3.8/5.9 MBProgress (4): 9.6/34 MB | 12/12 MB | 9.7/56 MB | 3.8/5.9 MBProgress (4): 9.6/34 MB | 12/12 MB | 9.7/56 MB | 3.8/5.9 MBProgress (4): 9.6/34 MB | 12/12 MB | 9.7/56 MB | 3.8/5.9 MBProgress (4): 9.6/34 MB | 12/12 MB | 9.7/56 MB | 3.8/5.9 MBProgress (4): 9.6/34 MB | 12/12 MB | 9.7/56 MB | 3.8/5.9 MBProgress (4): 9.6/34 MB | 12/12 MB | 9.7/56 MB | 3.8/5.9 MBProgress (4): 9.6/34 MB | 12/12 MB | 9.7/56 MB | 3.8/5.9 MBProgress (4): 9.6/34 MB | 12/12 MB | 9.7/56 MB | 3.8/5.9 MBProgress (4): 9.6/34 MB | 12/12 MB | 9.7/56 MB | 3.8/5.9 MBProgress (4): 9.6/34 MB | 12/12 MB | 9.7/56 MB | 3.8/5.9 MBProgress (4): 9.6/34 MB | 12/12 MB | 9.7/56 MB | 3.8/5.9 MBProgress (4): 9.6/34 MB | 12/12 MB | 9.7/56 MB | 3.8/5.9 MBProgress (4): 9.6/34 MB | 12/12 MB | 9.7/56 MB | 3.8/5.9 MBProgress (4): 9.6/34 MB | 12/12 MB | 9.7/56 MB | 3.8/5.9 MBProgress (4): 9.6/34 MB | 12/12 MB | 9.7/56 MB | 3.8/5.9 MBProgress (4): 9.6/34 MB | 12/12 MB | 9.8/56 MB | 3.8/5.9 MBProgress (4): 9.6/34 MB | 12/12 MB | 9.8/56 MB | 3.8/5.9 MBProgress (4): 9.6/34 MB | 12/12 MB | 9.8/56 MB | 3.8/5.9 MBProgress (4): 9.6/34 MB | 12/12 MB | 9.8/56 MB | 3.9/5.9 MBProgress (4): 9.6/34 MB | 12/12 MB | 9.8/56 MB | 3.9/5.9 MBProgress (4): 9.6/34 MB | 12/12 MB | 9.8/56 MB | 3.9/5.9 MBProgress (4): 9.6/34 MB | 12/12 MB | 9.8/56 MB | 3.9/5.9 MBProgress (4): 9.6/34 MB | 12/12 MB | 9.8/56 MB | 3.9/5.9 MBProgress (4): 9.6/34 MB | 12/12 MB | 9.8/56 MB | 3.9/5.9 MBProgress (4): 9.6/34 MB | 12/12 MB | 9.8/56 MB | 3.9/5.9 MBProgress (4): 9.6/34 MB | 12/12 MB | 9.8/56 MB | 3.9/5.9 MBProgress (4): 9.6/34 MB | 12/12 MB | 9.8/56 MB | 3.9/5.9 MBProgress (4): 9.6/34 MB | 12/12 MB | 9.8/56 MB | 3.9/5.9 MBProgress (4): 9.6/34 MB | 12/12 MB | 9.8/56 MB | 3.9/5.9 MBProgress (4): 9.6/34 MB | 12/12 MB | 9.8/56 MB | 3.9/5.9 MBProgress (4): 9.6/34 MB | 12/12 MB | 9.8/56 MB | 3.9/5.9 MBProgress (4): 9.6/34 MB | 12/12 MB | 9.8/56 MB | 3.9/5.9 MBProgress (4): 9.6/34 MB | 12/12 MB | 9.8/56 MB | 3.9/5.9 MBProgress (4): 9.6/34 MB | 12/12 MB | 9.8/56 MB | 3.9/5.9 MBProgress (4): 9.6/34 MB | 12/12 MB | 9.9/56 MB | 3.9/5.9 MBProgress (4): 9.6/34 MB | 12/12 MB | 9.9/56 MB | 3.9/5.9 MBProgress (4): 9.6/34 MB | 12/12 MB | 9.9/56 MB | 3.9/5.9 MBProgress (4): 9.6/34 MB | 12/12 MB | 9.9/56 MB | 3.9/5.9 MBProgress (4): 9.6/34 MB | 12/12 MB | 9.9/56 MB | 3.9/5.9 MBProgress (4): 9.6/34 MB | 12/12 MB | 9.9/56 MB | 3.9/5.9 MBProgress (4): 9.6/34 MB | 12/12 MB | 9.9/56 MB | 3.9/5.9 MBProgress (4): 9.6/34 MB | 12/12 MB | 9.9/56 MB | 3.9/5.9 MBProgress (4): 9.6/34 MB | 12/12 MB | 9.9/56 MB | 3.9/5.9 MBProgress (4): 9.6/34 MB | 12/12 MB | 9.9/56 MB | 3.9/5.9 MBProgress (4): 9.6/34 MB | 12/12 MB | 9.9/56 MB | 3.9/5.9 MBProgress (4): 9.6/34 MB | 12/12 MB | 9.9/56 MB | 3.9/5.9 MBProgress (4): 9.6/34 MB | 12/12 MB | 9.9/56 MB | 3.9/5.9 MBProgress (4): 9.6/34 MB | 12/12 MB | 9.9/56 MB | 3.9/5.9 MBProgress (4): 9.6/34 MB | 12/12 MB | 9.9/56 MB | 3.9/5.9 MBProgress (4): 9.6/34 MB | 12/12 MB | 9.9/56 MB | 4.0/5.9 MBProgress (4): 9.6/34 MB | 12/12 MB | 9.9/56 MB | 4.0/5.9 MBProgress (4): 9.6/34 MB | 12/12 MB | 9.9/56 MB | 4.0/5.9 MBProgress (4): 9.6/34 MB | 12/12 MB | 9.9/56 MB | 4.0/5.9 MBProgress (4): 9.6/34 MB | 12/12 MB | 9.9/56 MB | 4.0/5.9 MBProgress (4): 9.6/34 MB | 12/12 MB | 10.0/56 MB | 4.0/5.9 MBProgress (4): 9.6/34 MB | 12/12 MB | 10.0/56 MB | 4.0/5.9 MBProgress (4): 9.6/34 MB | 12/12 MB | 10.0/56 MB | 4.0/5.9 MBProgress (4): 9.6/34 MB | 12/12 MB | 10.0/56 MB | 4.0/5.9 MBProgress (4): 9.6/34 MB | 12/12 MB | 10.0/56 MB | 4.0/5.9 MBProgress (4): 9.6/34 MB | 12/12 MB | 10/56 MB | 4.0/5.9 MB  Progress (4): 9.6/34 MB | 12/12 MB | 10/56 MB | 4.0/5.9 MBProgress (4): 9.6/34 MB | 12/12 MB | 10/56 MB | 4.0/5.9 MBProgress (4): 9.6/34 MB | 12/12 MB | 10/56 MB | 4.0/5.9 MBProgress (4): 9.6/34 MB | 12/12 MB | 10/56 MB | 4.0/5.9 MBProgress (4): 9.6/34 MB | 12/12 MB | 10/56 MB | 4.0/5.9 MBProgress (4): 9.6/34 MB | 12/12 MB | 10/56 MB | 4.0/5.9 MBProgress (4): 9.6/34 MB | 12/12 MB | 10/56 MB | 4.0/5.9 MBProgress (4): 9.6/34 MB | 12/12 MB | 10/56 MB | 4.0/5.9 MBProgress (4): 9.7/34 MB | 12/12 MB | 10/56 MB | 4.0/5.9 MBProgress (4): 9.7/34 MB | 12/12 MB | 10/56 MB | 4.0/5.9 MBProgress (4): 9.7/34 MB | 12/12 MB | 10/56 MB | 4.0/5.9 MBProgress (4): 9.7/34 MB | 12/12 MB | 10/56 MB | 4.0/5.9 MBProgress (4): 9.7/34 MB | 12/12 MB | 10/56 MB | 4.0/5.9 MBProgress (4): 9.7/34 MB | 12/12 MB | 10/56 MB | 4.0/5.9 MBProgress (4): 9.7/34 MB | 12/12 MB | 10/56 MB | 4.0/5.9 MBProgress (4): 9.7/34 MB | 12/12 MB | 10/56 MB | 4.0/5.9 MBProgress (4): 9.7/34 MB | 12/12 MB | 10/56 MB | 4.0/5.9 MBProgress (4): 9.7/34 MB | 12/12 MB | 10/56 MB | 4.1/5.9 MBProgress (4): 9.7/34 MB | 12/12 MB | 10/56 MB | 4.1/5.9 MBProgress (4): 9.7/34 MB | 12/12 MB | 10/56 MB | 4.1/5.9 MBProgress (4): 9.7/34 MB | 12/12 MB | 10/56 MB | 4.1/5.9 MBProgress (4): 9.7/34 MB | 12/12 MB | 10/56 MB | 4.1/5.9 MBProgress (4): 9.7/34 MB | 12/12 MB | 10/56 MB | 4.1/5.9 MBProgress (4): 9.7/34 MB | 12/12 MB | 10/56 MB | 4.1/5.9 MBProgress (4): 9.7/34 MB | 12/12 MB | 10/56 MB | 4.1/5.9 MBProgress (4): 9.7/34 MB | 12/12 MB | 10/56 MB | 4.1/5.9 MBProgress (4): 9.7/34 MB | 12/12 MB | 10/56 MB | 4.1/5.9 MBProgress (4): 9.7/34 MB | 12/12 MB | 10/56 MB | 4.2/5.9 MBProgress (4): 9.7/34 MB | 12/12 MB | 10/56 MB | 4.2/5.9 MBProgress (4): 9.7/34 MB | 12/12 MB | 10/56 MB | 4.2/5.9 MBProgress (4): 9.7/34 MB | 12/12 MB | 10/56 MB | 4.2/5.9 MBProgress (4): 9.7/34 MB | 12/12 MB | 10/56 MB | 4.2/5.9 MBProgress (4): 9.7/34 MB | 12/12 MB | 10/56 MB | 4.2/5.9 MBProgress (4): 9.7/34 MB | 12/12 MB | 10/56 MB | 4.2/5.9 MBProgress (4): 9.7/34 MB | 12/12 MB | 10/56 MB | 4.2/5.9 MBProgress (4): 9.7/34 MB | 12/12 MB | 10/56 MB | 4.2/5.9 MBProgress (4): 9.7/34 MB | 12/12 MB | 10/56 MB | 4.2/5.9 MBProgress (4): 9.7/34 MB | 12/12 MB | 10/56 MB | 4.2/5.9 MBProgress (4): 9.7/34 MB | 12/12 MB | 10/56 MB | 4.2/5.9 MBProgress (4): 9.7/34 MB | 12/12 MB | 10/56 MB | 4.2/5.9 MBProgress (4): 9.7/34 MB | 12/12 MB | 10/56 MB | 4.3/5.9 MBProgress (4): 9.7/34 MB | 12/12 MB | 10/56 MB | 4.3/5.9 MBProgress (4): 9.7/34 MB | 12/12 MB | 10/56 MB | 4.3/5.9 MBProgress (4): 9.7/34 MB | 12/12 MB | 10/56 MB | 4.3/5.9 MBProgress (4): 9.7/34 MB | 12/12 MB | 10/56 MB | 4.3/5.9 MBProgress (4): 9.7/34 MB | 12/12 MB | 10/56 MB | 4.3/5.9 MBProgress (4): 9.7/34 MB | 12/12 MB | 10/56 MB | 4.3/5.9 MBProgress (4): 9.7/34 MB | 12/12 MB | 10/56 MB | 4.3/5.9 MBProgress (4): 9.7/34 MB | 12/12 MB | 10/56 MB | 4.3/5.9 MBProgress (4): 9.7/34 MB | 12/12 MB | 10/56 MB | 4.3/5.9 MBProgress (4): 9.7/34 MB | 12/12 MB | 10/56 MB | 4.3/5.9 MBProgress (4): 9.7/34 MB | 12/12 MB | 10/56 MB | 4.3/5.9 MBProgress (4): 9.7/34 MB | 12/12 MB | 10/56 MB | 4.4/5.9 MBProgress (4): 9.7/34 MB | 12/12 MB | 10/56 MB | 4.4/5.9 MBProgress (4): 9.7/34 MB | 12/12 MB | 10/56 MB | 4.4/5.9 MBProgress (4): 9.7/34 MB | 12/12 MB | 10/56 MB | 4.4/5.9 MBProgress (4): 9.7/34 MB | 12/12 MB | 10/56 MB | 4.4/5.9 MBProgress (4): 9.7/34 MB | 12/12 MB | 10/56 MB | 4.4/5.9 MBProgress (4): 9.7/34 MB | 12/12 MB | 10/56 MB | 4.4/5.9 MBProgress (4): 9.7/34 MB | 12/12 MB | 10/56 MB | 4.4/5.9 MBProgress (4): 9.7/34 MB | 12/12 MB | 10/56 MB | 4.4/5.9 MBProgress (4): 9.7/34 MB | 12/12 MB | 10/56 MB | 4.4/5.9 MBProgress (4): 9.7/34 MB | 12/12 MB | 10/56 MB | 4.4/5.9 MBProgress (4): 9.7/34 MB | 12/12 MB | 10/56 MB | 4.4/5.9 MBProgress (4): 9.7/34 MB | 12/12 MB | 10/56 MB | 4.4/5.9 MBProgress (4): 9.7/34 MB | 12/12 MB | 10/56 MB | 4.4/5.9 MBProgress (4): 9.7/34 MB | 12/12 MB | 10/56 MB | 4.4/5.9 MBProgress (4): 9.7/34 MB | 12/12 MB | 10/56 MB | 4.4/5.9 MBProgress (4): 9.7/34 MB | 12/12 MB | 10/56 MB | 4.4/5.9 MBProgress (4): 9.7/34 MB | 12/12 MB | 10/56 MB | 4.4/5.9 MBProgress (4): 9.7/34 MB | 12/12 MB | 10/56 MB | 4.4/5.9 MBProgress (4): 9.7/34 MB | 12/12 MB | 10/56 MB | 4.4/5.9 MBProgress (4): 9.7/34 MB | 12/12 MB | 10/56 MB | 4.4/5.9 MBProgress (4): 9.7/34 MB | 12/12 MB | 10/56 MB | 4.4/5.9 MBProgress (4): 9.7/34 MB | 12/12 MB | 10/56 MB | 4.5/5.9 MBProgress (4): 9.7/34 MB | 12/12 MB | 10/56 MB | 4.5/5.9 MBProgress (5): 9.7/34 MB | 12/12 MB | 10/56 MB | 4.5/5.9 MB | 7.7/24 kBProgress (5): 9.7/34 MB | 12/12 MB | 10/56 MB | 4.5/5.9 MB | 16/24 kB Progress (5): 9.7/34 MB | 12/12 MB | 10/56 MB | 4.5/5.9 MB | 20/24 kBProgress (5): 9.7/34 MB | 12/12 MB | 10/56 MB | 4.5/5.9 MB | 24 kB   Progress (5): 9.7/34 MB | 12/12 MB | 10/56 MB | 4.5/5.9 MB | 24 kBProgress (5): 9.7/34 MB | 12/12 MB | 10/56 MB | 4.5/5.9 MB | 24 kBProgress (5): 9.7/34 MB | 12/12 MB | 10/56 MB | 4.5/5.9 MB | 24 kBProgress (5): 9.7/34 MB | 12/12 MB | 10/56 MB | 4.5/5.9 MB | 24 kBProgress (5): 9.7/34 MB | 12/12 MB | 10/56 MB | 4.5/5.9 MB | 24 kBProgress (5): 9.7/34 MB | 12/12 MB | 10/56 MB | 4.5/5.9 MB | 24 kBProgress (5): 9.7/34 MB | 12/12 MB | 10/56 MB | 4.5/5.9 MB | 24 kBProgress (5): 9.7/34 MB | 12/12 MB | 10/56 MB | 4.5/5.9 MB | 24 kBProgress (5): 9.7/34 MB | 12/12 MB | 10/56 MB | 4.5/5.9 MB | 24 kBProgress (5): 9.7/34 MB | 12/12 MB | 10/56 MB | 4.5/5.9 MB | 24 kBProgress (5): 9.7/34 MB | 12/12 MB | 10/56 MB | 4.6/5.9 MB | 24 kBProgress (5): 9.8/34 MB | 12/12 MB | 10/56 MB | 4.6/5.9 MB | 24 kBProgress (5): 9.8/34 MB | 12/12 MB | 10/56 MB | 4.6/5.9 MB | 24 kBProgress (5): 9.8/34 MB | 12/12 MB | 10/56 MB | 4.6/5.9 MB | 24 kBProgress (5): 9.8/34 MB | 12/12 MB | 10/56 MB | 4.6/5.9 MB | 24 kBProgress (5): 9.8/34 MB | 12/12 MB | 10/56 MB | 4.6/5.9 MB | 24 kBProgress (5): 9.8/34 MB | 12/12 MB | 10/56 MB | 4.6/5.9 MB | 24 kBProgress (5): 9.8/34 MB | 12/12 MB | 10/56 MB | 4.6/5.9 MB | 24 kBProgress (5): 9.8/34 MB | 12/12 MB | 10/56 MB | 4.6/5.9 MB | 24 kBProgress (5): 9.8/34 MB | 12/12 MB | 10/56 MB | 4.6/5.9 MB | 24 kBProgress (5): 9.8/34 MB | 12/12 MB | 10/56 MB | 4.6/5.9 MB | 24 kBProgress (5): 9.8/34 MB | 12/12 MB | 10/56 MB | 4.6/5.9 MB | 24 kBProgress (5): 9.8/34 MB | 12/12 MB | 10/56 MB | 4.6/5.9 MB | 24 kBProgress (5): 9.8/34 MB | 12/12 MB | 10/56 MB | 4.6/5.9 MB | 24 kBProgress (5): 9.8/34 MB | 12/12 MB | 10/56 MB | 4.6/5.9 MB | 24 kBProgress (5): 9.8/34 MB | 12 MB | 10/56 MB | 4.6/5.9 MB | 24 kB   Progress (5): 9.8/34 MB | 12 MB | 10/56 MB | 4.7/5.9 MB | 24 kBProgress (5): 9.8/34 MB | 12 MB | 10/56 MB | 4.7/5.9 MB | 24 kBProgress (5): 9.8/34 MB | 12 MB | 10/56 MB | 4.7/5.9 MB | 24 kBProgress (5): 9.8/34 MB | 12 MB | 10/56 MB | 4.7/5.9 MB | 24 kBProgress (5): 9.8/34 MB | 12 MB | 10/56 MB | 4.7/5.9 MB | 24 kBProgress (5): 9.8/34 MB | 12 MB | 10/56 MB | 4.7/5.9 MB | 24 kBProgress (5): 9.8/34 MB | 12 MB | 10/56 MB | 4.7/5.9 MB | 24 kBProgress (5): 9.8/34 MB | 12 MB | 11/56 MB | 4.7/5.9 MB | 24 kBProgress (5): 9.8/34 MB | 12 MB | 11/56 MB | 4.7/5.9 MB | 24 kBProgress (5): 9.8/34 MB | 12 MB | 11/56 MB | 4.7/5.9 MB | 24 kBProgress (5): 9.8/34 MB | 12 MB | 11/56 MB | 4.7/5.9 MB | 24 kBProgress (5): 9.8/34 MB | 12 MB | 11/56 MB | 4.7/5.9 MB | 24 kBProgress (5): 9.8/34 MB | 12 MB | 11/56 MB | 4.7/5.9 MB | 24 kBProgress (5): 9.8/34 MB | 12 MB | 11/56 MB | 4.7/5.9 MB | 24 kBProgress (5): 9.8/34 MB | 12 MB | 11/56 MB | 4.7/5.9 MB | 24 kBProgress (5): 9.8/34 MB | 12 MB | 11/56 MB | 4.7/5.9 MB | 24 kBProgress (5): 9.8/34 MB | 12 MB | 11/56 MB | 4.7/5.9 MB | 24 kBProgress (5): 9.9/34 MB | 12 MB | 11/56 MB | 4.7/5.9 MB | 24 kBProgress (5): 9.9/34 MB | 12 MB | 11/56 MB | 4.7/5.9 MB | 24 kBProgress (5): 9.9/34 MB | 12 MB | 11/56 MB | 4.7/5.9 MB | 24 kBProgress (5): 9.9/34 MB | 12 MB | 11/56 MB | 4.7/5.9 MB | 24 kBProgress (5): 9.9/34 MB | 12 MB | 11/56 MB | 4.8/5.9 MB | 24 kBProgress (5): 9.9/34 MB | 12 MB | 11/56 MB | 4.8/5.9 MB | 24 kBProgress (5): 9.9/34 MB | 12 MB | 11/56 MB | 4.8/5.9 MB | 24 kBProgress (5): 9.9/34 MB | 12 MB | 11/56 MB | 4.8/5.9 MB | 24 kBProgress (5): 9.9/34 MB | 12 MB | 11/56 MB | 4.8/5.9 MB | 24 kBProgress (5): 9.9/34 MB | 12 MB | 11/56 MB | 4.8/5.9 MB | 24 kBProgress (5): 9.9/34 MB | 12 MB | 11/56 MB | 4.8/5.9 MB | 24 kBProgress (5): 9.9/34 MB | 12 MB | 11/56 MB | 4.8/5.9 MB | 24 kBProgress (5): 9.9/34 MB | 12 MB | 11/56 MB | 4.8/5.9 MB | 24 kBProgress (5): 9.9/34 MB | 12 MB | 11/56 MB | 4.8/5.9 MB | 24 kBProgress (5): 9.9/34 MB | 12 MB | 11/56 MB | 4.8/5.9 MB | 24 kBProgress (5): 9.9/34 MB | 12 MB | 11/56 MB | 4.8/5.9 MB | 24 kBProgress (5): 9.9/34 MB | 12 MB | 11/56 MB | 4.8/5.9 MB | 24 kBProgress (5): 9.9/34 MB | 12 MB | 11/56 MB | 4.8/5.9 MB | 24 kBProgress (5): 9.9/34 MB | 12 MB | 11/56 MB | 4.8/5.9 MB | 24 kBProgress (5): 9.9/34 MB | 12 MB | 11/56 MB | 4.8/5.9 MB | 24 kBProgress (5): 9.9/34 MB | 12 MB | 11/56 MB | 4.8/5.9 MB | 24 kBProgress (5): 9.9/34 MB | 12 MB | 11/56 MB | 4.8/5.9 MB | 24 kBProgress (5): 9.9/34 MB | 12 MB | 11/56 MB | 4.8/5.9 MB | 24 kBProgress (5): 9.9/34 MB | 12 MB | 11/56 MB | 4.8/5.9 MB | 24 kBProgress (5): 9.9/34 MB | 12 MB | 11/56 MB | 4.8/5.9 MB | 24 kBProgress (5): 9.9/34 MB | 12 MB | 11/56 MB | 4.8/5.9 MB | 24 kBProgress (5): 9.9/34 MB | 12 MB | 11/56 MB | 4.8/5.9 MB | 24 kBProgress (5): 9.9/34 MB | 12 MB | 11/56 MB | 4.8/5.9 MB | 24 kBProgress (5): 9.9/34 MB | 12 MB | 11/56 MB | 4.9/5.9 MB | 24 kBProgress (5): 9.9/34 MB | 12 MB | 11/56 MB | 4.9/5.9 MB | 24 kBProgress (5): 9.9/34 MB | 12 MB | 11/56 MB | 4.9/5.9 MB | 24 kBProgress (5): 9.9/34 MB | 12 MB | 11/56 MB | 4.9/5.9 MB | 24 kBProgress (5): 9.9/34 MB | 12 MB | 11/56 MB | 4.9/5.9 MB | 24 kBProgress (5): 10.0/34 MB | 12 MB | 11/56 MB | 4.9/5.9 MB | 24 kBProgress (5): 10.0/34 MB | 12 MB | 11/56 MB | 4.9/5.9 MB | 24 kBProgress (5): 10.0/34 MB | 12 MB | 11/56 MB | 4.9/5.9 MB | 24 kBProgress (5): 10.0/34 MB | 12 MB | 11/56 MB | 4.9/5.9 MB | 24 kBProgress (5): 10.0/34 MB | 12 MB | 11/56 MB | 4.9/5.9 MB | 24 kBProgress (5): 10.0/34 MB | 12 MB | 11/56 MB | 4.9/5.9 MB | 24 kBProgress (5): 10/34 MB | 12 MB | 11/56 MB | 4.9/5.9 MB | 24 kB  Progress (5): 10/34 MB | 12 MB | 11/56 MB | 4.9/5.9 MB | 24 kBProgress (5): 10/34 MB | 12 MB | 11/56 MB | 4.9/5.9 MB | 24 kBProgress (5): 10/34 MB | 12 MB | 11/56 MB | 4.9/5.9 MB | 24 kBProgress (5): 10/34 MB | 12 MB | 11/56 MB | 4.9/5.9 MB | 24 kBProgress (5): 10/34 MB | 12 MB | 11/56 MB | 4.9/5.9 MB | 24 kBProgress (5): 10/34 MB | 12 MB | 11/56 MB | 4.9/5.9 MB | 24 kBProgress (5): 10/34 MB | 12 MB | 11/56 MB | 4.9/5.9 MB | 24 kBProgress (5): 10/34 MB | 12 MB | 11/56 MB | 5.0/5.9 MB | 24 kBProgress (5): 10/34 MB | 12 MB | 11/56 MB | 5.0/5.9 MB | 24 kBProgress (5): 10/34 MB | 12 MB | 11/56 MB | 5.0/5.9 MB | 24 kBProgress (5): 10/34 MB | 12 MB | 11/56 MB | 5.0/5.9 MB | 24 kBProgress (5): 10/34 MB | 12 MB | 11/56 MB | 5.0/5.9 MB | 24 kBProgress (5): 10/34 MB | 12 MB | 11/56 MB | 5.0/5.9 MB | 24 kBProgress (5): 10/34 MB | 12 MB | 11/56 MB | 5.0/5.9 MB | 24 kBProgress (5): 10/34 MB | 12 MB | 11/56 MB | 5.0/5.9 MB | 24 kBProgress (5): 10/34 MB | 12 MB | 11/56 MB | 5.0/5.9 MB | 24 kBProgress (5): 10/34 MB | 12 MB | 11/56 MB | 5.0/5.9 MB | 24 kBProgress (5): 10/34 MB | 12 MB | 11/56 MB | 5.0/5.9 MB | 24 kBProgress (5): 10/34 MB | 12 MB | 11/56 MB | 5.0/5.9 MB | 24 kB                                                              Downloaded from aliyun: https://maven.aliyun.com/repository/public/com/egzosn/pay-java-wx/2.12.9/pay-java-wx-2.12.9.jar (24 kB at 2.6 kB/s)
Downloading from aliyun: https://maven.aliyun.com/repository/public/com/egzosn/pay-java-common/2.12.9/pay-java-common-2.12.9.jar
Progress (4): 10/34 MB | 12 MB | 11/56 MB | 5.0/5.9 MBProgress (4): 10/34 MB | 12 MB | 11/56 MB | 5.0/5.9 MBProgress (4): 10/34 MB | 12 MB | 11/56 MB | 5.0/5.9 MBProgress (4): 10/34 MB | 12 MB | 11/56 MB | 5.0/5.9 MBProgress (4): 10/34 MB | 12 MB | 11/56 MB | 5.0/5.9 MBProgress (4): 10/34 MB | 12 MB | 11/56 MB | 5.0/5.9 MBProgress (4): 10/34 MB | 12 MB | 11/56 MB | 5.0/5.9 MBProgress (4): 10/34 MB | 12 MB | 11/56 MB | 5.0/5.9 MBProgress (4): 10/34 MB | 12 MB | 11/56 MB | 5.0/5.9 MBProgress (4): 10/34 MB | 12 MB | 11/56 MB | 5.0/5.9 MBProgress (4): 10/34 MB | 12 MB | 11/56 MB | 5.0/5.9 MB                                                      Downloaded from aliyun: https://maven.aliyun.com/repository/public/org/jeecgframework/jimureport/jimubi-spring-boot3-starter/2.1.4/jimubi-spring-boot3-starter-2.1.4.jar (12 MB at 1.4 MB/s)
Downloading from aliyun: https://maven.aliyun.com/repository/public/org/apache/httpcomponents/httpmime/4.5.4/httpmime-4.5.4.jar
Progress (3): 10/34 MB | 11/56 MB | 5.0/5.9 MBProgress (3): 10/34 MB | 11/56 MB | 5.0/5.9 MBProgress (3): 10/34 MB | 11/56 MB | 5.0/5.9 MBProgress (3): 10/34 MB | 11/56 MB | 5.0/5.9 MBProgress (3): 10/34 MB | 11/56 MB | 5.0/5.9 MBProgress (3): 10/34 MB | 11/56 MB | 5.0/5.9 MBProgress (3): 10/34 MB | 11/56 MB | 5.0/5.9 MBProgress (3): 10/34 MB | 11/56 MB | 5.0/5.9 MBProgress (3): 10/34 MB | 11/56 MB | 5.0/5.9 MBProgress (3): 10/34 MB | 11/56 MB | 5.0/5.9 MBProgress (3): 10/34 MB | 11/56 MB | 5.0/5.9 MBProgress (3): 10/34 MB | 11/56 MB | 5.0/5.9 MBProgress (3): 10/34 MB | 11/56 MB | 5.1/5.9 MBProgress (3): 10/34 MB | 11/56 MB | 5.1/5.9 MBProgress (3): 10/34 MB | 11/56 MB | 5.1/5.9 MBProgress (3): 10/34 MB | 11/56 MB | 5.1/5.9 MBProgress (3): 10/34 MB | 11/56 MB | 5.1/5.9 MBProgress (3): 10/34 MB | 11/56 MB | 5.1/5.9 MBProgress (3): 10/34 MB | 11/56 MB | 5.1/5.9 MBProgress (3): 10/34 MB | 11/56 MB | 5.1/5.9 MBProgress (3): 10/34 MB | 11/56 MB | 5.1/5.9 MBProgress (3): 10/34 MB | 11/56 MB | 5.1/5.9 MBProgress (3): 10/34 MB | 11/56 MB | 5.1/5.9 MBProgress (3): 10/34 MB | 11/56 MB | 5.1/5.9 MBProgress (3): 10/34 MB | 11/56 MB | 5.1/5.9 MBProgress (3): 10/34 MB | 11/56 MB | 5.1/5.9 MBProgress (3): 10/34 MB | 11/56 MB | 5.1/5.9 MBProgress (3): 10/34 MB | 11/56 MB | 5.1/5.9 MBProgress (3): 10/34 MB | 11/56 MB | 5.1/5.9 MBProgress (3): 10/34 MB | 11/56 MB | 5.1/5.9 MBProgress (3): 10/34 MB | 11/56 MB | 5.1/5.9 MBProgress (4): 10/34 MB | 11/56 MB | 5.1/5.9 MB | 7.3/42 kBProgress (4): 10/34 MB | 11/56 MB | 5.1/5.9 MB | 16/42 kB Progress (4): 10/34 MB | 11/56 MB | 5.1/5.9 MB | 16/42 kBProgress (4): 10/34 MB | 11/56 MB | 5.1/5.9 MB | 16/42 kBProgress (4): 10/34 MB | 11/56 MB | 5.1/5.9 MB | 16/42 kBProgress (4): 10/34 MB | 11/56 MB | 5.1/5.9 MB | 16/42 kBProgress (4): 10/34 MB | 11/56 MB | 5.1/5.9 MB | 32/42 kBProgress (4): 10/34 MB | 11/56 MB | 5.1/5.9 MB | 32/42 kBProgress (4): 10/34 MB | 11/56 MB | 5.1/5.9 MB | 42 kB   Progress (4): 10/34 MB | 11/56 MB | 5.2/5.9 MB | 42 kBProgress (4): 10/34 MB | 11/56 MB | 5.2/5.9 MB | 42 kBProgress (4): 10/34 MB | 11/56 MB | 5.2/5.9 MB | 42 kBProgress (4): 10/34 MB | 11/56 MB | 5.2/5.9 MB | 42 kBProgress (4): 10/34 MB | 11/56 MB | 5.2/5.9 MB | 42 kBProgress (4): 10/34 MB | 11/56 MB | 5.2/5.9 MB | 42 kBProgress (4): 10/34 MB | 11/56 MB | 5.2/5.9 MB | 42 kBProgress (4): 10/34 MB | 11/56 MB | 5.2/5.9 MB | 42 kBProgress (4): 10/34 MB | 11/56 MB | 5.2/5.9 MB | 42 kBProgress (4): 10/34 MB | 11/56 MB | 5.2/5.9 MB | 42 kBProgress (4): 10/34 MB | 11/56 MB | 5.2/5.9 MB | 42 kBProgress (4): 10/34 MB | 12/56 MB | 5.2/5.9 MB | 42 kBProgress (4): 10/34 MB | 12/56 MB | 5.2/5.9 MB | 42 kBProgress (4): 10/34 MB | 12/56 MB | 5.2/5.9 MB | 42 kBProgress (4): 10/34 MB | 12/56 MB | 5.2/5.9 MB | 42 kBProgress (4): 10/34 MB | 12/56 MB | 5.2/5.9 MB | 42 kBProgress (4): 10/34 MB | 12/56 MB | 5.2/5.9 MB | 42 kBProgress (4): 10/34 MB | 12/56 MB | 5.2/5.9 MB | 42 kBProgress (4): 10/34 MB | 12/56 MB | 5.2/5.9 MB | 42 kBProgress (4): 10/34 MB | 12/56 MB | 5.2/5.9 MB | 42 kBProgress (4): 10/34 MB | 12/56 MB | 5.3/5.9 MB | 42 kBProgress (4): 10/34 MB | 12/56 MB | 5.3/5.9 MB | 42 kBProgress (4): 10/34 MB | 12/56 MB | 5.3/5.9 MB | 42 kBProgress (4): 10/34 MB | 12/56 MB | 5.3/5.9 MB | 42 kBProgress (4): 10/34 MB | 12/56 MB | 5.3/5.9 MB | 42 kBProgress (4): 10/34 MB | 12/56 MB | 5.3/5.9 MB | 42 kBProgress (4): 10/34 MB | 12/56 MB | 5.3/5.9 MB | 42 kBProgress (4): 10/34 MB | 12/56 MB | 5.3/5.9 MB | 42 kBProgress (4): 10/34 MB | 12/56 MB | 5.3/5.9 MB | 42 kBProgress (4): 10/34 MB | 12/56 MB | 5.3/5.9 MB | 42 kBProgress (4): 10/34 MB | 12/56 MB | 5.3/5.9 MB | 42 kBProgress (4): 10/34 MB | 12/56 MB | 5.3/5.9 MB | 42 kBProgress (4): 10/34 MB | 12/56 MB | 5.3/5.9 MB | 42 kBProgress (4): 10/34 MB | 12/56 MB | 5.3/5.9 MB | 42 kBProgress (4): 10/34 MB | 12/56 MB | 5.4/5.9 MB | 42 kBProgress (4): 10/34 MB | 12/56 MB | 5.4/5.9 MB | 42 kBProgress (4): 10/34 MB | 12/56 MB | 5.4/5.9 MB | 42 kBProgress (4): 10/34 MB | 12/56 MB | 5.4/5.9 MB | 42 kBProgress (4): 10/34 MB | 12/56 MB | 5.4/5.9 MB | 42 kBProgress (4): 10/34 MB | 12/56 MB | 5.4/5.9 MB | 42 kBProgress (4): 10/34 MB | 12/56 MB | 5.4/5.9 MB | 42 kBProgress (4): 10/34 MB | 12/56 MB | 5.4/5.9 MB | 42 kBProgress (4): 10/34 MB | 12/56 MB | 5.4/5.9 MB | 42 kBProgress (4): 10/34 MB | 12/56 MB | 5.4/5.9 MB | 42 kBProgress (4): 10/34 MB | 12/56 MB | 5.4/5.9 MB | 42 kBProgress (4): 10/34 MB | 12/56 MB | 5.4/5.9 MB | 42 kBProgress (4): 10/34 MB | 12/56 MB | 5.4/5.9 MB | 42 kBProgress (4): 10/34 MB | 12/56 MB | 5.4/5.9 MB | 42 kBProgress (4): 10/34 MB | 12/56 MB | 5.4/5.9 MB | 42 kBProgress (4): 10/34 MB | 12/56 MB | 5.4/5.9 MB | 42 kBProgress (4): 10/34 MB | 12/56 MB | 5.4/5.9 MB | 42 kBProgress (4): 10/34 MB | 12/56 MB | 5.4/5.9 MB | 42 kBProgress (4): 10/34 MB | 12/56 MB | 5.4/5.9 MB | 42 kBProgress (4): 10/34 MB | 12/56 MB | 5.4/5.9 MB | 42 kBProgress (4): 10/34 MB | 12/56 MB | 5.5/5.9 MB | 42 kBProgress (4): 10/34 MB | 12/56 MB | 5.5/5.9 MB | 42 kBProgress (4): 10/34 MB | 12/56 MB | 5.5/5.9 MB | 42 kBProgress (4): 10/34 MB | 12/56 MB | 5.5/5.9 MB | 42 kBProgress (4): 10/34 MB | 12/56 MB | 5.5/5.9 MB | 42 kBProgress (4): 10/34 MB | 12/56 MB | 5.5/5.9 MB | 42 kBProgress (4): 10/34 MB | 12/56 MB | 5.5/5.9 MB | 42 kBProgress (4): 10/34 MB | 12/56 MB | 5.5/5.9 MB | 42 kBProgress (4): 10/34 MB | 12/56 MB | 5.5/5.9 MB | 42 kBProgress (4): 10/34 MB | 12/56 MB | 5.5/5.9 MB | 42 kBProgress (4): 10/34 MB | 12/56 MB | 5.5/5.9 MB | 42 kBProgress (4): 10/34 MB | 12/56 MB | 5.5/5.9 MB | 42 kBProgress (4): 10/34 MB | 12/56 MB | 5.5/5.9 MB | 42 kBProgress (4): 10/34 MB | 12/56 MB | 5.5/5.9 MB | 42 kBProgress (4): 10/34 MB | 12/56 MB | 5.6/5.9 MB | 42 kBProgress (4): 10/34 MB | 12/56 MB | 5.6/5.9 MB | 42 kBProgress (4): 10/34 MB | 12/56 MB | 5.6/5.9 MB | 42 kBProgress (4): 11/34 MB | 12/56 MB | 5.6/5.9 MB | 42 kBProgress (4): 11/34 MB | 12/56 MB | 5.6/5.9 MB | 42 kBProgress (4): 11/34 MB | 12/56 MB | 5.6/5.9 MB | 42 kBProgress (4): 11/34 MB | 12/56 MB | 5.6/5.9 MB | 42 kBProgress (4): 11/34 MB | 12/56 MB | 5.6/5.9 MB | 42 kBProgress (4): 11/34 MB | 12/56 MB | 5.6/5.9 MB | 42 kBProgress (4): 11/34 MB | 12/56 MB | 5.6/5.9 MB | 42 kBProgress (4): 11/34 MB | 12/56 MB | 5.6/5.9 MB | 42 kBProgress (4): 11/34 MB | 12/56 MB | 5.6/5.9 MB | 42 kBProgress (4): 11/34 MB | 12/56 MB | 5.6/5.9 MB | 42 kBProgress (4): 11/34 MB | 12/56 MB | 5.7/5.9 MB | 42 kBProgress (4): 11/34 MB | 12/56 MB | 5.7/5.9 MB | 42 kBProgress (4): 11/34 MB | 12/56 MB | 5.7/5.9 MB | 42 kBProgress (5): 11/34 MB | 12/56 MB | 5.7/5.9 MB | 42 kB | 16/108 kBProgress (5): 11/34 MB | 12/56 MB | 5.7/5.9 MB | 42 kB | 16/108 kBProgress (5): 11/34 MB | 12/56 MB | 5.7/5.9 MB | 42 kB | 16/108 kBProgress (5): 11/34 MB | 12/56 MB | 5.7/5.9 MB | 42 kB | 16/108 kBProgress (5): 11/34 MB | 12/56 MB | 5.7/5.9 MB | 42 kB | 16/108 kBProgress (5): 11/34 MB | 12/56 MB | 5.7/5.9 MB | 42 kB | 16/108 kBProgress (5): 11/34 MB | 12/56 MB | 5.7/5.9 MB | 42 kB | 16/108 kBProgress (5): 11/34 MB | 12/56 MB | 5.7/5.9 MB | 42 kB | 16/108 kBProgress (5): 11/34 MB | 12/56 MB | 5.8/5.9 MB | 42 kB | 16/108 kBProgress (5): 11/34 MB | 12/56 MB | 5.8/5.9 MB | 42 kB | 16/108 kBProgress (5): 11/34 MB | 12/56 MB | 5.8/5.9 MB | 42 kB | 16/108 kBProgress (5): 11/34 MB | 12/56 MB | 5.8/5.9 MB | 42 kB | 16/108 kBProgress (5): 11/34 MB | 12/56 MB | 5.8/5.9 MB | 42 kB | 16/108 kBProgress (5): 11/34 MB | 12/56 MB | 5.8/5.9 MB | 42 kB | 33/108 kBProgress (5): 11/34 MB | 12/56 MB | 5.8/5.9 MB | 42 kB | 33/108 kBProgress (5): 11/34 MB | 12/56 MB | 5.8/5.9 MB | 42 kB | 33/108 kBProgress (5): 11/34 MB | 12/56 MB | 5.8/5.9 MB | 42 kB | 33/108 kBProgress (5): 11/34 MB | 12/56 MB | 5.8/5.9 MB | 42 kB | 33/108 kBProgress (5): 11/34 MB | 12/56 MB | 5.8/5.9 MB | 42 kB | 33/108 kB                                                                  Downloaded from aliyun: https://maven.aliyun.com/repository/public/org/apache/httpcomponents/httpmime/4.5.4/httpmime-4.5.4.jar (42 kB at 4.5 kB/s)
Downloading from aliyun: https://maven.aliyun.com/repository/public/log4j/log4j/1.2.17/log4j-1.2.17.jar
Progress (4): 11/34 MB | 12/56 MB | 5.8/5.9 MB | 33/108 kBProgress (4): 11/34 MB | 12/56 MB | 5.8/5.9 MB | 33/108 kBProgress (4): 11/34 MB | 12/56 MB | 5.8/5.9 MB | 33/108 kBProgress (4): 11/34 MB | 12/56 MB | 5.8/5.9 MB | 33/108 kBProgress (4): 11/34 MB | 12/56 MB | 5.8/5.9 MB | 49/108 kBProgress (4): 11/34 MB | 12/56 MB | 5.9/5.9 MB | 49/108 kBProgress (4): 11/34 MB | 12/56 MB | 5.9 MB | 49/108 kB    Progress (4): 11/34 MB | 12/56 MB | 5.9 MB | 49/108 kBProgress (4): 11/34 MB | 12/56 MB | 5.9 MB | 49/108 kBProgress (4): 11/34 MB | 12/56 MB | 5.9 MB | 49/108 kBProgress (5): 11/34 MB | 12/56 MB | 5.9 MB | 49/108 kB | 3.4/490 kBProgress (5): 11/34 MB | 12/56 MB | 5.9 MB | 49/108 kB | 3.4/490 kBProgress (5): 11/34 MB | 12/56 MB | 5.9 MB | 49/108 kB | 3.4/490 kBProgress (5): 11/34 MB | 12/56 MB | 5.9 MB | 66/108 kB | 3.4/490 kBProgress (5): 11/34 MB | 12/56 MB | 5.9 MB | 66/108 kB | 20/490 kB Progress (5): 11/34 MB | 12/56 MB | 5.9 MB | 66/108 kB | 20/490 kBProgress (5): 11/34 MB | 12/56 MB | 5.9 MB | 66/108 kB | 20/490 kBProgress (5): 11/34 MB | 12/56 MB | 5.9 MB | 66/108 kB | 36/490 kBProgress (5): 11/34 MB | 12/56 MB | 5.9 MB | 66/108 kB | 36/490 kBProgress (5): 11/34 MB | 12/56 MB | 5.9 MB | 82/108 kB | 36/490 kBProgress (5): 11/34 MB | 12/56 MB | 5.9 MB | 82/108 kB | 36/490 kBProgress (5): 11/34 MB | 12/56 MB | 5.9 MB | 82/108 kB | 36/490 kBProgress (5): 11/34 MB | 12/56 MB | 5.9 MB | 82/108 kB | 36/490 kBProgress (5): 11/34 MB | 12/56 MB | 5.9 MB | 82/108 kB | 53/490 kBProgress (5): 11/34 MB | 12/56 MB | 5.9 MB | 94/108 kB | 53/490 kBProgress (5): 11/34 MB | 12/56 MB | 5.9 MB | 94/108 kB | 53/490 kBProgress (5): 11/34 MB | 12/56 MB | 5.9 MB | 94/108 kB | 53/490 kBProgress (5): 11/34 MB | 12/56 MB | 5.9 MB | 94/108 kB | 53/490 kBProgress (5): 11/34 MB | 12/56 MB | 5.9 MB | 94/108 kB | 69/490 kBProgress (5): 11/34 MB | 12/56 MB | 5.9 MB | 94/108 kB | 69/490 kBProgress (5): 11/34 MB | 12/56 MB | 5.9 MB | 108 kB | 69/490 kB                                                                  Downloaded from aliyun: https://maven.aliyun.com/repository/public/org/bouncycastle/bcprov-jdk15on/1.70/bcprov-jdk15on-1.70.jar (5.9 MB at 630 kB/s)
Downloading from aliyun: https://maven.aliyun.com/repository/public/com/egzosn/pay-java-paypal/2.12.9/pay-java-paypal-2.12.9.jar
Progress (4): 11/34 MB | 12/56 MB | 108 kB | 69/490 kBProgress (4): 11/34 MB | 12/56 MB | 108 kB | 69/490 kBProgress (4): 11/34 MB | 12/56 MB | 108 kB | 85/490 kBProgress (4): 11/34 MB | 12/56 MB | 108 kB | 85/490 kBProgress (4): 11/34 MB | 12/56 MB | 108 kB | 102/490 kBProgress (4): 11/34 MB | 12/56 MB | 108 kB | 102/490 kBProgress (4): 11/34 MB | 12/56 MB | 108 kB | 102/490 kBProgress (4): 11/34 MB | 13/56 MB | 108 kB | 102/490 kBProgress (4): 11/34 MB | 13/56 MB | 108 kB | 102/490 kBProgress (4): 11/34 MB | 13/56 MB | 108 kB | 102/490 kBProgress (4): 11/34 MB | 13/56 MB | 108 kB | 102/490 kBProgress (4): 11/34 MB | 13/56 MB | 108 kB | 102/490 kBProgress (4): 11/34 MB | 13/56 MB | 108 kB | 102/490 kBProgress (4): 11/34 MB | 13/56 MB | 108 kB | 102/490 kBProgress (4): 11/34 MB | 13/56 MB | 108 kB | 102/490 kBProgress (4): 11/34 MB | 13/56 MB | 108 kB | 102/490 kBProgress (4): 11/34 MB | 13/56 MB | 108 kB | 102/490 kBProgress (4): 11/34 MB | 13/56 MB | 108 kB | 118/490 kBProgress (4): 11/34 MB | 13/56 MB | 108 kB | 134/490 kBProgress (4): 11/34 MB | 13/56 MB | 108 kB | 151/490 kBProgress (4): 11/34 MB | 13/56 MB | 108 kB | 151/490 kBProgress (4): 11/34 MB | 13/56 MB | 108 kB | 167/490 kBProgress (4): 11/34 MB | 13/56 MB | 108 kB | 167/490 kBProgress (4): 11/34 MB | 13/56 MB | 108 kB | 167/490 kBProgress (4): 11/34 MB | 13/56 MB | 108 kB | 184/490 kBProgress (4): 11/34 MB | 13/56 MB | 108 kB | 184/490 kBProgress (4): 11/34 MB | 13/56 MB | 108 kB | 184/490 kBProgress (4): 11/34 MB | 13/56 MB | 108 kB | 184/490 kBProgress (4): 11/34 MB | 13/56 MB | 108 kB | 200/490 kBProgress (4): 11/34 MB | 13/56 MB | 108 kB | 200/490 kBProgress (4): 11/34 MB | 13/56 MB | 108 kB | 216/490 kBProgress (4): 11/34 MB | 13/56 MB | 108 kB | 216/490 kBProgress (4): 11/34 MB | 13/56 MB | 108 kB | 216/490 kBProgress (4): 11/34 MB | 13/56 MB | 108 kB | 233/490 kBProgress (4): 11/34 MB | 13/56 MB | 108 kB | 233/490 kBProgress (4): 11/34 MB | 13/56 MB | 108 kB | 233/490 kBProgress (4): 11/34 MB | 13/56 MB | 108 kB | 249/490 kBProgress (4): 11/34 MB | 13/56 MB | 108 kB | 266/490 kBProgress (4): 11/34 MB | 13/56 MB | 108 kB | 266/490 kBProgress (4): 11/34 MB | 13/56 MB | 108 kB | 266/490 kBProgress (4): 11/34 MB | 13/56 MB | 108 kB | 282/490 kBProgress (4): 11/34 MB | 13/56 MB | 108 kB | 282/490 kBProgress (4): 11/34 MB | 13/56 MB | 108 kB | 282/490 kBProgress (4): 11/34 MB | 13/56 MB | 108 kB | 282/490 kBProgress (4): 11/34 MB | 13/56 MB | 108 kB | 282/490 kBProgress (4): 11/34 MB | 13/56 MB | 108 kB | 298/490 kBProgress (4): 11/34 MB | 13/56 MB | 108 kB | 315/490 kBProgress (4): 11/34 MB | 13/56 MB | 108 kB | 315/490 kBProgress (4): 11/34 MB | 13/56 MB | 108 kB | 315/490 kBProgress (4): 11/34 MB | 13/56 MB | 108 kB | 315/490 kBProgress (4): 11/34 MB | 13/56 MB | 108 kB | 331/490 kBProgress (4): 11/34 MB | 13/56 MB | 108 kB | 331/490 kBProgress (4): 11/34 MB | 13/56 MB | 108 kB | 331/490 kBProgress (4): 11/34 MB | 13/56 MB | 108 kB | 331/490 kBProgress (4): 11/34 MB | 13/56 MB | 108 kB | 331/490 kBProgress (4): 11/34 MB | 13/56 MB | 108 kB | 331/490 kBProgress (4): 11/34 MB | 13/56 MB | 108 kB | 347/490 kBProgress (4): 11/34 MB | 13/56 MB | 108 kB | 347/490 kBProgress (4): 11/34 MB | 13/56 MB | 108 kB | 347/490 kBProgress (4): 11/34 MB | 13/56 MB | 108 kB | 347/490 kBProgress (4): 11/34 MB | 13/56 MB | 108 kB | 347/490 kBProgress (4): 11/34 MB | 13/56 MB | 108 kB | 347/490 kBProgress (4): 11/34 MB | 13/56 MB | 108 kB | 364/490 kBProgress (4): 11/34 MB | 13/56 MB | 108 kB | 380/490 kBProgress (4): 11/34 MB | 13/56 MB | 108 kB | 397/490 kBProgress (4): 11/34 MB | 13/56 MB | 108 kB | 397/490 kBProgress (4): 11/34 MB | 13/56 MB | 108 kB | 397/490 kBProgress (4): 11/34 MB | 13/56 MB | 108 kB | 413/490 kBProgress (4): 11/34 MB | 13/56 MB | 108 kB | 429/490 kBProgress (4): 11/34 MB | 13/56 MB | 108 kB | 429/490 kBProgress (4): 11/34 MB | 13/56 MB | 108 kB | 429/490 kBProgress (4): 11/34 MB | 13/56 MB | 108 kB | 446/490 kBProgress (4): 11/34 MB | 13/56 MB | 108 kB | 462/490 kBProgress (4): 11/34 MB | 13/56 MB | 108 kB | 479/490 kBProgress (4): 11/34 MB | 13/56 MB | 108 kB | 479/490 kBProgress (4): 11/34 MB | 13/56 MB | 108 kB | 490 kB    Progress (4): 11/34 MB | 13/56 MB | 108 kB | 490 kBProgress (4): 11/34 MB | 13/56 MB | 108 kB | 490 kBProgress (4): 11/34 MB | 13/56 MB | 108 kB | 490 kBProgress (4): 11/34 MB | 13/56 MB | 108 kB | 490 kBProgress (4): 11/34 MB | 13/56 MB | 108 kB | 490 kBProgress (4): 11/34 MB | 13/56 MB | 108 kB | 490 kBProgress (4): 11/34 MB | 13/56 MB | 108 kB | 490 kBProgress (4): 11/34 MB | 13/56 MB | 108 kB | 490 kBProgress (4): 11/34 MB | 13/56 MB | 108 kB | 490 kBProgress (4): 11/34 MB | 13/56 MB | 108 kB | 490 kBProgress (4): 11/34 MB | 13/56 MB | 108 kB | 490 kBProgress (4): 11/34 MB | 13/56 MB | 108 kB | 490 kBProgress (4): 11/34 MB | 13/56 MB | 108 kB | 490 kBProgress (4): 11/34 MB | 13/56 MB | 108 kB | 490 kBProgress (4): 11/34 MB | 13/56 MB | 108 kB | 490 kB                                                   Downloaded from aliyun: https://maven.aliyun.com/repository/public/log4j/log4j/1.2.17/log4j-1.2.17.jar (490 kB at 52 kB/s)
Downloading from aliyun: https://maven.aliyun.com/repository/public/com/egzosn/pay-spring-boot/0.0.3/pay-spring-boot-0.0.3.jar
Progress (3): 11/34 MB | 13/56 MB | 108 kBProgress (3): 11/34 MB | 13/56 MB | 108 kBProgress (3): 11/34 MB | 13/56 MB | 108 kBProgress (3): 11/34 MB | 13/56 MB | 108 kBProgress (3): 11/34 MB | 13/56 MB | 108 kBProgress (3): 11/34 MB | 13/56 MB | 108 kBProgress (3): 11/34 MB | 13/56 MB | 108 kBProgress (3): 11/34 MB | 14/56 MB | 108 kBProgress (3): 11/34 MB | 14/56 MB | 108 kBProgress (3): 11/34 MB | 14/56 MB | 108 kBProgress (3): 11/34 MB | 14/56 MB | 108 kBProgress (3): 11/34 MB | 14/56 MB | 108 kBProgress (3): 11/34 MB | 14/56 MB | 108 kBProgress (3): 11/34 MB | 14/56 MB | 108 kBProgress (3): 11/34 MB | 14/56 MB | 108 kB                                          Downloaded from aliyun: https://maven.aliyun.com/repository/public/com/egzosn/pay-java-common/2.12.9/pay-java-common-2.12.9.jar (108 kB at 11 kB/s)
Downloading from aliyun: https://maven.aliyun.com/repository/public/com/github/binarywang/weixin-java-mp/3.3.0/weixin-java-mp-3.3.0.jar
Progress (2): 11/34 MB | 14/56 MBProgress (2): 11/34 MB | 14/56 MBProgress (2): 11/34 MB | 14/56 MBProgress (2): 11/34 MB | 14/56 MBProgress (2): 11/34 MB | 14/56 MBProgress (2): 11/34 MB | 14/56 MBProgress (2): 11/34 MB | 14/56 MBProgress (2): 11/34 MB | 14/56 MBProgress (2): 11/34 MB | 14/56 MBProgress (2): 11/34 MB | 14/56 MBProgress (2): 11/34 MB | 14/56 MBProgress (2): 11/34 MB | 14/56 MBProgress (2): 11/34 MB | 14/56 MBProgress (2): 11/34 MB | 14/56 MBProgress (2): 11/34 MB | 14/56 MBProgress (2): 11/34 MB | 14/56 MBProgress (2): 11/34 MB | 14/56 MBProgress (2): 11/34 MB | 14/56 MBProgress (2): 11/34 MB | 14/56 MBProgress (2): 11/34 MB | 14/56 MBProgress (2): 11/34 MB | 14/56 MBProgress (2): 11/34 MB | 14/56 MBProgress (2): 11/34 MB | 14/56 MBProgress (2): 11/34 MB | 14/56 MBProgress (2): 11/34 MB | 14/56 MBProgress (2): 11/34 MB | 14/56 MBProgress (3): 11/34 MB | 14/56 MB | 2.9/561 kBProgress (3): 11/34 MB | 14/56 MB | 3.6/561 kBProgress (4): 11/34 MB | 14/56 MB | 3.6/561 kB | 3.4/27 kBProgress (4): 11/34 MB | 14/56 MB | 3.6/561 kB | 3.4/27 kBProgress (4): 11/34 MB | 14/56 MB | 3.6/561 kB | 3.4/27 kBProgress (4): 11/34 MB | 14/56 MB | 9.4/561 kB | 3.4/27 kBProgress (4): 11/34 MB | 14/56 MB | 9.4/561 kB | 3.4/27 kBProgress (4): 11/34 MB | 14/56 MB | 9.4/561 kB | 3.4/27 kBProgress (4): 11/34 MB | 14/56 MB | 9.4/561 kB | 3.4/27 kBProgress (4): 11/34 MB | 14/56 MB | 9.4/561 kB | 3.4/27 kBProgress (4): 11/34 MB | 14/56 MB | 9.4/561 kB | 3.4/27 kBProgress (4): 11/34 MB | 14/56 MB | 9.4/561 kB | 3.4/27 kBProgress (4): 11/34 MB | 14/56 MB | 9.4/561 kB | 3.4/27 kBProgress (4): 11/34 MB | 14/56 MB | 9.4/561 kB | 15/27 kB Progress (4): 11/34 MB | 14/56 MB | 9.4/561 kB | 21/27 kBProgress (4): 11/34 MB | 14/56 MB | 9.4/561 kB | 21/27 kBProgress (4): 11/34 MB | 14/56 MB | 9.4/561 kB | 21/27 kBProgress (4): 11/34 MB | 14/56 MB | 9.4/561 kB | 27 kB   Progress (4): 11/34 MB | 14/56 MB | 9.4/561 kB | 27 kBProgress (4): 11/34 MB | 14/56 MB | 26/561 kB | 27 kB Progress (4): 11/34 MB | 14/56 MB | 26/561 kB | 27 kBProgress (4): 11/34 MB | 14/56 MB | 36/561 kB | 27 kBProgress (4): 11/34 MB | 14/56 MB | 36/561 kB | 27 kBProgress (4): 11/34 MB | 14/56 MB | 36/561 kB | 27 kBProgress (4): 11/34 MB | 14/56 MB | 36/561 kB | 27 kBProgress (4): 11/34 MB | 14/56 MB | 36/561 kB | 27 kBProgress (4): 11/34 MB | 14/56 MB | 36/561 kB | 27 kBProgress (4): 11/34 MB | 14/56 MB | 36/561 kB | 27 kBProgress (4): 11/34 MB | 14/56 MB | 36/561 kB | 27 kBProgress (4): 11/34 MB | 14/56 MB | 36/561 kB | 27 kBProgress (4): 11/34 MB | 14/56 MB | 36/561 kB | 27 kBProgress (4): 11/34 MB | 14/56 MB | 36/561 kB | 27 kBProgress (4): 11/34 MB | 14/56 MB | 52/561 kB | 27 kBProgress (4): 11/34 MB | 14/56 MB | 53/561 kB | 27 kBProgress (4): 11/34 MB | 14/56 MB | 53/561 kB | 27 kBProgress (4): 11/34 MB | 14/56 MB | 53/561 kB | 27 kBProgress (4): 11/34 MB | 14/56 MB | 53/561 kB | 27 kBProgress (4): 11/34 MB | 14/56 MB | 53/561 kB | 27 kBProgress (4): 11/34 MB | 14/56 MB | 64/561 kB | 27 kBProgress (4): 11/34 MB | 14/56 MB | 64/561 kB | 27 kBProgress (4): 11/34 MB | 14/56 MB | 64/561 kB | 27 kBProgress (4): 11/34 MB | 14/56 MB | 64/561 kB | 27 kBProgress (4): 11/34 MB | 14/56 MB | 69/561 kB | 27 kBProgress (4): 11/34 MB | 14/56 MB | 69/561 kB | 27 kBProgress (4): 11/34 MB | 14/56 MB | 84/561 kB | 27 kBProgress (4): 11/34 MB | 14/56 MB | 84/561 kB | 27 kBProgress (4): 11/34 MB | 14/56 MB | 84/561 kB | 27 kBProgress (4): 11/34 MB | 14/56 MB | 84/561 kB | 27 kBProgress (4): 11/34 MB | 14/56 MB | 84/561 kB | 27 kBProgress (4): 11/34 MB | 14/56 MB | 84/561 kB | 27 kBProgress (4): 11/34 MB | 14/56 MB | 84/561 kB | 27 kBProgress (4): 11/34 MB | 15/56 MB | 84/561 kB | 27 kBProgress (4): 11/34 MB | 15/56 MB | 84/561 kB | 27 kBProgress (4): 11/34 MB | 15/56 MB | 100/561 kB | 27 kBProgress (4): 11/34 MB | 15/56 MB | 100/561 kB | 27 kBProgress (4): 11/34 MB | 15/56 MB | 100/561 kB | 27 kBProgress (4): 11/34 MB | 15/56 MB | 100/561 kB | 27 kBProgress (4): 11/34 MB | 15/56 MB | 116/561 kB | 27 kBProgress (4): 11/34 MB | 15/56 MB | 116/561 kB | 27 kBProgress (4): 11/34 MB | 15/56 MB | 116/561 kB | 27 kBProgress (4): 11/34 MB | 15/56 MB | 116/561 kB | 27 kBProgress (4): 11/34 MB | 15/56 MB | 133/561 kB | 27 kBProgress (4): 11/34 MB | 15/56 MB | 133/561 kB | 27 kBProgress (4): 11/34 MB | 15/56 MB | 149/561 kB | 27 kBProgress (4): 11/34 MB | 15/56 MB | 149/561 kB | 27 kBProgress (4): 11/34 MB | 15/56 MB | 166/561 kB | 27 kBProgress (4): 11/34 MB | 15/56 MB | 167/561 kB | 27 kBProgress (4): 11/34 MB | 15/56 MB | 167/561 kB | 27 kBProgress (4): 11/34 MB | 15/56 MB | 178/561 kB | 27 kBProgress (4): 11/34 MB | 15/56 MB | 178/561 kB | 27 kBProgress (4): 11/34 MB | 15/56 MB | 178/561 kB | 27 kBProgress (4): 11/34 MB | 15/56 MB | 194/561 kB | 27 kBProgress (4): 11/34 MB | 15/56 MB | 206/561 kB | 27 kBProgress (4): 11/34 MB | 15/56 MB | 210/561 kB | 27 kBProgress (4): 11/34 MB | 15/56 MB | 222/561 kB | 27 kBProgress (4): 11/34 MB | 15/56 MB | 222/561 kB | 27 kBProgress (4): 11/34 MB | 15/56 MB | 222/561 kB | 27 kBProgress (4): 11/34 MB | 15/56 MB | 222/561 kB | 27 kBProgress (4): 11/34 MB | 15/56 MB | 222/561 kB | 27 kBProgress (4): 11/34 MB | 15/56 MB | 222/561 kB | 27 kBProgress (4): 11/34 MB | 15/56 MB | 222/561 kB | 27 kBProgress (4): 11/34 MB | 15/56 MB | 222/561 kB | 27 kBProgress (4): 11/34 MB | 15/56 MB | 222/561 kB | 27 kBProgress (4): 11/34 MB | 15/56 MB | 222/561 kB | 27 kBProgress (4): 11/34 MB | 15/56 MB | 222/561 kB | 27 kBProgress (4): 11/34 MB | 15/56 MB | 222/561 kB | 27 kBProgress (4): 11/34 MB | 15/56 MB | 222/561 kB | 27 kBProgress (4): 11/34 MB | 15/56 MB | 233/561 kB | 27 kBProgress (4): 11/34 MB | 15/56 MB | 239/561 kB | 27 kBProgress (4): 11/34 MB | 15/56 MB | 245/561 kB | 27 kBProgress (4): 11/34 MB | 15/56 MB | 261/561 kB | 27 kBProgress (4): 11/34 MB | 15/56 MB | 266/561 kB | 27 kBProgress (4): 11/34 MB | 15/56 MB | 273/561 kB | 27 kBProgress (4): 11/34 MB | 15/56 MB | 282/561 kB | 27 kBProgress (4): 11/34 MB | 15/56 MB | 295/561 kB | 27 kBProgress (4): 11/34 MB | 15/56 MB | 298/561 kB | 27 kBProgress (4): 11/34 MB | 15/56 MB | 304/561 kB | 27 kBProgress (4): 11/34 MB | 15/56 MB | 315/561 kB | 27 kBProgress (4): 11/34 MB | 15/56 MB | 319/561 kB | 27 kBProgress (4): 11/34 MB | 15/56 MB | 336/561 kB | 27 kBProgress (4): 11/34 MB | 15/56 MB | 339/561 kB | 27 kBProgress (4): 11/34 MB | 15/56 MB | 355/561 kB | 27 kBProgress (4): 11/34 MB | 15/56 MB | 364/561 kB | 27 kBProgress (4): 11/34 MB | 15/56 MB | 364/561 kB | 27 kBProgress (4): 11/34 MB | 15/56 MB | 364/561 kB | 27 kBProgress (4): 11/34 MB | 15/56 MB | 364/561 kB | 27 kBProgress (4): 11/34 MB | 15/56 MB | 364/561 kB | 27 kBProgress (4): 11/34 MB | 15/56 MB | 364/561 kB | 27 kBProgress (4): 11/34 MB | 15/56 MB | 380/561 kB | 27 kBProgress (4): 11/34 MB | 15/56 MB | 380/561 kB | 27 kBProgress (4): 11/34 MB | 15/56 MB | 380/561 kB | 27 kBProgress (4): 11/34 MB | 15/56 MB | 380/561 kB | 27 kBProgress (4): 11/34 MB | 15/56 MB | 380/561 kB | 27 kBProgress (4): 11/34 MB | 15/56 MB | 380/561 kB | 27 kBProgress (4): 11/34 MB | 15/56 MB | 397/561 kB | 27 kBProgress (4): 11/34 MB | 15/56 MB | 397/561 kB | 27 kBProgress (4): 11/34 MB | 15/56 MB | 413/561 kB | 27 kBProgress (4): 11/34 MB | 15/56 MB | 413/561 kB | 27 kBProgress (4): 11/34 MB | 15/56 MB | 430/561 kB | 27 kBProgress (4): 11/34 MB | 15/56 MB | 430/561 kB | 27 kBProgress (4): 11/34 MB | 15/56 MB | 430/561 kB | 27 kBProgress (4): 11/34 MB | 15/56 MB | 430/561 kB | 27 kBProgress (4): 11/34 MB | 15/56 MB | 430/561 kB | 27 kBProgress (4): 11/34 MB | 15/56 MB | 430/561 kB | 27 kBProgress (4): 11/34 MB | 15/56 MB | 446/561 kB | 27 kBProgress (4): 11/34 MB | 15/56 MB | 462/561 kB | 27 kBProgress (4): 11/34 MB | 15/56 MB | 479/561 kB | 27 kBProgress (4): 11/34 MB | 15/56 MB | 495/561 kB | 27 kBProgress (4): 11/34 MB | 15/56 MB | 511/561 kB | 27 kBProgress (4): 11/34 MB | 15/56 MB | 511/561 kB | 27 kBProgress (4): 11/34 MB | 15/56 MB | 524/561 kB | 27 kBProgress (4): 11/34 MB | 15/56 MB | 524/561 kB | 27 kBProgress (4): 11/34 MB | 15/56 MB | 524/561 kB | 27 kBProgress (4): 11/34 MB | 15/56 MB | 524/561 kB | 27 kBProgress (4): 11/34 MB | 15/56 MB | 524/561 kB | 27 kBProgress (4): 11/34 MB | 15/56 MB | 541/561 kB | 27 kBProgress (4): 11/34 MB | 15/56 MB | 541/561 kB | 27 kBProgress (4): 11/34 MB | 15/56 MB | 541/561 kB | 27 kBProgress (4): 11/34 MB | 15/56 MB | 556/561 kB | 27 kBProgress (4): 11/34 MB | 15/56 MB | 556/561 kB | 27 kBProgress (4): 11/34 MB | 15/56 MB | 556/561 kB | 27 kBProgress (4): 11/34 MB | 15/56 MB | 561/561 kB | 27 kBProgress (4): 11/34 MB | 15/56 MB | 561 kB | 27 kB    Progress (4): 11/34 MB | 15/56 MB | 561 kB | 27 kBProgress (4): 11/34 MB | 15/56 MB | 561 kB | 27 kBProgress (4): 11/34 MB | 15/56 MB | 561 kB | 27 kBProgress (4): 11/34 MB | 15/56 MB | 561 kB | 27 kBProgress (5): 11/34 MB | 15/56 MB | 561 kB | 27 kB | 7.7/59 kBProgress (5): 11/34 MB | 15/56 MB | 561 kB | 27 kB | 7.7/59 kBProgress (5): 11/34 MB | 15/56 MB | 561 kB | 27 kB | 7.7/59 kBProgress (5): 11/34 MB | 15/56 MB | 561 kB | 27 kB | 7.7/59 kBProgress (5): 11/34 MB | 15/56 MB | 561 kB | 27 kB | 7.7/59 kBProgress (5): 11/34 MB | 15/56 MB | 561 kB | 27 kB | 7.7/59 kBProgress (5): 11/34 MB | 15/56 MB | 561 kB | 27 kB | 7.7/59 kBProgress (5): 11/34 MB | 15/56 MB | 561 kB | 27 kB | 7.7/59 kBProgress (5): 11/34 MB | 15/56 MB | 561 kB | 27 kB | 7.7/59 kBProgress (5): 11/34 MB | 15/56 MB | 561 kB | 27 kB | 7.7/59 kBProgress (5): 11/34 MB | 15/56 MB | 561 kB | 27 kB | 7.7/59 kBProgress (5): 11/34 MB | 15/56 MB | 561 kB | 27 kB | 7.7/59 kBProgress (5): 11/34 MB | 15/56 MB | 561 kB | 27 kB | 24/59 kB Progress (5): 11/34 MB | 15/56 MB | 561 kB | 27 kB | 24/59 kBProgress (5): 11/34 MB | 15/56 MB | 561 kB | 27 kB | 28/59 kBProgress (5): 11/34 MB | 15/56 MB | 561 kB | 27 kB | 30/59 kBProgress (5): 11/34 MB | 15/56 MB | 561 kB | 27 kB | 35/59 kBProgress (5): 11/34 MB | 15/56 MB | 561 kB | 27 kB | 40/59 kBProgress (5): 11/34 MB | 15/56 MB | 561 kB | 27 kB | 40/59 kBProgress (5): 11/34 MB | 15/56 MB | 561 kB | 27 kB | 40/59 kBProgress (5): 11/34 MB | 16/56 MB | 561 kB | 27 kB | 40/59 kBProgress (5): 11/34 MB | 16/56 MB | 561 kB | 27 kB | 40/59 kBProgress (5): 11/34 MB | 16/56 MB | 561 kB | 27 kB | 40/59 kBProgress (5): 11/34 MB | 16/56 MB | 561 kB | 27 kB | 40/59 kBProgress (5): 11/34 MB | 16/56 MB | 561 kB | 27 kB | 40/59 kBProgress (5): 11/34 MB | 16/56 MB | 561 kB | 27 kB | 40/59 kBProgress (5): 11/34 MB | 16/56 MB | 561 kB | 27 kB | 40/59 kBProgress (5): 11/34 MB | 16/56 MB | 561 kB | 27 kB | 40/59 kBProgress (5): 11/34 MB | 16/56 MB | 561 kB | 27 kB | 50/59 kB                                                             Downloaded from aliyun: https://maven.aliyun.com/repository/public/com/egzosn/pay-java-paypal/2.12.9/pay-java-paypal-2.12.9.jar (27 kB at 2.7 kB/s)
Downloading from aliyun: https://maven.aliyun.com/repository/public/com/github/binarywang/weixin-java-common/3.3.0/weixin-java-common-3.3.0.jar
Progress (4): 11/34 MB | 16/56 MB | 561 kB | 53/59 kBProgress (4): 11/34 MB | 16/56 MB | 561 kB | 59 kB   Progress (4): 11/34 MB | 16/56 MB | 561 kB | 59 kBProgress (4): 11/34 MB | 16/56 MB | 561 kB | 59 kBProgress (4): 11/34 MB | 16/56 MB | 561 kB | 59 kBProgress (4): 11/34 MB | 16/56 MB | 561 kB | 59 kBProgress (4): 11/34 MB | 16/56 MB | 561 kB | 59 kBProgress (4): 11/34 MB | 16/56 MB | 561 kB | 59 kBProgress (4): 11/34 MB | 16/56 MB | 561 kB | 59 kBProgress (4): 11/34 MB | 16/56 MB | 561 kB | 59 kBProgress (4): 11/34 MB | 16/56 MB | 561 kB | 59 kBProgress (4): 11/34 MB | 16/56 MB | 561 kB | 59 kBProgress (4): 11/34 MB | 16/56 MB | 561 kB | 59 kBProgress (4): 11/34 MB | 16/56 MB | 561 kB | 59 kBProgress (4): 11/34 MB | 16/56 MB | 561 kB | 59 kBProgress (4): 11/34 MB | 16/56 MB | 561 kB | 59 kBProgress (4): 11/34 MB | 16/56 MB | 561 kB | 59 kBProgress (4): 11/34 MB | 16/56 MB | 561 kB | 59 kBProgress (4): 11/34 MB | 16/56 MB | 561 kB | 59 kBProgress (4): 11/34 MB | 16/56 MB | 561 kB | 59 kBProgress (4): 11/34 MB | 16/56 MB | 561 kB | 59 kBProgress (4): 11/34 MB | 16/56 MB | 561 kB | 59 kBProgress (4): 11/34 MB | 16/56 MB | 561 kB | 59 kBProgress (4): 11/34 MB | 16/56 MB | 561 kB | 59 kBProgress (4): 11/34 MB | 16/56 MB | 561 kB | 59 kBProgress (4): 11/34 MB | 16/56 MB | 561 kB | 59 kBProgress (4): 11/34 MB | 16/56 MB | 561 kB | 59 kBProgress (4): 11/34 MB | 16/56 MB | 561 kB | 59 kBProgress (4): 11/34 MB | 16/56 MB | 561 kB | 59 kBProgress (4): 11/34 MB | 16/56 MB | 561 kB | 59 kBProgress (4): 11/34 MB | 16/56 MB | 561 kB | 59 kBProgress (4): 11/34 MB | 16/56 MB | 561 kB | 59 kBProgress (4): 11/34 MB | 16/56 MB | 561 kB | 59 kBProgress (4): 11/34 MB | 16/56 MB | 561 kB | 59 kBProgress (4): 11/34 MB | 16/56 MB | 561 kB | 59 kBProgress (4): 11/34 MB | 16/56 MB | 561 kB | 59 kBProgress (4): 11/34 MB | 16/56 MB | 561 kB | 59 kBProgress (4): 11/34 MB | 16/56 MB | 561 kB | 59 kBProgress (4): 11/34 MB | 16/56 MB | 561 kB | 59 kBProgress (4): 11/34 MB | 16/56 MB | 561 kB | 59 kBProgress (4): 11/34 MB | 16/56 MB | 561 kB | 59 kBProgress (4): 11/34 MB | 16/56 MB | 561 kB | 59 kBProgress (5): 11/34 MB | 16/56 MB | 561 kB | 59 kB | 3.4/161 kBProgress (5): 11/34 MB | 16/56 MB | 561 kB | 59 kB | 3.4/161 kBProgress (5): 11/34 MB | 16/56 MB | 561 kB | 59 kB | 20/161 kB Progress (5): 11/34 MB | 16/56 MB | 561 kB | 59 kB | 20/161 kBProgress (5): 11/34 MB | 16/56 MB | 561 kB | 59 kB | 20/161 kBProgress (5): 11/34 MB | 16/56 MB | 561 kB | 59 kB | 20/161 kBProgress (5): 11/34 MB | 16/56 MB | 561 kB | 59 kB | 20/161 kBProgress (5): 11/34 MB | 16/56 MB | 561 kB | 59 kB | 20/161 kBProgress (5): 11/34 MB | 16/56 MB | 561 kB | 59 kB | 20/161 kBProgress (5): 11/34 MB | 16/56 MB | 561 kB | 59 kB | 20/161 kBProgress (5): 11/34 MB | 16/56 MB | 561 kB | 59 kB | 36/161 kBProgress (5): 11/34 MB | 16/56 MB | 561 kB | 59 kB | 36/161 kBProgress (5): 11/34 MB | 16/56 MB | 561 kB | 59 kB | 36/161 kBProgress (5): 11/34 MB | 16/56 MB | 561 kB | 59 kB | 36/161 kBProgress (5): 11/34 MB | 16/56 MB | 561 kB | 59 kB | 36/161 kBProgress (5): 11/34 MB | 16/56 MB | 561 kB | 59 kB | 36/161 kBProgress (5): 11/34 MB | 16/56 MB | 561 kB | 59 kB | 36/161 kBProgress (5): 11/34 MB | 16/56 MB | 561 kB | 59 kB | 36/161 kBProgress (5): 11/34 MB | 16/56 MB | 561 kB | 59 kB | 36/161 kBProgress (5): 11/34 MB | 16/56 MB | 561 kB | 59 kB | 36/161 kBProgress (5): 11/34 MB | 16/56 MB | 561 kB | 59 kB | 36/161 kB                                                              Downloaded from aliyun: https://maven.aliyun.com/repository/public/com/github/binarywang/weixin-java-mp/3.3.0/weixin-java-mp-3.3.0.jar (561 kB at 57 kB/s)
Downloading from aliyun: https://maven.aliyun.com/repository/public/com/thoughtworks/xstream/xstream/1.4.10/xstream-1.4.10.jar
Progress (4): 11/34 MB | 16/56 MB | 59 kB | 36/161 kBProgress (4): 11/34 MB | 16/56 MB | 59 kB | 36/161 kBProgress (4): 11/34 MB | 16/56 MB | 59 kB | 36/161 kBProgress (4): 11/34 MB | 16/56 MB | 59 kB | 53/161 kBProgress (4): 11/34 MB | 16/56 MB | 59 kB | 53/161 kBProgress (4): 11/34 MB | 16/56 MB | 59 kB | 69/161 kBProgress (4): 11/34 MB | 17/56 MB | 59 kB | 69/161 kBProgress (4): 11/34 MB | 17/56 MB | 59 kB | 69/161 kBProgress (4): 11/34 MB | 17/56 MB | 59 kB | 69/161 kBProgress (4): 11/34 MB | 17/56 MB | 59 kB | 69/161 kBProgress (4): 11/34 MB | 17/56 MB | 59 kB | 69/161 kBProgress (4): 11/34 MB | 17/56 MB | 59 kB | 69/161 kBProgress (4): 11/34 MB | 17/56 MB | 59 kB | 85/161 kBProgress (4): 11/34 MB | 17/56 MB | 59 kB | 85/161 kBProgress (4): 11/34 MB | 17/56 MB | 59 kB | 85/161 kBProgress (4): 11/34 MB | 17/56 MB | 59 kB | 102/161 kBProgress (5): 11/34 MB | 17/56 MB | 59 kB | 102/161 kB | 4.8/590 kBProgress (5): 11/34 MB | 17/56 MB | 59 kB | 102/161 kB | 4.8/590 kBProgress (5): 11/34 MB | 17/56 MB | 59 kB | 102/161 kB | 4.8/590 kBProgress (5): 11/34 MB | 17/56 MB | 59 kB | 102/161 kB | 4.8/590 kBProgress (5): 11/34 MB | 17/56 MB | 59 kB | 118/161 kB | 4.8/590 kBProgress (5): 11/34 MB | 17/56 MB | 59 kB | 118/161 kB | 21/590 kB Progress (5): 11/34 MB | 17/56 MB | 59 kB | 118/161 kB | 21/590 kBProgress (5): 11/34 MB | 17/56 MB | 59 kB | 118/161 kB | 21/590 kBProgress (5): 11/34 MB | 17/56 MB | 59 kB | 118/161 kB | 38/590 kBProgress (5): 11/34 MB | 17/56 MB | 59 kB | 134/161 kB | 38/590 kBProgress (5): 11/34 MB | 17/56 MB | 59 kB | 134/161 kB | 49/590 kBProgress (5): 11/34 MB | 17/56 MB | 59 kB | 134/161 kB | 49/590 kBProgress (5): 11/34 MB | 17/56 MB | 59 kB | 134/161 kB | 49/590 kBProgress (5): 11/34 MB | 17/56 MB | 59 kB | 151/161 kB | 49/590 kBProgress (5): 11/34 MB | 17/56 MB | 59 kB | 154/161 kB | 49/590 kBProgress (5): 11/34 MB | 17/56 MB | 59 kB | 154/161 kB | 49/590 kBProgress (5): 11/34 MB | 17/56 MB | 59 kB | 154/161 kB | 49/590 kBProgress (5): 11/34 MB | 17/56 MB | 59 kB | 154/161 kB | 49/590 kBProgress (5): 11/34 MB | 17/56 MB | 59 kB | 161 kB | 49/590 kB    Progress (5): 11/34 MB | 17/56 MB | 59 kB | 161 kB | 56/590 kBProgress (5): 11/34 MB | 17/56 MB | 59 kB | 161 kB | 72/590 kBProgress (5): 11/34 MB | 17/56 MB | 59 kB | 161 kB | 81/590 kBProgress (5): 11/34 MB | 17/56 MB | 59 kB | 161 kB | 81/590 kBProgress (5): 11/34 MB | 17/56 MB | 59 kB | 161 kB | 81/590 kBProgress (5): 11/34 MB | 17/56 MB | 59 kB | 161 kB | 81/590 kBProgress (5): 11/34 MB | 17/56 MB | 59 kB | 161 kB | 97/590 kBProgress (5): 11/34 MB | 17/56 MB | 59 kB | 161 kB | 97/590 kBProgress (5): 11/34 MB | 17/56 MB | 59 kB | 161 kB | 97/590 kBProgress (5): 11/34 MB | 17/56 MB | 59 kB | 161 kB | 97/590 kBProgress (5): 11/34 MB | 17/56 MB | 59 kB | 161 kB | 97/590 kBProgress (5): 11/34 MB | 17/56 MB | 59 kB | 161 kB | 97/590 kBProgress (5): 11/34 MB | 17/56 MB | 59 kB | 161 kB | 106/590 kBProgress (5): 11/34 MB | 17/56 MB | 59 kB | 161 kB | 106/590 kBProgress (5): 11/34 MB | 17/56 MB | 59 kB | 161 kB | 113/590 kBProgress (5): 11/34 MB | 17/56 MB | 59 kB | 161 kB | 116/590 kBProgress (5): 11/34 MB | 17/56 MB | 59 kB | 161 kB | 116/590 kBProgress (5): 11/34 MB | 17/56 MB | 59 kB | 161 kB | 116/590 kBProgress (5): 11/34 MB | 17/56 MB | 59 kB | 161 kB | 116/590 kBProgress (5): 11/34 MB | 17/56 MB | 59 kB | 161 kB | 127/590 kBProgress (5): 11/34 MB | 17/56 MB | 59 kB | 161 kB | 127/590 kBProgress (5): 11/34 MB | 17/56 MB | 59 kB | 161 kB | 129/590 kBProgress (5): 11/34 MB | 17/56 MB | 59 kB | 161 kB | 129/590 kBProgress (5): 11/34 MB | 17/56 MB | 59 kB | 161 kB | 129/590 kBProgress (5): 11/34 MB | 17/56 MB | 59 kB | 161 kB | 129/590 kBProgress (5): 11/34 MB | 17/56 MB | 59 kB | 161 kB | 129/590 kBProgress (5): 11/34 MB | 17/56 MB | 59 kB | 161 kB | 129/590 kBProgress (5): 11/34 MB | 17/56 MB | 59 kB | 161 kB | 129/590 kBProgress (5): 11/34 MB | 17/56 MB | 59 kB | 161 kB | 129/590 kBProgress (5): 11/34 MB | 17/56 MB | 59 kB | 161 kB | 129/590 kBProgress (5): 11/34 MB | 17/56 MB | 59 kB | 161 kB | 139/590 kBProgress (5): 11/34 MB | 17/56 MB | 59 kB | 161 kB | 139/590 kB                                                               Downloaded from aliyun: https://maven.aliyun.com/repository/public/com/egzosn/pay-spring-boot/0.0.3/pay-spring-boot-0.0.3.jar (59 kB at 5.9 kB/s)
Downloading from aliyun: https://maven.aliyun.com/repository/public/xmlpull/xmlpull/1.1.3.1/xmlpull-1.1.3.1.jar
Progress (4): 11/34 MB | 17/56 MB | 161 kB | 139/590 kBProgress (4): 11/34 MB | 17/56 MB | 161 kB | 139/590 kBProgress (4): 11/34 MB | 17/56 MB | 161 kB | 139/590 kBProgress (4): 11/34 MB | 17/56 MB | 161 kB | 139/590 kBProgress (4): 11/34 MB | 17/56 MB | 161 kB | 156/590 kBProgress (4): 11/34 MB | 17/56 MB | 161 kB | 156/590 kBProgress (4): 11/34 MB | 17/56 MB | 161 kB | 172/590 kBProgress (4): 11/34 MB | 17/56 MB | 161 kB | 172/590 kBProgress (4): 11/34 MB | 17/56 MB | 161 kB | 172/590 kBProgress (4): 11/34 MB | 17/56 MB | 161 kB | 188/590 kBProgress (4): 11/34 MB | 17/56 MB | 161 kB | 188/590 kBProgress (4): 11/34 MB | 17/56 MB | 161 kB | 188/590 kBProgress (4): 11/34 MB | 17/56 MB | 161 kB | 188/590 kBProgress (4): 11/34 MB | 17/56 MB | 161 kB | 188/590 kBProgress (5): 11/34 MB | 17/56 MB | 161 kB | 188/590 kB | 1.9/7.2 kBProgress (5): 11/34 MB | 17/56 MB | 161 kB | 188/590 kB | 7.2 kB    Progress (5): 11/34 MB | 17/56 MB | 161 kB | 188/590 kB | 7.2 kBProgress (5): 11/34 MB | 17/56 MB | 161 kB | 188/590 kB | 7.2 kBProgress (5): 11/34 MB | 17/56 MB | 161 kB | 188/590 kB | 7.2 kBProgress (5): 11/34 MB | 17/56 MB | 161 kB | 205/590 kB | 7.2 kBProgress (5): 11/34 MB | 17/56 MB | 161 kB | 205/590 kB | 7.2 kBProgress (5): 11/34 MB | 17/56 MB | 161 kB | 221/590 kB | 7.2 kBProgress (5): 11/34 MB | 17/56 MB | 161 kB | 221/590 kB | 7.2 kBProgress (5): 11/34 MB | 17/56 MB | 161 kB | 221/590 kB | 7.2 kBProgress (5): 11/34 MB | 17/56 MB | 161 kB | 221/590 kB | 7.2 kBProgress (5): 11/34 MB | 17/56 MB | 161 kB | 221/590 kB | 7.2 kBProgress (5): 11/34 MB | 17/56 MB | 161 kB | 221/590 kB | 7.2 kB                                                                Downloaded from aliyun: https://maven.aliyun.com/repository/public/xmlpull/xmlpull/1.1.3.1/xmlpull-1.1.3.1.jar (7.2 kB at 716 B/s)
Progress (4): 11/34 MB | 17/56 MB | 161 kB | 221/590 kB                                                       Downloading from aliyun: https://maven.aliyun.com/repository/public/xpp3/xpp3_min/1.1.4c/xpp3_min-1.1.4c.jar
Progress (4): 11/34 MB | 17/56 MB | 161 kB | 221/590 kBProgress (4): 11/34 MB | 17/56 MB | 161 kB | 221/590 kBProgress (4): 11/34 MB | 17/56 MB | 161 kB | 221/590 kBProgress (4): 11/34 MB | 17/56 MB | 161 kB | 221/590 kBProgress (4): 11/34 MB | 17/56 MB | 161 kB | 221/590 kBProgress (4): 11/34 MB | 17/56 MB | 161 kB | 221/590 kBProgress (4): 11/34 MB | 17/56 MB | 161 kB | 221/590 kBProgress (4): 11/34 MB | 17/56 MB | 161 kB | 221/590 kBProgress (4): 11/34 MB | 17/56 MB | 161 kB | 237/590 kBProgress (4): 11/34 MB | 17/56 MB | 161 kB | 254/590 kBProgress (4): 11/34 MB | 17/56 MB | 161 kB | 270/590 kBProgress (4): 11/34 MB | 17/56 MB | 161 kB | 287/590 kBProgress (5): 11/34 MB | 17/56 MB | 161 kB | 287/590 kB | 7.3/25 kBProgress (5): 11/34 MB | 17/56 MB | 161 kB | 287/590 kB | 14/25 kB Progress (5): 11/34 MB | 17/56 MB | 161 kB | 287/590 kB | 14/25 kBProgress (5): 11/34 MB | 17/56 MB | 161 kB | 287/590 kB | 25 kB   Progress (5): 11/34 MB | 17/56 MB | 161 kB | 287/590 kB | 25 kBProgress (5): 11/34 MB | 17/56 MB | 161 kB | 303/590 kB | 25 kBProgress (5): 11/34 MB | 17/56 MB | 161 kB | 303/590 kB | 25 kBProgress (5): 11/34 MB | 18/56 MB | 161 kB | 303/590 kB | 25 kBProgress (5): 11/34 MB | 18/56 MB | 161 kB | 303/590 kB | 25 kBProgress (5): 11/34 MB | 18/56 MB | 161 kB | 319/590 kB | 25 kBProgress (5): 11/34 MB | 18/56 MB | 161 kB | 319/590 kB | 25 kBProgress (5): 11/34 MB | 18/56 MB | 161 kB | 319/590 kB | 25 kBProgress (5): 11/34 MB | 18/56 MB | 161 kB | 319/590 kB | 25 kBProgress (5): 11/34 MB | 18/56 MB | 161 kB | 319/590 kB | 25 kB                                                               Downloaded from aliyun: https://maven.aliyun.com/repository/public/xpp3/xpp3_min/1.1.4c/xpp3_min-1.1.4c.jar (25 kB at 2.5 kB/s)
Downloading from aliyun: https://maven.aliyun.com/repository/public/org/slf4j/jcl-over-slf4j/2.0.17/jcl-over-slf4j-2.0.17.jar
Progress (4): 11/34 MB | 18/56 MB | 161 kB | 336/590 kBProgress (4): 11/34 MB | 18/56 MB | 161 kB | 336/590 kBProgress (4): 11/34 MB | 18/56 MB | 161 kB | 336/590 kBProgress (4): 11/34 MB | 18/56 MB | 161 kB | 336/590 kBProgress (4): 11/34 MB | 18/56 MB | 161 kB | 352/590 kBProgress (4): 11/34 MB | 18/56 MB | 161 kB | 352/590 kB                                                       Downloaded from aliyun: https://maven.aliyun.com/repository/public/com/github/binarywang/weixin-java-common/3.3.0/weixin-java-common-3.3.0.jar (161 kB at 16 kB/s)
Downloading from aliyun: https://maven.aliyun.com/repository/public/org/dom4j/dom4j/2.0.0/dom4j-2.0.0.jar
Progress (3): 11/34 MB | 18/56 MB | 369/590 kBProgress (3): 11/34 MB | 18/56 MB | 385/590 kBProgress (3): 11/34 MB | 18/56 MB | 385/590 kBProgress (3): 11/34 MB | 18/56 MB | 385/590 kBProgress (4): 11/34 MB | 18/56 MB | 385/590 kB | 1.9/18 kBProgress (4): 11/34 MB | 18/56 MB | 385/590 kB | 1.9/18 kBProgress (4): 11/34 MB | 18/56 MB | 385/590 kB | 1.9/18 kBProgress (4): 11/34 MB | 18/56 MB | 385/590 kB | 18/18 kB Progress (4): 11/34 MB | 18/56 MB | 385/590 kB | 18 kB   Progress (4): 11/34 MB | 18/56 MB | 385/590 kB | 18 kBProgress (4): 11/34 MB | 18/56 MB | 401/590 kB | 18 kBProgress (4): 11/34 MB | 18/56 MB | 401/590 kB | 18 kBProgress (4): 11/34 MB | 18/56 MB | 401/590 kB | 18 kBProgress (4): 11/34 MB | 18/56 MB | 401/590 kB | 18 kBProgress (4): 11/34 MB | 18/56 MB | 401/590 kB | 18 kBProgress (4): 11/34 MB | 18/56 MB | 401/590 kB | 18 kBProgress (4): 11/34 MB | 18/56 MB | 401/590 kB | 18 kBProgress (4): 11/34 MB | 18/56 MB | 418/590 kB | 18 kBProgress (4): 11/34 MB | 18/56 MB | 434/590 kB | 18 kBProgress (4): 11/34 MB | 18/56 MB | 434/590 kB | 18 kBProgress (4): 11/34 MB | 18/56 MB | 450/590 kB | 18 kBProgress (4): 11/34 MB | 18/56 MB | 450/590 kB | 18 kBProgress (4): 11/34 MB | 18/56 MB | 450/590 kB | 18 kBProgress (4): 11/34 MB | 18/56 MB | 450/590 kB | 18 kBProgress (4): 11/34 MB | 18/56 MB | 467/590 kB | 18 kBProgress (4): 11/34 MB | 18/56 MB | 467/590 kB | 18 kBProgress (4): 11/34 MB | 18/56 MB | 467/590 kB | 18 kBProgress (4): 11/34 MB | 18/56 MB | 467/590 kB | 18 kBProgress (4): 11/34 MB | 18/56 MB | 467/590 kB | 18 kB                                                      Downloaded from aliyun: https://maven.aliyun.com/repository/public/org/slf4j/jcl-over-slf4j/2.0.17/jcl-over-slf4j-2.0.17.jar (18 kB at 1.8 kB/s)
Downloading from aliyun: https://maven.aliyun.com/repository/public/jaxen/jaxen/2.0.0/jaxen-2.0.0.jar
Progress (3): 11/34 MB | 18/56 MB | 467/590 kBProgress (3): 11/34 MB | 18/56 MB | 467/590 kBProgress (3): 11/34 MB | 18/56 MB | 467/590 kBProgress (3): 11/34 MB | 18/56 MB | 483/590 kBProgress (3): 11/34 MB | 18/56 MB | 500/590 kBProgress (3): 11/34 MB | 18/56 MB | 516/590 kBProgress (3): 11/34 MB | 18/56 MB | 516/590 kBProgress (3): 11/34 MB | 18/56 MB | 524/590 kBProgress (3): 11/34 MB | 18/56 MB | 524/590 kBProgress (3): 11/34 MB | 18/56 MB | 532/590 kBProgress (3): 11/34 MB | 18/56 MB | 532/590 kBProgress (3): 11/34 MB | 18/56 MB | 532/590 kBProgress (3): 11/34 MB | 18/56 MB | 532/590 kBProgress (4): 11/34 MB | 18/56 MB | 532/590 kB | 1.9/224 kBProgress (4): 11/34 MB | 18/56 MB | 532/590 kB | 1.9/224 kBProgress (4): 11/34 MB | 18/56 MB | 532/590 kB | 1.9/224 kBProgress (4): 11/34 MB | 18/56 MB | 549/590 kB | 1.9/224 kBProgress (5): 11/34 MB | 18/56 MB | 549/590 kB | 1.9/224 kB | 4.8/312 kBProgress (5): 11/34 MB | 18/56 MB | 549/590 kB | 1.9/224 kB | 21/312 kB Progress (5): 11/34 MB | 18/56 MB | 549/590 kB | 18/224 kB | 21/312 kB Progress (5): 11/34 MB | 18/56 MB | 557/590 kB | 18/224 kB | 21/312 kBProgress (5): 11/34 MB | 18/56 MB | 557/590 kB | 18/224 kB | 38/312 kBProgress (5): 11/34 MB | 18/56 MB | 573/590 kB | 18/224 kB | 38/312 kBProgress (5): 11/34 MB | 18/56 MB | 573/590 kB | 18/224 kB | 47/312 kBProgress (5): 11/34 MB | 18/56 MB | 573/590 kB | 18/224 kB | 52/312 kBProgress (5): 11/34 MB | 18/56 MB | 573/590 kB | 18/224 kB | 68/312 kBProgress (5): 11/34 MB | 18/56 MB | 573/590 kB | 18/224 kB | 69/312 kBProgress (5): 11/34 MB | 18/56 MB | 573/590 kB | 35/224 kB | 69/312 kBProgress (5): 11/34 MB | 18/56 MB | 590 kB | 35/224 kB | 69/312 kB    Progress (5): 11/34 MB | 18/56 MB | 590 kB | 35/224 kB | 69/312 kBProgress (5): 11/34 MB | 18/56 MB | 590 kB | 35/224 kB | 69/312 kBProgress (5): 11/34 MB | 18/56 MB | 590 kB | 35/224 kB | 69/312 kBProgress (5): 11/34 MB | 18/56 MB | 590 kB | 35/224 kB | 69/312 kBProgress (5): 11/34 MB | 18/56 MB | 590 kB | 35/224 kB | 69/312 kBProgress (5): 11/34 MB | 18/56 MB | 590 kB | 35/224 kB | 69/312 kBProgress (5): 11/34 MB | 18/56 MB | 590 kB | 35/224 kB | 69/312 kBProgress (5): 11/34 MB | 18/56 MB | 590 kB | 35/224 kB | 69/312 kBProgress (5): 11/34 MB | 18/56 MB | 590 kB | 35/224 kB | 69/312 kBProgress (5): 11/34 MB | 18/56 MB | 590 kB | 35/224 kB | 69/312 kBProgress (5): 11/34 MB | 18/56 MB | 590 kB | 35/224 kB | 69/312 kBProgress (5): 11/34 MB | 18/56 MB | 590 kB | 35/224 kB | 69/312 kBProgress (5): 11/34 MB | 18/56 MB | 590 kB | 51/224 kB | 69/312 kBProgress (5): 11/34 MB | 18/56 MB | 590 kB | 51/224 kB | 69/312 kBProgress (5): 11/34 MB | 18/56 MB | 590 kB | 51/224 kB | 69/312 kBProgress (5): 11/34 MB | 18/56 MB | 590 kB | 51/224 kB | 69/312 kBProgress (5): 11/34 MB | 18/56 MB | 590 kB | 51/224 kB | 85/312 kBProgress (5): 11/34 MB | 18/56 MB | 590 kB | 51/224 kB | 95/312 kBProgress (5): 11/34 MB | 18/56 MB | 590 kB | 51/224 kB | 111/312 kBProgress (5): 11/34 MB | 18/56 MB | 590 kB | 51/224 kB | 111/312 kBProgress (5): 11/34 MB | 18/56 MB | 590 kB | 51/224 kB | 111/312 kBProgress (5): 11/34 MB | 18/56 MB | 590 kB | 51/224 kB | 128/312 kBProgress (5): 11/34 MB | 18/56 MB | 590 kB | 67/224 kB | 128/312 kBProgress (5): 11/34 MB | 18/56 MB | 590 kB | 67/224 kB | 132/312 kBProgress (5): 11/34 MB | 18/56 MB | 590 kB | 67/224 kB | 132/312 kBProgress (5): 11/34 MB | 18/56 MB | 590 kB | 84/224 kB | 132/312 kBProgress (5): 11/34 MB | 18/56 MB | 590 kB | 84/224 kB | 132/312 kBProgress (5): 11/34 MB | 18/56 MB | 590 kB | 84/224 kB | 132/312 kBProgress (5): 11/34 MB | 18/56 MB | 590 kB | 84/224 kB | 132/312 kBProgress (5): 11/34 MB | 18/56 MB | 590 kB | 84/224 kB | 132/312 kBProgress (5): 11/34 MB | 18/56 MB | 590 kB | 84/224 kB | 148/312 kBProgress (5): 11/34 MB | 18/56 MB | 590 kB | 84/224 kB | 148/312 kBProgress (5): 11/34 MB | 18/56 MB | 590 kB | 84/224 kB | 148/312 kBProgress (5): 11/34 MB | 18/56 MB | 590 kB | 100/224 kB | 148/312 kBProgress (5): 11/34 MB | 18/56 MB | 590 kB | 100/224 kB | 148/312 kBProgress (5): 11/34 MB | 18/56 MB | 590 kB | 100/224 kB | 148/312 kBProgress (5): 11/34 MB | 18/56 MB | 590 kB | 117/224 kB | 148/312 kBProgress (5): 11/34 MB | 18/56 MB | 590 kB | 117/224 kB | 148/312 kBProgress (5): 11/34 MB | 18/56 MB | 590 kB | 117/224 kB | 148/312 kBProgress (5): 11/34 MB | 18/56 MB | 590 kB | 117/224 kB | 148/312 kBProgress (5): 11/34 MB | 18/56 MB | 590 kB | 117/224 kB | 148/312 kBProgress (5): 11/34 MB | 18/56 MB | 590 kB | 117/224 kB | 158/312 kBProgress (5): 11/34 MB | 18/56 MB | 590 kB | 117/224 kB | 160/312 kBProgress (5): 11/34 MB | 18/56 MB | 590 kB | 117/224 kB | 164/312 kBProgress (5): 11/34 MB | 19/56 MB | 590 kB | 117/224 kB | 164/312 kBProgress (5): 11/34 MB | 19/56 MB | 590 kB | 133/224 kB | 164/312 kBProgress (5): 11/34 MB | 19/56 MB | 590 kB | 133/224 kB | 164/312 kBProgress (5): 11/34 MB | 19/56 MB | 590 kB | 133/224 kB | 164/312 kBProgress (5): 11/34 MB | 19/56 MB | 590 kB | 149/224 kB | 164/312 kBProgress (5): 11/34 MB | 19/56 MB | 590 kB | 149/224 kB | 180/312 kBProgress (5): 11/34 MB | 19/56 MB | 590 kB | 149/224 kB | 180/312 kBProgress (5): 11/34 MB | 19/56 MB | 590 kB | 166/224 kB | 180/312 kBProgress (5): 11/34 MB | 19/56 MB | 590 kB | 166/224 kB | 180/312 kBProgress (5): 11/34 MB | 19/56 MB | 590 kB | 166/224 kB | 180/312 kBProgress (5): 11/34 MB | 19/56 MB | 590 kB | 166/224 kB | 180/312 kBProgress (5): 11/34 MB | 19/56 MB | 590 kB | 166/224 kB | 180/312 kBProgress (5): 11/34 MB | 19/56 MB | 590 kB | 166/224 kB | 180/312 kBProgress (5): 11/34 MB | 19/56 MB | 590 kB | 166/224 kB | 180/312 kBProgress (5): 11/34 MB | 19/56 MB | 590 kB | 166/224 kB | 180/312 kBProgress (5): 11/34 MB | 19/56 MB | 590 kB | 182/224 kB | 180/312 kBProgress (5): 11/34 MB | 19/56 MB | 590 kB | 182/224 kB | 180/312 kBProgress (5): 11/34 MB | 19/56 MB | 590 kB | 199/224 kB | 180/312 kBProgress (5): 11/34 MB | 19/56 MB | 590 kB | 199/224 kB | 180/312 kBProgress (5): 11/34 MB | 19/56 MB | 590 kB | 215/224 kB | 180/312 kBProgress (5): 11/34 MB | 19/56 MB | 590 kB | 215/224 kB | 189/312 kBProgress (5): 11/34 MB | 19/56 MB | 590 kB | 224 kB | 189/312 kB    Progress (5): 11/34 MB | 19/56 MB | 590 kB | 224 kB | 205/312 kBProgress (5): 11/34 MB | 19/56 MB | 590 kB | 224 kB | 208/312 kBProgress (5): 11/34 MB | 19/56 MB | 590 kB | 224 kB | 208/312 kBProgress (5): 11/34 MB | 19/56 MB | 590 kB | 224 kB | 208/312 kBProgress (5): 11/34 MB | 19/56 MB | 590 kB | 224 kB | 208/312 kBProgress (5): 12/34 MB | 19/56 MB | 590 kB | 224 kB | 208/312 kBProgress (5): 12/34 MB | 19/56 MB | 590 kB | 224 kB | 208/312 kBProgress (5): 12/34 MB | 19/56 MB | 590 kB | 224 kB | 208/312 kBProgress (5): 12/34 MB | 19/56 MB | 590 kB | 224 kB | 208/312 kBProgress (5): 12/34 MB | 19/56 MB | 590 kB | 224 kB | 224/312 kBProgress (5): 12/34 MB | 19/56 MB | 590 kB | 224 kB | 224/312 kBProgress (5): 12/34 MB | 19/56 MB | 590 kB | 224 kB | 224/312 kBProgress (5): 12/34 MB | 19/56 MB | 590 kB | 224 kB | 224/312 kBProgress (5): 12/34 MB | 19/56 MB | 590 kB | 224 kB | 224/312 kBProgress (5): 12/34 MB | 19/56 MB | 590 kB | 224 kB | 224/312 kBProgress (5): 12/34 MB | 19/56 MB | 590 kB | 224 kB | 233/312 kBProgress (5): 12/34 MB | 19/56 MB | 590 kB | 224 kB | 233/312 kBProgress (5): 12/34 MB | 19/56 MB | 590 kB | 224 kB | 233/312 kBProgress (5): 12/34 MB | 19/56 MB | 590 kB | 224 kB | 233/312 kBProgress (5): 12/34 MB | 19/56 MB | 590 kB | 224 kB | 233/312 kBProgress (5): 12/34 MB | 19/56 MB | 590 kB | 224 kB | 233/312 kBProgress (5): 12/34 MB | 19/56 MB | 590 kB | 224 kB | 233/312 kB                                                                Downloaded from aliyun: https://maven.aliyun.com/repository/public/jaxen/jaxen/2.0.0/jaxen-2.0.0.jar (224 kB at 22 kB/s)
Progress (4): 12/34 MB | 19/56 MB | 590 kB | 233/312 kBProgress (4): 12/34 MB | 19/56 MB | 590 kB | 233/312 kBProgress (4): 12/34 MB | 19/56 MB | 590 kB | 247/312 kBProgress (4): 12/34 MB | 19/56 MB | 590 kB | 247/312 kBProgress (4): 12/34 MB | 19/56 MB | 590 kB | 247/312 kBProgress (4): 12/34 MB | 19/56 MB | 590 kB | 247/312 kBProgress (4): 12/34 MB | 19/56 MB | 590 kB | 247/312 kBProgress (4): 12/34 MB | 19/56 MB | 590 kB | 247/312 kBProgress (4): 12/34 MB | 19/56 MB | 590 kB | 247/312 kBProgress (4): 12/34 MB | 19/56 MB | 590 kB | 247/312 kBProgress (4): 12/34 MB | 19/56 MB | 590 kB | 264/312 kBProgress (4): 12/34 MB | 19/56 MB | 590 kB | 264/312 kBProgress (4): 12/34 MB | 19/56 MB | 590 kB | 264/312 kBProgress (4): 12/34 MB | 19/56 MB | 590 kB | 264/312 kBProgress (4): 12/34 MB | 19/56 MB | 590 kB | 264/312 kBProgress (4): 12/34 MB | 19/56 MB | 590 kB | 264/312 kBProgress (4): 12/34 MB | 19/56 MB | 590 kB | 279/312 kBProgress (4): 12/34 MB | 19/56 MB | 590 kB | 279/312 kBProgress (4): 12/34 MB | 19/56 MB | 590 kB | 279/312 kBProgress (4): 12/34 MB | 19/56 MB | 590 kB | 279/312 kBProgress (4): 12/34 MB | 19/56 MB | 590 kB | 279/312 kBProgress (4): 12/34 MB | 19/56 MB | 590 kB | 279/312 kBProgress (4): 12/34 MB | 19/56 MB | 590 kB | 279/312 kBProgress (4): 12/34 MB | 19/56 MB | 590 kB | 279/312 kBProgress (4): 12/34 MB | 19/56 MB | 590 kB | 279/312 kBProgress (4): 12/34 MB | 19/56 MB | 590 kB | 279/312 kBProgress (4): 12/34 MB | 19/56 MB | 590 kB | 279/312 kBProgress (4): 12/34 MB | 19/56 MB | 590 kB | 279/312 kBProgress (4): 12/34 MB | 19/56 MB | 590 kB | 279/312 kBProgress (4): 12/34 MB | 19/56 MB | 590 kB | 279/312 kBProgress (4): 12/34 MB | 19/56 MB | 590 kB | 279/312 kBProgress (4): 12/34 MB | 19/56 MB | 590 kB | 279/312 kBProgress (4): 12/34 MB | 19/56 MB | 590 kB | 295/312 kBProgress (4): 12/34 MB | 19/56 MB | 590 kB | 312/312 kBProgress (4): 12/34 MB | 19/56 MB | 590 kB | 312 kB                                                       Downloaded from aliyun: https://maven.aliyun.com/repository/public/com/thoughtworks/xstream/xstream/1.4.10/xstream-1.4.10.jar (590 kB at 57 kB/s)
Progress (3): 12/34 MB | 19/56 MB | 312 kBProgress (3): 12/34 MB | 19/56 MB | 312 kBProgress (3): 12/34 MB | 19/56 MB | 312 kBProgress (3): 12/34 MB | 19/56 MB | 312 kBProgress (3): 12/34 MB | 19/56 MB | 312 kBProgress (3): 12/34 MB | 19/56 MB | 312 kBProgress (3): 12/34 MB | 19/56 MB | 312 kBProgress (3): 12/34 MB | 19/56 MB | 312 kBProgress (3): 12/34 MB | 19/56 MB | 312 kBProgress (3): 12/34 MB | 19/56 MB | 312 kBProgress (3): 12/34 MB | 19/56 MB | 312 kBProgress (3): 12/34 MB | 19/56 MB | 312 kBProgress (3): 12/34 MB | 19/56 MB | 312 kBProgress (3): 12/34 MB | 19/56 MB | 312 kBProgress (3): 12/34 MB | 20/56 MB | 312 kBProgress (3): 12/34 MB | 20/56 MB | 312 kBProgress (3): 12/34 MB | 20/56 MB | 312 kBProgress (3): 12/34 MB | 20/56 MB | 312 kBProgress (3): 12/34 MB | 20/56 MB | 312 kBProgress (3): 12/34 MB | 20/56 MB | 312 kBProgress (3): 12/34 MB | 20/56 MB | 312 kBProgress (3): 12/34 MB | 20/56 MB | 312 kBProgress (3): 12/34 MB | 20/56 MB | 312 kBProgress (3): 12/34 MB | 20/56 MB | 312 kBProgress (3): 12/34 MB | 20/56 MB | 312 kBProgress (3): 12/34 MB | 20/56 MB | 312 kBProgress (3): 12/34 MB | 20/56 MB | 312 kBProgress (3): 12/34 MB | 20/56 MB | 312 kBProgress (3): 12/34 MB | 20/56 MB | 312 kBProgress (3): 12/34 MB | 20/56 MB | 312 kBProgress (3): 12/34 MB | 20/56 MB | 312 kBProgress (3): 12/34 MB | 20/56 MB | 312 kBProgress (3): 12/34 MB | 20/56 MB | 312 kBProgress (3): 12/34 MB | 20/56 MB | 312 kBProgress (3): 12/34 MB | 20/56 MB | 312 kBProgress (3): 12/34 MB | 20/56 MB | 312 kBProgress (3): 12/34 MB | 20/56 MB | 312 kBProgress (3): 12/34 MB | 20/56 MB | 312 kBProgress (3): 12/34 MB | 20/56 MB | 312 kBProgress (3): 12/34 MB | 20/56 MB | 312 kBProgress (3): 12/34 MB | 20/56 MB | 312 kBProgress (3): 12/34 MB | 20/56 MB | 312 kBProgress (3): 12/34 MB | 20/56 MB | 312 kBProgress (3): 12/34 MB | 20/56 MB | 312 kBProgress (3): 12/34 MB | 20/56 MB | 312 kBProgress (3): 12/34 MB | 20/56 MB | 312 kBProgress (3): 12/34 MB | 20/56 MB | 312 kBProgress (3): 12/34 MB | 20/56 MB | 312 kBProgress (3): 12/34 MB | 20/56 MB | 312 kBProgress (3): 12/34 MB | 20/56 MB | 312 kBProgress (3): 12/34 MB | 20/56 MB | 312 kBProgress (3): 12/34 MB | 20/56 MB | 312 kBProgress (3): 12/34 MB | 20/56 MB | 312 kBProgress (3): 12/34 MB | 20/56 MB | 312 kBProgress (3): 12/34 MB | 20/56 MB | 312 kBProgress (3): 12/34 MB | 20/56 MB | 312 kBProgress (3): 12/34 MB | 20/56 MB | 312 kBProgress (3): 12/34 MB | 20/56 MB | 312 kBProgress (3): 12/34 MB | 20/56 MB | 312 kBProgress (3): 12/34 MB | 20/56 MB | 312 kBProgress (3): 12/34 MB | 20/56 MB | 312 kBProgress (3): 12/34 MB | 20/56 MB | 312 kBProgress (3): 12/34 MB | 20/56 MB | 312 kBProgress (3): 12/34 MB | 20/56 MB | 312 kBProgress (3): 12/34 MB | 20/56 MB | 312 kBProgress (3): 12/34 MB | 20/56 MB | 312 kBProgress (3): 12/34 MB | 20/56 MB | 312 kBProgress (3): 12/34 MB | 20/56 MB | 312 kBProgress (3): 12/34 MB | 20/56 MB | 312 kBProgress (3): 12/34 MB | 20/56 MB | 312 kBProgress (3): 12/34 MB | 20/56 MB | 312 kBProgress (3): 12/34 MB | 20/56 MB | 312 kBProgress (3): 12/34 MB | 20/56 MB | 312 kBProgress (3): 12/34 MB | 20/56 MB | 312 kBProgress (3): 12/34 MB | 20/56 MB | 312 kBProgress (3): 12/34 MB | 20/56 MB | 312 kBProgress (3): 12/34 MB | 20/56 MB | 312 kBProgress (3): 12/34 MB | 20/56 MB | 312 kBProgress (3): 12/34 MB | 20/56 MB | 312 kBProgress (3): 12/34 MB | 20/56 MB | 312 kBProgress (3): 12/34 MB | 20/56 MB | 312 kBProgress (3): 12/34 MB | 20/56 MB | 312 kBProgress (3): 12/34 MB | 20/56 MB | 312 kBProgress (3): 12/34 MB | 20/56 MB | 312 kBProgress (3): 12/34 MB | 20/56 MB | 312 kBProgress (3): 12/34 MB | 20/56 MB | 312 kBProgress (3): 12/34 MB | 20/56 MB | 312 kBProgress (3): 12/34 MB | 20/56 MB | 312 kBProgress (3): 12/34 MB | 20/56 MB | 312 kBProgress (3): 12/34 MB | 20/56 MB | 312 kBProgress (3): 12/34 MB | 20/56 MB | 312 kBProgress (3): 12/34 MB | 20/56 MB | 312 kB                                          Downloaded from aliyun: https://maven.aliyun.com/repository/public/org/dom4j/dom4j/2.0.0/dom4j-2.0.0.jar (312 kB at 30 kB/s)
Progress (2): 12/34 MB | 20/56 MBProgress (2): 12/34 MB | 20/56 MBProgress (2): 12/34 MB | 21/56 MBProgress (2): 12/34 MB | 21/56 MBProgress (2): 12/34 MB | 21/56 MBProgress (2): 12/34 MB | 21/56 MBProgress (2): 12/34 MB | 21/56 MBProgress (2): 12/34 MB | 21/56 MBProgress (2): 12/34 MB | 21/56 MBProgress (2): 12/34 MB | 21/56 MBProgress (2): 12/34 MB | 21/56 MBProgress (2): 12/34 MB | 21/56 MBProgress (2): 12/34 MB | 21/56 MBProgress (2): 12/34 MB | 21/56 MBProgress (2): 12/34 MB | 21/56 MBProgress (2): 12/34 MB | 21/56 MBProgress (2): 12/34 MB | 21/56 MBProgress (2): 12/34 MB | 21/56 MBProgress (2): 12/34 MB | 21/56 MBProgress (2): 12/34 MB | 21/56 MBProgress (2): 12/34 MB | 21/56 MBProgress (2): 12/34 MB | 21/56 MBProgress (2): 12/34 MB | 21/56 MBProgress (2): 12/34 MB | 21/56 MBProgress (2): 12/34 MB | 21/56 MBProgress (2): 12/34 MB | 21/56 MBProgress (2): 12/34 MB | 21/56 MBProgress (2): 12/34 MB | 21/56 MBProgress (2): 12/34 MB | 21/56 MBProgress (2): 12/34 MB | 21/56 MBProgress (2): 12/34 MB | 21/56 MBProgress (2): 12/34 MB | 21/56 MBProgress (2): 12/34 MB | 21/56 MBProgress (2): 12/34 MB | 21/56 MBProgress (2): 12/34 MB | 21/56 MBProgress (2): 12/34 MB | 21/56 MBProgress (2): 12/34 MB | 21/56 MBProgress (2): 12/34 MB | 21/56 MBProgress (2): 12/34 MB | 21/56 MBProgress (2): 12/34 MB | 21/56 MBProgress (2): 12/34 MB | 21/56 MBProgress (2): 12/34 MB | 21/56 MBProgress (2): 12/34 MB | 21/56 MBProgress (2): 12/34 MB | 21/56 MBProgress (2): 12/34 MB | 21/56 MBProgress (2): 12/34 MB | 21/56 MBProgress (2): 12/34 MB | 21/56 MBProgress (2): 12/34 MB | 21/56 MBProgress (2): 12/34 MB | 21/56 MBProgress (2): 12/34 MB | 21/56 MBProgress (2): 12/34 MB | 21/56 MBProgress (2): 12/34 MB | 21/56 MBProgress (2): 12/34 MB | 21/56 MBProgress (2): 12/34 MB | 21/56 MBProgress (2): 12/34 MB | 21/56 MBProgress (2): 12/34 MB | 21/56 MBProgress (2): 12/34 MB | 21/56 MBProgress (2): 12/34 MB | 21/56 MBProgress (2): 12/34 MB | 21/56 MBProgress (2): 12/34 MB | 21/56 MBProgress (2): 12/34 MB | 21/56 MBProgress (2): 12/34 MB | 21/56 MBProgress (2): 12/34 MB | 21/56 MBProgress (2): 12/34 MB | 21/56 MBProgress (2): 12/34 MB | 21/56 MBProgress (2): 12/34 MB | 21/56 MBProgress (2): 12/34 MB | 21/56 MBProgress (2): 12/34 MB | 21/56 MBProgress (2): 12/34 MB | 21/56 MBProgress (2): 12/34 MB | 21/56 MBProgress (2): 12/34 MB | 21/56 MBProgress (2): 12/34 MB | 21/56 MBProgress (2): 12/34 MB | 21/56 MBProgress (2): 12/34 MB | 21/56 MBProgress (2): 12/34 MB | 21/56 MBProgress (2): 12/34 MB | 21/56 MBProgress (2): 12/34 MB | 21/56 MBProgress (2): 12/34 MB | 21/56 MBProgress (2): 12/34 MB | 21/56 MBProgress (2): 12/34 MB | 21/56 MBProgress (2): 12/34 MB | 21/56 MBProgress (2): 12/34 MB | 21/56 MBProgress (2): 12/34 MB | 21/56 MBProgress (2): 12/34 MB | 21/56 MBProgress (2): 12/34 MB | 21/56 MBProgress (2): 12/34 MB | 21/56 MBProgress (2): 12/34 MB | 21/56 MBProgress (2): 12/34 MB | 22/56 MBProgress (2): 12/34 MB | 22/56 MBProgress (2): 12/34 MB | 22/56 MBProgress (2): 12/34 MB | 22/56 MBProgress (2): 12/34 MB | 22/56 MBProgress (2): 12/34 MB | 22/56 MBProgress (2): 12/34 MB | 22/56 MBProgress (2): 12/34 MB | 22/56 MBProgress (2): 12/34 MB | 22/56 MBProgress (2): 12/34 MB | 22/56 MBProgress (2): 12/34 MB | 22/56 MBProgress (2): 12/34 MB | 22/56 MBProgress (2): 12/34 MB | 22/56 MBProgress (2): 12/34 MB | 22/56 MBProgress (2): 12/34 MB | 22/56 MBProgress (2): 12/34 MB | 22/56 MBProgress (2): 12/34 MB | 22/56 MBProgress (2): 12/34 MB | 22/56 MBProgress (2): 12/34 MB | 22/56 MBProgress (2): 12/34 MB | 22/56 MBProgress (2): 12/34 MB | 22/56 MBProgress (2): 12/34 MB | 22/56 MBProgress (2): 12/34 MB | 22/56 MBProgress (2): 12/34 MB | 22/56 MBProgress (2): 12/34 MB | 22/56 MBProgress (2): 12/34 MB | 22/56 MBProgress (2): 12/34 MB | 22/56 MBProgress (2): 12/34 MB | 22/56 MBProgress (2): 12/34 MB | 22/56 MBProgress (2): 12/34 MB | 22/56 MBProgress (2): 12/34 MB | 22/56 MBProgress (2): 12/34 MB | 22/56 MBProgress (2): 12/34 MB | 22/56 MBProgress (2): 12/34 MB | 22/56 MBProgress (2): 12/34 MB | 22/56 MBProgress (2): 12/34 MB | 22/56 MBProgress (2): 12/34 MB | 22/56 MBProgress (2): 12/34 MB | 22/56 MBProgress (2): 12/34 MB | 22/56 MBProgress (2): 12/34 MB | 22/56 MBProgress (2): 12/34 MB | 22/56 MBProgress (2): 12/34 MB | 22/56 MBProgress (2): 12/34 MB | 22/56 MBProgress (2): 12/34 MB | 22/56 MBProgress (2): 12/34 MB | 22/56 MBProgress (2): 12/34 MB | 22/56 MBProgress (2): 12/34 MB | 22/56 MBProgress (2): 12/34 MB | 22/56 MBProgress (2): 12/34 MB | 22/56 MBProgress (2): 12/34 MB | 22/56 MBProgress (2): 12/34 MB | 22/56 MBProgress (2): 12/34 MB | 22/56 MBProgress (2): 12/34 MB | 22/56 MBProgress (2): 12/34 MB | 22/56 MBProgress (2): 12/34 MB | 22/56 MBProgress (2): 12/34 MB | 22/56 MBProgress (2): 12/34 MB | 22/56 MBProgress (2): 12/34 MB | 22/56 MBProgress (2): 12/34 MB | 22/56 MBProgress (2): 12/34 MB | 22/56 MBProgress (2): 12/34 MB | 22/56 MBProgress (2): 12/34 MB | 22/56 MBProgress (2): 12/34 MB | 22/56 MBProgress (2): 12/34 MB | 22/56 MBProgress (2): 12/34 MB | 22/56 MBProgress (2): 12/34 MB | 22/56 MBProgress (2): 12/34 MB | 22/56 MBProgress (2): 12/34 MB | 22/56 MBProgress (2): 12/34 MB | 22/56 MBProgress (2): 12/34 MB | 23/56 MBProgress (2): 12/34 MB | 23/56 MBProgress (2): 12/34 MB | 23/56 MBProgress (2): 12/34 MB | 23/56 MBProgress (2): 12/34 MB | 23/56 MBProgress (2): 12/34 MB | 23/56 MBProgress (2): 12/34 MB | 23/56 MBProgress (2): 12/34 MB | 23/56 MBProgress (2): 12/34 MB | 23/56 MBProgress (2): 12/34 MB | 23/56 MBProgress (2): 12/34 MB | 23/56 MBProgress (2): 12/34 MB | 23/56 MBProgress (2): 12/34 MB | 23/56 MBProgress (2): 12/34 MB | 23/56 MBProgress (2): 12/34 MB | 23/56 MBProgress (2): 12/34 MB | 23/56 MBProgress (2): 12/34 MB | 23/56 MBProgress (2): 12/34 MB | 23/56 MBProgress (2): 12/34 MB | 23/56 MBProgress (2): 12/34 MB | 23/56 MBProgress (2): 12/34 MB | 23/56 MBProgress (2): 12/34 MB | 23/56 MBProgress (2): 12/34 MB | 23/56 MBProgress (2): 12/34 MB | 23/56 MBProgress (2): 12/34 MB | 23/56 MBProgress (2): 12/34 MB | 23/56 MBProgress (2): 12/34 MB | 23/56 MBProgress (2): 12/34 MB | 23/56 MBProgress (2): 12/34 MB | 23/56 MBProgress (2): 12/34 MB | 23/56 MBProgress (2): 13/34 MB | 23/56 MBProgress (2): 13/34 MB | 23/56 MBProgress (2): 13/34 MB | 23/56 MBProgress (2): 13/34 MB | 23/56 MBProgress (2): 13/34 MB | 23/56 MBProgress (2): 13/34 MB | 23/56 MBProgress (2): 13/34 MB | 23/56 MBProgress (2): 13/34 MB | 23/56 MBProgress (2): 13/34 MB | 23/56 MBProgress (2): 13/34 MB | 23/56 MBProgress (2): 13/34 MB | 23/56 MBProgress (2): 13/34 MB | 23/56 MBProgress (2): 13/34 MB | 23/56 MBProgress (2): 13/34 MB | 23/56 MBProgress (2): 13/34 MB | 23/56 MBProgress (2): 13/34 MB | 23/56 MBProgress (2): 13/34 MB | 23/56 MBProgress (2): 13/34 MB | 23/56 MBProgress (2): 13/34 MB | 23/56 MBProgress (2): 13/34 MB | 23/56 MBProgress (2): 13/34 MB | 23/56 MBProgress (2): 13/34 MB | 23/56 MBProgress (2): 13/34 MB | 23/56 MBProgress (2): 13/34 MB | 23/56 MBProgress (2): 13/34 MB | 23/56 MBProgress (2): 13/34 MB | 23/56 MBProgress (2): 13/34 MB | 23/56 MBProgress (2): 13/34 MB | 23/56 MBProgress (2): 13/34 MB | 23/56 MBProgress (2): 13/34 MB | 23/56 MBProgress (2): 13/34 MB | 23/56 MBProgress (2): 13/34 MB | 23/56 MBProgress (2): 13/34 MB | 23/56 MBProgress (2): 13/34 MB | 23/56 MBProgress (2): 13/34 MB | 23/56 MBProgress (2): 13/34 MB | 23/56 MBProgress (2): 13/34 MB | 24/56 MBProgress (2): 13/34 MB | 24/56 MBProgress (2): 13/34 MB | 24/56 MBProgress (2): 13/34 MB | 24/56 MBProgress (2): 13/34 MB | 24/56 MBProgress (2): 13/34 MB | 24/56 MBProgress (2): 13/34 MB | 24/56 MBProgress (2): 13/34 MB | 24/56 MBProgress (2): 13/34 MB | 24/56 MBProgress (2): 13/34 MB | 24/56 MBProgress (2): 13/34 MB | 24/56 MBProgress (2): 13/34 MB | 24/56 MBProgress (2): 13/34 MB | 24/56 MBProgress (2): 13/34 MB | 24/56 MBProgress (2): 13/34 MB | 24/56 MBProgress (2): 13/34 MB | 24/56 MBProgress (2): 13/34 MB | 24/56 MBProgress (2): 13/34 MB | 24/56 MBProgress (2): 13/34 MB | 24/56 MBProgress (2): 13/34 MB | 24/56 MBProgress (2): 13/34 MB | 24/56 MBProgress (2): 13/34 MB | 24/56 MBProgress (2): 13/34 MB | 24/56 MBProgress (2): 13/34 MB | 24/56 MBProgress (2): 13/34 MB | 24/56 MBProgress (2): 13/34 MB | 24/56 MBProgress (2): 13/34 MB | 24/56 MBProgress (2): 13/34 MB | 24/56 MBProgress (2): 13/34 MB | 24/56 MBProgress (2): 13/34 MB | 24/56 MBProgress (2): 13/34 MB | 24/56 MBProgress (2): 13/34 MB | 24/56 MBProgress (2): 13/34 MB | 24/56 MBProgress (2): 13/34 MB | 24/56 MBProgress (2): 13/34 MB | 24/56 MBProgress (2): 13/34 MB | 24/56 MBProgress (2): 13/34 MB | 24/56 MBProgress (2): 13/34 MB | 24/56 MBProgress (2): 13/34 MB | 24/56 MBProgress (2): 13/34 MB | 24/56 MBProgress (2): 13/34 MB | 24/56 MBProgress (2): 13/34 MB | 24/56 MBProgress (2): 13/34 MB | 24/56 MBProgress (2): 13/34 MB | 24/56 MBProgress (2): 13/34 MB | 24/56 MBProgress (2): 13/34 MB | 24/56 MBProgress (2): 13/34 MB | 24/56 MBProgress (2): 13/34 MB | 24/56 MBProgress (2): 13/34 MB | 24/56 MBProgress (2): 13/34 MB | 24/56 MBProgress (2): 13/34 MB | 24/56 MBProgress (2): 13/34 MB | 24/56 MBProgress (2): 13/34 MB | 24/56 MBProgress (2): 13/34 MB | 24/56 MBProgress (2): 13/34 MB | 24/56 MBProgress (2): 13/34 MB | 24/56 MBProgress (2): 13/34 MB | 24/56 MBProgress (2): 13/34 MB | 24/56 MBProgress (2): 13/34 MB | 24/56 MBProgress (2): 13/34 MB | 24/56 MBProgress (2): 13/34 MB | 24/56 MBProgress (2): 13/34 MB | 24/56 MBProgress (2): 13/34 MB | 24/56 MBProgress (2): 13/34 MB | 24/56 MBProgress (2): 13/34 MB | 24/56 MBProgress (2): 13/34 MB | 24/56 MBProgress (2): 13/34 MB | 24/56 MBProgress (2): 13/34 MB | 24/56 MBProgress (2): 13/34 MB | 24/56 MBProgress (2): 13/34 MB | 24/56 MBProgress (2): 13/34 MB | 24/56 MBProgress (2): 13/34 MB | 24/56 MBProgress (2): 13/34 MB | 24/56 MBProgress (2): 13/34 MB | 24/56 MBProgress (2): 13/34 MB | 24/56 MBProgress (2): 13/34 MB | 24/56 MBProgress (2): 13/34 MB | 24/56 MBProgress (2): 13/34 MB | 24/56 MBProgress (2): 13/34 MB | 24/56 MBProgress (2): 13/34 MB | 24/56 MBProgress (2): 13/34 MB | 24/56 MBProgress (2): 13/34 MB | 24/56 MBProgress (2): 13/34 MB | 24/56 MBProgress (2): 13/34 MB | 24/56 MBProgress (2): 13/34 MB | 24/56 MBProgress (2): 13/34 MB | 24/56 MBProgress (2): 13/34 MB | 24/56 MBProgress (2): 13/34 MB | 24/56 MBProgress (2): 13/34 MB | 24/56 MBProgress (2): 13/34 MB | 24/56 MBProgress (2): 13/34 MB | 24/56 MBProgress (2): 13/34 MB | 24/56 MBProgress (2): 13/34 MB | 24/56 MBProgress (2): 13/34 MB | 24/56 MBProgress (2): 13/34 MB | 24/56 MBProgress (2): 13/34 MB | 24/56 MBProgress (2): 13/34 MB | 24/56 MBProgress (2): 13/34 MB | 24/56 MBProgress (2): 13/34 MB | 25/56 MBProgress (2): 13/34 MB | 25/56 MBProgress (2): 13/34 MB | 25/56 MBProgress (2): 13/34 MB | 25/56 MBProgress (2): 13/34 MB | 25/56 MBProgress (2): 13/34 MB | 25/56 MBProgress (2): 13/34 MB | 25/56 MBProgress (2): 13/34 MB | 25/56 MBProgress (2): 13/34 MB | 25/56 MBProgress (2): 13/34 MB | 25/56 MBProgress (2): 13/34 MB | 25/56 MBProgress (2): 13/34 MB | 25/56 MBProgress (2): 13/34 MB | 25/56 MBProgress (2): 13/34 MB | 25/56 MBProgress (2): 13/34 MB | 25/56 MBProgress (2): 13/34 MB | 25/56 MBProgress (2): 13/34 MB | 25/56 MBProgress (2): 13/34 MB | 25/56 MBProgress (2): 13/34 MB | 25/56 MBProgress (2): 13/34 MB | 25/56 MBProgress (2): 13/34 MB | 25/56 MBProgress (2): 13/34 MB | 25/56 MBProgress (2): 13/34 MB | 25/56 MBProgress (2): 13/34 MB | 25/56 MBProgress (2): 13/34 MB | 25/56 MBProgress (2): 13/34 MB | 25/56 MBProgress (2): 13/34 MB | 25/56 MBProgress (2): 13/34 MB | 25/56 MBProgress (2): 13/34 MB | 25/56 MBProgress (2): 13/34 MB | 25/56 MBProgress (2): 13/34 MB | 25/56 MBProgress (2): 13/34 MB | 25/56 MBProgress (2): 13/34 MB | 25/56 MBProgress (2): 13/34 MB | 25/56 MBProgress (2): 13/34 MB | 25/56 MBProgress (2): 13/34 MB | 25/56 MBProgress (2): 13/34 MB | 25/56 MBProgress (2): 13/34 MB | 25/56 MBProgress (2): 14/34 MB | 25/56 MBProgress (2): 14/34 MB | 25/56 MBProgress (2): 14/34 MB | 25/56 MBProgress (2): 14/34 MB | 25/56 MBProgress (2): 14/34 MB | 25/56 MBProgress (2): 14/34 MB | 25/56 MBProgress (2): 14/34 MB | 25/56 MBProgress (2): 14/34 MB | 25/56 MBProgress (2): 14/34 MB | 25/56 MBProgress (2): 14/34 MB | 25/56 MBProgress (2): 14/34 MB | 25/56 MBProgress (2): 14/34 MB | 25/56 MBProgress (2): 14/34 MB | 25/56 MBProgress (2): 14/34 MB | 25/56 MBProgress (2): 14/34 MB | 25/56 MBProgress (2): 14/34 MB | 25/56 MBProgress (2): 14/34 MB | 25/56 MBProgress (2): 14/34 MB | 25/56 MBProgress (2): 14/34 MB | 25/56 MBProgress (2): 14/34 MB | 25/56 MBProgress (2): 14/34 MB | 25/56 MBProgress (2): 14/34 MB | 25/56 MBProgress (2): 14/34 MB | 25/56 MBProgress (2): 14/34 MB | 25/56 MBProgress (2): 14/34 MB | 25/56 MBProgress (2): 14/34 MB | 25/56 MBProgress (2): 14/34 MB | 25/56 MBProgress (2): 14/34 MB | 25/56 MBProgress (2): 14/34 MB | 25/56 MBProgress (2): 14/34 MB | 25/56 MBProgress (2): 14/34 MB | 25/56 MBProgress (2): 14/34 MB | 25/56 MBProgress (2): 14/34 MB | 25/56 MBProgress (2): 14/34 MB | 25/56 MBProgress (2): 14/34 MB | 25/56 MBProgress (2): 14/34 MB | 25/56 MBProgress (2): 14/34 MB | 25/56 MBProgress (2): 14/34 MB | 25/56 MBProgress (2): 14/34 MB | 25/56 MBProgress (2): 14/34 MB | 25/56 MBProgress (2): 14/34 MB | 25/56 MBProgress (2): 14/34 MB | 25/56 MBProgress (2): 14/34 MB | 25/56 MBProgress (2): 14/34 MB | 25/56 MBProgress (2): 14/34 MB | 25/56 MBProgress (2): 14/34 MB | 25/56 MBProgress (2): 14/34 MB | 25/56 MBProgress (2): 14/34 MB | 25/56 MBProgress (2): 14/34 MB | 25/56 MBProgress (2): 14/34 MB | 25/56 MBProgress (2): 14/34 MB | 25/56 MBProgress (2): 14/34 MB | 25/56 MBProgress (2): 14/34 MB | 25/56 MBProgress (2): 14/34 MB | 25/56 MBProgress (2): 14/34 MB | 25/56 MBProgress (2): 14/34 MB | 25/56 MBProgress (2): 14/34 MB | 25/56 MBProgress (2): 14/34 MB | 25/56 MBProgress (2): 14/34 MB | 25/56 MBProgress (2): 14/34 MB | 25/56 MBProgress (2): 14/34 MB | 25/56 MBProgress (2): 14/34 MB | 25/56 MBProgress (2): 14/34 MB | 25/56 MBProgress (2): 14/34 MB | 25/56 MBProgress (2): 14/34 MB | 25/56 MBProgress (2): 14/34 MB | 25/56 MBProgress (2): 14/34 MB | 25/56 MBProgress (2): 14/34 MB | 25/56 MBProgress (2): 14/34 MB | 25/56 MBProgress (2): 14/34 MB | 25/56 MBProgress (2): 14/34 MB | 25/56 MBProgress (2): 14/34 MB | 25/56 MBProgress (2): 14/34 MB | 25/56 MBProgress (2): 14/34 MB | 25/56 MBProgress (2): 14/34 MB | 25/56 MBProgress (2): 14/34 MB | 26/56 MBProgress (2): 14/34 MB | 26/56 MBProgress (2): 14/34 MB | 26/56 MBProgress (2): 14/34 MB | 26/56 MBProgress (2): 14/34 MB | 26/56 MBProgress (2): 14/34 MB | 26/56 MBProgress (2): 14/34 MB | 26/56 MBProgress (2): 14/34 MB | 26/56 MBProgress (2): 14/34 MB | 26/56 MBProgress (2): 14/34 MB | 26/56 MBProgress (2): 14/34 MB | 26/56 MBProgress (2): 14/34 MB | 26/56 MBProgress (2): 14/34 MB | 26/56 MBProgress (2): 14/34 MB | 26/56 MBProgress (2): 14/34 MB | 26/56 MBProgress (2): 14/34 MB | 26/56 MBProgress (2): 14/34 MB | 26/56 MBProgress (2): 14/34 MB | 26/56 MBProgress (2): 14/34 MB | 26/56 MBProgress (2): 14/34 MB | 26/56 MBProgress (2): 14/34 MB | 26/56 MBProgress (2): 14/34 MB | 26/56 MBProgress (2): 14/34 MB | 26/56 MBProgress (2): 14/34 MB | 26/56 MBProgress (2): 14/34 MB | 26/56 MBProgress (2): 14/34 MB | 26/56 MBProgress (2): 14/34 MB | 26/56 MBProgress (2): 14/34 MB | 26/56 MBProgress (2): 14/34 MB | 26/56 MBProgress (2): 14/34 MB | 26/56 MBProgress (2): 14/34 MB | 26/56 MBProgress (2): 14/34 MB | 26/56 MBProgress (2): 14/34 MB | 26/56 MBProgress (2): 14/34 MB | 26/56 MBProgress (2): 14/34 MB | 26/56 MBProgress (2): 14/34 MB | 26/56 MBProgress (2): 14/34 MB | 26/56 MBProgress (2): 14/34 MB | 26/56 MBProgress (2): 14/34 MB | 26/56 MBProgress (2): 14/34 MB | 26/56 MBProgress (2): 14/34 MB | 26/56 MBProgress (2): 14/34 MB | 26/56 MBProgress (2): 14/34 MB | 26/56 MBProgress (2): 14/34 MB | 26/56 MBProgress (2): 14/34 MB | 26/56 MBProgress (2): 14/34 MB | 26/56 MBProgress (2): 14/34 MB | 26/56 MBProgress (2): 14/34 MB | 26/56 MBProgress (2): 14/34 MB | 26/56 MBProgress (2): 14/34 MB | 26/56 MBProgress (2): 14/34 MB | 26/56 MBProgress (2): 14/34 MB | 26/56 MBProgress (2): 14/34 MB | 26/56 MBProgress (2): 14/34 MB | 26/56 MBProgress (2): 14/34 MB | 26/56 MBProgress (2): 14/34 MB | 26/56 MBProgress (2): 14/34 MB | 26/56 MBProgress (2): 14/34 MB | 26/56 MBProgress (2): 14/34 MB | 26/56 MBProgress (2): 14/34 MB | 26/56 MBProgress (2): 14/34 MB | 26/56 MBProgress (2): 14/34 MB | 26/56 MBProgress (2): 14/34 MB | 26/56 MBProgress (2): 14/34 MB | 26/56 MBProgress (2): 14/34 MB | 26/56 MBProgress (2): 14/34 MB | 26/56 MBProgress (2): 14/34 MB | 26/56 MBProgress (2): 14/34 MB | 26/56 MBProgress (2): 14/34 MB | 26/56 MBProgress (2): 14/34 MB | 26/56 MBProgress (2): 14/34 MB | 26/56 MBProgress (2): 14/34 MB | 26/56 MBProgress (2): 14/34 MB | 26/56 MBProgress (2): 14/34 MB | 26/56 MBProgress (2): 14/34 MB | 26/56 MBProgress (2): 14/34 MB | 26/56 MBProgress (2): 14/34 MB | 26/56 MBProgress (2): 14/34 MB | 26/56 MBProgress (2): 14/34 MB | 26/56 MBProgress (2): 14/34 MB | 26/56 MBProgress (2): 14/34 MB | 26/56 MBProgress (2): 14/34 MB | 26/56 MBProgress (2): 14/34 MB | 27/56 MBProgress (2): 14/34 MB | 27/56 MBProgress (2): 14/34 MB | 27/56 MBProgress (2): 14/34 MB | 27/56 MBProgress (2): 14/34 MB | 27/56 MBProgress (2): 14/34 MB | 27/56 MBProgress (2): 14/34 MB | 27/56 MBProgress (2): 14/34 MB | 27/56 MBProgress (2): 14/34 MB | 27/56 MBProgress (2): 14/34 MB | 27/56 MBProgress (2): 14/34 MB | 27/56 MBProgress (2): 14/34 MB | 27/56 MBProgress (2): 14/34 MB | 27/56 MBProgress (2): 14/34 MB | 27/56 MBProgress (2): 14/34 MB | 27/56 MBProgress (2): 14/34 MB | 27/56 MBProgress (2): 14/34 MB | 27/56 MBProgress (2): 14/34 MB | 27/56 MBProgress (2): 14/34 MB | 27/56 MBProgress (2): 14/34 MB | 27/56 MBProgress (2): 14/34 MB | 27/56 MBProgress (2): 14/34 MB | 27/56 MBProgress (2): 14/34 MB | 27/56 MBProgress (2): 14/34 MB | 27/56 MBProgress (2): 14/34 MB | 27/56 MBProgress (2): 14/34 MB | 27/56 MBProgress (2): 14/34 MB | 27/56 MBProgress (2): 14/34 MB | 27/56 MBProgress (2): 14/34 MB | 27/56 MBProgress (2): 14/34 MB | 27/56 MBProgress (2): 14/34 MB | 27/56 MBProgress (2): 14/34 MB | 27/56 MBProgress (2): 14/34 MB | 27/56 MBProgress (2): 14/34 MB | 27/56 MBProgress (2): 14/34 MB | 27/56 MBProgress (2): 14/34 MB | 27/56 MBProgress (2): 14/34 MB | 27/56 MBProgress (2): 14/34 MB | 27/56 MBProgress (2): 14/34 MB | 27/56 MBProgress (2): 14/34 MB | 27/56 MBProgress (2): 14/34 MB | 27/56 MBProgress (2): 14/34 MB | 27/56 MBProgress (2): 14/34 MB | 27/56 MBProgress (2): 14/34 MB | 27/56 MBProgress (2): 14/34 MB | 27/56 MBProgress (2): 14/34 MB | 27/56 MBProgress (2): 14/34 MB | 27/56 MBProgress (2): 14/34 MB | 27/56 MBProgress (2): 14/34 MB | 27/56 MBProgress (2): 14/34 MB | 27/56 MBProgress (2): 15/34 MB | 27/56 MBProgress (2): 15/34 MB | 27/56 MBProgress (2): 15/34 MB | 27/56 MBProgress (2): 15/34 MB | 27/56 MBProgress (2): 15/34 MB | 27/56 MBProgress (2): 15/34 MB | 27/56 MBProgress (2): 15/34 MB | 27/56 MBProgress (2): 15/34 MB | 27/56 MBProgress (2): 15/34 MB | 27/56 MBProgress (2): 15/34 MB | 27/56 MBProgress (2): 15/34 MB | 27/56 MBProgress (2): 15/34 MB | 27/56 MBProgress (2): 15/34 MB | 27/56 MBProgress (2): 15/34 MB | 27/56 MBProgress (2): 15/34 MB | 27/56 MBProgress (2): 15/34 MB | 27/56 MBProgress (2): 15/34 MB | 27/56 MBProgress (2): 15/34 MB | 27/56 MBProgress (2): 15/34 MB | 27/56 MBProgress (2): 15/34 MB | 27/56 MBProgress (2): 15/34 MB | 27/56 MBProgress (2): 15/34 MB | 27/56 MBProgress (2): 15/34 MB | 27/56 MBProgress (2): 15/34 MB | 27/56 MBProgress (2): 15/34 MB | 27/56 MBProgress (2): 15/34 MB | 27/56 MBProgress (2): 15/34 MB | 27/56 MBProgress (2): 15/34 MB | 27/56 MBProgress (2): 15/34 MB | 27/56 MBProgress (2): 15/34 MB | 28/56 MBProgress (2): 15/34 MB | 28/56 MBProgress (2): 15/34 MB | 28/56 MBProgress (2): 15/34 MB | 28/56 MBProgress (2): 15/34 MB | 28/56 MBProgress (2): 15/34 MB | 28/56 MBProgress (2): 15/34 MB | 28/56 MBProgress (2): 15/34 MB | 28/56 MBProgress (2): 15/34 MB | 28/56 MBProgress (2): 15/34 MB | 28/56 MBProgress (2): 15/34 MB | 28/56 MBProgress (2): 15/34 MB | 28/56 MBProgress (2): 15/34 MB | 28/56 MBProgress (2): 15/34 MB | 28/56 MBProgress (2): 15/34 MB | 28/56 MBProgress (2): 15/34 MB | 28/56 MBProgress (2): 15/34 MB | 28/56 MBProgress (2): 15/34 MB | 28/56 MBProgress (2): 15/34 MB | 28/56 MBProgress (2): 15/34 MB | 28/56 MBProgress (2): 15/34 MB | 28/56 MBProgress (2): 15/34 MB | 28/56 MBProgress (2): 15/34 MB | 28/56 MBProgress (2): 15/34 MB | 28/56 MBProgress (2): 15/34 MB | 28/56 MBProgress (2): 15/34 MB | 28/56 MBProgress (2): 15/34 MB | 28/56 MBProgress (2): 15/34 MB | 28/56 MBProgress (2): 15/34 MB | 28/56 MBProgress (2): 15/34 MB | 28/56 MBProgress (2): 15/34 MB | 28/56 MBProgress (2): 15/34 MB | 28/56 MBProgress (2): 15/34 MB | 28/56 MBProgress (2): 15/34 MB | 28/56 MBProgress (2): 15/34 MB | 28/56 MBProgress (2): 15/34 MB | 28/56 MBProgress (2): 15/34 MB | 28/56 MBProgress (2): 15/34 MB | 28/56 MBProgress (2): 15/34 MB | 28/56 MBProgress (2): 15/34 MB | 28/56 MBProgress (2): 15/34 MB | 28/56 MBProgress (2): 15/34 MB | 28/56 MBProgress (2): 15/34 MB | 28/56 MBProgress (2): 15/34 MB | 28/56 MBProgress (2): 15/34 MB | 28/56 MBProgress (2): 15/34 MB | 28/56 MBProgress (2): 15/34 MB | 28/56 MBProgress (2): 15/34 MB | 28/56 MBProgress (2): 15/34 MB | 28/56 MBProgress (2): 15/34 MB | 28/56 MBProgress (2): 15/34 MB | 28/56 MBProgress (2): 15/34 MB | 28/56 MBProgress (2): 15/34 MB | 28/56 MBProgress (2): 15/34 MB | 28/56 MBProgress (2): 15/34 MB | 28/56 MBProgress (2): 15/34 MB | 28/56 MBProgress (2): 15/34 MB | 28/56 MBProgress (2): 15/34 MB | 28/56 MBProgress (2): 15/34 MB | 28/56 MBProgress (2): 15/34 MB | 28/56 MBProgress (2): 15/34 MB | 28/56 MBProgress (2): 15/34 MB | 28/56 MBProgress (2): 15/34 MB | 28/56 MBProgress (2): 15/34 MB | 28/56 MBProgress (2): 15/34 MB | 28/56 MBProgress (2): 15/34 MB | 28/56 MBProgress (2): 15/34 MB | 28/56 MBProgress (2): 15/34 MB | 28/56 MBProgress (2): 15/34 MB | 28/56 MBProgress (2): 15/34 MB | 28/56 MBProgress (2): 15/34 MB | 28/56 MBProgress (2): 15/34 MB | 28/56 MBProgress (2): 15/34 MB | 28/56 MBProgress (2): 15/34 MB | 28/56 MBProgress (2): 15/34 MB | 28/56 MBProgress (2): 15/34 MB | 28/56 MBProgress (2): 15/34 MB | 28/56 MBProgress (2): 15/34 MB | 28/56 MBProgress (2): 15/34 MB | 28/56 MBProgress (2): 15/34 MB | 28/56 MBProgress (2): 15/34 MB | 28/56 MBProgress (2): 15/34 MB | 29/56 MBProgress (2): 15/34 MB | 29/56 MBProgress (2): 15/34 MB | 29/56 MBProgress (2): 15/34 MB | 29/56 MBProgress (2): 15/34 MB | 29/56 MBProgress (2): 15/34 MB | 29/56 MBProgress (2): 15/34 MB | 29/56 MBProgress (2): 15/34 MB | 29/56 MBProgress (2): 15/34 MB | 29/56 MBProgress (2): 15/34 MB | 29/56 MBProgress (2): 15/34 MB | 29/56 MBProgress (2): 15/34 MB | 29/56 MBProgress (2): 15/34 MB | 29/56 MBProgress (2): 15/34 MB | 29/56 MBProgress (2): 15/34 MB | 29/56 MBProgress (2): 15/34 MB | 29/56 MBProgress (2): 15/34 MB | 29/56 MBProgress (2): 15/34 MB | 29/56 MBProgress (2): 15/34 MB | 29/56 MBProgress (2): 15/34 MB | 29/56 MBProgress (2): 15/34 MB | 29/56 MBProgress (2): 15/34 MB | 29/56 MBProgress (2): 15/34 MB | 29/56 MBProgress (2): 15/34 MB | 29/56 MBProgress (2): 15/34 MB | 29/56 MBProgress (2): 15/34 MB | 29/56 MBProgress (2): 15/34 MB | 29/56 MBProgress (2): 15/34 MB | 29/56 MBProgress (2): 15/34 MB | 29/56 MBProgress (2): 15/34 MB | 29/56 MBProgress (2): 15/34 MB | 29/56 MBProgress (2): 15/34 MB | 29/56 MBProgress (2): 15/34 MB | 29/56 MBProgress (2): 15/34 MB | 29/56 MBProgress (2): 15/34 MB | 29/56 MBProgress (2): 15/34 MB | 29/56 MBProgress (2): 15/34 MB | 29/56 MBProgress (2): 15/34 MB | 29/56 MBProgress (2): 15/34 MB | 29/56 MBProgress (2): 15/34 MB | 29/56 MBProgress (2): 15/34 MB | 29/56 MBProgress (2): 15/34 MB | 29/56 MBProgress (2): 15/34 MB | 29/56 MBProgress (2): 15/34 MB | 29/56 MBProgress (2): 15/34 MB | 29/56 MBProgress (2): 15/34 MB | 29/56 MBProgress (2): 15/34 MB | 29/56 MBProgress (2): 15/34 MB | 29/56 MBProgress (2): 15/34 MB | 29/56 MBProgress (2): 15/34 MB | 29/56 MBProgress (2): 15/34 MB | 29/56 MBProgress (2): 15/34 MB | 29/56 MBProgress (2): 15/34 MB | 29/56 MBProgress (2): 15/34 MB | 29/56 MBProgress (2): 15/34 MB | 29/56 MBProgress (2): 15/34 MB | 29/56 MBProgress (2): 15/34 MB | 29/56 MBProgress (2): 15/34 MB | 29/56 MBProgress (2): 15/34 MB | 29/56 MBProgress (2): 15/34 MB | 29/56 MBProgress (2): 15/34 MB | 29/56 MBProgress (2): 15/34 MB | 29/56 MBProgress (2): 15/34 MB | 29/56 MBProgress (2): 15/34 MB | 29/56 MBProgress (2): 15/34 MB | 29/56 MBProgress (2): 15/34 MB | 29/56 MBProgress (2): 15/34 MB | 29/56 MBProgress (2): 15/34 MB | 29/56 MBProgress (2): 15/34 MB | 29/56 MBProgress (2): 15/34 MB | 29/56 MBProgress (2): 15/34 MB | 29/56 MBProgress (2): 15/34 MB | 29/56 MBProgress (2): 15/34 MB | 29/56 MBProgress (2): 15/34 MB | 29/56 MBProgress (2): 15/34 MB | 29/56 MBProgress (2): 15/34 MB | 29/56 MBProgress (2): 15/34 MB | 29/56 MBProgress (2): 15/34 MB | 29/56 MBProgress (2): 15/34 MB | 29/56 MBProgress (2): 15/34 MB | 29/56 MBProgress (2): 15/34 MB | 29/56 MBProgress (2): 15/34 MB | 29/56 MBProgress (2): 15/34 MB | 29/56 MBProgress (2): 15/34 MB | 29/56 MBProgress (2): 15/34 MB | 29/56 MBProgress (2): 15/34 MB | 29/56 MBProgress (2): 15/34 MB | 29/56 MBProgress (2): 15/34 MB | 29/56 MBProgress (2): 15/34 MB | 29/56 MBProgress (2): 15/34 MB | 29/56 MBProgress (2): 15/34 MB | 29/56 MBProgress (2): 15/34 MB | 29/56 MBProgress (2): 15/34 MB | 30/56 MBProgress (2): 16/34 MB | 30/56 MBProgress (2): 16/34 MB | 30/56 MBProgress (2): 16/34 MB | 30/56 MBProgress (2): 16/34 MB | 30/56 MBProgress (2): 16/34 MB | 30/56 MBProgress (2): 16/34 MB | 30/56 MBProgress (2): 16/34 MB | 30/56 MBProgress (2): 16/34 MB | 30/56 MBProgress (2): 16/34 MB | 30/56 MBProgress (2): 16/34 MB | 30/56 MBProgress (2): 16/34 MB | 30/56 MBProgress (2): 16/34 MB | 30/56 MBProgress (2): 16/34 MB | 30/56 MBProgress (2): 16/34 MB | 30/56 MBProgress (2): 16/34 MB | 30/56 MBProgress (2): 16/34 MB | 30/56 MBProgress (2): 16/34 MB | 30/56 MBProgress (2): 16/34 MB | 30/56 MBProgress (2): 16/34 MB | 30/56 MBProgress (2): 16/34 MB | 30/56 MBProgress (2): 16/34 MB | 30/56 MBProgress (2): 16/34 MB | 30/56 MBProgress (2): 16/34 MB | 30/56 MBProgress (2): 16/34 MB | 30/56 MBProgress (2): 16/34 MB | 30/56 MBProgress (2): 16/34 MB | 30/56 MBProgress (2): 16/34 MB | 30/56 MBProgress (2): 16/34 MB | 30/56 MBProgress (2): 16/34 MB | 30/56 MBProgress (2): 16/34 MB | 30/56 MBProgress (2): 16/34 MB | 30/56 MBProgress (2): 16/34 MB | 30/56 MBProgress (2): 16/34 MB | 30/56 MBProgress (2): 16/34 MB | 30/56 MBProgress (2): 16/34 MB | 30/56 MBProgress (2): 16/34 MB | 30/56 MBProgress (2): 16/34 MB | 30/56 MBProgress (2): 16/34 MB | 30/56 MBProgress (2): 16/34 MB | 30/56 MBProgress (2): 16/34 MB | 30/56 MBProgress (2): 16/34 MB | 30/56 MBProgress (2): 16/34 MB | 30/56 MBProgress (2): 16/34 MB | 30/56 MBProgress (2): 16/34 MB | 30/56 MBProgress (2): 16/34 MB | 30/56 MBProgress (2): 16/34 MB | 30/56 MBProgress (2): 16/34 MB | 30/56 MBProgress (2): 16/34 MB | 30/56 MBProgress (2): 16/34 MB | 30/56 MBProgress (2): 16/34 MB | 30/56 MBProgress (2): 16/34 MB | 30/56 MBProgress (2): 16/34 MB | 30/56 MBProgress (2): 16/34 MB | 30/56 MBProgress (2): 16/34 MB | 30/56 MBProgress (2): 16/34 MB | 30/56 MBProgress (2): 16/34 MB | 30/56 MBProgress (2): 16/34 MB | 30/56 MBProgress (2): 16/34 MB | 30/56 MBProgress (2): 16/34 MB | 30/56 MBProgress (2): 16/34 MB | 30/56 MBProgress (2): 16/34 MB | 30/56 MBProgress (2): 16/34 MB | 30/56 MBProgress (2): 16/34 MB | 30/56 MBProgress (2): 16/34 MB | 30/56 MBProgress (2): 16/34 MB | 30/56 MBProgress (2): 16/34 MB | 30/56 MBProgress (2): 16/34 MB | 30/56 MBProgress (2): 16/34 MB | 30/56 MBProgress (2): 16/34 MB | 30/56 MBProgress (2): 16/34 MB | 30/56 MBProgress (2): 16/34 MB | 30/56 MBProgress (2): 16/34 MB | 30/56 MBProgress (2): 16/34 MB | 30/56 MBProgress (2): 16/34 MB | 30/56 MBProgress (2): 16/34 MB | 30/56 MBProgress (2): 16/34 MB | 30/56 MBProgress (2): 16/34 MB | 30/56 MBProgress (2): 16/34 MB | 30/56 MBProgress (2): 16/34 MB | 30/56 MBProgress (2): 16/34 MB | 30/56 MBProgress (2): 16/34 MB | 30/56 MBProgress (2): 16/34 MB | 30/56 MBProgress (2): 16/34 MB | 30/56 MBProgress (2): 16/34 MB | 30/56 MBProgress (2): 16/34 MB | 30/56 MBProgress (2): 16/34 MB | 30/56 MBProgress (2): 16/34 MB | 30/56 MBProgress (2): 16/34 MB | 30/56 MBProgress (2): 16/34 MB | 30/56 MBProgress (2): 16/34 MB | 30/56 MBProgress (2): 16/34 MB | 30/56 MBProgress (2): 16/34 MB | 30/56 MBProgress (2): 16/34 MB | 30/56 MBProgress (2): 16/34 MB | 30/56 MBProgress (2): 16/34 MB | 30/56 MBProgress (2): 16/34 MB | 30/56 MBProgress (2): 16/34 MB | 30/56 MBProgress (2): 16/34 MB | 30/56 MBProgress (2): 16/34 MB | 30/56 MBProgress (2): 16/34 MB | 30/56 MBProgress (2): 16/34 MB | 30/56 MBProgress (2): 16/34 MB | 30/56 MBProgress (2): 16/34 MB | 30/56 MBProgress (2): 16/34 MB | 30/56 MBProgress (2): 16/34 MB | 30/56 MBProgress (2): 16/34 MB | 30/56 MBProgress (2): 16/34 MB | 30/56 MBProgress (2): 16/34 MB | 30/56 MBProgress (2): 16/34 MB | 30/56 MBProgress (2): 16/34 MB | 30/56 MBProgress (2): 16/34 MB | 30/56 MBProgress (2): 16/34 MB | 30/56 MBProgress (2): 16/34 MB | 30/56 MBProgress (2): 16/34 MB | 30/56 MBProgress (2): 16/34 MB | 30/56 MBProgress (2): 16/34 MB | 30/56 MBProgress (2): 16/34 MB | 30/56 MBProgress (2): 16/34 MB | 31/56 MBProgress (2): 16/34 MB | 31/56 MBProgress (2): 16/34 MB | 31/56 MBProgress (2): 16/34 MB | 31/56 MBProgress (2): 16/34 MB | 31/56 MBProgress (2): 16/34 MB | 31/56 MBProgress (2): 16/34 MB | 31/56 MBProgress (2): 16/34 MB | 31/56 MBProgress (2): 16/34 MB | 31/56 MBProgress (2): 16/34 MB | 31/56 MBProgress (2): 16/34 MB | 31/56 MBProgress (2): 16/34 MB | 31/56 MBProgress (2): 16/34 MB | 31/56 MBProgress (2): 16/34 MB | 31/56 MBProgress (2): 16/34 MB | 31/56 MBProgress (2): 17/34 MB | 31/56 MBProgress (2): 17/34 MB | 31/56 MBProgress (2): 17/34 MB | 31/56 MBProgress (2): 17/34 MB | 31/56 MBProgress (2): 17/34 MB | 31/56 MBProgress (2): 17/34 MB | 31/56 MBProgress (2): 17/34 MB | 31/56 MBProgress (2): 17/34 MB | 31/56 MBProgress (2): 17/34 MB | 31/56 MBProgress (2): 17/34 MB | 31/56 MBProgress (2): 17/34 MB | 31/56 MBProgress (2): 17/34 MB | 31/56 MBProgress (2): 17/34 MB | 31/56 MBProgress (2): 17/34 MB | 31/56 MBProgress (2): 17/34 MB | 31/56 MBProgress (2): 17/34 MB | 31/56 MBProgress (2): 17/34 MB | 31/56 MBProgress (2): 17/34 MB | 31/56 MBProgress (2): 17/34 MB | 31/56 MBProgress (2): 17/34 MB | 31/56 MBProgress (2): 17/34 MB | 31/56 MBProgress (2): 17/34 MB | 31/56 MBProgress (2): 17/34 MB | 31/56 MBProgress (2): 17/34 MB | 31/56 MBProgress (2): 17/34 MB | 31/56 MBProgress (2): 17/34 MB | 31/56 MBProgress (2): 17/34 MB | 31/56 MBProgress (2): 17/34 MB | 31/56 MBProgress (2): 17/34 MB | 31/56 MBProgress (2): 17/34 MB | 31/56 MBProgress (2): 17/34 MB | 31/56 MBProgress (2): 17/34 MB | 31/56 MBProgress (2): 17/34 MB | 31/56 MBProgress (2): 17/34 MB | 31/56 MBProgress (2): 17/34 MB | 31/56 MBProgress (2): 17/34 MB | 31/56 MBProgress (2): 17/34 MB | 31/56 MBProgress (2): 17/34 MB | 31/56 MBProgress (2): 17/34 MB | 31/56 MBProgress (2): 17/34 MB | 31/56 MBProgress (2): 17/34 MB | 31/56 MBProgress (2): 17/34 MB | 31/56 MBProgress (2): 17/34 MB | 31/56 MBProgress (2): 17/34 MB | 31/56 MBProgress (2): 17/34 MB | 31/56 MBProgress (2): 17/34 MB | 31/56 MBProgress (2): 17/34 MB | 31/56 MBProgress (2): 17/34 MB | 31/56 MBProgress (2): 17/34 MB | 31/56 MBProgress (2): 17/34 MB | 31/56 MBProgress (2): 17/34 MB | 31/56 MBProgress (2): 17/34 MB | 31/56 MBProgress (2): 17/34 MB | 31/56 MBProgress (2): 17/34 MB | 31/56 MBProgress (2): 17/34 MB | 31/56 MBProgress (2): 17/34 MB | 31/56 MBProgress (2): 17/34 MB | 31/56 MBProgress (2): 17/34 MB | 31/56 MBProgress (2): 17/34 MB | 31/56 MBProgress (2): 17/34 MB | 31/56 MBProgress (2): 17/34 MB | 31/56 MBProgress (2): 17/34 MB | 31/56 MBProgress (2): 17/34 MB | 31/56 MBProgress (2): 17/34 MB | 31/56 MBProgress (2): 17/34 MB | 31/56 MBProgress (2): 17/34 MB | 31/56 MBProgress (2): 17/34 MB | 31/56 MBProgress (2): 17/34 MB | 31/56 MBProgress (2): 17/34 MB | 31/56 MBProgress (2): 17/34 MB | 31/56 MBProgress (2): 17/34 MB | 31/56 MBProgress (2): 17/34 MB | 31/56 MBProgress (2): 17/34 MB | 32/56 MBProgress (2): 17/34 MB | 32/56 MBProgress (2): 17/34 MB | 32/56 MBProgress (2): 17/34 MB | 32/56 MBProgress (2): 17/34 MB | 32/56 MBProgress (2): 17/34 MB | 32/56 MBProgress (2): 17/34 MB | 32/56 MBProgress (2): 17/34 MB | 32/56 MBProgress (2): 17/34 MB | 32/56 MBProgress (2): 17/34 MB | 32/56 MBProgress (2): 17/34 MB | 32/56 MBProgress (2): 17/34 MB | 32/56 MBProgress (2): 17/34 MB | 32/56 MBProgress (2): 17/34 MB | 32/56 MBProgress (2): 17/34 MB | 32/56 MBProgress (2): 17/34 MB | 32/56 MBProgress (2): 17/34 MB | 32/56 MBProgress (2): 17/34 MB | 32/56 MBProgress (2): 17/34 MB | 32/56 MBProgress (2): 17/34 MB | 32/56 MBProgress (2): 17/34 MB | 32/56 MBProgress (2): 17/34 MB | 32/56 MBProgress (2): 17/34 MB | 32/56 MBProgress (2): 17/34 MB | 32/56 MBProgress (2): 17/34 MB | 32/56 MBProgress (2): 17/34 MB | 32/56 MBProgress (2): 17/34 MB | 32/56 MBProgress (2): 17/34 MB | 32/56 MBProgress (2): 17/34 MB | 32/56 MBProgress (2): 17/34 MB | 32/56 MBProgress (2): 17/34 MB | 32/56 MBProgress (2): 17/34 MB | 32/56 MBProgress (2): 17/34 MB | 32/56 MBProgress (2): 17/34 MB | 32/56 MBProgress (2): 17/34 MB | 32/56 MBProgress (2): 17/34 MB | 32/56 MBProgress (2): 17/34 MB | 32/56 MBProgress (2): 17/34 MB | 32/56 MBProgress (2): 17/34 MB | 32/56 MBProgress (2): 17/34 MB | 32/56 MBProgress (2): 17/34 MB | 32/56 MBProgress (2): 17/34 MB | 32/56 MBProgress (2): 17/34 MB | 32/56 MBProgress (2): 17/34 MB | 32/56 MBProgress (2): 17/34 MB | 32/56 MBProgress (2): 17/34 MB | 32/56 MBProgress (2): 17/34 MB | 32/56 MBProgress (2): 17/34 MB | 32/56 MBProgress (2): 17/34 MB | 32/56 MBProgress (2): 17/34 MB | 32/56 MBProgress (2): 17/34 MB | 32/56 MBProgress (2): 17/34 MB | 32/56 MBProgress (2): 17/34 MB | 32/56 MBProgress (2): 17/34 MB | 32/56 MBProgress (2): 17/34 MB | 32/56 MBProgress (2): 17/34 MB | 32/56 MBProgress (2): 17/34 MB | 32/56 MBProgress (2): 17/34 MB | 32/56 MBProgress (2): 17/34 MB | 32/56 MBProgress (2): 17/34 MB | 32/56 MBProgress (2): 17/34 MB | 32/56 MBProgress (2): 17/34 MB | 32/56 MBProgress (2): 17/34 MB | 32/56 MBProgress (2): 17/34 MB | 32/56 MBProgress (2): 17/34 MB | 32/56 MBProgress (2): 17/34 MB | 32/56 MBProgress (2): 17/34 MB | 32/56 MBProgress (2): 17/34 MB | 32/56 MBProgress (2): 17/34 MB | 32/56 MBProgress (2): 17/34 MB | 32/56 MBProgress (2): 17/34 MB | 32/56 MBProgress (2): 17/34 MB | 32/56 MBProgress (2): 17/34 MB | 32/56 MBProgress (2): 17/34 MB | 32/56 MBProgress (2): 17/34 MB | 32/56 MBProgress (2): 17/34 MB | 32/56 MBProgress (2): 17/34 MB | 32/56 MBProgress (2): 17/34 MB | 32/56 MBProgress (2): 17/34 MB | 32/56 MBProgress (2): 17/34 MB | 32/56 MBProgress (2): 17/34 MB | 32/56 MBProgress (2): 17/34 MB | 32/56 MBProgress (2): 17/34 MB | 32/56 MBProgress (2): 17/34 MB | 33/56 MBProgress (2): 17/34 MB | 33/56 MBProgress (2): 17/34 MB | 33/56 MBProgress (2): 17/34 MB | 33/56 MBProgress (2): 17/34 MB | 33/56 MBProgress (2): 17/34 MB | 33/56 MBProgress (2): 17/34 MB | 33/56 MBProgress (2): 17/34 MB | 33/56 MBProgress (2): 17/34 MB | 33/56 MBProgress (2): 17/34 MB | 33/56 MBProgress (2): 17/34 MB | 33/56 MBProgress (2): 17/34 MB | 33/56 MBProgress (2): 17/34 MB | 33/56 MBProgress (2): 17/34 MB | 33/56 MBProgress (2): 17/34 MB | 33/56 MBProgress (2): 17/34 MB | 33/56 MBProgress (2): 17/34 MB | 33/56 MBProgress (2): 17/34 MB | 33/56 MBProgress (2): 17/34 MB | 33/56 MBProgress (2): 17/34 MB | 33/56 MBProgress (2): 17/34 MB | 33/56 MBProgress (2): 17/34 MB | 33/56 MBProgress (2): 17/34 MB | 33/56 MBProgress (2): 17/34 MB | 33/56 MBProgress (2): 17/34 MB | 33/56 MBProgress (2): 17/34 MB | 33/56 MBProgress (2): 17/34 MB | 33/56 MBProgress (2): 17/34 MB | 33/56 MBProgress (2): 17/34 MB | 33/56 MBProgress (2): 17/34 MB | 33/56 MBProgress (2): 17/34 MB | 33/56 MBProgress (2): 17/34 MB | 33/56 MBProgress (2): 17/34 MB | 33/56 MBProgress (2): 17/34 MB | 33/56 MBProgress (2): 17/34 MB | 33/56 MBProgress (2): 17/34 MB | 33/56 MBProgress (2): 17/34 MB | 33/56 MBProgress (2): 17/34 MB | 33/56 MBProgress (2): 17/34 MB | 33/56 MBProgress (2): 17/34 MB | 33/56 MBProgress (2): 17/34 MB | 33/56 MBProgress (2): 17/34 MB | 33/56 MBProgress (2): 17/34 MB | 33/56 MBProgress (2): 17/34 MB | 33/56 MBProgress (2): 17/34 MB | 33/56 MBProgress (2): 17/34 MB | 33/56 MBProgress (2): 17/34 MB | 33/56 MBProgress (2): 17/34 MB | 33/56 MBProgress (2): 17/34 MB | 33/56 MBProgress (2): 17/34 MB | 33/56 MBProgress (2): 17/34 MB | 33/56 MBProgress (2): 17/34 MB | 33/56 MBProgress (2): 17/34 MB | 33/56 MBProgress (2): 17/34 MB | 33/56 MBProgress (2): 17/34 MB | 33/56 MBProgress (2): 17/34 MB | 33/56 MBProgress (2): 17/34 MB | 33/56 MBProgress (2): 17/34 MB | 33/56 MBProgress (2): 17/34 MB | 33/56 MBProgress (2): 17/34 MB | 33/56 MBProgress (2): 17/34 MB | 33/56 MBProgress (2): 17/34 MB | 33/56 MBProgress (2): 17/34 MB | 33/56 MBProgress (2): 17/34 MB | 33/56 MBProgress (2): 17/34 MB | 33/56 MBProgress (2): 17/34 MB | 33/56 MBProgress (2): 17/34 MB | 33/56 MBProgress (2): 17/34 MB | 33/56 MBProgress (2): 17/34 MB | 33/56 MBProgress (2): 17/34 MB | 33/56 MBProgress (2): 17/34 MB | 33/56 MBProgress (2): 17/34 MB | 33/56 MBProgress (2): 17/34 MB | 34/56 MBProgress (2): 17/34 MB | 34/56 MBProgress (2): 17/34 MB | 34/56 MBProgress (2): 17/34 MB | 34/56 MBProgress (2): 17/34 MB | 34/56 MBProgress (2): 17/34 MB | 34/56 MBProgress (2): 17/34 MB | 34/56 MBProgress (2): 17/34 MB | 34/56 MBProgress (2): 17/34 MB | 34/56 MBProgress (2): 17/34 MB | 34/56 MBProgress (2): 17/34 MB | 34/56 MBProgress (2): 17/34 MB | 34/56 MBProgress (2): 17/34 MB | 34/56 MBProgress (2): 17/34 MB | 34/56 MBProgress (2): 17/34 MB | 34/56 MBProgress (2): 17/34 MB | 34/56 MBProgress (2): 17/34 MB | 34/56 MBProgress (2): 17/34 MB | 34/56 MBProgress (2): 17/34 MB | 34/56 MBProgress (2): 17/34 MB | 34/56 MBProgress (2): 17/34 MB | 34/56 MBProgress (2): 17/34 MB | 34/56 MBProgress (2): 17/34 MB | 34/56 MBProgress (2): 17/34 MB | 34/56 MBProgress (2): 17/34 MB | 34/56 MBProgress (2): 17/34 MB | 34/56 MBProgress (2): 17/34 MB | 34/56 MBProgress (2): 17/34 MB | 34/56 MBProgress (2): 17/34 MB | 34/56 MBProgress (2): 17/34 MB | 34/56 MBProgress (2): 17/34 MB | 34/56 MBProgress (2): 17/34 MB | 34/56 MBProgress (2): 17/34 MB | 34/56 MBProgress (2): 17/34 MB | 34/56 MBProgress (2): 17/34 MB | 34/56 MBProgress (2): 17/34 MB | 34/56 MBProgress (2): 17/34 MB | 34/56 MBProgress (2): 17/34 MB | 34/56 MBProgress (2): 17/34 MB | 34/56 MBProgress (2): 17/34 MB | 34/56 MBProgress (2): 17/34 MB | 34/56 MBProgress (2): 17/34 MB | 34/56 MBProgress (2): 17/34 MB | 34/56 MBProgress (2): 17/34 MB | 34/56 MBProgress (2): 17/34 MB | 34/56 MBProgress (2): 17/34 MB | 34/56 MBProgress (2): 17/34 MB | 34/56 MBProgress (2): 17/34 MB | 34/56 MBProgress (2): 17/34 MB | 34/56 MBProgress (2): 17/34 MB | 34/56 MBProgress (2): 17/34 MB | 34/56 MBProgress (2): 17/34 MB | 34/56 MBProgress (2): 17/34 MB | 34/56 MBProgress (2): 18/34 MB | 34/56 MBProgress (2): 18/34 MB | 34/56 MBProgress (2): 18/34 MB | 34/56 MBProgress (2): 18/34 MB | 34/56 MBProgress (2): 18/34 MB | 34/56 MBProgress (2): 18/34 MB | 34/56 MBProgress (2): 18/34 MB | 34/56 MBProgress (2): 18/34 MB | 34/56 MBProgress (2): 18/34 MB | 34/56 MBProgress (2): 18/34 MB | 34/56 MBProgress (2): 18/34 MB | 34/56 MBProgress (2): 18/34 MB | 34/56 MBProgress (2): 18/34 MB | 34/56 MBProgress (2): 18/34 MB | 34/56 MBProgress (2): 18/34 MB | 34/56 MBProgress (2): 18/34 MB | 34/56 MBProgress (2): 18/34 MB | 34/56 MBProgress (2): 18/34 MB | 34/56 MBProgress (2): 18/34 MB | 35/56 MBProgress (2): 18/34 MB | 35/56 MBProgress (2): 18/34 MB | 35/56 MBProgress (2): 18/34 MB | 35/56 MBProgress (2): 18/34 MB | 35/56 MBProgress (2): 18/34 MB | 35/56 MBProgress (2): 18/34 MB | 35/56 MBProgress (2): 18/34 MB | 35/56 MBProgress (2): 18/34 MB | 35/56 MBProgress (2): 18/34 MB | 35/56 MBProgress (2): 18/34 MB | 35/56 MBProgress (2): 18/34 MB | 35/56 MBProgress (2): 18/34 MB | 35/56 MBProgress (2): 18/34 MB | 35/56 MBProgress (2): 18/34 MB | 35/56 MBProgress (2): 18/34 MB | 35/56 MBProgress (2): 18/34 MB | 35/56 MBProgress (2): 18/34 MB | 35/56 MBProgress (2): 18/34 MB | 35/56 MBProgress (2): 18/34 MB | 35/56 MBProgress (2): 18/34 MB | 35/56 MBProgress (2): 18/34 MB | 35/56 MBProgress (2): 18/34 MB | 35/56 MBProgress (2): 18/34 MB | 35/56 MBProgress (2): 18/34 MB | 35/56 MBProgress (2): 18/34 MB | 35/56 MBProgress (2): 18/34 MB | 35/56 MBProgress (2): 18/34 MB | 35/56 MBProgress (2): 18/34 MB | 35/56 MBProgress (2): 18/34 MB | 35/56 MBProgress (2): 18/34 MB | 35/56 MBProgress (2): 18/34 MB | 35/56 MBProgress (2): 18/34 MB | 35/56 MBProgress (2): 18/34 MB | 35/56 MBProgress (2): 18/34 MB | 35/56 MBProgress (2): 18/34 MB | 35/56 MBProgress (2): 18/34 MB | 35/56 MBProgress (2): 18/34 MB | 35/56 MBProgress (2): 18/34 MB | 35/56 MBProgress (2): 18/34 MB | 35/56 MBProgress (2): 18/34 MB | 35/56 MBProgress (2): 18/34 MB | 35/56 MBProgress (2): 18/34 MB | 35/56 MBProgress (2): 18/34 MB | 35/56 MBProgress (2): 18/34 MB | 35/56 MBProgress (2): 18/34 MB | 35/56 MBProgress (2): 18/34 MB | 35/56 MBProgress (2): 18/34 MB | 35/56 MBProgress (2): 18/34 MB | 35/56 MBProgress (2): 18/34 MB | 35/56 MBProgress (2): 18/34 MB | 35/56 MBProgress (2): 18/34 MB | 35/56 MBProgress (2): 18/34 MB | 35/56 MBProgress (2): 18/34 MB | 35/56 MBProgress (2): 18/34 MB | 35/56 MBProgress (2): 18/34 MB | 35/56 MBProgress (2): 18/34 MB | 35/56 MBProgress (2): 18/34 MB | 35/56 MBProgress (2): 18/34 MB | 35/56 MBProgress (2): 18/34 MB | 35/56 MBProgress (2): 18/34 MB | 35/56 MBProgress (2): 18/34 MB | 35/56 MBProgress (2): 18/34 MB | 35/56 MBProgress (2): 18/34 MB | 35/56 MBProgress (2): 18/34 MB | 35/56 MBProgress (2): 18/34 MB | 35/56 MBProgress (2): 18/34 MB | 35/56 MBProgress (2): 18/34 MB | 35/56 MBProgress (2): 18/34 MB | 35/56 MBProgress (2): 18/34 MB | 35/56 MBProgress (2): 18/34 MB | 35/56 MBProgress (2): 18/34 MB | 35/56 MBProgress (2): 18/34 MB | 35/56 MBProgress (2): 18/34 MB | 35/56 MBProgress (2): 18/34 MB | 35/56 MBProgress (2): 18/34 MB | 35/56 MBProgress (2): 18/34 MB | 35/56 MBProgress (2): 18/34 MB | 35/56 MBProgress (2): 18/34 MB | 35/56 MBProgress (2): 18/34 MB | 35/56 MBProgress (2): 18/34 MB | 36/56 MBProgress (2): 18/34 MB | 36/56 MBProgress (2): 18/34 MB | 36/56 MBProgress (2): 18/34 MB | 36/56 MBProgress (2): 18/34 MB | 36/56 MBProgress (2): 18/34 MB | 36/56 MBProgress (2): 18/34 MB | 36/56 MBProgress (2): 18/34 MB | 36/56 MBProgress (2): 18/34 MB | 36/56 MBProgress (2): 18/34 MB | 36/56 MBProgress (2): 18/34 MB | 36/56 MBProgress (2): 18/34 MB | 36/56 MBProgress (2): 18/34 MB | 36/56 MBProgress (2): 18/34 MB | 36/56 MBProgress (2): 18/34 MB | 36/56 MBProgress (2): 18/34 MB | 36/56 MBProgress (2): 18/34 MB | 36/56 MBProgress (2): 18/34 MB | 36/56 MBProgress (2): 18/34 MB | 36/56 MBProgress (2): 18/34 MB | 36/56 MBProgress (2): 18/34 MB | 36/56 MBProgress (2): 18/34 MB | 36/56 MBProgress (2): 18/34 MB | 36/56 MBProgress (2): 18/34 MB | 36/56 MBProgress (2): 18/34 MB | 36/56 MBProgress (2): 18/34 MB | 36/56 MBProgress (2): 18/34 MB | 36/56 MBProgress (2): 18/34 MB | 36/56 MBProgress (2): 18/34 MB | 36/56 MBProgress (2): 18/34 MB | 36/56 MBProgress (2): 18/34 MB | 36/56 MBProgress (2): 18/34 MB | 36/56 MBProgress (2): 18/34 MB | 36/56 MBProgress (2): 18/34 MB | 36/56 MBProgress (2): 18/34 MB | 36/56 MBProgress (2): 18/34 MB | 36/56 MBProgress (2): 18/34 MB | 36/56 MBProgress (2): 18/34 MB | 36/56 MBProgress (2): 18/34 MB | 36/56 MBProgress (2): 18/34 MB | 36/56 MBProgress (2): 18/34 MB | 36/56 MBProgress (2): 18/34 MB | 36/56 MBProgress (2): 18/34 MB | 36/56 MBProgress (2): 18/34 MB | 36/56 MBProgress (2): 18/34 MB | 36/56 MBProgress (2): 18/34 MB | 36/56 MBProgress (2): 18/34 MB | 36/56 MBProgress (2): 18/34 MB | 36/56 MBProgress (2): 18/34 MB | 36/56 MBProgress (2): 18/34 MB | 36/56 MBProgress (2): 18/34 MB | 36/56 MBProgress (2): 18/34 MB | 36/56 MBProgress (2): 18/34 MB | 36/56 MBProgress (2): 18/34 MB | 36/56 MBProgress (2): 18/34 MB | 36/56 MBProgress (2): 18/34 MB | 36/56 MBProgress (2): 18/34 MB | 36/56 MBProgress (2): 18/34 MB | 36/56 MBProgress (2): 18/34 MB | 36/56 MBProgress (2): 18/34 MB | 36/56 MBProgress (2): 18/34 MB | 36/56 MBProgress (2): 18/34 MB | 36/56 MBProgress (2): 18/34 MB | 36/56 MBProgress (2): 18/34 MB | 36/56 MBProgress (2): 18/34 MB | 36/56 MBProgress (2): 18/34 MB | 36/56 MBProgress (2): 18/34 MB | 36/56 MBProgress (2): 18/34 MB | 36/56 MBProgress (2): 18/34 MB | 36/56 MBProgress (2): 18/34 MB | 36/56 MBProgress (2): 18/34 MB | 36/56 MBProgress (2): 18/34 MB | 36/56 MBProgress (2): 18/34 MB | 36/56 MBProgress (2): 18/34 MB | 36/56 MBProgress (2): 18/34 MB | 36/56 MBProgress (2): 18/34 MB | 36/56 MBProgress (2): 18/34 MB | 37/56 MBProgress (2): 18/34 MB | 37/56 MBProgress (2): 18/34 MB | 37/56 MBProgress (2): 18/34 MB | 37/56 MBProgress (2): 18/34 MB | 37/56 MBProgress (2): 18/34 MB | 37/56 MBProgress (2): 18/34 MB | 37/56 MBProgress (2): 18/34 MB | 37/56 MBProgress (2): 18/34 MB | 37/56 MBProgress (2): 18/34 MB | 37/56 MBProgress (2): 18/34 MB | 37/56 MBProgress (2): 18/34 MB | 37/56 MBProgress (2): 18/34 MB | 37/56 MBProgress (2): 18/34 MB | 37/56 MBProgress (2): 18/34 MB | 37/56 MBProgress (2): 18/34 MB | 37/56 MBProgress (2): 18/34 MB | 37/56 MBProgress (2): 18/34 MB | 37/56 MBProgress (2): 18/34 MB | 37/56 MBProgress (2): 18/34 MB | 37/56 MBProgress (2): 18/34 MB | 37/56 MBProgress (2): 18/34 MB | 37/56 MBProgress (2): 18/34 MB | 37/56 MBProgress (2): 18/34 MB | 37/56 MBProgress (2): 18/34 MB | 37/56 MBProgress (2): 18/34 MB | 37/56 MBProgress (2): 18/34 MB | 37/56 MBProgress (2): 18/34 MB | 37/56 MBProgress (2): 18/34 MB | 37/56 MBProgress (2): 18/34 MB | 37/56 MBProgress (2): 18/34 MB | 37/56 MBProgress (2): 18/34 MB | 37/56 MBProgress (2): 18/34 MB | 37/56 MBProgress (2): 18/34 MB | 37/56 MBProgress (2): 18/34 MB | 37/56 MBProgress (2): 18/34 MB | 37/56 MBProgress (2): 18/34 MB | 37/56 MBProgress (2): 18/34 MB | 37/56 MBProgress (2): 18/34 MB | 37/56 MBProgress (2): 18/34 MB | 37/56 MBProgress (2): 18/34 MB | 37/56 MBProgress (2): 18/34 MB | 37/56 MBProgress (2): 18/34 MB | 37/56 MBProgress (2): 18/34 MB | 37/56 MBProgress (2): 18/34 MB | 37/56 MBProgress (2): 18/34 MB | 37/56 MBProgress (2): 18/34 MB | 37/56 MBProgress (2): 18/34 MB | 37/56 MBProgress (2): 18/34 MB | 37/56 MBProgress (2): 18/34 MB | 37/56 MBProgress (2): 18/34 MB | 37/56 MBProgress (2): 18/34 MB | 37/56 MBProgress (2): 18/34 MB | 37/56 MBProgress (2): 18/34 MB | 37/56 MBProgress (2): 18/34 MB | 37/56 MBProgress (2): 18/34 MB | 37/56 MBProgress (2): 18/34 MB | 37/56 MBProgress (2): 18/34 MB | 37/56 MBProgress (2): 18/34 MB | 37/56 MBProgress (2): 18/34 MB | 37/56 MBProgress (2): 18/34 MB | 37/56 MBProgress (2): 18/34 MB | 37/56 MBProgress (2): 18/34 MB | 37/56 MBProgress (2): 18/34 MB | 37/56 MBProgress (2): 18/34 MB | 37/56 MBProgress (2): 18/34 MB | 37/56 MBProgress (2): 18/34 MB | 37/56 MBProgress (2): 18/34 MB | 37/56 MBProgress (2): 18/34 MB | 37/56 MBProgress (2): 18/34 MB | 37/56 MBProgress (2): 18/34 MB | 37/56 MBProgress (2): 18/34 MB | 37/56 MBProgress (2): 18/34 MB | 37/56 MBProgress (2): 18/34 MB | 37/56 MBProgress (2): 18/34 MB | 37/56 MBProgress (2): 18/34 MB | 37/56 MBProgress (2): 18/34 MB | 38/56 MBProgress (2): 18/34 MB | 38/56 MBProgress (2): 18/34 MB | 38/56 MBProgress (2): 18/34 MB | 38/56 MBProgress (2): 18/34 MB | 38/56 MBProgress (2): 18/34 MB | 38/56 MBProgress (2): 18/34 MB | 38/56 MBProgress (2): 18/34 MB | 38/56 MBProgress (2): 18/34 MB | 38/56 MBProgress (2): 18/34 MB | 38/56 MBProgress (2): 18/34 MB | 38/56 MBProgress (2): 18/34 MB | 38/56 MBProgress (2): 18/34 MB | 38/56 MBProgress (2): 18/34 MB | 38/56 MBProgress (2): 18/34 MB | 38/56 MBProgress (2): 18/34 MB | 38/56 MBProgress (2): 18/34 MB | 38/56 MBProgress (2): 18/34 MB | 38/56 MBProgress (2): 18/34 MB | 38/56 MBProgress (2): 18/34 MB | 38/56 MBProgress (2): 18/34 MB | 38/56 MBProgress (2): 18/34 MB | 38/56 MBProgress (2): 18/34 MB | 38/56 MBProgress (2): 18/34 MB | 38/56 MBProgress (2): 18/34 MB | 38/56 MBProgress (2): 18/34 MB | 38/56 MBProgress (2): 19/34 MB | 38/56 MBProgress (2): 19/34 MB | 38/56 MBProgress (2): 19/34 MB | 38/56 MBProgress (2): 19/34 MB | 38/56 MBProgress (2): 19/34 MB | 38/56 MBProgress (2): 19/34 MB | 38/56 MBProgress (2): 19/34 MB | 38/56 MBProgress (2): 19/34 MB | 38/56 MBProgress (2): 19/34 MB | 38/56 MBProgress (2): 19/34 MB | 38/56 MBProgress (2): 19/34 MB | 38/56 MBProgress (2): 19/34 MB | 38/56 MBProgress (2): 19/34 MB | 38/56 MBProgress (2): 19/34 MB | 38/56 MBProgress (2): 19/34 MB | 38/56 MBProgress (2): 19/34 MB | 38/56 MBProgress (2): 19/34 MB | 38/56 MBProgress (2): 19/34 MB | 38/56 MBProgress (2): 19/34 MB | 38/56 MBProgress (2): 19/34 MB | 38/56 MBProgress (2): 19/34 MB | 38/56 MBProgress (2): 19/34 MB | 38/56 MBProgress (2): 19/34 MB | 38/56 MBProgress (2): 19/34 MB | 38/56 MBProgress (2): 19/34 MB | 38/56 MBProgress (2): 19/34 MB | 38/56 MBProgress (2): 19/34 MB | 38/56 MBProgress (2): 19/34 MB | 38/56 MBProgress (2): 19/34 MB | 38/56 MBProgress (2): 19/34 MB | 38/56 MBProgress (2): 19/34 MB | 38/56 MBProgress (2): 19/34 MB | 38/56 MBProgress (2): 19/34 MB | 38/56 MBProgress (2): 19/34 MB | 38/56 MBProgress (2): 19/34 MB | 38/56 MBProgress (2): 19/34 MB | 38/56 MBProgress (2): 19/34 MB | 38/56 MBProgress (2): 19/34 MB | 38/56 MBProgress (2): 19/34 MB | 38/56 MBProgress (2): 19/34 MB | 38/56 MBProgress (2): 19/34 MB | 38/56 MBProgress (2): 19/34 MB | 38/56 MBProgress (2): 19/34 MB | 38/56 MBProgress (2): 19/34 MB | 38/56 MBProgress (2): 19/34 MB | 38/56 MBProgress (2): 19/34 MB | 38/56 MBProgress (2): 19/34 MB | 38/56 MBProgress (2): 19/34 MB | 38/56 MBProgress (2): 19/34 MB | 38/56 MBProgress (2): 19/34 MB | 38/56 MBProgress (2): 19/34 MB | 38/56 MBProgress (2): 19/34 MB | 38/56 MBProgress (2): 19/34 MB | 38/56 MBProgress (2): 19/34 MB | 38/56 MBProgress (2): 19/34 MB | 38/56 MBProgress (2): 19/34 MB | 38/56 MBProgress (2): 19/34 MB | 38/56 MBProgress (2): 19/34 MB | 38/56 MBProgress (2): 19/34 MB | 38/56 MBProgress (2): 19/34 MB | 38/56 MBProgress (2): 19/34 MB | 39/56 MBProgress (2): 19/34 MB | 39/56 MBProgress (2): 19/34 MB | 39/56 MBProgress (2): 19/34 MB | 39/56 MBProgress (2): 19/34 MB | 39/56 MBProgress (2): 19/34 MB | 39/56 MBProgress (2): 19/34 MB | 39/56 MBProgress (2): 19/34 MB | 39/56 MBProgress (2): 19/34 MB | 39/56 MBProgress (2): 19/34 MB | 39/56 MBProgress (2): 19/34 MB | 39/56 MBProgress (2): 19/34 MB | 39/56 MBProgress (2): 19/34 MB | 39/56 MBProgress (2): 19/34 MB | 39/56 MBProgress (2): 19/34 MB | 39/56 MBProgress (2): 19/34 MB | 39/56 MBProgress (2): 19/34 MB | 39/56 MBProgress (2): 19/34 MB | 39/56 MBProgress (2): 19/34 MB | 39/56 MBProgress (2): 19/34 MB | 39/56 MBProgress (2): 19/34 MB | 39/56 MBProgress (2): 19/34 MB | 39/56 MBProgress (2): 19/34 MB | 39/56 MBProgress (2): 19/34 MB | 39/56 MBProgress (2): 19/34 MB | 39/56 MBProgress (2): 19/34 MB | 39/56 MBProgress (2): 19/34 MB | 39/56 MBProgress (2): 19/34 MB | 39/56 MBProgress (2): 19/34 MB | 39/56 MBProgress (2): 19/34 MB | 39/56 MBProgress (2): 19/34 MB | 39/56 MBProgress (2): 19/34 MB | 39/56 MBProgress (2): 19/34 MB | 39/56 MBProgress (2): 19/34 MB | 39/56 MBProgress (2): 19/34 MB | 39/56 MBProgress (2): 19/34 MB | 39/56 MBProgress (2): 19/34 MB | 39/56 MBProgress (2): 19/34 MB | 39/56 MBProgress (2): 19/34 MB | 39/56 MBProgress (2): 19/34 MB | 39/56 MBProgress (2): 19/34 MB | 39/56 MBProgress (2): 19/34 MB | 39/56 MBProgress (2): 19/34 MB | 39/56 MBProgress (2): 19/34 MB | 39/56 MBProgress (2): 19/34 MB | 39/56 MBProgress (2): 19/34 MB | 39/56 MBProgress (2): 19/34 MB | 39/56 MBProgress (2): 19/34 MB | 39/56 MBProgress (2): 19/34 MB | 39/56 MBProgress (2): 19/34 MB | 39/56 MBProgress (2): 19/34 MB | 39/56 MBProgress (2): 19/34 MB | 39/56 MBProgress (2): 19/34 MB | 39/56 MBProgress (2): 19/34 MB | 39/56 MBProgress (2): 19/34 MB | 39/56 MBProgress (2): 19/34 MB | 39/56 MBProgress (2): 19/34 MB | 39/56 MBProgress (2): 19/34 MB | 39/56 MBProgress (2): 19/34 MB | 39/56 MBProgress (2): 19/34 MB | 39/56 MBProgress (2): 19/34 MB | 39/56 MBProgress (2): 19/34 MB | 39/56 MBProgress (2): 19/34 MB | 39/56 MBProgress (2): 19/34 MB | 39/56 MBProgress (2): 19/34 MB | 39/56 MBProgress (2): 19/34 MB | 39/56 MBProgress (2): 19/34 MB | 39/56 MBProgress (2): 19/34 MB | 39/56 MBProgress (2): 19/34 MB | 39/56 MBProgress (2): 19/34 MB | 39/56 MBProgress (2): 19/34 MB | 39/56 MBProgress (2): 19/34 MB | 39/56 MBProgress (2): 19/34 MB | 39/56 MBProgress (2): 19/34 MB | 39/56 MBProgress (2): 19/34 MB | 39/56 MBProgress (2): 19/34 MB | 39/56 MBProgress (2): 19/34 MB | 39/56 MBProgress (2): 19/34 MB | 39/56 MBProgress (2): 19/34 MB | 39/56 MBProgress (2): 19/34 MB | 39/56 MBProgress (2): 19/34 MB | 39/56 MBProgress (2): 19/34 MB | 39/56 MBProgress (2): 19/34 MB | 39/56 MBProgress (2): 19/34 MB | 40/56 MBProgress (2): 19/34 MB | 40/56 MBProgress (2): 19/34 MB | 40/56 MBProgress (2): 19/34 MB | 40/56 MBProgress (2): 19/34 MB | 40/56 MBProgress (2): 19/34 MB | 40/56 MBProgress (2): 19/34 MB | 40/56 MBProgress (2): 19/34 MB | 40/56 MBProgress (2): 19/34 MB | 40/56 MBProgress (2): 19/34 MB | 40/56 MBProgress (2): 19/34 MB | 40/56 MBProgress (2): 19/34 MB | 40/56 MBProgress (2): 19/34 MB | 40/56 MBProgress (2): 19/34 MB | 40/56 MBProgress (2): 19/34 MB | 40/56 MBProgress (2): 19/34 MB | 40/56 MBProgress (2): 19/34 MB | 40/56 MBProgress (2): 19/34 MB | 40/56 MBProgress (2): 19/34 MB | 40/56 MBProgress (2): 19/34 MB | 40/56 MBProgress (2): 19/34 MB | 40/56 MBProgress (2): 19/34 MB | 40/56 MBProgress (2): 19/34 MB | 40/56 MBProgress (2): 19/34 MB | 40/56 MBProgress (2): 19/34 MB | 40/56 MBProgress (2): 19/34 MB | 40/56 MBProgress (2): 19/34 MB | 40/56 MBProgress (2): 19/34 MB | 40/56 MBProgress (2): 19/34 MB | 40/56 MBProgress (2): 19/34 MB | 40/56 MBProgress (2): 19/34 MB | 40/56 MBProgress (2): 19/34 MB | 40/56 MBProgress (2): 19/34 MB | 40/56 MBProgress (2): 19/34 MB | 40/56 MBProgress (2): 19/34 MB | 40/56 MBProgress (2): 19/34 MB | 40/56 MBProgress (2): 19/34 MB | 40/56 MBProgress (2): 19/34 MB | 40/56 MBProgress (2): 19/34 MB | 40/56 MBProgress (2): 19/34 MB | 40/56 MBProgress (2): 19/34 MB | 40/56 MBProgress (2): 19/34 MB | 40/56 MBProgress (2): 19/34 MB | 40/56 MBProgress (2): 19/34 MB | 40/56 MBProgress (2): 19/34 MB | 40/56 MBProgress (2): 19/34 MB | 40/56 MBProgress (2): 19/34 MB | 40/56 MBProgress (2): 19/34 MB | 40/56 MBProgress (2): 19/34 MB | 40/56 MBProgress (2): 19/34 MB | 40/56 MBProgress (2): 19/34 MB | 40/56 MBProgress (2): 19/34 MB | 40/56 MBProgress (2): 19/34 MB | 40/56 MBProgress (2): 19/34 MB | 40/56 MBProgress (2): 19/34 MB | 40/56 MBProgress (2): 19/34 MB | 40/56 MBProgress (2): 19/34 MB | 40/56 MBProgress (2): 19/34 MB | 40/56 MBProgress (2): 19/34 MB | 40/56 MBProgress (2): 19/34 MB | 40/56 MBProgress (2): 19/34 MB | 40/56 MBProgress (2): 19/34 MB | 40/56 MBProgress (2): 19/34 MB | 40/56 MBProgress (2): 19/34 MB | 40/56 MBProgress (2): 19/34 MB | 40/56 MBProgress (2): 19/34 MB | 40/56 MBProgress (2): 19/34 MB | 40/56 MBProgress (2): 19/34 MB | 40/56 MBProgress (2): 19/34 MB | 40/56 MBProgress (2): 19/34 MB | 40/56 MBProgress (2): 19/34 MB | 40/56 MBProgress (2): 19/34 MB | 40/56 MBProgress (2): 19/34 MB | 40/56 MBProgress (2): 19/34 MB | 40/56 MBProgress (2): 19/34 MB | 40/56 MBProgress (2): 19/34 MB | 40/56 MBProgress (2): 19/34 MB | 40/56 MBProgress (2): 19/34 MB | 40/56 MBProgress (2): 19/34 MB | 40/56 MBProgress (2): 19/34 MB | 40/56 MBProgress (2): 19/34 MB | 40/56 MBProgress (2): 19/34 MB | 40/56 MBProgress (2): 19/34 MB | 40/56 MBProgress (2): 19/34 MB | 40/56 MBProgress (2): 20/34 MB | 40/56 MBProgress (2): 20/34 MB | 41/56 MBProgress (2): 20/34 MB | 41/56 MBProgress (2): 20/34 MB | 41/56 MBProgress (2): 20/34 MB | 41/56 MBProgress (2): 20/34 MB | 41/56 MBProgress (2): 20/34 MB | 41/56 MBProgress (2): 20/34 MB | 41/56 MBProgress (2): 20/34 MB | 41/56 MBProgress (2): 20/34 MB | 41/56 MBProgress (2): 20/34 MB | 41/56 MBProgress (2): 20/34 MB | 41/56 MBProgress (2): 20/34 MB | 41/56 MBProgress (2): 20/34 MB | 41/56 MBProgress (2): 20/34 MB | 41/56 MBProgress (2): 20/34 MB | 41/56 MBProgress (2): 20/34 MB | 41/56 MBProgress (2): 20/34 MB | 41/56 MBProgress (2): 20/34 MB | 41/56 MBProgress (2): 20/34 MB | 41/56 MBProgress (2): 20/34 MB | 41/56 MBProgress (2): 20/34 MB | 41/56 MBProgress (2): 20/34 MB | 41/56 MBProgress (2): 20/34 MB | 41/56 MBProgress (2): 20/34 MB | 41/56 MBProgress (2): 20/34 MB | 41/56 MBProgress (2): 20/34 MB | 41/56 MBProgress (2): 20/34 MB | 41/56 MBProgress (2): 20/34 MB | 41/56 MBProgress (2): 20/34 MB | 41/56 MBProgress (2): 20/34 MB | 41/56 MBProgress (2): 20/34 MB | 41/56 MBProgress (2): 20/34 MB | 41/56 MBProgress (2): 20/34 MB | 41/56 MBProgress (2): 20/34 MB | 41/56 MBProgress (2): 20/34 MB | 41/56 MBProgress (2): 20/34 MB | 41/56 MBProgress (2): 20/34 MB | 41/56 MBProgress (2): 20/34 MB | 41/56 MBProgress (2): 20/34 MB | 41/56 MBProgress (2): 20/34 MB | 41/56 MBProgress (2): 20/34 MB | 41/56 MBProgress (2): 20/34 MB | 41/56 MBProgress (2): 20/34 MB | 41/56 MBProgress (2): 20/34 MB | 41/56 MBProgress (2): 20/34 MB | 41/56 MBProgress (2): 20/34 MB | 41/56 MBProgress (2): 20/34 MB | 41/56 MBProgress (2): 20/34 MB | 41/56 MBProgress (2): 20/34 MB | 41/56 MBProgress (2): 20/34 MB | 41/56 MBProgress (2): 20/34 MB | 41/56 MBProgress (2): 20/34 MB | 41/56 MBProgress (2): 20/34 MB | 41/56 MBProgress (2): 20/34 MB | 41/56 MBProgress (2): 20/34 MB | 41/56 MBProgress (2): 20/34 MB | 41/56 MBProgress (2): 20/34 MB | 41/56 MBProgress (2): 20/34 MB | 41/56 MBProgress (2): 20/34 MB | 41/56 MBProgress (2): 20/34 MB | 41/56 MBProgress (2): 20/34 MB | 41/56 MBProgress (2): 20/34 MB | 41/56 MBProgress (2): 20/34 MB | 41/56 MBProgress (2): 20/34 MB | 41/56 MBProgress (2): 20/34 MB | 41/56 MBProgress (2): 20/34 MB | 41/56 MBProgress (2): 20/34 MB | 41/56 MBProgress (2): 20/34 MB | 41/56 MBProgress (2): 20/34 MB | 41/56 MBProgress (2): 20/34 MB | 41/56 MBProgress (2): 20/34 MB | 41/56 MBProgress (2): 20/34 MB | 41/56 MBProgress (2): 20/34 MB | 41/56 MBProgress (2): 20/34 MB | 41/56 MBProgress (2): 20/34 MB | 41/56 MBProgress (2): 20/34 MB | 41/56 MBProgress (2): 20/34 MB | 41/56 MBProgress (2): 20/34 MB | 41/56 MBProgress (2): 20/34 MB | 41/56 MBProgress (2): 20/34 MB | 41/56 MBProgress (2): 20/34 MB | 41/56 MBProgress (2): 20/34 MB | 41/56 MBProgress (2): 20/34 MB | 41/56 MBProgress (2): 20/34 MB | 41/56 MBProgress (2): 20/34 MB | 41/56 MBProgress (2): 20/34 MB | 42/56 MBProgress (2): 20/34 MB | 42/56 MBProgress (2): 20/34 MB | 42/56 MBProgress (2): 20/34 MB | 42/56 MBProgress (2): 20/34 MB | 42/56 MBProgress (2): 20/34 MB | 42/56 MBProgress (2): 20/34 MB | 42/56 MBProgress (2): 20/34 MB | 42/56 MBProgress (2): 20/34 MB | 42/56 MBProgress (2): 20/34 MB | 42/56 MBProgress (2): 20/34 MB | 42/56 MBProgress (2): 20/34 MB | 42/56 MBProgress (2): 20/34 MB | 42/56 MBProgress (2): 20/34 MB | 42/56 MBProgress (2): 20/34 MB | 42/56 MBProgress (2): 20/34 MB | 42/56 MBProgress (2): 20/34 MB | 42/56 MBProgress (2): 20/34 MB | 42/56 MBProgress (2): 20/34 MB | 42/56 MBProgress (2): 20/34 MB | 42/56 MBProgress (2): 20/34 MB | 42/56 MBProgress (2): 20/34 MB | 42/56 MBProgress (2): 20/34 MB | 42/56 MBProgress (2): 20/34 MB | 42/56 MBProgress (2): 20/34 MB | 42/56 MBProgress (2): 20/34 MB | 42/56 MBProgress (2): 20/34 MB | 42/56 MBProgress (2): 20/34 MB | 42/56 MBProgress (2): 20/34 MB | 42/56 MBProgress (2): 20/34 MB | 42/56 MBProgress (2): 20/34 MB | 42/56 MBProgress (2): 20/34 MB | 42/56 MBProgress (2): 20/34 MB | 42/56 MBProgress (2): 20/34 MB | 42/56 MBProgress (2): 20/34 MB | 42/56 MBProgress (2): 20/34 MB | 42/56 MBProgress (2): 20/34 MB | 42/56 MBProgress (2): 20/34 MB | 42/56 MBProgress (2): 20/34 MB | 42/56 MBProgress (2): 20/34 MB | 42/56 MBProgress (2): 20/34 MB | 42/56 MBProgress (2): 20/34 MB | 42/56 MBProgress (2): 20/34 MB | 42/56 MBProgress (2): 20/34 MB | 42/56 MBProgress (2): 20/34 MB | 42/56 MBProgress (2): 20/34 MB | 42/56 MBProgress (2): 20/34 MB | 42/56 MBProgress (2): 20/34 MB | 42/56 MBProgress (2): 20/34 MB | 42/56 MBProgress (2): 20/34 MB | 42/56 MBProgress (2): 20/34 MB | 42/56 MBProgress (2): 20/34 MB | 42/56 MBProgress (2): 20/34 MB | 42/56 MBProgress (2): 20/34 MB | 42/56 MBProgress (2): 20/34 MB | 42/56 MBProgress (2): 20/34 MB | 42/56 MBProgress (2): 20/34 MB | 42/56 MBProgress (2): 20/34 MB | 42/56 MBProgress (2): 20/34 MB | 42/56 MBProgress (2): 20/34 MB | 42/56 MBProgress (2): 20/34 MB | 42/56 MBProgress (2): 20/34 MB | 42/56 MBProgress (2): 20/34 MB | 42/56 MBProgress (2): 20/34 MB | 42/56 MBProgress (2): 20/34 MB | 42/56 MBProgress (2): 20/34 MB | 42/56 MBProgress (2): 20/34 MB | 42/56 MBProgress (2): 20/34 MB | 42/56 MBProgress (2): 20/34 MB | 42/56 MBProgress (2): 20/34 MB | 42/56 MBProgress (2): 20/34 MB | 42/56 MBProgress (2): 20/34 MB | 42/56 MBProgress (2): 20/34 MB | 42/56 MBProgress (2): 20/34 MB | 42/56 MBProgress (2): 20/34 MB | 42/56 MBProgress (2): 20/34 MB | 42/56 MBProgress (2): 20/34 MB | 42/56 MBProgress (2): 20/34 MB | 42/56 MBProgress (2): 20/34 MB | 42/56 MBProgress (2): 20/34 MB | 42/56 MBProgress (2): 20/34 MB | 43/56 MBProgress (2): 20/34 MB | 43/56 MBProgress (2): 20/34 MB | 43/56 MBProgress (2): 20/34 MB | 43/56 MBProgress (2): 20/34 MB | 43/56 MBProgress (2): 20/34 MB | 43/56 MBProgress (2): 20/34 MB | 43/56 MBProgress (2): 20/34 MB | 43/56 MBProgress (2): 20/34 MB | 43/56 MBProgress (2): 20/34 MB | 43/56 MBProgress (2): 20/34 MB | 43/56 MBProgress (2): 20/34 MB | 43/56 MBProgress (2): 20/34 MB | 43/56 MBProgress (2): 20/34 MB | 43/56 MBProgress (2): 20/34 MB | 43/56 MBProgress (2): 20/34 MB | 43/56 MBProgress (2): 20/34 MB | 43/56 MBProgress (2): 20/34 MB | 43/56 MBProgress (2): 20/34 MB | 43/56 MBProgress (2): 20/34 MB | 43/56 MBProgress (2): 20/34 MB | 43/56 MBProgress (2): 20/34 MB | 43/56 MBProgress (2): 20/34 MB | 43/56 MBProgress (2): 20/34 MB | 43/56 MBProgress (2): 20/34 MB | 43/56 MBProgress (2): 20/34 MB | 43/56 MBProgress (2): 20/34 MB | 43/56 MBProgress (2): 20/34 MB | 43/56 MBProgress (2): 20/34 MB | 43/56 MBProgress (2): 20/34 MB | 43/56 MBProgress (2): 20/34 MB | 43/56 MBProgress (2): 20/34 MB | 43/56 MBProgress (2): 20/34 MB | 43/56 MBProgress (2): 20/34 MB | 43/56 MBProgress (2): 20/34 MB | 43/56 MBProgress (2): 20/34 MB | 43/56 MBProgress (2): 20/34 MB | 43/56 MBProgress (2): 20/34 MB | 43/56 MBProgress (2): 20/34 MB | 43/56 MBProgress (2): 20/34 MB | 43/56 MBProgress (2): 20/34 MB | 43/56 MBProgress (2): 20/34 MB | 43/56 MBProgress (2): 20/34 MB | 43/56 MBProgress (2): 20/34 MB | 43/56 MBProgress (2): 20/34 MB | 43/56 MBProgress (2): 20/34 MB | 43/56 MBProgress (2): 20/34 MB | 43/56 MBProgress (2): 20/34 MB | 43/56 MBProgress (2): 20/34 MB | 43/56 MBProgress (2): 20/34 MB | 43/56 MBProgress (2): 20/34 MB | 43/56 MBProgress (2): 20/34 MB | 43/56 MBProgress (2): 20/34 MB | 43/56 MBProgress (2): 20/34 MB | 43/56 MBProgress (2): 20/34 MB | 43/56 MBProgress (2): 20/34 MB | 43/56 MBProgress (2): 20/34 MB | 43/56 MBProgress (2): 20/34 MB | 43/56 MBProgress (2): 20/34 MB | 43/56 MBProgress (2): 20/34 MB | 43/56 MBProgress (2): 20/34 MB | 43/56 MBProgress (2): 20/34 MB | 43/56 MBProgress (2): 20/34 MB | 43/56 MBProgress (2): 20/34 MB | 43/56 MBProgress (2): 20/34 MB | 43/56 MBProgress (2): 20/34 MB | 43/56 MBProgress (2): 20/34 MB | 43/56 MBProgress (2): 20/34 MB | 43/56 MBProgress (2): 20/34 MB | 43/56 MBProgress (2): 20/34 MB | 43/56 MBProgress (2): 20/34 MB | 43/56 MBProgress (2): 20/34 MB | 43/56 MBProgress (2): 20/34 MB | 43/56 MBProgress (2): 20/34 MB | 43/56 MBProgress (2): 20/34 MB | 44/56 MBProgress (2): 20/34 MB | 44/56 MBProgress (2): 20/34 MB | 44/56 MBProgress (2): 20/34 MB | 44/56 MBProgress (2): 20/34 MB | 44/56 MBProgress (2): 20/34 MB | 44/56 MBProgress (2): 20/34 MB | 44/56 MBProgress (2): 20/34 MB | 44/56 MBProgress (2): 20/34 MB | 44/56 MBProgress (2): 20/34 MB | 44/56 MBProgress (2): 20/34 MB | 44/56 MBProgress (2): 20/34 MB | 44/56 MBProgress (2): 20/34 MB | 44/56 MBProgress (2): 21/34 MB | 44/56 MBProgress (2): 21/34 MB | 44/56 MBProgress (2): 21/34 MB | 44/56 MBProgress (2): 21/34 MB | 44/56 MBProgress (2): 21/34 MB | 44/56 MBProgress (2): 21/34 MB | 44/56 MBProgress (2): 21/34 MB | 44/56 MBProgress (2): 21/34 MB | 44/56 MBProgress (2): 21/34 MB | 44/56 MBProgress (2): 21/34 MB | 44/56 MBProgress (2): 21/34 MB | 44/56 MBProgress (2): 21/34 MB | 44/56 MBProgress (2): 21/34 MB | 44/56 MBProgress (2): 21/34 MB | 44/56 MBProgress (2): 21/34 MB | 44/56 MBProgress (2): 21/34 MB | 44/56 MBProgress (2): 21/34 MB | 44/56 MBProgress (2): 21/34 MB | 44/56 MBProgress (2): 21/34 MB | 44/56 MBProgress (2): 21/34 MB | 44/56 MBProgress (2): 21/34 MB | 44/56 MBProgress (2): 21/34 MB | 44/56 MBProgress (2): 21/34 MB | 44/56 MBProgress (2): 21/34 MB | 44/56 MBProgress (2): 21/34 MB | 44/56 MBProgress (2): 21/34 MB | 44/56 MBProgress (2): 21/34 MB | 44/56 MBProgress (2): 21/34 MB | 44/56 MBProgress (2): 21/34 MB | 44/56 MBProgress (2): 21/34 MB | 44/56 MBProgress (2): 21/34 MB | 44/56 MBProgress (2): 21/34 MB | 44/56 MBProgress (2): 21/34 MB | 44/56 MBProgress (2): 21/34 MB | 44/56 MBProgress (2): 21/34 MB | 44/56 MBProgress (2): 21/34 MB | 44/56 MBProgress (2): 21/34 MB | 44/56 MBProgress (2): 21/34 MB | 44/56 MBProgress (2): 21/34 MB | 44/56 MBProgress (2): 21/34 MB | 44/56 MBProgress (2): 21/34 MB | 44/56 MBProgress (2): 21/34 MB | 44/56 MBProgress (2): 21/34 MB | 44/56 MBProgress (2): 21/34 MB | 44/56 MBProgress (2): 21/34 MB | 44/56 MBProgress (2): 21/34 MB | 44/56 MBProgress (2): 21/34 MB | 44/56 MBProgress (2): 21/34 MB | 44/56 MBProgress (2): 21/34 MB | 44/56 MBProgress (2): 21/34 MB | 44/56 MBProgress (2): 21/34 MB | 44/56 MBProgress (2): 21/34 MB | 44/56 MBProgress (2): 21/34 MB | 44/56 MBProgress (2): 21/34 MB | 44/56 MBProgress (2): 21/34 MB | 44/56 MBProgress (2): 21/34 MB | 44/56 MBProgress (2): 21/34 MB | 44/56 MBProgress (2): 21/34 MB | 44/56 MBProgress (2): 21/34 MB | 44/56 MBProgress (2): 21/34 MB | 44/56 MBProgress (2): 21/34 MB | 44/56 MBProgress (2): 21/34 MB | 44/56 MBProgress (2): 21/34 MB | 44/56 MBProgress (2): 21/34 MB | 44/56 MBProgress (2): 21/34 MB | 44/56 MBProgress (2): 21/34 MB | 44/56 MBProgress (2): 21/34 MB | 44/56 MBProgress (2): 21/34 MB | 44/56 MBProgress (2): 21/34 MB | 44/56 MBProgress (2): 21/34 MB | 44/56 MBProgress (2): 21/34 MB | 44/56 MBProgress (2): 21/34 MB | 44/56 MBProgress (2): 21/34 MB | 44/56 MBProgress (2): 21/34 MB | 44/56 MBProgress (2): 21/34 MB | 44/56 MBProgress (2): 21/34 MB | 44/56 MBProgress (2): 21/34 MB | 44/56 MBProgress (2): 21/34 MB | 44/56 MBProgress (2): 21/34 MB | 45/56 MBProgress (2): 21/34 MB | 45/56 MBProgress (2): 21/34 MB | 45/56 MBProgress (2): 21/34 MB | 45/56 MBProgress (2): 21/34 MB | 45/56 MBProgress (2): 21/34 MB | 45/56 MBProgress (2): 21/34 MB | 45/56 MBProgress (2): 21/34 MB | 45/56 MBProgress (2): 21/34 MB | 45/56 MBProgress (2): 21/34 MB | 45/56 MBProgress (2): 21/34 MB | 45/56 MBProgress (2): 21/34 MB | 45/56 MBProgress (2): 21/34 MB | 45/56 MBProgress (2): 21/34 MB | 45/56 MBProgress (2): 21/34 MB | 45/56 MBProgress (2): 21/34 MB | 45/56 MBProgress (2): 21/34 MB | 45/56 MBProgress (2): 21/34 MB | 45/56 MBProgress (2): 21/34 MB | 45/56 MBProgress (2): 21/34 MB | 45/56 MBProgress (2): 21/34 MB | 45/56 MBProgress (2): 21/34 MB | 45/56 MBProgress (2): 21/34 MB | 45/56 MBProgress (2): 21/34 MB | 45/56 MBProgress (2): 21/34 MB | 45/56 MBProgress (2): 21/34 MB | 45/56 MBProgress (2): 21/34 MB | 45/56 MBProgress (2): 21/34 MB | 45/56 MBProgress (2): 21/34 MB | 45/56 MBProgress (2): 21/34 MB | 45/56 MBProgress (2): 21/34 MB | 45/56 MBProgress (2): 21/34 MB | 45/56 MBProgress (2): 21/34 MB | 45/56 MBProgress (2): 21/34 MB | 45/56 MBProgress (2): 21/34 MB | 45/56 MBProgress (2): 21/34 MB | 45/56 MBProgress (2): 21/34 MB | 45/56 MBProgress (2): 21/34 MB | 45/56 MBProgress (2): 21/34 MB | 45/56 MBProgress (2): 21/34 MB | 45/56 MBProgress (2): 21/34 MB | 45/56 MBProgress (2): 21/34 MB | 45/56 MBProgress (2): 21/34 MB | 45/56 MBProgress (2): 21/34 MB | 45/56 MBProgress (2): 21/34 MB | 45/56 MBProgress (2): 21/34 MB | 45/56 MBProgress (2): 21/34 MB | 45/56 MBProgress (2): 21/34 MB | 45/56 MBProgress (2): 21/34 MB | 45/56 MBProgress (2): 21/34 MB | 45/56 MBProgress (2): 21/34 MB | 45/56 MBProgress (2): 21/34 MB | 45/56 MBProgress (2): 21/34 MB | 45/56 MBProgress (2): 21/34 MB | 45/56 MBProgress (2): 21/34 MB | 45/56 MBProgress (2): 21/34 MB | 45/56 MBProgress (2): 21/34 MB | 45/56 MBProgress (2): 21/34 MB | 45/56 MBProgress (2): 21/34 MB | 45/56 MBProgress (2): 21/34 MB | 45/56 MBProgress (2): 21/34 MB | 45/56 MBProgress (2): 21/34 MB | 45/56 MBProgress (2): 21/34 MB | 45/56 MBProgress (2): 21/34 MB | 45/56 MBProgress (2): 21/34 MB | 45/56 MBProgress (2): 21/34 MB | 45/56 MBProgress (2): 21/34 MB | 45/56 MBProgress (2): 21/34 MB | 45/56 MBProgress (2): 21/34 MB | 45/56 MBProgress (2): 21/34 MB | 45/56 MBProgress (2): 21/34 MB | 45/56 MBProgress (2): 21/34 MB | 45/56 MBProgress (2): 21/34 MB | 45/56 MBProgress (2): 21/34 MB | 45/56 MBProgress (2): 21/34 MB | 45/56 MBProgress (2): 21/34 MB | 45/56 MBProgress (2): 21/34 MB | 45/56 MBProgress (2): 21/34 MB | 45/56 MBProgress (2): 21/34 MB | 45/56 MBProgress (2): 21/34 MB | 45/56 MBProgress (2): 21/34 MB | 45/56 MBProgress (2): 21/34 MB | 45/56 MBProgress (2): 21/34 MB | 45/56 MBProgress (2): 21/34 MB | 45/56 MBProgress (2): 21/34 MB | 45/56 MBProgress (2): 21/34 MB | 45/56 MBProgress (2): 21/34 MB | 45/56 MBProgress (2): 21/34 MB | 45/56 MBProgress (2): 21/34 MB | 45/56 MBProgress (2): 21/34 MB | 45/56 MBProgress (2): 21/34 MB | 45/56 MBProgress (2): 21/34 MB | 46/56 MBProgress (2): 21/34 MB | 46/56 MBProgress (2): 21/34 MB | 46/56 MBProgress (2): 21/34 MB | 46/56 MBProgress (2): 21/34 MB | 46/56 MBProgress (2): 21/34 MB | 46/56 MBProgress (2): 21/34 MB | 46/56 MBProgress (2): 21/34 MB | 46/56 MBProgress (2): 21/34 MB | 46/56 MBProgress (2): 21/34 MB | 46/56 MBProgress (2): 21/34 MB | 46/56 MBProgress (2): 21/34 MB | 46/56 MBProgress (2): 21/34 MB | 46/56 MBProgress (2): 21/34 MB | 46/56 MBProgress (2): 21/34 MB | 46/56 MBProgress (2): 22/34 MB | 46/56 MBProgress (2): 22/34 MB | 46/56 MBProgress (2): 22/34 MB | 46/56 MBProgress (2): 22/34 MB | 46/56 MBProgress (2): 22/34 MB | 46/56 MBProgress (2): 22/34 MB | 46/56 MBProgress (2): 22/34 MB | 46/56 MBProgress (2): 22/34 MB | 46/56 MBProgress (2): 22/34 MB | 46/56 MBProgress (2): 22/34 MB | 46/56 MBProgress (2): 22/34 MB | 46/56 MBProgress (2): 22/34 MB | 46/56 MBProgress (2): 22/34 MB | 46/56 MBProgress (2): 22/34 MB | 46/56 MBProgress (2): 22/34 MB | 46/56 MBProgress (2): 22/34 MB | 46/56 MBProgress (2): 22/34 MB | 46/56 MBProgress (2): 22/34 MB | 46/56 MBProgress (2): 22/34 MB | 46/56 MBProgress (2): 22/34 MB | 46/56 MBProgress (2): 22/34 MB | 46/56 MBProgress (2): 22/34 MB | 46/56 MBProgress (2): 22/34 MB | 46/56 MBProgress (2): 22/34 MB | 46/56 MBProgress (2): 22/34 MB | 46/56 MBProgress (2): 22/34 MB | 46/56 MBProgress (2): 22/34 MB | 46/56 MBProgress (2): 22/34 MB | 46/56 MBProgress (2): 22/34 MB | 46/56 MBProgress (2): 22/34 MB | 46/56 MBProgress (2): 22/34 MB | 46/56 MBProgress (2): 22/34 MB | 46/56 MBProgress (2): 22/34 MB | 46/56 MBProgress (2): 22/34 MB | 46/56 MBProgress (2): 22/34 MB | 46/56 MBProgress (2): 22/34 MB | 46/56 MBProgress (2): 22/34 MB | 46/56 MBProgress (2): 22/34 MB | 46/56 MBProgress (2): 22/34 MB | 46/56 MBProgress (2): 22/34 MB | 46/56 MBProgress (2): 22/34 MB | 46/56 MBProgress (2): 22/34 MB | 46/56 MBProgress (2): 22/34 MB | 46/56 MBProgress (2): 22/34 MB | 46/56 MBProgress (2): 22/34 MB | 46/56 MBProgress (2): 22/34 MB | 46/56 MBProgress (2): 22/34 MB | 46/56 MBProgress (2): 22/34 MB | 46/56 MBProgress (2): 22/34 MB | 46/56 MBProgress (2): 22/34 MB | 46/56 MBProgress (2): 22/34 MB | 46/56 MBProgress (2): 22/34 MB | 46/56 MBProgress (2): 22/34 MB | 46/56 MBProgress (2): 22/34 MB | 46/56 MBProgress (2): 22/34 MB | 46/56 MBProgress (2): 22/34 MB | 46/56 MBProgress (2): 22/34 MB | 46/56 MBProgress (2): 22/34 MB | 46/56 MBProgress (2): 22/34 MB | 46/56 MBProgress (2): 22/34 MB | 46/56 MBProgress (2): 22/34 MB | 46/56 MBProgress (2): 22/34 MB | 46/56 MBProgress (2): 22/34 MB | 46/56 MBProgress (2): 22/34 MB | 46/56 MBProgress (2): 22/34 MB | 46/56 MBProgress (2): 22/34 MB | 46/56 MBProgress (2): 22/34 MB | 46/56 MBProgress (2): 22/34 MB | 46/56 MBProgress (2): 22/34 MB | 46/56 MBProgress (2): 22/34 MB | 46/56 MBProgress (2): 22/34 MB | 46/56 MBProgress (2): 22/34 MB | 46/56 MBProgress (2): 22/34 MB | 46/56 MBProgress (2): 22/34 MB | 46/56 MBProgress (2): 22/34 MB | 46/56 MBProgress (2): 22/34 MB | 46/56 MBProgress (2): 22/34 MB | 46/56 MBProgress (2): 22/34 MB | 46/56 MBProgress (2): 22/34 MB | 46/56 MBProgress (2): 22/34 MB | 46/56 MBProgress (2): 22/34 MB | 46/56 MBProgress (2): 22/34 MB | 46/56 MBProgress (2): 22/34 MB | 46/56 MBProgress (2): 22/34 MB | 46/56 MBProgress (2): 22/34 MB | 46/56 MBProgress (2): 22/34 MB | 46/56 MBProgress (2): 22/34 MB | 46/56 MBProgress (2): 22/34 MB | 46/56 MBProgress (2): 22/34 MB | 46/56 MBProgress (2): 22/34 MB | 46/56 MBProgress (2): 22/34 MB | 46/56 MBProgress (2): 22/34 MB | 46/56 MBProgress (2): 22/34 MB | 46/56 MBProgress (2): 22/34 MB | 46/56 MBProgress (2): 22/34 MB | 46/56 MBProgress (2): 22/34 MB | 46/56 MBProgress (2): 22/34 MB | 46/56 MBProgress (2): 22/34 MB | 46/56 MBProgress (2): 22/34 MB | 46/56 MBProgress (2): 22/34 MB | 46/56 MBProgress (2): 22/34 MB | 46/56 MBProgress (2): 22/34 MB | 46/56 MBProgress (2): 22/34 MB | 46/56 MBProgress (2): 22/34 MB | 46/56 MBProgress (2): 22/34 MB | 46/56 MBProgress (2): 22/34 MB | 46/56 MBProgress (2): 22/34 MB | 46/56 MBProgress (2): 22/34 MB | 46/56 MBProgress (2): 22/34 MB | 46/56 MBProgress (2): 22/34 MB | 46/56 MBProgress (2): 22/34 MB | 46/56 MBProgress (2): 22/34 MB | 46/56 MBProgress (2): 22/34 MB | 47/56 MBProgress (2): 22/34 MB | 47/56 MBProgress (2): 22/34 MB | 47/56 MBProgress (2): 22/34 MB | 47/56 MBProgress (2): 22/34 MB | 47/56 MBProgress (2): 22/34 MB | 47/56 MBProgress (2): 23/34 MB | 47/56 MBProgress (2): 23/34 MB | 47/56 MBProgress (2): 23/34 MB | 47/56 MBProgress (2): 23/34 MB | 47/56 MBProgress (2): 23/34 MB | 47/56 MBProgress (2): 23/34 MB | 47/56 MBProgress (2): 23/34 MB | 47/56 MBProgress (2): 23/34 MB | 47/56 MBProgress (2): 23/34 MB | 47/56 MBProgress (2): 23/34 MB | 47/56 MBProgress (2): 23/34 MB | 47/56 MBProgress (2): 23/34 MB | 47/56 MBProgress (2): 23/34 MB | 47/56 MBProgress (2): 23/34 MB | 47/56 MBProgress (2): 23/34 MB | 47/56 MBProgress (2): 23/34 MB | 47/56 MBProgress (2): 23/34 MB | 47/56 MBProgress (2): 23/34 MB | 47/56 MBProgress (2): 23/34 MB | 47/56 MBProgress (2): 23/34 MB | 47/56 MBProgress (2): 23/34 MB | 47/56 MBProgress (2): 23/34 MB | 47/56 MBProgress (2): 23/34 MB | 47/56 MBProgress (2): 23/34 MB | 47/56 MBProgress (2): 23/34 MB | 47/56 MBProgress (2): 23/34 MB | 47/56 MBProgress (2): 23/34 MB | 47/56 MBProgress (2): 23/34 MB | 47/56 MBProgress (2): 23/34 MB | 47/56 MBProgress (2): 23/34 MB | 47/56 MBProgress (2): 23/34 MB | 47/56 MBProgress (2): 23/34 MB | 47/56 MBProgress (2): 23/34 MB | 47/56 MBProgress (2): 23/34 MB | 47/56 MBProgress (2): 23/34 MB | 47/56 MBProgress (2): 23/34 MB | 47/56 MBProgress (2): 23/34 MB | 47/56 MBProgress (2): 23/34 MB | 47/56 MBProgress (2): 23/34 MB | 47/56 MBProgress (2): 23/34 MB | 47/56 MBProgress (2): 23/34 MB | 47/56 MBProgress (2): 23/34 MB | 47/56 MBProgress (2): 23/34 MB | 47/56 MBProgress (2): 23/34 MB | 47/56 MBProgress (2): 23/34 MB | 47/56 MBProgress (2): 23/34 MB | 47/56 MBProgress (2): 23/34 MB | 47/56 MBProgress (2): 23/34 MB | 47/56 MBProgress (2): 23/34 MB | 47/56 MBProgress (2): 23/34 MB | 47/56 MBProgress (2): 23/34 MB | 47/56 MBProgress (2): 23/34 MB | 47/56 MBProgress (2): 23/34 MB | 47/56 MBProgress (2): 23/34 MB | 47/56 MBProgress (2): 23/34 MB | 47/56 MBProgress (2): 23/34 MB | 47/56 MBProgress (2): 23/34 MB | 47/56 MBProgress (2): 23/34 MB | 47/56 MBProgress (2): 23/34 MB | 47/56 MBProgress (2): 23/34 MB | 47/56 MBProgress (2): 23/34 MB | 47/56 MBProgress (2): 23/34 MB | 47/56 MBProgress (2): 23/34 MB | 47/56 MBProgress (2): 23/34 MB | 47/56 MBProgress (2): 23/34 MB | 47/56 MBProgress (2): 23/34 MB | 47/56 MBProgress (2): 23/34 MB | 47/56 MBProgress (2): 23/34 MB | 47/56 MBProgress (2): 23/34 MB | 47/56 MBProgress (2): 23/34 MB | 47/56 MBProgress (2): 23/34 MB | 47/56 MBProgress (2): 23/34 MB | 47/56 MBProgress (2): 23/34 MB | 47/56 MBProgress (2): 23/34 MB | 47/56 MBProgress (2): 23/34 MB | 47/56 MBProgress (2): 23/34 MB | 47/56 MBProgress (2): 23/34 MB | 47/56 MBProgress (2): 23/34 MB | 47/56 MBProgress (2): 23/34 MB | 47/56 MBProgress (2): 23/34 MB | 47/56 MBProgress (2): 23/34 MB | 47/56 MBProgress (2): 23/34 MB | 47/56 MBProgress (2): 23/34 MB | 47/56 MBProgress (2): 23/34 MB | 47/56 MBProgress (2): 23/34 MB | 47/56 MBProgress (2): 23/34 MB | 47/56 MBProgress (2): 23/34 MB | 47/56 MBProgress (2): 23/34 MB | 47/56 MBProgress (2): 23/34 MB | 47/56 MBProgress (2): 23/34 MB | 47/56 MBProgress (2): 23/34 MB | 47/56 MBProgress (2): 23/34 MB | 47/56 MBProgress (2): 23/34 MB | 47/56 MBProgress (2): 23/34 MB | 47/56 MBProgress (2): 23/34 MB | 47/56 MBProgress (2): 23/34 MB | 47/56 MBProgress (2): 23/34 MB | 47/56 MBProgress (2): 23/34 MB | 47/56 MBProgress (2): 23/34 MB | 47/56 MBProgress (2): 23/34 MB | 47/56 MBProgress (2): 23/34 MB | 47/56 MBProgress (2): 23/34 MB | 47/56 MBProgress (2): 23/34 MB | 47/56 MBProgress (2): 23/34 MB | 47/56 MBProgress (2): 23/34 MB | 47/56 MBProgress (2): 23/34 MB | 48/56 MBProgress (2): 23/34 MB | 48/56 MBProgress (2): 23/34 MB | 48/56 MBProgress (2): 23/34 MB | 48/56 MBProgress (2): 23/34 MB | 48/56 MBProgress (2): 23/34 MB | 48/56 MBProgress (2): 23/34 MB | 48/56 MBProgress (2): 23/34 MB | 48/56 MBProgress (2): 23/34 MB | 48/56 MBProgress (2): 23/34 MB | 48/56 MBProgress (2): 23/34 MB | 48/56 MBProgress (2): 23/34 MB | 48/56 MBProgress (2): 23/34 MB | 48/56 MBProgress (2): 23/34 MB | 48/56 MBProgress (2): 23/34 MB | 48/56 MBProgress (2): 23/34 MB | 48/56 MBProgress (2): 23/34 MB | 48/56 MBProgress (2): 23/34 MB | 48/56 MBProgress (2): 23/34 MB | 48/56 MBProgress (2): 23/34 MB | 48/56 MBProgress (2): 23/34 MB | 48/56 MBProgress (2): 23/34 MB | 48/56 MBProgress (2): 23/34 MB | 48/56 MBProgress (2): 23/34 MB | 48/56 MBProgress (2): 23/34 MB | 48/56 MBProgress (2): 23/34 MB | 48/56 MBProgress (2): 23/34 MB | 48/56 MBProgress (2): 23/34 MB | 48/56 MBProgress (2): 23/34 MB | 48/56 MBProgress (2): 23/34 MB | 48/56 MBProgress (2): 23/34 MB | 48/56 MBProgress (2): 23/34 MB | 48/56 MBProgress (2): 23/34 MB | 48/56 MBProgress (2): 23/34 MB | 48/56 MBProgress (2): 23/34 MB | 48/56 MBProgress (2): 24/34 MB | 48/56 MBProgress (2): 24/34 MB | 48/56 MBProgress (2): 24/34 MB | 48/56 MBProgress (2): 24/34 MB | 48/56 MBProgress (2): 24/34 MB | 48/56 MBProgress (2): 24/34 MB | 48/56 MBProgress (2): 24/34 MB | 48/56 MBProgress (2): 24/34 MB | 48/56 MBProgress (2): 24/34 MB | 48/56 MBProgress (2): 24/34 MB | 48/56 MBProgress (2): 24/34 MB | 48/56 MBProgress (2): 24/34 MB | 48/56 MBProgress (2): 24/34 MB | 48/56 MBProgress (2): 24/34 MB | 48/56 MBProgress (2): 24/34 MB | 48/56 MBProgress (2): 24/34 MB | 48/56 MBProgress (2): 24/34 MB | 48/56 MBProgress (2): 24/34 MB | 48/56 MBProgress (2): 24/34 MB | 48/56 MBProgress (2): 24/34 MB | 48/56 MBProgress (2): 24/34 MB | 48/56 MBProgress (2): 24/34 MB | 48/56 MBProgress (2): 24/34 MB | 48/56 MBProgress (2): 24/34 MB | 48/56 MBProgress (2): 24/34 MB | 48/56 MBProgress (2): 24/34 MB | 48/56 MBProgress (2): 24/34 MB | 48/56 MBProgress (2): 24/34 MB | 48/56 MBProgress (2): 24/34 MB | 48/56 MBProgress (2): 24/34 MB | 48/56 MBProgress (2): 24/34 MB | 48/56 MBProgress (2): 24/34 MB | 48/56 MBProgress (2): 24/34 MB | 48/56 MBProgress (2): 24/34 MB | 48/56 MBProgress (2): 24/34 MB | 48/56 MBProgress (2): 24/34 MB | 48/56 MBProgress (2): 24/34 MB | 48/56 MBProgress (2): 24/34 MB | 48/56 MBProgress (2): 24/34 MB | 48/56 MBProgress (2): 24/34 MB | 48/56 MBProgress (2): 24/34 MB | 48/56 MBProgress (2): 24/34 MB | 48/56 MBProgress (2): 24/34 MB | 48/56 MBProgress (2): 24/34 MB | 48/56 MBProgress (2): 24/34 MB | 48/56 MBProgress (2): 24/34 MB | 48/56 MBProgress (2): 24/34 MB | 48/56 MBProgress (2): 24/34 MB | 48/56 MBProgress (2): 24/34 MB | 48/56 MBProgress (2): 24/34 MB | 48/56 MBProgress (2): 24/34 MB | 48/56 MBProgress (2): 24/34 MB | 48/56 MBProgress (2): 24/34 MB | 49/56 MBProgress (2): 24/34 MB | 49/56 MBProgress (2): 24/34 MB | 49/56 MBProgress (2): 24/34 MB | 49/56 MBProgress (2): 24/34 MB | 49/56 MBProgress (2): 24/34 MB | 49/56 MBProgress (2): 24/34 MB | 49/56 MBProgress (2): 24/34 MB | 49/56 MBProgress (2): 24/34 MB | 49/56 MBProgress (2): 24/34 MB | 49/56 MBProgress (2): 24/34 MB | 49/56 MBProgress (2): 24/34 MB | 49/56 MBProgress (2): 24/34 MB | 49/56 MBProgress (2): 24/34 MB | 49/56 MBProgress (2): 24/34 MB | 49/56 MBProgress (2): 24/34 MB | 49/56 MBProgress (2): 24/34 MB | 49/56 MBProgress (2): 24/34 MB | 49/56 MBProgress (2): 24/34 MB | 49/56 MBProgress (2): 24/34 MB | 49/56 MBProgress (2): 24/34 MB | 49/56 MBProgress (2): 24/34 MB | 49/56 MBProgress (2): 24/34 MB | 49/56 MBProgress (2): 24/34 MB | 49/56 MBProgress (2): 24/34 MB | 49/56 MBProgress (2): 24/34 MB | 49/56 MBProgress (2): 24/34 MB | 49/56 MBProgress (2): 24/34 MB | 49/56 MBProgress (2): 24/34 MB | 49/56 MBProgress (2): 24/34 MB | 49/56 MBProgress (2): 24/34 MB | 49/56 MBProgress (2): 24/34 MB | 49/56 MBProgress (2): 24/34 MB | 49/56 MBProgress (2): 24/34 MB | 49/56 MBProgress (2): 24/34 MB | 49/56 MBProgress (2): 24/34 MB | 49/56 MBProgress (2): 24/34 MB | 49/56 MBProgress (2): 24/34 MB | 49/56 MBProgress (2): 24/34 MB | 49/56 MBProgress (2): 24/34 MB | 49/56 MBProgress (2): 24/34 MB | 49/56 MBProgress (2): 24/34 MB | 49/56 MBProgress (2): 24/34 MB | 49/56 MBProgress (2): 24/34 MB | 49/56 MBProgress (2): 24/34 MB | 49/56 MBProgress (2): 24/34 MB | 49/56 MBProgress (2): 24/34 MB | 49/56 MBProgress (2): 24/34 MB | 49/56 MBProgress (2): 24/34 MB | 49/56 MBProgress (2): 24/34 MB | 49/56 MBProgress (2): 24/34 MB | 49/56 MBProgress (2): 24/34 MB | 49/56 MBProgress (2): 24/34 MB | 49/56 MBProgress (2): 24/34 MB | 49/56 MBProgress (2): 24/34 MB | 49/56 MBProgress (2): 24/34 MB | 49/56 MBProgress (2): 24/34 MB | 49/56 MBProgress (2): 24/34 MB | 49/56 MBProgress (2): 24/34 MB | 49/56 MBProgress (2): 24/34 MB | 49/56 MBProgress (2): 24/34 MB | 49/56 MBProgress (2): 24/34 MB | 49/56 MBProgress (2): 24/34 MB | 49/56 MBProgress (2): 24/34 MB | 49/56 MBProgress (2): 24/34 MB | 49/56 MBProgress (2): 24/34 MB | 49/56 MBProgress (2): 24/34 MB | 49/56 MBProgress (2): 24/34 MB | 49/56 MBProgress (2): 24/34 MB | 49/56 MBProgress (2): 24/34 MB | 49/56 MBProgress (2): 24/34 MB | 49/56 MBProgress (2): 24/34 MB | 49/56 MBProgress (2): 24/34 MB | 49/56 MBProgress (2): 24/34 MB | 49/56 MBProgress (2): 24/34 MB | 49/56 MBProgress (2): 24/34 MB | 49/56 MBProgress (2): 24/34 MB | 49/56 MBProgress (2): 24/34 MB | 50/56 MBProgress (2): 24/34 MB | 50/56 MBProgress (2): 24/34 MB | 50/56 MBProgress (2): 24/34 MB | 50/56 MBProgress (2): 24/34 MB | 50/56 MBProgress (2): 24/34 MB | 50/56 MBProgress (2): 24/34 MB | 50/56 MBProgress (2): 24/34 MB | 50/56 MBProgress (2): 24/34 MB | 50/56 MBProgress (2): 24/34 MB | 50/56 MBProgress (2): 24/34 MB | 50/56 MBProgress (2): 24/34 MB | 50/56 MBProgress (2): 24/34 MB | 50/56 MBProgress (2): 24/34 MB | 50/56 MBProgress (2): 24/34 MB | 50/56 MBProgress (2): 24/34 MB | 50/56 MBProgress (2): 24/34 MB | 50/56 MBProgress (2): 24/34 MB | 50/56 MBProgress (2): 24/34 MB | 50/56 MBProgress (2): 24/34 MB | 50/56 MBProgress (2): 24/34 MB | 50/56 MBProgress (2): 24/34 MB | 50/56 MBProgress (2): 24/34 MB | 50/56 MBProgress (2): 24/34 MB | 50/56 MBProgress (2): 24/34 MB | 50/56 MBProgress (2): 24/34 MB | 50/56 MBProgress (2): 24/34 MB | 50/56 MBProgress (2): 24/34 MB | 50/56 MBProgress (2): 24/34 MB | 50/56 MBProgress (2): 24/34 MB | 50/56 MBProgress (2): 24/34 MB | 50/56 MBProgress (2): 24/34 MB | 50/56 MBProgress (2): 24/34 MB | 50/56 MBProgress (2): 24/34 MB | 50/56 MBProgress (2): 24/34 MB | 50/56 MBProgress (2): 24/34 MB | 50/56 MBProgress (2): 24/34 MB | 50/56 MBProgress (2): 24/34 MB | 50/56 MBProgress (2): 24/34 MB | 50/56 MBProgress (2): 24/34 MB | 50/56 MBProgress (2): 24/34 MB | 50/56 MBProgress (2): 24/34 MB | 50/56 MBProgress (2): 24/34 MB | 50/56 MBProgress (2): 24/34 MB | 50/56 MBProgress (2): 24/34 MB | 50/56 MBProgress (2): 24/34 MB | 50/56 MBProgress (2): 24/34 MB | 50/56 MBProgress (2): 24/34 MB | 50/56 MBProgress (2): 24/34 MB | 50/56 MBProgress (2): 24/34 MB | 50/56 MBProgress (2): 24/34 MB | 50/56 MBProgress (2): 24/34 MB | 50/56 MBProgress (2): 24/34 MB | 50/56 MBProgress (2): 24/34 MB | 50/56 MBProgress (2): 24/34 MB | 50/56 MBProgress (2): 24/34 MB | 50/56 MBProgress (2): 24/34 MB | 50/56 MBProgress (2): 24/34 MB | 50/56 MBProgress (2): 24/34 MB | 50/56 MBProgress (2): 24/34 MB | 50/56 MBProgress (2): 24/34 MB | 50/56 MBProgress (2): 24/34 MB | 50/56 MBProgress (2): 24/34 MB | 50/56 MBProgress (2): 24/34 MB | 50/56 MBProgress (2): 24/34 MB | 50/56 MBProgress (2): 24/34 MB | 50/56 MBProgress (2): 24/34 MB | 50/56 MBProgress (2): 24/34 MB | 50/56 MBProgress (2): 24/34 MB | 50/56 MBProgress (2): 24/34 MB | 50/56 MBProgress (2): 24/34 MB | 50/56 MBProgress (2): 24/34 MB | 50/56 MBProgress (2): 24/34 MB | 50/56 MBProgress (2): 24/34 MB | 50/56 MBProgress (2): 24/34 MB | 50/56 MBProgress (2): 24/34 MB | 50/56 MBProgress (2): 24/34 MB | 51/56 MBProgress (2): 24/34 MB | 51/56 MBProgress (2): 24/34 MB | 51/56 MBProgress (2): 24/34 MB | 51/56 MBProgress (2): 24/34 MB | 51/56 MBProgress (2): 24/34 MB | 51/56 MBProgress (2): 24/34 MB | 51/56 MBProgress (2): 24/34 MB | 51/56 MBProgress (2): 24/34 MB | 51/56 MBProgress (2): 24/34 MB | 51/56 MBProgress (2): 24/34 MB | 51/56 MBProgress (2): 24/34 MB | 51/56 MBProgress (2): 24/34 MB | 51/56 MBProgress (2): 24/34 MB | 51/56 MBProgress (2): 24/34 MB | 51/56 MBProgress (2): 24/34 MB | 51/56 MBProgress (2): 24/34 MB | 51/56 MBProgress (2): 24/34 MB | 51/56 MBProgress (2): 24/34 MB | 51/56 MBProgress (2): 24/34 MB | 51/56 MBProgress (2): 24/34 MB | 51/56 MBProgress (2): 24/34 MB | 51/56 MBProgress (2): 24/34 MB | 51/56 MBProgress (2): 24/34 MB | 51/56 MBProgress (2): 24/34 MB | 51/56 MBProgress (2): 24/34 MB | 51/56 MBProgress (2): 24/34 MB | 51/56 MBProgress (2): 24/34 MB | 51/56 MBProgress (2): 24/34 MB | 51/56 MBProgress (2): 24/34 MB | 51/56 MBProgress (2): 24/34 MB | 51/56 MBProgress (2): 24/34 MB | 51/56 MBProgress (2): 24/34 MB | 51/56 MBProgress (2): 24/34 MB | 51/56 MBProgress (2): 24/34 MB | 51/56 MBProgress (2): 24/34 MB | 51/56 MBProgress (2): 24/34 MB | 51/56 MBProgress (2): 24/34 MB | 51/56 MBProgress (2): 24/34 MB | 51/56 MBProgress (2): 24/34 MB | 51/56 MBProgress (2): 24/34 MB | 51/56 MBProgress (2): 24/34 MB | 51/56 MBProgress (2): 24/34 MB | 51/56 MBProgress (2): 24/34 MB | 51/56 MBProgress (2): 24/34 MB | 51/56 MBProgress (2): 24/34 MB | 51/56 MBProgress (2): 24/34 MB | 51/56 MBProgress (2): 24/34 MB | 51/56 MBProgress (2): 24/34 MB | 51/56 MBProgress (2): 25/34 MB | 51/56 MBProgress (2): 25/34 MB | 51/56 MBProgress (2): 25/34 MB | 51/56 MBProgress (2): 25/34 MB | 51/56 MBProgress (2): 25/34 MB | 51/56 MBProgress (2): 25/34 MB | 51/56 MBProgress (2): 25/34 MB | 51/56 MBProgress (2): 25/34 MB | 51/56 MBProgress (2): 25/34 MB | 51/56 MBProgress (2): 25/34 MB | 51/56 MBProgress (2): 25/34 MB | 51/56 MBProgress (2): 25/34 MB | 51/56 MBProgress (2): 25/34 MB | 51/56 MBProgress (2): 25/34 MB | 51/56 MBProgress (2): 25/34 MB | 51/56 MBProgress (2): 25/34 MB | 51/56 MBProgress (2): 25/34 MB | 51/56 MBProgress (2): 25/34 MB | 51/56 MBProgress (2): 25/34 MB | 51/56 MBProgress (2): 25/34 MB | 51/56 MBProgress (2): 25/34 MB | 51/56 MBProgress (2): 25/34 MB | 51/56 MBProgress (2): 25/34 MB | 51/56 MBProgress (2): 25/34 MB | 51/56 MBProgress (2): 25/34 MB | 51/56 MBProgress (2): 25/34 MB | 51/56 MBProgress (2): 25/34 MB | 51/56 MBProgress (2): 25/34 MB | 51/56 MBProgress (2): 25/34 MB | 51/56 MBProgress (2): 25/34 MB | 51/56 MBProgress (2): 25/34 MB | 51/56 MBProgress (2): 25/34 MB | 51/56 MBProgress (2): 25/34 MB | 51/56 MBProgress (2): 25/34 MB | 51/56 MBProgress (2): 25/34 MB | 51/56 MBProgress (2): 25/34 MB | 51/56 MBProgress (2): 25/34 MB | 51/56 MBProgress (2): 25/34 MB | 51/56 MBProgress (2): 25/34 MB | 51/56 MBProgress (2): 25/34 MB | 51/56 MBProgress (2): 25/34 MB | 51/56 MBProgress (2): 25/34 MB | 51/56 MBProgress (2): 25/34 MB | 51/56 MBProgress (2): 25/34 MB | 51/56 MBProgress (2): 25/34 MB | 52/56 MBProgress (2): 25/34 MB | 52/56 MBProgress (2): 25/34 MB | 52/56 MBProgress (2): 25/34 MB | 52/56 MBProgress (2): 25/34 MB | 52/56 MBProgress (2): 25/34 MB | 52/56 MBProgress (2): 25/34 MB | 52/56 MBProgress (2): 25/34 MB | 52/56 MBProgress (2): 25/34 MB | 52/56 MBProgress (2): 25/34 MB | 52/56 MBProgress (2): 25/34 MB | 52/56 MBProgress (2): 25/34 MB | 52/56 MBProgress (2): 25/34 MB | 52/56 MBProgress (2): 25/34 MB | 52/56 MBProgress (2): 25/34 MB | 52/56 MBProgress (2): 25/34 MB | 52/56 MBProgress (2): 25/34 MB | 52/56 MBProgress (2): 25/34 MB | 52/56 MBProgress (2): 25/34 MB | 52/56 MBProgress (2): 25/34 MB | 52/56 MBProgress (2): 25/34 MB | 52/56 MBProgress (2): 25/34 MB | 52/56 MBProgress (2): 25/34 MB | 52/56 MBProgress (2): 25/34 MB | 52/56 MBProgress (2): 25/34 MB | 52/56 MBProgress (2): 25/34 MB | 52/56 MBProgress (2): 25/34 MB | 52/56 MBProgress (2): 25/34 MB | 52/56 MBProgress (2): 25/34 MB | 52/56 MBProgress (2): 25/34 MB | 52/56 MBProgress (2): 25/34 MB | 52/56 MBProgress (2): 25/34 MB | 52/56 MBProgress (2): 25/34 MB | 52/56 MBProgress (2): 25/34 MB | 52/56 MBProgress (2): 25/34 MB | 52/56 MBProgress (2): 25/34 MB | 52/56 MBProgress (2): 25/34 MB | 52/56 MBProgress (2): 25/34 MB | 52/56 MBProgress (2): 25/34 MB | 52/56 MBProgress (2): 25/34 MB | 52/56 MBProgress (2): 25/34 MB | 52/56 MBProgress (2): 25/34 MB | 52/56 MBProgress (2): 25/34 MB | 52/56 MBProgress (2): 25/34 MB | 52/56 MBProgress (2): 25/34 MB | 52/56 MBProgress (2): 25/34 MB | 52/56 MBProgress (2): 25/34 MB | 52/56 MBProgress (2): 25/34 MB | 52/56 MBProgress (2): 25/34 MB | 52/56 MBProgress (2): 25/34 MB | 52/56 MBProgress (2): 25/34 MB | 52/56 MBProgress (2): 25/34 MB | 52/56 MBProgress (2): 25/34 MB | 52/56 MBProgress (2): 25/34 MB | 52/56 MBProgress (2): 25/34 MB | 52/56 MBProgress (2): 25/34 MB | 52/56 MBProgress (2): 25/34 MB | 52/56 MBProgress (2): 25/34 MB | 52/56 MBProgress (2): 25/34 MB | 52/56 MBProgress (2): 25/34 MB | 52/56 MBProgress (2): 25/34 MB | 52/56 MBProgress (2): 25/34 MB | 52/56 MBProgress (2): 25/34 MB | 52/56 MBProgress (2): 25/34 MB | 52/56 MBProgress (2): 25/34 MB | 52/56 MBProgress (2): 25/34 MB | 52/56 MBProgress (2): 25/34 MB | 52/56 MBProgress (2): 25/34 MB | 52/56 MBProgress (2): 25/34 MB | 52/56 MBProgress (2): 25/34 MB | 52/56 MBProgress (2): 25/34 MB | 52/56 MBProgress (2): 25/34 MB | 52/56 MBProgress (2): 25/34 MB | 52/56 MBProgress (2): 25/34 MB | 52/56 MBProgress (2): 25/34 MB | 52/56 MBProgress (2): 25/34 MB | 52/56 MBProgress (2): 25/34 MB | 52/56 MBProgress (2): 25/34 MB | 52/56 MBProgress (2): 25/34 MB | 52/56 MBProgress (2): 25/34 MB | 52/56 MBProgress (2): 25/34 MB | 52/56 MBProgress (2): 25/34 MB | 52/56 MBProgress (2): 25/34 MB | 52/56 MBProgress (2): 25/34 MB | 52/56 MBProgress (2): 25/34 MB | 52/56 MBProgress (2): 25/34 MB | 52/56 MBProgress (2): 25/34 MB | 52/56 MBProgress (2): 25/34 MB | 52/56 MBProgress (2): 25/34 MB | 52/56 MBProgress (2): 25/34 MB | 52/56 MBProgress (2): 25/34 MB | 52/56 MBProgress (2): 25/34 MB | 52/56 MBProgress (2): 25/34 MB | 52/56 MBProgress (2): 25/34 MB | 52/56 MBProgress (2): 25/34 MB | 52/56 MBProgress (2): 25/34 MB | 52/56 MBProgress (2): 25/34 MB | 52/56 MBProgress (2): 25/34 MB | 52/56 MBProgress (2): 25/34 MB | 52/56 MBProgress (2): 25/34 MB | 52/56 MBProgress (2): 25/34 MB | 52/56 MBProgress (2): 25/34 MB | 52/56 MBProgress (2): 25/34 MB | 52/56 MBProgress (2): 25/34 MB | 53/56 MBProgress (2): 25/34 MB | 53/56 MBProgress (2): 25/34 MB | 53/56 MBProgress (2): 25/34 MB | 53/56 MBProgress (2): 25/34 MB | 53/56 MBProgress (2): 25/34 MB | 53/56 MBProgress (2): 25/34 MB | 53/56 MBProgress (2): 25/34 MB | 53/56 MBProgress (2): 25/34 MB | 53/56 MBProgress (2): 25/34 MB | 53/56 MBProgress (2): 25/34 MB | 53/56 MBProgress (2): 26/34 MB | 53/56 MBProgress (2): 26/34 MB | 53/56 MBProgress (2): 26/34 MB | 53/56 MBProgress (2): 26/34 MB | 53/56 MBProgress (2): 26/34 MB | 53/56 MBProgress (2): 26/34 MB | 53/56 MBProgress (2): 26/34 MB | 53/56 MBProgress (2): 26/34 MB | 53/56 MBProgress (2): 26/34 MB | 53/56 MBProgress (2): 26/34 MB | 53/56 MBProgress (2): 26/34 MB | 53/56 MBProgress (2): 26/34 MB | 53/56 MBProgress (2): 26/34 MB | 53/56 MBProgress (2): 26/34 MB | 53/56 MBProgress (2): 26/34 MB | 53/56 MBProgress (2): 26/34 MB | 53/56 MBProgress (2): 26/34 MB | 53/56 MBProgress (2): 26/34 MB | 53/56 MBProgress (2): 26/34 MB | 53/56 MBProgress (2): 26/34 MB | 53/56 MBProgress (2): 26/34 MB | 53/56 MBProgress (2): 26/34 MB | 53/56 MBProgress (2): 26/34 MB | 53/56 MBProgress (2): 26/34 MB | 53/56 MBProgress (2): 26/34 MB | 53/56 MBProgress (2): 26/34 MB | 53/56 MBProgress (2): 26/34 MB | 53/56 MBProgress (2): 26/34 MB | 53/56 MBProgress (2): 26/34 MB | 53/56 MBProgress (2): 26/34 MB | 53/56 MBProgress (2): 26/34 MB | 53/56 MBProgress (2): 26/34 MB | 53/56 MBProgress (2): 26/34 MB | 53/56 MBProgress (2): 26/34 MB | 53/56 MBProgress (2): 26/34 MB | 53/56 MBProgress (2): 26/34 MB | 53/56 MBProgress (2): 26/34 MB | 53/56 MBProgress (2): 26/34 MB | 53/56 MBProgress (2): 26/34 MB | 53/56 MBProgress (2): 26/34 MB | 53/56 MBProgress (2): 26/34 MB | 53/56 MBProgress (2): 26/34 MB | 53/56 MBProgress (2): 26/34 MB | 53/56 MBProgress (2): 26/34 MB | 53/56 MBProgress (2): 26/34 MB | 53/56 MBProgress (2): 26/34 MB | 53/56 MBProgress (2): 26/34 MB | 53/56 MBProgress (2): 26/34 MB | 53/56 MBProgress (2): 26/34 MB | 53/56 MBProgress (2): 26/34 MB | 53/56 MBProgress (2): 26/34 MB | 53/56 MBProgress (2): 26/34 MB | 53/56 MBProgress (2): 26/34 MB | 53/56 MBProgress (2): 26/34 MB | 53/56 MBProgress (2): 26/34 MB | 53/56 MBProgress (2): 26/34 MB | 53/56 MBProgress (2): 26/34 MB | 53/56 MBProgress (2): 26/34 MB | 53/56 MBProgress (2): 26/34 MB | 53/56 MBProgress (2): 26/34 MB | 53/56 MBProgress (2): 26/34 MB | 53/56 MBProgress (2): 26/34 MB | 53/56 MBProgress (2): 26/34 MB | 53/56 MBProgress (2): 26/34 MB | 53/56 MBProgress (2): 26/34 MB | 53/56 MBProgress (2): 26/34 MB | 53/56 MBProgress (2): 26/34 MB | 53/56 MBProgress (2): 26/34 MB | 53/56 MBProgress (2): 26/34 MB | 53/56 MBProgress (2): 26/34 MB | 53/56 MBProgress (2): 26/34 MB | 53/56 MBProgress (2): 26/34 MB | 53/56 MBProgress (2): 26/34 MB | 53/56 MBProgress (2): 26/34 MB | 53/56 MBProgress (2): 26/34 MB | 53/56 MBProgress (2): 26/34 MB | 53/56 MBProgress (2): 26/34 MB | 53/56 MBProgress (2): 26/34 MB | 53/56 MBProgress (2): 26/34 MB | 53/56 MBProgress (2): 26/34 MB | 53/56 MBProgress (2): 26/34 MB | 53/56 MBProgress (2): 26/34 MB | 53/56 MBProgress (2): 26/34 MB | 53/56 MBProgress (2): 26/34 MB | 54/56 MBProgress (2): 26/34 MB | 54/56 MBProgress (2): 26/34 MB | 54/56 MBProgress (2): 26/34 MB | 54/56 MBProgress (2): 26/34 MB | 54/56 MBProgress (2): 26/34 MB | 54/56 MBProgress (2): 26/34 MB | 54/56 MBProgress (2): 26/34 MB | 54/56 MBProgress (2): 26/34 MB | 54/56 MBProgress (2): 26/34 MB | 54/56 MBProgress (2): 26/34 MB | 54/56 MBProgress (2): 26/34 MB | 54/56 MBProgress (2): 26/34 MB | 54/56 MBProgress (2): 26/34 MB | 54/56 MBProgress (2): 26/34 MB | 54/56 MBProgress (2): 26/34 MB | 54/56 MBProgress (2): 26/34 MB | 54/56 MBProgress (2): 26/34 MB | 54/56 MBProgress (2): 26/34 MB | 54/56 MBProgress (2): 26/34 MB | 54/56 MBProgress (2): 26/34 MB | 54/56 MBProgress (2): 26/34 MB | 54/56 MBProgress (2): 26/34 MB | 54/56 MBProgress (2): 26/34 MB | 54/56 MBProgress (2): 26/34 MB | 54/56 MBProgress (2): 26/34 MB | 54/56 MBProgress (2): 26/34 MB | 54/56 MBProgress (2): 26/34 MB | 54/56 MBProgress (2): 26/34 MB | 54/56 MBProgress (2): 26/34 MB | 54/56 MBProgress (2): 26/34 MB | 54/56 MBProgress (2): 26/34 MB | 54/56 MBProgress (2): 26/34 MB | 54/56 MBProgress (2): 26/34 MB | 54/56 MBProgress (2): 26/34 MB | 54/56 MBProgress (2): 26/34 MB | 54/56 MBProgress (2): 26/34 MB | 54/56 MBProgress (2): 26/34 MB | 54/56 MBProgress (2): 26/34 MB | 54/56 MBProgress (2): 26/34 MB | 54/56 MBProgress (2): 26/34 MB | 54/56 MBProgress (2): 26/34 MB | 54/56 MBProgress (2): 26/34 MB | 54/56 MBProgress (2): 26/34 MB | 54/56 MBProgress (2): 26/34 MB | 54/56 MBProgress (2): 26/34 MB | 54/56 MBProgress (2): 26/34 MB | 54/56 MBProgress (2): 26/34 MB | 54/56 MBProgress (2): 26/34 MB | 54/56 MBProgress (2): 26/34 MB | 54/56 MBProgress (2): 26/34 MB | 54/56 MBProgress (2): 26/34 MB | 54/56 MBProgress (2): 26/34 MB | 54/56 MBProgress (2): 26/34 MB | 54/56 MBProgress (2): 26/34 MB | 54/56 MBProgress (2): 26/34 MB | 54/56 MBProgress (2): 26/34 MB | 54/56 MBProgress (2): 26/34 MB | 54/56 MBProgress (2): 26/34 MB | 54/56 MBProgress (2): 26/34 MB | 54/56 MBProgress (2): 26/34 MB | 54/56 MBProgress (2): 26/34 MB | 54/56 MBProgress (2): 26/34 MB | 54/56 MBProgress (2): 26/34 MB | 54/56 MBProgress (2): 26/34 MB | 54/56 MBProgress (2): 26/34 MB | 54/56 MBProgress (2): 26/34 MB | 54/56 MBProgress (2): 26/34 MB | 54/56 MBProgress (2): 26/34 MB | 54/56 MBProgress (2): 26/34 MB | 54/56 MBProgress (2): 26/34 MB | 54/56 MBProgress (2): 26/34 MB | 54/56 MBProgress (2): 26/34 MB | 54/56 MBProgress (2): 26/34 MB | 54/56 MBProgress (2): 26/34 MB | 54/56 MBProgress (2): 26/34 MB | 54/56 MBProgress (2): 26/34 MB | 54/56 MBProgress (2): 26/34 MB | 54/56 MBProgress (2): 26/34 MB | 54/56 MBProgress (2): 26/34 MB | 54/56 MBProgress (2): 26/34 MB | 54/56 MBProgress (2): 26/34 MB | 55/56 MBProgress (2): 26/34 MB | 55/56 MBProgress (2): 26/34 MB | 55/56 MBProgress (2): 26/34 MB | 55/56 MBProgress (2): 26/34 MB | 55/56 MBProgress (2): 26/34 MB | 55/56 MBProgress (2): 26/34 MB | 55/56 MBProgress (2): 26/34 MB | 55/56 MBProgress (2): 26/34 MB | 55/56 MBProgress (2): 26/34 MB | 55/56 MBProgress (2): 26/34 MB | 55/56 MBProgress (2): 26/34 MB | 55/56 MBProgress (2): 26/34 MB | 55/56 MBProgress (2): 26/34 MB | 55/56 MBProgress (2): 26/34 MB | 55/56 MBProgress (2): 26/34 MB | 55/56 MBProgress (2): 26/34 MB | 55/56 MBProgress (2): 26/34 MB | 55/56 MBProgress (2): 26/34 MB | 55/56 MBProgress (2): 26/34 MB | 55/56 MBProgress (2): 26/34 MB | 55/56 MBProgress (2): 26/34 MB | 55/56 MBProgress (2): 26/34 MB | 55/56 MBProgress (2): 26/34 MB | 55/56 MBProgress (2): 26/34 MB | 55/56 MBProgress (2): 27/34 MB | 55/56 MBProgress (2): 27/34 MB | 55/56 MBProgress (2): 27/34 MB | 55/56 MBProgress (2): 27/34 MB | 55/56 MBProgress (2): 27/34 MB | 55/56 MBProgress (2): 27/34 MB | 55/56 MBProgress (2): 27/34 MB | 55/56 MBProgress (2): 27/34 MB | 55/56 MBProgress (2): 27/34 MB | 55/56 MBProgress (2): 27/34 MB | 55/56 MBProgress (2): 27/34 MB | 55/56 MBProgress (2): 27/34 MB | 55/56 MBProgress (2): 27/34 MB | 55/56 MBProgress (2): 27/34 MB | 55/56 MBProgress (2): 27/34 MB | 55/56 MBProgress (2): 27/34 MB | 55/56 MBProgress (2): 27/34 MB | 55/56 MBProgress (2): 27/34 MB | 55/56 MBProgress (2): 27/34 MB | 55/56 MBProgress (2): 27/34 MB | 55/56 MBProgress (2): 27/34 MB | 55/56 MBProgress (2): 27/34 MB | 55/56 MBProgress (2): 27/34 MB | 55/56 MBProgress (2): 27/34 MB | 55/56 MBProgress (2): 27/34 MB | 55/56 MBProgress (2): 27/34 MB | 55/56 MBProgress (2): 27/34 MB | 55/56 MBProgress (2): 27/34 MB | 55/56 MBProgress (2): 27/34 MB | 55/56 MBProgress (2): 27/34 MB | 55/56 MBProgress (2): 27/34 MB | 55/56 MBProgress (2): 27/34 MB | 55/56 MBProgress (2): 27/34 MB | 55/56 MBProgress (2): 27/34 MB | 55/56 MBProgress (2): 27/34 MB | 55/56 MBProgress (2): 27/34 MB | 55/56 MBProgress (2): 27/34 MB | 55/56 MBProgress (2): 27/34 MB | 55/56 MBProgress (2): 27/34 MB | 55/56 MBProgress (2): 27/34 MB | 55/56 MBProgress (2): 27/34 MB | 55/56 MBProgress (2): 27/34 MB | 55/56 MBProgress (2): 27/34 MB | 55/56 MBProgress (2): 27/34 MB | 55/56 MBProgress (2): 27/34 MB | 55/56 MBProgress (2): 27/34 MB | 55/56 MBProgress (2): 27/34 MB | 55/56 MBProgress (2): 27/34 MB | 55/56 MBProgress (2): 27/34 MB | 55/56 MBProgress (2): 27/34 MB | 55/56 MBProgress (2): 27/34 MB | 55/56 MBProgress (2): 27/34 MB | 55/56 MBProgress (2): 27/34 MB | 55/56 MBProgress (2): 27/34 MB | 55/56 MBProgress (2): 27/34 MB | 55/56 MBProgress (2): 27/34 MB | 55/56 MBProgress (2): 27/34 MB | 55/56 MBProgress (2): 27/34 MB | 55/56 MBProgress (2): 27/34 MB | 55/56 MBProgress (2): 27/34 MB | 55/56 MBProgress (2): 27/34 MB | 55/56 MBProgress (2): 27/34 MB | 55/56 MBProgress (2): 27/34 MB | 55/56 MBProgress (2): 27/34 MB | 55/56 MBProgress (2): 27/34 MB | 55/56 MBProgress (2): 27/34 MB | 55/56 MBProgress (2): 27/34 MB | 55/56 MBProgress (2): 27/34 MB | 56/56 MBProgress (2): 27/34 MB | 56/56 MBProgress (2): 27/34 MB | 56/56 MBProgress (2): 27/34 MB | 56/56 MBProgress (2): 27/34 MB | 56/56 MBProgress (2): 27/34 MB | 56/56 MBProgress (2): 27/34 MB | 56/56 MBProgress (2): 27/34 MB | 56/56 MBProgress (2): 27/34 MB | 56/56 MBProgress (2): 27/34 MB | 56/56 MBProgress (2): 27/34 MB | 56/56 MBProgress (2): 27/34 MB | 56/56 MBProgress (2): 27/34 MB | 56/56 MBProgress (2): 27/34 MB | 56/56 MBProgress (2): 27/34 MB | 56/56 MBProgress (2): 27/34 MB | 56/56 MBProgress (2): 27/34 MB | 56/56 MBProgress (2): 27/34 MB | 56/56 MBProgress (2): 27/34 MB | 56/56 MBProgress (2): 27/34 MB | 56/56 MBProgress (2): 27/34 MB | 56/56 MBProgress (2): 27/34 MB | 56/56 MBProgress (2): 27/34 MB | 56/56 MBProgress (2): 27/34 MB | 56/56 MBProgress (2): 27/34 MB | 56/56 MBProgress (2): 27/34 MB | 56/56 MBProgress (2): 27/34 MB | 56/56 MBProgress (2): 27/34 MB | 56/56 MBProgress (2): 27/34 MB | 56/56 MBProgress (2): 27/34 MB | 56/56 MBProgress (2): 27/34 MB | 56/56 MBProgress (2): 27/34 MB | 56/56 MBProgress (2): 27/34 MB | 56/56 MBProgress (2): 27/34 MB | 56/56 MBProgress (2): 27/34 MB | 56/56 MBProgress (2): 27/34 MB | 56/56 MBProgress (2): 27/34 MB | 56/56 MBProgress (2): 27/34 MB | 56/56 MBProgress (2): 27/34 MB | 56/56 MBProgress (2): 27/34 MB | 56/56 MBProgress (2): 27/34 MB | 56/56 MBProgress (2): 27/34 MB | 56/56 MBProgress (2): 27/34 MB | 56/56 MBProgress (2): 27/34 MB | 56/56 MBProgress (2): 27/34 MB | 56 MB   Progress (2): 27/34 MB | 56 MBProgress (2): 27/34 MB | 56 MBProgress (2): 27/34 MB | 56 MBProgress (2): 27/34 MB | 56 MBProgress (2): 27/34 MB | 56 MBProgress (2): 27/34 MB | 56 MBProgress (2): 27/34 MB | 56 MBProgress (2): 27/34 MB | 56 MBProgress (2): 27/34 MB | 56 MBProgress (2): 27/34 MB | 56 MBProgress (2): 27/34 MB | 56 MBProgress (2): 27/34 MB | 56 MBProgress (2): 27/34 MB | 56 MBProgress (2): 27/34 MB | 56 MBProgress (2): 27/34 MB | 56 MBProgress (2): 27/34 MB | 56 MBProgress (2): 27/34 MB | 56 MBProgress (2): 27/34 MB | 56 MBProgress (2): 27/34 MB | 56 MBProgress (2): 27/34 MB | 56 MBProgress (2): 27/34 MB | 56 MBProgress (2): 27/34 MB | 56 MBProgress (2): 27/34 MB | 56 MBProgress (2): 27/34 MB | 56 MBProgress (2): 27/34 MB | 56 MBProgress (2): 27/34 MB | 56 MBProgress (2): 27/34 MB | 56 MBProgress (2): 27/34 MB | 56 MBProgress (2): 27/34 MB | 56 MBProgress (2): 27/34 MB | 56 MBProgress (2): 27/34 MB | 56 MBProgress (2): 27/34 MB | 56 MBProgress (2): 28/34 MB | 56 MBProgress (2): 28/34 MB | 56 MBProgress (2): 28/34 MB | 56 MBProgress (2): 28/34 MB | 56 MBProgress (2): 28/34 MB | 56 MBProgress (2): 28/34 MB | 56 MBProgress (2): 28/34 MB | 56 MBProgress (2): 28/34 MB | 56 MBProgress (2): 28/34 MB | 56 MBProgress (2): 28/34 MB | 56 MBProgress (2): 28/34 MB | 56 MBProgress (2): 28/34 MB | 56 MBProgress (2): 28/34 MB | 56 MBProgress (2): 28/34 MB | 56 MBProgress (2): 28/34 MB | 56 MBProgress (2): 28/34 MB | 56 MBProgress (2): 28/34 MB | 56 MBProgress (2): 28/34 MB | 56 MBProgress (2): 28/34 MB | 56 MBProgress (2): 28/34 MB | 56 MBProgress (2): 28/34 MB | 56 MBProgress (2): 28/34 MB | 56 MBProgress (2): 28/34 MB | 56 MBProgress (2): 28/34 MB | 56 MBProgress (2): 28/34 MB | 56 MBProgress (2): 28/34 MB | 56 MBProgress (2): 28/34 MB | 56 MBProgress (2): 28/34 MB | 56 MBProgress (2): 28/34 MB | 56 MBProgress (2): 28/34 MB | 56 MBProgress (2): 28/34 MB | 56 MBProgress (2): 28/34 MB | 56 MBProgress (2): 28/34 MB | 56 MBProgress (2): 28/34 MB | 56 MBProgress (2): 28/34 MB | 56 MBProgress (2): 28/34 MB | 56 MBProgress (2): 28/34 MB | 56 MBProgress (2): 28/34 MB | 56 MBProgress (2): 28/34 MB | 56 MBProgress (2): 28/34 MB | 56 MBProgress (2): 28/34 MB | 56 MBProgress (2): 28/34 MB | 56 MBProgress (2): 28/34 MB | 56 MBProgress (2): 28/34 MB | 56 MBProgress (2): 28/34 MB | 56 MBProgress (2): 28/34 MB | 56 MBProgress (2): 28/34 MB | 56 MBProgress (2): 28/34 MB | 56 MBProgress (2): 28/34 MB | 56 MBProgress (2): 28/34 MB | 56 MBProgress (2): 28/34 MB | 56 MBProgress (2): 28/34 MB | 56 MB                              Downloaded from aliyun: https://maven.aliyun.com/repository/public/org/jeecgframework/jimureport/jimureport-echarts-starter/2.1.1/jimureport-echarts-starter-2.1.1.jar (56 MB at 3.5 MB/s)
Progress (1): 28/34 MBProgress (1): 28/34 MBProgress (1): 28/34 MBProgress (1): 28/34 MBProgress (1): 28/34 MBProgress (1): 28/34 MBProgress (1): 28/34 MBProgress (1): 28/34 MBProgress (1): 28/34 MBProgress (1): 29/34 MBProgress (1): 29/34 MBProgress (1): 29/34 MBProgress (1): 29/34 MBProgress (1): 29/34 MBProgress (1): 29/34 MBProgress (1): 29/34 MBProgress (1): 29/34 MBProgress (1): 29/34 MBProgress (1): 29/34 MBProgress (1): 29/34 MBProgress (1): 29/34 MBProgress (1): 29/34 MBProgress (1): 29/34 MBProgress (1): 29/34 MBProgress (1): 29/34 MBProgress (1): 29/34 MBProgress (1): 29/34 MBProgress (1): 29/34 MBProgress (1): 29/34 MBProgress (1): 29/34 MBProgress (1): 29/34 MBProgress (1): 29/34 MBProgress (1): 29/34 MBProgress (1): 29/34 MBProgress (1): 29/34 MBProgress (1): 29/34 MBProgress (1): 29/34 MBProgress (1): 29/34 MBProgress (1): 29/34 MBProgress (1): 29/34 MBProgress (1): 29/34 MBProgress (1): 29/34 MBProgress (1): 29/34 MBProgress (1): 29/34 MBProgress (1): 29/34 MBProgress (1): 29/34 MBProgress (1): 29/34 MBProgress (1): 29/34 MBProgress (1): 29/34 MBProgress (1): 29/34 MBProgress (1): 29/34 MBProgress (1): 29/34 MBProgress (1): 29/34 MBProgress (1): 29/34 MBProgress (1): 29/34 MBProgress (1): 29/34 MBProgress (1): 29/34 MBProgress (1): 29/34 MBProgress (1): 29/34 MBProgress (1): 29/34 MBProgress (1): 29/34 MBProgress (1): 29/34 MBProgress (1): 29/34 MBProgress (1): 29/34 MBProgress (1): 29/34 MBProgress (1): 29/34 MBProgress (1): 29/34 MBProgress (1): 29/34 MBProgress (1): 29/34 MBProgress (1): 29/34 MBProgress (1): 30/34 MBProgress (1): 30/34 MBProgress (1): 30/34 MBProgress (1): 30/34 MBProgress (1): 30/34 MBProgress (1): 30/34 MBProgress (1): 30/34 MBProgress (1): 30/34 MBProgress (1): 30/34 MBProgress (1): 30/34 MBProgress (1): 30/34 MBProgress (1): 30/34 MBProgress (1): 30/34 MBProgress (1): 30/34 MBProgress (1): 30/34 MBProgress (1): 30/34 MBProgress (1): 30/34 MBProgress (1): 30/34 MBProgress (1): 30/34 MBProgress (1): 30/34 MBProgress (1): 30/34 MBProgress (1): 30/34 MBProgress (1): 30/34 MBProgress (1): 30/34 MBProgress (1): 30/34 MBProgress (1): 30/34 MBProgress (1): 30/34 MBProgress (1): 30/34 MBProgress (1): 30/34 MBProgress (1): 30/34 MBProgress (1): 30/34 MBProgress (1): 30/34 MBProgress (1): 30/34 MBProgress (1): 30/34 MBProgress (1): 30/34 MBProgress (1): 30/34 MBProgress (1): 30/34 MBProgress (1): 30/34 MBProgress (1): 30/34 MBProgress (1): 30/34 MBProgress (1): 30/34 MBProgress (1): 30/34 MBProgress (1): 30/34 MBProgress (1): 30/34 MBProgress (1): 30/34 MBProgress (1): 30/34 MBProgress (1): 30/34 MBProgress (1): 30/34 MBProgress (1): 30/34 MBProgress (1): 30/34 MBProgress (1): 30/34 MBProgress (1): 30/34 MBProgress (1): 30/34 MBProgress (1): 30/34 MBProgress (1): 30/34 MBProgress (1): 30/34 MBProgress (1): 30/34 MBProgress (1): 30/34 MBProgress (1): 30/34 MBProgress (1): 30/34 MBProgress (1): 30/34 MBProgress (1): 31/34 MBProgress (1): 31/34 MBProgress (1): 31/34 MBProgress (1): 31/34 MBProgress (1): 31/34 MBProgress (1): 31/34 MBProgress (1): 31/34 MBProgress (1): 31/34 MBProgress (1): 31/34 MBProgress (1): 31/34 MBProgress (1): 31/34 MBProgress (1): 31/34 MBProgress (1): 31/34 MBProgress (1): 31/34 MBProgress (1): 31/34 MBProgress (1): 31/34 MBProgress (1): 31/34 MBProgress (1): 31/34 MBProgress (1): 31/34 MBProgress (1): 31/34 MBProgress (1): 31/34 MBProgress (1): 31/34 MBProgress (1): 31/34 MBProgress (1): 31/34 MBProgress (1): 31/34 MBProgress (1): 31/34 MBProgress (1): 31/34 MBProgress (1): 31/34 MBProgress (1): 31/34 MBProgress (1): 31/34 MBProgress (1): 31/34 MBProgress (1): 31/34 MBProgress (1): 31/34 MBProgress (1): 31/34 MBProgress (1): 31/34 MBProgress (1): 31/34 MBProgress (1): 31/34 MBProgress (1): 31/34 MBProgress (1): 31/34 MBProgress (1): 31/34 MBProgress (1): 31/34 MBProgress (1): 31/34 MBProgress (1): 31/34 MBProgress (1): 31/34 MBProgress (1): 31/34 MBProgress (1): 31/34 MBProgress (1): 31/34 MBProgress (1): 31/34 MBProgress (1): 31/34 MBProgress (1): 31/34 MBProgress (1): 31/34 MBProgress (1): 31/34 MBProgress (1): 31/34 MBProgress (1): 31/34 MBProgress (1): 31/34 MBProgress (1): 31/34 MBProgress (1): 31/34 MBProgress (1): 31/34 MBProgress (1): 31/34 MBProgress (1): 31/34 MBProgress (1): 31/34 MBProgress (1): 32/34 MBProgress (1): 32/34 MBProgress (1): 32/34 MBProgress (1): 32/34 MBProgress (1): 32/34 MBProgress (1): 32/34 MBProgress (1): 32/34 MBProgress (1): 32/34 MBProgress (1): 32/34 MBProgress (1): 32/34 MBProgress (1): 32/34 MBProgress (1): 32/34 MBProgress (1): 32/34 MBProgress (1): 32/34 MBProgress (1): 32/34 MBProgress (1): 32/34 MBProgress (1): 32/34 MBProgress (1): 32/34 MBProgress (1): 32/34 MBProgress (1): 32/34 MBProgress (1): 32/34 MBProgress (1): 32/34 MBProgress (1): 32/34 MBProgress (1): 32/34 MBProgress (1): 32/34 MBProgress (1): 32/34 MBProgress (1): 32/34 MBProgress (1): 32/34 MBProgress (1): 32/34 MBProgress (1): 32/34 MBProgress (1): 32/34 MBProgress (1): 32/34 MBProgress (1): 32/34 MBProgress (1): 32/34 MBProgress (1): 32/34 MBProgress (1): 32/34 MBProgress (1): 32/34 MBProgress (1): 32/34 MBProgress (1): 32/34 MBProgress (1): 32/34 MBProgress (1): 32/34 MBProgress (1): 32/34 MBProgress (1): 32/34 MBProgress (1): 32/34 MBProgress (1): 32/34 MBProgress (1): 32/34 MBProgress (1): 32/34 MBProgress (1): 32/34 MBProgress (1): 32/34 MBProgress (1): 32/34 MBProgress (1): 32/34 MBProgress (1): 32/34 MBProgress (1): 32/34 MBProgress (1): 32/34 MBProgress (1): 32/34 MBProgress (1): 32/34 MBProgress (1): 32/34 MBProgress (1): 32/34 MBProgress (1): 32/34 MBProgress (1): 32/34 MBProgress (1): 32/34 MBProgress (1): 33/34 MBProgress (1): 33/34 MBProgress (1): 33/34 MBProgress (1): 33/34 MBProgress (1): 33/34 MBProgress (1): 33/34 MBProgress (1): 33/34 MBProgress (1): 33/34 MBProgress (1): 33/34 MBProgress (1): 33/34 MBProgress (1): 33/34 MBProgress (1): 33/34 MBProgress (1): 33/34 MBProgress (1): 33/34 MBProgress (1): 33/34 MBProgress (1): 33/34 MBProgress (1): 33/34 MBProgress (1): 33/34 MBProgress (1): 33/34 MBProgress (1): 33/34 MBProgress (1): 33/34 MBProgress (1): 33/34 MBProgress (1): 33/34 MBProgress (1): 33/34 MBProgress (1): 33/34 MBProgress (1): 33/34 MBProgress (1): 33/34 MBProgress (1): 33/34 MBProgress (1): 33/34 MBProgress (1): 33/34 MBProgress (1): 33/34 MBProgress (1): 33/34 MBProgress (1): 33/34 MBProgress (1): 33/34 MBProgress (1): 33/34 MBProgress (1): 33/34 MBProgress (1): 33/34 MBProgress (1): 33/34 MBProgress (1): 33/34 MBProgress (1): 33/34 MBProgress (1): 33/34 MBProgress (1): 33/34 MBProgress (1): 33/34 MBProgress (1): 33/34 MBProgress (1): 33/34 MBProgress (1): 33/34 MBProgress (1): 33/34 MBProgress (1): 33/34 MBProgress (1): 33/34 MBProgress (1): 33/34 MBProgress (1): 33/34 MBProgress (1): 33/34 MBProgress (1): 33/34 MBProgress (1): 33/34 MBProgress (1): 33/34 MBProgress (1): 33/34 MBProgress (1): 33/34 MBProgress (1): 33/34 MBProgress (1): 33/34 MBProgress (1): 33/34 MBProgress (1): 33/34 MBProgress (1): 34/34 MBProgress (1): 34/34 MBProgress (1): 34/34 MBProgress (1): 34/34 MBProgress (1): 34/34 MBProgress (1): 34/34 MBProgress (1): 34/34 MBProgress (1): 34/34 MBProgress (1): 34/34 MBProgress (1): 34/34 MBProgress (1): 34/34 MBProgress (1): 34/34 MBProgress (1): 34/34 MBProgress (1): 34/34 MBProgress (1): 34/34 MBProgress (1): 34/34 MBProgress (1): 34/34 MBProgress (1): 34/34 MBProgress (1): 34/34 MBProgress (1): 34 MB                      Downloaded from aliyun: https://maven.aliyun.com/repository/public/org/jeecgframework/jimureport/jimureport-font/1.2.0/jimureport-font-1.2.0.jar (34 MB at 2.0 MB/s)
[INFO] 
[INFO] --- resources:3.1.0:resources (default-resources) @ jeecg-system-biz ---
[INFO] Using 'UTF-8' encoding to copy filtered resources.
[INFO] Copying 536 resources
[INFO] Copying 109 resources
[INFO] 
[INFO] --- compiler:3.14.0:compile (default-compile) @ jeecg-system-biz ---
[INFO] Recompiling the module because of changed dependency.
[INFO] Compiling 817 source files with javac [debug parameters release 17] to target\classes
[WARNING] /D:/gmj/date/2026/project_kolbox/backend/jeecg-module-system/jeecg-system-biz/src/main/java/org/jeecg/modules/instagram/storeseller/storeuser/model/SellerCollectionAndCelebrityModel.java:[8,1] Generating equals/hashCode implementation but without a call to superclass, even though this class does not extend java.lang.Object. If this is intentional, add '@EqualsAndHashCode(callSuper=false)' to your type.
[WARNING] /D:/gmj/date/2026/project_kolbox/backend/jeecg-module-system/jeecg-system-biz/src/main/java/org/jeecg/modules/instagram/storecelebrity/model/PrivateProductModel.java:[13,1] Generating equals/hashCode implementation but without a call to superclass, even though this class does not extend java.lang.Object. If this is intentional, add '@EqualsAndHashCode(callSuper=false)' to your type.
[WARNING] /D:/gmj/date/2026/project_kolbox/backend/jeecg-module-system/jeecg-system-biz/src/main/java/org/jeecg/modules/instagram/storecelebrity/model/DetailsMerchantEmailModel.java:[10,1] Generating equals/hashCode implementation but without a call to superclass, even though this class does not extend java.lang.Object. If this is intentional, add '@EqualsAndHashCode(callSuper=false)' to your type.
[WARNING] /D:/gmj/date/2026/project_kolbox/backend/jeecg-module-system/jeecg-system-biz/src/main/java/org/jeecg/modules/instagram/storecelebrity/model/StoreCelebritySettlementModel.java:[6,1] Generating equals/hashCode implementation but without a call to superclass, even though this class does not extend java.lang.Object. If this is intentional, add '@EqualsAndHashCode(callSuper=false)' to your type.
[WARNING] /D:/gmj/date/2026/project_kolbox/backend/jeecg-module-system/jeecg-system-biz/src/main/java/org/jeecg/modules/instagram/storepromotion/model/StorePackagePurchaseConsumeModel.java:[6,1] Generating equals/hashCode implementation but without a call to superclass, even though this class does not extend java.lang.Object. If this is intentional, add '@EqualsAndHashCode(callSuper=false)' to your type.
[WARNING] /D:/gmj/date/2026/project_kolbox/backend/jeecg-module-system/jeecg-system-biz/src/main/java/org/jeecg/modules/instagram/storepromotion/model/StoreSensitiveWordModel.java:[9,1] Generating equals/hashCode implementation but without a call to superclass, even though this class does not extend java.lang.Object. If this is intentional, add '@EqualsAndHashCode(callSuper=false)' to your type.
[WARNING] /D:/gmj/date/2026/project_kolbox/backend/jeecg-module-system/jeecg-system-biz/src/main/java/org/jeecg/modules/instagram/storecelebrity/model/CelebrityPrivateGoodsDetailModel.java:[6,1] Generating equals/hashCode implementation but without a call to superclass, even though this class does not extend java.lang.Object. If this is intentional, add '@EqualsAndHashCode(callSuper=false)' to your type.
[WARNING] /D:/gmj/date/2026/project_kolbox/backend/jeecg-module-system/jeecg-system-biz/src/main/java/org/jeecg/modules/instagram/storeseller/storeuser/model/StoreUserPromotionModel.java:[15,1] Generating equals/hashCode implementation but without a call to superclass, even though this class does not extend java.lang.Object. If this is intentional, add '@EqualsAndHashCode(callSuper=false)' to your type.
[WARNING] /D:/gmj/date/2026/project_kolbox/backend/jeecg-module-system/jeecg-system-biz/src/main/java/org/jeecg/modules/instagram/storecelebrity/model/StoreCelebrityPrivateProductModel.java:[14,1] Generating equals/hashCode implementation but without a call to superclass, even though this class does not extend java.lang.Object. If this is intentional, add '@EqualsAndHashCode(callSuper=false)' to your type.
[WARNING] /D:/gmj/date/2026/project_kolbox/backend/jeecg-module-system/jeecg-system-biz/src/main/java/org/jeecg/modules/instagram/storeseller/storeuser/model/StoreSaleResultModel.java:[6,1] Generating equals/hashCode implementation but without a call to superclass, even though this class does not extend java.lang.Object. If this is intentional, add '@EqualsAndHashCode(callSuper=false)' to your type.
[WARNING] /D:/gmj/date/2026/project_kolbox/backend/jeecg-module-system/jeecg-system-biz/src/main/java/org/jeecg/modules/instagram/storecelebrity/model/MessageTemplateModel.java:[9,1] Generating equals/hashCode implementation but without a call to superclass, even though this class does not extend java.lang.Object. If this is intentional, add '@EqualsAndHashCode(callSuper=false)' to your type.
[WARNING] /D:/gmj/date/2026/project_kolbox/backend/jeecg-module-system/jeecg-system-biz/src/main/java/org/jeecg/modules/instagram/storecelebrity/model/StoreCelebrityPriceModel.java:[16,1] Generating equals/hashCode implementation but without a call to superclass, even though this class does not extend java.lang.Object. If this is intentional, add '@EqualsAndHashCode(callSuper=false)' to your type.
[WARNING] /D:/gmj/date/2026/project_kolbox/backend/jeecg-module-system/jeecg-system-biz/src/main/java/org/jeecg/modules/instagram/storecelebrity/model/CelebrityEmailStatisticsModel.java:[8,1] Generating equals/hashCode implementation but without a call to superclass, even though this class does not extend java.lang.Object. If this is intentional, add '@EqualsAndHashCode(callSuper=false)' to your type.
[WARNING] /D:/gmj/date/2026/project_kolbox/backend/jeecg-module-system/jeecg-system-biz/src/main/java/org/jeecg/modules/instagram/storemail/model/EmailAccountModel.java:[6,1] Generating equals/hashCode implementation but without a call to superclass, even though this class does not extend java.lang.Object. If this is intentional, add '@EqualsAndHashCode(callSuper=false)' to your type.
[WARNING] /D:/gmj/date/2026/project_kolbox/backend/jeecg-module-system/jeecg-system-biz/src/main/java/org/jeecg/modules/instagram/storecelebrity/model/FinancialStatisticsModel.java:[6,1] Generating equals/hashCode implementation but without a call to superclass, even though this class does not extend java.lang.Object. If this is intentional, add '@EqualsAndHashCode(callSuper=false)' to your type.
[WARNING] /D:/gmj/date/2026/project_kolbox/backend/jeecg-module-system/jeecg-system-biz/src/main/java/org/jeecg/modules/instagram/storecelebrity/model/MessagePushDetailModel.java:[10,1] Generating equals/hashCode implementation but without a call to superclass, even though this class does not extend java.lang.Object. If this is intentional, add '@EqualsAndHashCode(callSuper=false)' to your type.
[WARNING] /D:/gmj/date/2026/project_kolbox/backend/jeecg-module-system/jeecg-system-biz/src/main/java/org/jeecg/modules/instagram/storeseller/storeuser/model/SellerCollectionModel.java:[6,1] Generating equals/hashCode implementation but without a call to superclass, even though this class does not extend java.lang.Object. If this is intentional, add '@EqualsAndHashCode(callSuper=false)' to your type.
[WARNING] /D:/gmj/date/2026/project_kolbox/backend/jeecg-module-system/jeecg-system-biz/src/main/java/org/jeecg/modules/instagram/storecelebrity/model/StoreCelebrityModel.java:[25,1] Generating equals/hashCode implementation but without a call to superclass, even though this class does not extend java.lang.Object. If this is intentional, add '@EqualsAndHashCode(callSuper=false)' to your type.
[WARNING] /D:/gmj/date/2026/project_kolbox/backend/jeecg-module-system/jeecg-system-biz/src/main/java/org/jeecg/modules/instagram/storepromotion/model/StoreSellerGoodsModel.java:[8,1] Generating equals/hashCode implementation but without a call to superclass, even though this class does not extend java.lang.Object. If this is intentional, add '@EqualsAndHashCode(callSuper=false)' to your type.
[WARNING] /D:/gmj/date/2026/project_kolbox/backend/jeecg-module-system/jeecg-system-biz/src/main/java/org/jeecg/modules/instagram/storecelebrity/model/StoreCelebrityFollowupModel.java:[6,1] Generating equals/hashCode implementation but without a call to superclass, even though this class does not extend java.lang.Object. If this is intentional, add '@EqualsAndHashCode(callSuper=false)' to your type.
[WARNING] /D:/gmj/date/2026/project_kolbox/backend/jeecg-module-system/jeecg-system-biz/src/main/java/org/jeecg/modules/instagram/storepromotion/model/StorePromotionGoodsCelebrityModel.java:[13,1] Generating equals/hashCode implementation but without a call to superclass, even though this class does not extend java.lang.Object. If this is intentional, add '@EqualsAndHashCode(callSuper=false)' to your type.
[WARNING] /D:/gmj/date/2026/project_kolbox/backend/jeecg-module-system/jeecg-system-biz/src/main/java/org/jeecg/modules/instagram/storebasics/model/AccessManagementModel.java:[16,1] Generating equals/hashCode implementation but without a call to superclass, even though this class does not extend java.lang.Object. If this is intentional, add '@EqualsAndHashCode(callSuper=false)' to your type.
[WARNING] /D:/gmj/date/2026/project_kolbox/backend/jeecg-module-system/jeecg-system-biz/src/main/java/org/jeecg/modules/instagram/storecelebrity/model/StoreSellDetailModel.java:[8,1] Generating equals/hashCode implementation but without a call to superclass, even though this class does not extend java.lang.Object. If this is intentional, add '@EqualsAndHashCode(callSuper=false)' to your type.
[WARNING] /D:/gmj/date/2026/project_kolbox/backend/jeecg-module-system/jeecg-system-biz/src/main/java/org/jeecg/modules/instagram/storemerchant/model/StoreEmailPackagePurchaseModel.java:[12,1] Generating equals/hashCode implementation but without a call to superclass, even though this class does not extend java.lang.Object. If this is intentional, add '@EqualsAndHashCode(callSuper=false)' to your type.
[WARNING] /D:/gmj/date/2026/project_kolbox/backend/jeecg-module-system/jeecg-system-biz/src/main/java/org/jeecg/modules/instagram/storepromotion/model/InviteNewRecordMenuMode.java:[6,1] Generating equals/hashCode implementation but without a call to superclass, even though this class does not extend java.lang.Object. If this is intentional, add '@EqualsAndHashCode(callSuper=false)' to your type.
[WARNING] /D:/gmj/date/2026/project_kolbox/backend/jeecg-module-system/jeecg-system-biz/src/main/java/org/jeecg/modules/instagram/storecelebrity/model/StoreCelebrityFeedbackModel.java:[7,1] Generating equals/hashCode implementation but without a call to superclass, even though this class does not extend java.lang.Object. If this is intentional, add '@EqualsAndHashCode(callSuper=false)' to your type.
[WARNING] /D:/gmj/date/2026/project_kolbox/backend/jeecg-module-system/jeecg-system-biz/src/main/java/org/jeecg/modules/instagram/storepromotion/model/StoreSellerConsumeModel.java:[8,1] Generating equals/hashCode implementation but without a call to superclass, even though this class does not extend java.lang.Object. If this is intentional, add '@EqualsAndHashCode(callSuper=false)' to your type.
[WARNING] /D:/gmj/date/2026/project_kolbox/backend/jeecg-module-system/jeecg-system-biz/src/main/java/org/jeecg/modules/instagram/storepromotion/mdoel/StorePromotionCelebrityPaymentModel.java:[16,1] Generating equals/hashCode implementation but without a call to superclass, even though this class does not extend java.lang.Object. If this is intentional, add '@EqualsAndHashCode(callSuper=false)' to your type.
[WARNING] /D:/gmj/date/2026/project_kolbox/backend/jeecg-module-system/jeecg-system-biz/src/main/java/org/jeecg/modules/instagram/storecelebrity/model/StoreCelebrityFeedbackUserModel.java:[6,1] Generating equals/hashCode implementation but without a call to superclass, even though this class does not extend java.lang.Object. If this is intentional, add '@EqualsAndHashCode(callSuper=false)' to your type.
[WARNING] /D:/gmj/date/2026/project_kolbox/backend/jeecg-module-system/jeecg-system-biz/src/main/java/org/jeecg/modules/instagram/storemerchant/model/StoreTaskModel.java:[12,1] Generating equals/hashCode implementation but without a call to superclass, even though this class does not extend java.lang.Object. If this is intentional, add '@EqualsAndHashCode(callSuper=false)' to your type.
[WARNING] /D:/gmj/date/2026/project_kolbox/backend/jeecg-module-system/jeecg-system-biz/src/main/java/org/jeecg/modules/instagram/storecelebrity/model/StoreCelebrityTrialModel.java:[9,1] Generating equals/hashCode implementation but without a call to superclass, even though this class does not extend java.lang.Object. If this is intentional, add '@EqualsAndHashCode(callSuper=false)' to your type.
[WARNING] /D:/gmj/date/2026/project_kolbox/backend/jeecg-module-system/jeecg-system-biz/src/main/java/org/jeecg/modules/instagram/storecelebrity/model/MessagePushEmailCountModel.java:[8,1] Generating equals/hashCode implementation but without a call to superclass, even though this class does not extend java.lang.Object. If this is intentional, add '@EqualsAndHashCode(callSuper=false)' to your type.
[WARNING] /D:/gmj/date/2026/project_kolbox/backend/jeecg-module-system/jeecg-system-biz/src/main/java/org/jeecg/modules/system/controller/SysUserController.java:[502,51] 最后一个参数使用了不准确的变量类型的 varargs 方法的非 varargs 调用; 
  对于 varargs 调用, 应使用 java.lang.Object
  对于非 varargs 调用, 应使用 java.lang.Object[], 这样也可以抑制此警告
[WARNING] /D:/gmj/date/2026/project_kolbox/backend/jeecg-module-system/jeecg-system-biz/src/main/java/org/jeecg/modules/system/controller/SysUserController.java:[569,62] 最后一个参数使用了不准确的变量类型的 varargs 方法的非 varargs 调用; 
  对于 varargs 调用, 应使用 java.lang.Object
  对于非 varargs 调用, 应使用 java.lang.Object[], 这样也可以抑制此警告
[WARNING] /D:/gmj/date/2026/project_kolbox/backend/jeecg-module-system/jeecg-system-biz/src/main/java/org/jeecg/modules/system/controller/SysUserController.java:[1270,66] 最后一个参数使用了不准确的变量类型的 varargs 方法的非 varargs 调用; 
  对于 varargs 调用, 应使用 java.lang.Object
  对于非 varargs 调用, 应使用 java.lang.Object[], 这样也可以抑制此警告
[WARNING] /D:/gmj/date/2026/project_kolbox/backend/jeecg-module-system/jeecg-system-biz/src/main/java/org/jeecg/modules/system/controller/SysUserController.java:[1492,69] 最后一个参数使用了不准确的变量类型的 varargs 方法的非 varargs 调用; 
  对于 varargs 调用, 应使用 java.lang.Object
  对于非 varargs 调用, 应使用 java.lang.Object[], 这样也可以抑制此警告
[WARNING] /D:/gmj/date/2026/project_kolbox/backend/jeecg-module-system/jeecg-system-biz/src/main/java/org/jeecg/modules/system/service/impl/SysBaseApiImpl.java:[900,38] 最后一个参数使用了不准确的变量类型的 varargs 方法的非 varargs 调用; 
  对于 varargs 调用, 应使用 java.lang.Object
  对于非 varargs 调用, 应使用 java.lang.Object[], 这样也可以抑制此警告
[WARNING] /D:/gmj/date/2026/project_kolbox/backend/jeecg-module-system/jeecg-system-biz/src/main/java/org/jeecg/modules/system/service/impl/SysBaseApiImpl.java:[927,44] 最后一个参数使用了不准确的变量类型的 varargs 方法的非 varargs 调用; 
  对于 varargs 调用, 应使用 java.lang.Object
  对于非 varargs 调用, 应使用 java.lang.Object[], 这样也可以抑制此警告
[WARNING] /D:/gmj/date/2026/project_kolbox/backend/jeecg-module-system/jeecg-system-biz/src/main/java/org/jeecg/modules/system/service/impl/SysBaseApiImpl.java:[1287,69] 最后一个参数使用了不准确的变量类型的 varargs 方法的非 varargs 调用; 
  对于 varargs 调用, 应使用 java.lang.Object
  对于非 varargs 调用, 应使用 java.lang.Object[], 这样也可以抑制此警告
[WARNING] /D:/gmj/date/2026/project_kolbox/backend/jeecg-module-system/jeecg-system-biz/src/main/java/org/jeecg/modules/system/service/impl/SysBaseApiImpl.java:[1294,57] 最后一个参数使用了不准确的变量类型的 varargs 方法的非 varargs 调用; 
  对于 varargs 调用, 应使用 java.lang.Object
  对于非 varargs 调用, 应使用 java.lang.Object[], 这样也可以抑制此警告
[WARNING] /D:/gmj/date/2026/project_kolbox/backend/jeecg-module-system/jeecg-system-biz/src/main/java/org/jeecg/modules/system/service/impl/SysBaseApiImpl.java:[1306,69] 最后一个参数使用了不准确的变量类型的 varargs 方法的非 varargs 调用; 
  对于 varargs 调用, 应使用 java.lang.Object
  对于非 varargs 调用, 应使用 java.lang.Object[], 这样也可以抑制此警告
[WARNING] /D:/gmj/date/2026/project_kolbox/backend/jeecg-module-system/jeecg-system-biz/src/main/java/org/jeecg/modules/system/service/impl/SysBaseApiImpl.java:[1313,59] 最后一个参数使用了不准确的变量类型的 varargs 方法的非 varargs 调用; 
  对于 varargs 调用, 应使用 java.lang.Object
  对于非 varargs 调用, 应使用 java.lang.Object[], 这样也可以抑制此警告
[WARNING] /D:/gmj/date/2026/project_kolbox/backend/jeecg-module-system/jeecg-system-biz/src/main/java/org/jeecg/modules/system/service/impl/ThirdAppWechatEnterpriseServiceImpl.java:[877,45] 最后一个参数使用了不准确的变量类型的 varargs 方法的非 varargs 调用; 
  对于 varargs 调用, 应使用 java.lang.Object
  对于非 varargs 调用, 应使用 java.lang.Object[], 这样也可以抑制此警告
[WARNING] /D:/gmj/date/2026/project_kolbox/backend/jeecg-module-system/jeecg-system-biz/src/main/java/org/jeecg/modules/system/service/impl/ThirdAppDingtalkServiceImpl.java:[119,21] java.lang.Integer 中的 Integer(int) 已过时, 且标记为待删除
[WARNING] /D:/gmj/date/2026/project_kolbox/backend/jeecg-module-system/jeecg-system-biz/src/main/java/org/jeecg/modules/system/service/impl/ThirdAppDingtalkServiceImpl.java:[974,49] 最后一个参数使用了不准确的变量类型的 varargs 方法的非 varargs 调用; 
  对于 varargs 调用, 应使用 java.lang.Object
  对于非 varargs 调用, 应使用 java.lang.Object[], 这样也可以抑制此警告
[WARNING] /D:/gmj/date/2026/project_kolbox/backend/jeecg-module-system/jeecg-system-biz/src/main/java/org/jeecg/modules/message/handle/impl/EmailSendMsgHandle.java:[114,104] 最后一个参数使用了不准确的变量类型的 varargs 方法的非 varargs 调用; 
  对于 varargs 调用, 应使用 java.lang.Object
  对于非 varargs 调用, 应使用 java.lang.Object[], 这样也可以抑制此警告
[WARNING] /D:/gmj/date/2026/project_kolbox/backend/jeecg-module-system/jeecg-system-biz/src/main/java/org/jeecg/modules/message/handle/impl/EmailSendMsgHandle.java:[152,124] 最后一个参数使用了不准确的变量类型的 varargs 方法的非 varargs 调用; 
  对于 varargs 调用, 应使用 java.lang.Object
  对于非 varargs 调用, 应使用 java.lang.Object[], 这样也可以抑制此警告
[WARNING] /D:/gmj/date/2026/project_kolbox/backend/jeecg-module-system/jeecg-system-biz/src/main/java/org/jeecg/modules/openapi/controller/OpenApiController.java:[189,84] 最后一个参数使用了不准确的变量类型的 varargs 方法的非 varargs 调用; 
  对于 varargs 调用, 应使用 java.lang.Object
  对于非 varargs 调用, 应使用 java.lang.Object[], 这样也可以抑制此警告
[WARNING] /D:/gmj/date/2026/project_kolbox/backend/jeecg-module-system/jeecg-system-biz/src/main/java/org/jeecg/modules/system/controller/SysDepartController.java:[538,51] 最后一个参数使用了不准确的变量类型的 varargs 方法的非 varargs 调用; 
  对于 varargs 调用, 应使用 java.lang.Object
  对于非 varargs 调用, 应使用 java.lang.Object[], 这样也可以抑制此警告
[WARNING] /D:/gmj/date/2026/project_kolbox/backend/jeecg-module-system/jeecg-system-biz/src/main/java/org/jeecg/modules/system/controller/SysDictController.java:[534,62] 最后一个参数使用了不准确的变量类型的 varargs 方法的非 varargs 调用; 
  对于 varargs 调用, 应使用 java.lang.Object
  对于非 varargs 调用, 应使用 java.lang.Object[], 这样也可以抑制此警告
[WARNING] /D:/gmj/date/2026/project_kolbox/backend/jeecg-module-system/jeecg-system-biz/src/main/java/org/jeecg/modules/system/controller/SysPositionController.java:[246,50] 最后一个参数使用了不准确的变量类型的 varargs 方法的非 varargs 调用; 
  对于 varargs 调用, 应使用 java.lang.Object
  对于非 varargs 调用, 应使用 java.lang.Object[], 这样也可以抑制此警告
[WARNING] /D:/gmj/date/2026/project_kolbox/backend/jeecg-module-system/jeecg-system-biz/src/main/java/org/jeecg/modules/system/controller/SysPositionController.java:[337,44] 最后一个参数使用了不准确的变量类型的 varargs 方法的非 varargs 调用; 
  对于 varargs 调用, 应使用 java.lang.Object
  对于非 varargs 调用, 应使用 java.lang.Object[], 这样也可以抑制此警告
[WARNING] /D:/gmj/date/2026/project_kolbox/backend/jeecg-module-system/jeecg-system-biz/src/main/java/org/jeecg/modules/system/controller/SysTenantController.java:[304,49] 最后一个参数使用了不准确的变量类型的 varargs 方法的非 varargs 调用; 
  对于 varargs 调用, 应使用 java.lang.Object
  对于非 varargs 调用, 应使用 java.lang.Object[], 这样也可以抑制此警告
[WARNING] /D:/gmj/date/2026/project_kolbox/backend/jeecg-module-system/jeecg-system-biz/src/main/java/org/jeecg/modules/system/service/impl/SysDepartServiceImpl.java:[151,65] 最后一个参数使用了不准确的变量类型的 varargs 方法的非 varargs 调用; 
  对于 varargs 调用, 应使用 java.lang.Object
  对于非 varargs 调用, 应使用 java.lang.Object[], 这样也可以抑制此警告
[WARNING] /D:/gmj/date/2026/project_kolbox/backend/jeecg-module-system/jeecg-system-biz/src/main/java/org/jeecg/modules/system/service/impl/SysDepartServiceImpl.java:[243,26] 未使用 @Deprecated 对已过时的项目进行注释
[WARNING] /D:/gmj/date/2026/project_kolbox/backend/jeecg-module-system/jeecg-system-biz/src/main/java/org/jeecg/modules/system/service/impl/SysDepartServiceImpl.java:[676,78] 最后一个参数使用了不准确的变量类型的 varargs 方法的非 varargs 调用; 
  对于 varargs 调用, 应使用 java.lang.Object
  对于非 varargs 调用, 应使用 java.lang.Object[], 这样也可以抑制此警告
[WARNING] /D:/gmj/date/2026/project_kolbox/backend/jeecg-module-system/jeecg-system-biz/src/main/java/org/jeecg/modules/system/service/impl/SysDepartServiceImpl.java:[678,73] 最后一个参数使用了不准确的变量类型的 varargs 方法的非 varargs 调用; 
  对于 varargs 调用, 应使用 java.lang.Object
  对于非 varargs 调用, 应使用 java.lang.Object[], 这样也可以抑制此警告
[WARNING] /D:/gmj/date/2026/project_kolbox/backend/jeecg-module-system/jeecg-system-biz/src/main/java/org/jeecg/modules/system/service/impl/SysDepartServiceImpl.java:[752,58] 最后一个参数使用了不准确的变量类型的 varargs 方法的非 varargs 调用; 
  对于 varargs 调用, 应使用 java.lang.Object
  对于非 varargs 调用, 应使用 java.lang.Object[], 这样也可以抑制此警告
[WARNING] /D:/gmj/date/2026/project_kolbox/backend/jeecg-module-system/jeecg-system-biz/src/main/java/org/jeecg/modules/system/service/impl/SysDepartServiceImpl.java:[754,53] 最后一个参数使用了不准确的变量类型的 varargs 方法的非 varargs 调用; 
  对于 varargs 调用, 应使用 java.lang.Object
  对于非 varargs 调用, 应使用 java.lang.Object[], 这样也可以抑制此警告
[WARNING] /D:/gmj/date/2026/project_kolbox/backend/jeecg-module-system/jeecg-system-biz/src/main/java/org/jeecg/modules/system/service/impl/SysUserDepartServiceImpl.java:[171,71] 最后一个参数使用了不准确的变量类型的 varargs 方法的非 varargs 调用; 
  对于 varargs 调用, 应使用 java.lang.Object
  对于非 varargs 调用, 应使用 java.lang.Object[], 这样也可以抑制此警告
[WARNING] /D:/gmj/date/2026/project_kolbox/backend/jeecg-module-system/jeecg-system-biz/src/main/java/org/jeecg/modules/system/service/impl/SysUserDepartServiceImpl.java:[183,71] 最后一个参数使用了不准确的变量类型的 varargs 方法的非 varargs 调用; 
  对于 varargs 调用, 应使用 java.lang.Object
  对于非 varargs 调用, 应使用 java.lang.Object[], 这样也可以抑制此警告
[INFO] /D:/gmj/date/2026/project_kolbox/backend/jeecg-module-system/jeecg-system-biz/src/main/java/org/jeecg/config/init/CodeGenerateDbConfig.java: 某些输入文件使用或覆盖了已过时的 API。
[INFO] /D:/gmj/date/2026/project_kolbox/backend/jeecg-module-system/jeecg-system-biz/src/main/java/org/jeecg/config/init/CodeGenerateDbConfig.java: 有关详细信息, 请使用 -Xlint:deprecation 重新编译。
[INFO] /D:/gmj/date/2026/project_kolbox/backend/jeecg-module-system/jeecg-system-biz/src/main/java/org/jeecg/modules/system/controller/SysUserController.java: 某些输入文件使用了未经检查或不安全的操作。
[INFO] /D:/gmj/date/2026/project_kolbox/backend/jeecg-module-system/jeecg-system-biz/src/main/java/org/jeecg/modules/system/controller/SysUserController.java: 有关详细信息, 请使用 -Xlint:unchecked 重新编译。
[INFO] 
[INFO] ------------< org.jeecgframework.boot3:jeecg-system-start >-------------
[INFO] Building jeecg-system-start 3.8.3                                [11/11]
[INFO]   from jeecg-module-system\jeecg-system-start\pom.xml
[INFO] --------------------------------[ jar ]---------------------------------
Downloading from central: https://repo.maven.apache.org/maven2/org/springframework/boot/spring-boot-maven-plugin/3.5.5/spring-boot-maven-plugin-3.5.5.pom
Progress (1): 1.3 kBProgress (1): 4.0 kB                    Downloaded from central: https://repo.maven.apache.org/maven2/org/springframework/boot/spring-boot-maven-plugin/3.5.5/spring-boot-maven-plugin-3.5.5.pom (4.0 kB at 20 kB/s)
Downloading from central: https://repo.maven.apache.org/maven2/org/springframework/boot/spring-boot-maven-plugin/3.5.5/spring-boot-maven-plugin-3.5.5.jar
Progress (1): 3.8/138 kBProgress (1): 8.0/138 kBProgress (1): 12/138 kB Progress (1): 16/138 kBProgress (1): 29/138 kBProgress (1): 45/138 kBProgress (1): 61/138 kBProgress (1): 78/138 kBProgress (1): 94/138 kBProgress (1): 111/138 kBProgress (1): 127/138 kBProgress (1): 138 kB                        Downloaded from central: https://repo.maven.apache.org/maven2/org/springframework/boot/spring-boot-maven-plugin/3.5.5/spring-boot-maven-plugin-3.5.5.jar (138 kB at 276 kB/s)
[WARNING] Parameter 'propertiesEncoding' is unknown for plugin 'maven-resources-plugin:3.1.0:resources (default-resources)'
Downloading from aliyun: https://maven.aliyun.com/repository/public/org/springframework/boot/spring-boot-properties-migrator/3.5.5/spring-boot-properties-migrator-3.5.5.pom
Progress (1): 2.3 kB                    Downloaded from aliyun: https://maven.aliyun.com/repository/public/org/springframework/boot/spring-boot-properties-migrator/3.5.5/spring-boot-properties-migrator-3.5.5.pom (2.3 kB at 17 kB/s)
Downloading from aliyun: https://maven.aliyun.com/repository/public/org/springframework/boot/spring-boot-configuration-metadata/3.5.5/spring-boot-configuration-metadata-3.5.5.pom
Progress (1): 2.1 kB                    Downloaded from aliyun: https://maven.aliyun.com/repository/public/org/springframework/boot/spring-boot-configuration-metadata/3.5.5/spring-boot-configuration-metadata-3.5.5.pom (2.1 kB at 19 kB/s)
Downloading from aliyun: https://maven.aliyun.com/repository/public/jakarta/servlet/jakarta.servlet-api/6.0.0/jakarta.servlet-api-6.0.0.pom
Progress (1): 1.9/19 kBProgress (1): 18/19 kB Progress (1): 19 kB                      Downloaded from aliyun: https://maven.aliyun.com/repository/public/jakarta/servlet/jakarta.servlet-api/6.0.0/jakarta.servlet-api-6.0.0.pom (19 kB at 166 kB/s)
Downloading from aliyun: https://maven.aliyun.com/repository/public/com/github/ulisesbocchio/jasypt-spring-boot-starter/2.1.2/jasypt-spring-boot-starter-2.1.2.pom
Progress (1): 2.0 kB                    Downloaded from aliyun: https://maven.aliyun.com/repository/public/com/github/ulisesbocchio/jasypt-spring-boot-starter/2.1.2/jasypt-spring-boot-starter-2.1.2.pom (2.0 kB at 7.6 kB/s)
Downloading from aliyun: https://maven.aliyun.com/repository/public/com/github/ulisesbocchio/jasypt-spring-boot-parent/2.1.2/jasypt-spring-boot-parent-2.1.2.pom
Progress (1): 9.8 kB                    Downloaded from aliyun: https://maven.aliyun.com/repository/public/com/github/ulisesbocchio/jasypt-spring-boot-parent/2.1.2/jasypt-spring-boot-parent-2.1.2.pom (9.8 kB at 42 kB/s)
Downloading from aliyun: https://maven.aliyun.com/repository/public/org/springframework/boot/spring-boot-dependencies/2.1.0.RELEASE/spring-boot-dependencies-2.1.0.RELEASE.pom
Progress (1): 4.9/142 kBProgress (1): 21/142 kB Progress (1): 38/142 kBProgress (1): 54/142 kBProgress (1): 70/142 kBProgress (1): 87/142 kBProgress (1): 103/142 kBProgress (1): 120/142 kBProgress (1): 136/142 kBProgress (1): 142 kB                        Downloaded from aliyun: https://maven.aliyun.com/repository/public/org/springframework/boot/spring-boot-dependencies/2.1.0.RELEASE/spring-boot-dependencies-2.1.0.RELEASE.pom (142 kB at 481 kB/s)
Downloading from aliyun: https://maven.aliyun.com/repository/public/com/fasterxml/jackson/jackson-bom/2.9.7/jackson-bom-2.9.7.pom
Progress (1): 1.9/12 kBProgress (1): 12 kB                       Downloaded from aliyun: https://maven.aliyun.com/repository/public/com/fasterxml/jackson/jackson-bom/2.9.7/jackson-bom-2.9.7.pom (12 kB at 186 kB/s)
Downloading from aliyun: https://maven.aliyun.com/repository/public/com/fasterxml/jackson/jackson-parent/2.9.1.1/jackson-parent-2.9.1.1.pom
Progress (1): 7.3/8.0 kBProgress (1): 8.0 kB                        Downloaded from aliyun: https://maven.aliyun.com/repository/public/com/fasterxml/jackson/jackson-parent/2.9.1.1/jackson-parent-2.9.1.1.pom (8.0 kB at 122 kB/s)
Downloading from aliyun: https://maven.aliyun.com/repository/public/com/fasterxml/oss-parent/33/oss-parent-33.pom
Progress (1): 7.3/22 kBProgress (1): 15/22 kB Progress (1): 22 kB                      Downloaded from aliyun: https://maven.aliyun.com/repository/public/com/fasterxml/oss-parent/33/oss-parent-33.pom (22 kB at 287 kB/s)
Downloading from aliyun: https://maven.aliyun.com/repository/public/io/netty/netty-bom/4.1.29.Final/netty-bom-4.1.29.Final.pom
Progress (1): 7.3/7.9 kBProgress (1): 7.8/7.9 kBProgress (1): 7.9 kB                        Downloaded from aliyun: https://maven.aliyun.com/repository/public/io/netty/netty-bom/4.1.29.Final/netty-bom-4.1.29.Final.pom (7.9 kB at 33 kB/s)
Downloading from aliyun: https://maven.aliyun.com/repository/public/io/projectreactor/reactor-bom/Californium-SR2/reactor-bom-Californium-SR2.pom
Progress (1): 3.6 kB                    Downloaded from aliyun: https://maven.aliyun.com/repository/public/io/projectreactor/reactor-bom/Californium-SR2/reactor-bom-Californium-SR2.pom (3.6 kB at 17 kB/s)
Downloading from aliyun: https://maven.aliyun.com/repository/public/org/apache/logging/log4j/log4j-bom/2.11.1/log4j-bom-2.11.1.pom
Progress (1): 1.9/6.1 kBProgress (1): 6.1 kB                        Downloaded from aliyun: https://maven.aliyun.com/repository/public/org/apache/logging/log4j/log4j-bom/2.11.1/log4j-bom-2.11.1.pom (6.1 kB at 107 kB/s)
Downloading from aliyun: https://maven.aliyun.com/repository/public/org/eclipse/jetty/jetty-bom/9.4.12.v20180830/jetty-bom-9.4.12.v20180830.pom
Progress (1): 4.9/18 kBProgress (1): 18 kB                       Downloaded from aliyun: https://maven.aliyun.com/repository/public/org/eclipse/jetty/jetty-bom/9.4.12.v20180830/jetty-bom-9.4.12.v20180830.pom (18 kB at 283 kB/s)
Downloading from aliyun: https://maven.aliyun.com/repository/public/org/junit/junit-bom/5.3.1/junit-bom-5.3.1.pom
Progress (1): 1.9/4.1 kBProgress (1): 4.1 kB                        Downloaded from aliyun: https://maven.aliyun.com/repository/public/org/junit/junit-bom/5.3.1/junit-bom-5.3.1.pom (4.1 kB at 15 kB/s)
Downloading from aliyun: https://maven.aliyun.com/repository/public/org/springframework/spring-framework-bom/5.1.2.RELEASE/spring-framework-bom-5.1.2.RELEASE.pom
Progress (1): 5.3 kB                    Downloaded from aliyun: https://maven.aliyun.com/repository/public/org/springframework/spring-framework-bom/5.1.2.RELEASE/spring-framework-bom-5.1.2.RELEASE.pom (5.3 kB at 24 kB/s)
Downloading from aliyun: https://maven.aliyun.com/repository/public/org/springframework/data/spring-data-releasetrain/Lovelace-SR2/spring-data-releasetrain-Lovelace-SR2.pom
Progress (1): 4.6 kB                    Downloaded from aliyun: https://maven.aliyun.com/repository/public/org/springframework/data/spring-data-releasetrain/Lovelace-SR2/spring-data-releasetrain-Lovelace-SR2.pom (4.6 kB at 21 kB/s)
Downloading from aliyun: https://maven.aliyun.com/repository/public/org/springframework/data/build/spring-data-build/2.1.2.RELEASE/spring-data-build-2.1.2.RELEASE.pom
Progress (1): 6.6 kB                    Downloaded from aliyun: https://maven.aliyun.com/repository/public/org/springframework/data/build/spring-data-build/2.1.2.RELEASE/spring-data-build-2.1.2.RELEASE.pom (6.6 kB at 29 kB/s)
Downloading from aliyun: https://maven.aliyun.com/repository/public/org/springframework/integration/spring-integration-bom/5.1.0.RELEASE/spring-integration-bom-5.1.0.RELEASE.pom
Progress (1): 7.3/8.7 kBProgress (1): 8.7 kB                        Downloaded from aliyun: https://maven.aliyun.com/repository/public/org/springframework/integration/spring-integration-bom/5.1.0.RELEASE/spring-integration-bom-5.1.0.RELEASE.pom (8.7 kB at 39 kB/s)
Downloading from aliyun: https://maven.aliyun.com/repository/public/org/springframework/security/spring-security-bom/5.1.1.RELEASE/spring-security-bom-5.1.1.RELEASE.pom
Progress (1): 5.0 kB                    Downloaded from aliyun: https://maven.aliyun.com/repository/public/org/springframework/security/spring-security-bom/5.1.1.RELEASE/spring-security-bom-5.1.1.RELEASE.pom (5.0 kB at 20 kB/s)
Downloading from aliyun: https://maven.aliyun.com/repository/public/org/springframework/session/spring-session-bom/Bean-RELEASE/spring-session-bom-Bean-RELEASE.pom
Progress (1): 3.0 kB                    Downloaded from aliyun: https://maven.aliyun.com/repository/public/org/springframework/session/spring-session-bom/Bean-RELEASE/spring-session-bom-Bean-RELEASE.pom (3.0 kB at 14 kB/s)
Downloading from aliyun: https://maven.aliyun.com/repository/public/org/springframework/cloud/spring-cloud-dependencies/Finchley.RELEASE/spring-cloud-dependencies-Finchley.RELEASE.pom
Progress (1): 4.9/7.7 kBProgress (1): 7.7 kB                        Downloaded from aliyun: https://maven.aliyun.com/repository/public/org/springframework/cloud/spring-cloud-dependencies/Finchley.RELEASE/spring-cloud-dependencies-Finchley.RELEASE.pom (7.7 kB at 90 kB/s)
Downloading from aliyun: https://maven.aliyun.com/repository/public/org/springframework/cloud/spring-cloud-dependencies-parent/2.0.2.RELEASE/spring-cloud-dependencies-parent-2.0.2.RELEASE.pom
Progress (1): 6.5 kB                    Downloaded from aliyun: https://maven.aliyun.com/repository/public/org/springframework/cloud/spring-cloud-dependencies-parent/2.0.2.RELEASE/spring-cloud-dependencies-parent-2.0.2.RELEASE.pom (6.5 kB at 74 kB/s)
Downloading from aliyun: https://maven.aliyun.com/repository/public/org/springframework/cloud/spring-cloud-commons-dependencies/2.0.0.RELEASE/spring-cloud-commons-dependencies-2.0.0.RELEASE.pom
Progress (1): 3.3 kB                    Downloaded from aliyun: https://maven.aliyun.com/repository/public/org/springframework/cloud/spring-cloud-commons-dependencies/2.0.0.RELEASE/spring-cloud-commons-dependencies-2.0.0.RELEASE.pom (3.3 kB at 33 kB/s)
Downloading from aliyun: https://maven.aliyun.com/repository/public/org/springframework/cloud/spring-cloud-netflix-dependencies/2.0.0.RELEASE/spring-cloud-netflix-dependencies-2.0.0.RELEASE.pom
Progress (1): 7.3/15 kBProgress (1): 15 kB                       Downloaded from aliyun: https://maven.aliyun.com/repository/public/org/springframework/cloud/spring-cloud-netflix-dependencies/2.0.0.RELEASE/spring-cloud-netflix-dependencies-2.0.0.RELEASE.pom (15 kB at 124 kB/s)
Downloading from aliyun: https://maven.aliyun.com/repository/public/org/springframework/cloud/spring-cloud-stream-dependencies/Elmhurst.RELEASE/spring-cloud-stream-dependencies-Elmhurst.RELEASE.pom
Progress (1): 4.9/7.0 kBProgress (1): 7.0 kB                        Downloaded from aliyun: https://maven.aliyun.com/repository/public/org/springframework/cloud/spring-cloud-stream-dependencies/Elmhurst.RELEASE/spring-cloud-stream-dependencies-Elmhurst.RELEASE.pom (7.0 kB at 70 kB/s)
Downloading from aliyun: https://maven.aliyun.com/repository/public/org/springframework/cloud/spring-cloud-dependencies-parent/2.0.0.RELEASE/spring-cloud-dependencies-parent-2.0.0.RELEASE.pom
Progress (1): 4.9/6.5 kBProgress (1): 6.5 kB                        Downloaded from aliyun: https://maven.aliyun.com/repository/public/org/springframework/cloud/spring-cloud-dependencies-parent/2.0.0.RELEASE/spring-cloud-dependencies-parent-2.0.0.RELEASE.pom (6.5 kB at 85 kB/s)
Downloading from aliyun: https://maven.aliyun.com/repository/public/org/springframework/cloud/spring-cloud-task-dependencies/2.0.0.RELEASE/spring-cloud-task-dependencies-2.0.0.RELEASE.pom
Progress (1): 0.5/2.8 kBProgress (1): 2.8 kB                        Downloaded from aliyun: https://maven.aliyun.com/repository/public/org/springframework/cloud/spring-cloud-task-dependencies/2.0.0.RELEASE/spring-cloud-task-dependencies-2.0.0.RELEASE.pom (2.8 kB at 29 kB/s)
Downloading from aliyun: https://maven.aliyun.com/repository/public/org/springframework/cloud/spring-cloud-config-dependencies/2.0.0.RELEASE/spring-cloud-config-dependencies-2.0.0.RELEASE.pom
Progress (1): 3.7 kB                    Downloaded from aliyun: https://maven.aliyun.com/repository/public/org/springframework/cloud/spring-cloud-config-dependencies/2.0.0.RELEASE/spring-cloud-config-dependencies-2.0.0.RELEASE.pom (3.7 kB at 39 kB/s)
Downloading from aliyun: https://maven.aliyun.com/repository/public/org/springframework/cloud/spring-cloud-function-dependencies/1.0.0.RELEASE/spring-cloud-function-dependencies-1.0.0.RELEASE.pom
Progress (1): 3.2 kB                    Downloaded from aliyun: https://maven.aliyun.com/repository/public/org/springframework/cloud/spring-cloud-function-dependencies/1.0.0.RELEASE/spring-cloud-function-dependencies-1.0.0.RELEASE.pom (3.2 kB at 26 kB/s)
Downloading from aliyun: https://maven.aliyun.com/repository/public/org/springframework/cloud/spring-cloud-dependencies-parent/1.3.8.RELEASE/spring-cloud-dependencies-parent-1.3.8.RELEASE.pom
Progress (1): 6.5 kB                    Downloaded from aliyun: https://maven.aliyun.com/repository/public/org/springframework/cloud/spring-cloud-dependencies-parent/1.3.8.RELEASE/spring-cloud-dependencies-parent-1.3.8.RELEASE.pom (6.5 kB at 76 kB/s)
Downloading from aliyun: https://maven.aliyun.com/repository/public/org/springframework/cloud/spring-cloud-gateway-dependencies/2.0.0.RELEASE/spring-cloud-gateway-dependencies-2.0.0.RELEASE.pom
Progress (1): 3.0 kB                    Downloaded from aliyun: https://maven.aliyun.com/repository/public/org/springframework/cloud/spring-cloud-gateway-dependencies/2.0.0.RELEASE/spring-cloud-gateway-dependencies-2.0.0.RELEASE.pom (3.0 kB at 32 kB/s)
Downloading from aliyun: https://maven.aliyun.com/repository/public/org/springframework/cloud/spring-cloud-consul-dependencies/2.0.0.RELEASE/spring-cloud-consul-dependencies-2.0.0.RELEASE.pom
Progress (1): 4.3 kB                    Downloaded from aliyun: https://maven.aliyun.com/repository/public/org/springframework/cloud/spring-cloud-consul-dependencies/2.0.0.RELEASE/spring-cloud-consul-dependencies-2.0.0.RELEASE.pom (4.3 kB at 37 kB/s)
Downloading from aliyun: https://maven.aliyun.com/repository/public/org/springframework/cloud/spring-cloud-sleuth-dependencies/2.0.0.RELEASE/spring-cloud-sleuth-dependencies-2.0.0.RELEASE.pom
Progress (1): 4.8 kB                    Downloaded from aliyun: https://maven.aliyun.com/repository/public/org/springframework/cloud/spring-cloud-sleuth-dependencies/2.0.0.RELEASE/spring-cloud-sleuth-dependencies-2.0.0.RELEASE.pom (4.8 kB at 38 kB/s)
Downloading from aliyun: https://maven.aliyun.com/repository/public/org/springframework/cloud/spring-cloud-vault-dependencies/2.0.0.RELEASE/spring-cloud-vault-dependencies-2.0.0.RELEASE.pom
Progress (1): 3.8 kB                    Downloaded from aliyun: https://maven.aliyun.com/repository/public/org/springframework/cloud/spring-cloud-vault-dependencies/2.0.0.RELEASE/spring-cloud-vault-dependencies-2.0.0.RELEASE.pom (3.8 kB at 37 kB/s)
Downloading from aliyun: https://maven.aliyun.com/repository/public/org/springframework/cloud/spring-cloud-zookeeper-dependencies/2.0.0.RELEASE/spring-cloud-zookeeper-dependencies-2.0.0.RELEASE.pom
Progress (1): 5.3 kB                    Downloaded from aliyun: https://maven.aliyun.com/repository/public/org/springframework/cloud/spring-cloud-zookeeper-dependencies/2.0.0.RELEASE/spring-cloud-zookeeper-dependencies-2.0.0.RELEASE.pom (5.3 kB at 69 kB/s)
Downloading from aliyun: https://maven.aliyun.com/repository/public/org/springframework/cloud/spring-cloud-security-dependencies/2.0.0.RELEASE/spring-cloud-security-dependencies-2.0.0.RELEASE.pom
Progress (1): 3.0 kB                    Downloaded from aliyun: https://maven.aliyun.com/repository/public/org/springframework/cloud/spring-cloud-security-dependencies/2.0.0.RELEASE/spring-cloud-security-dependencies-2.0.0.RELEASE.pom (3.0 kB at 36 kB/s)
Downloading from aliyun: https://maven.aliyun.com/repository/public/org/springframework/cloud/spring-cloud-cloudfoundry-dependencies/2.0.0.RELEASE/spring-cloud-cloudfoundry-dependencies-2.0.0.RELEASE.pom
Progress (1): 1.9/3.2 kBProgress (1): 3.2 kB                        Downloaded from aliyun: https://maven.aliyun.com/repository/public/org/springframework/cloud/spring-cloud-cloudfoundry-dependencies/2.0.0.RELEASE/spring-cloud-cloudfoundry-dependencies-2.0.0.RELEASE.pom (3.2 kB at 42 kB/s)
Downloading from aliyun: https://maven.aliyun.com/repository/public/org/springframework/cloud/spring-cloud-bus-dependencies/2.0.0.RELEASE/spring-cloud-bus-dependencies-2.0.0.RELEASE.pom
Progress (1): 2.7 kB                    Downloaded from aliyun: https://maven.aliyun.com/repository/public/org/springframework/cloud/spring-cloud-bus-dependencies/2.0.0.RELEASE/spring-cloud-bus-dependencies-2.0.0.RELEASE.pom (2.7 kB at 32 kB/s)
Downloading from aliyun: https://maven.aliyun.com/repository/public/org/springframework/cloud/spring-cloud-contract-dependencies/2.0.0.RELEASE/spring-cloud-contract-dependencies-2.0.0.RELEASE.pom
Progress (1): 7.1 kB                    Downloaded from aliyun: https://maven.aliyun.com/repository/public/org/springframework/cloud/spring-cloud-contract-dependencies/2.0.0.RELEASE/spring-cloud-contract-dependencies-2.0.0.RELEASE.pom (7.1 kB at 69 kB/s)
Downloading from aliyun: https://maven.aliyun.com/repository/public/org/springframework/cloud/spring-cloud-aws-dependencies/2.0.0.RELEASE/spring-cloud-aws-dependencies-2.0.0.RELEASE.pom
Progress (1): 6.6 kB                    Downloaded from aliyun: https://maven.aliyun.com/repository/public/org/springframework/cloud/spring-cloud-aws-dependencies/2.0.0.RELEASE/spring-cloud-aws-dependencies-2.0.0.RELEASE.pom (6.6 kB at 83 kB/s)
Downloading from aliyun: https://maven.aliyun.com/repository/public/com/amazonaws/aws-java-sdk-bom/1.11.336/aws-java-sdk-bom-1.11.336.pom
Progress (1): 0.5/30 kBProgress (1): 17/30 kB Progress (1): 30 kB                      Downloaded from aliyun: https://maven.aliyun.com/repository/public/com/amazonaws/aws-java-sdk-bom/1.11.336/aws-java-sdk-bom-1.11.336.pom (30 kB at 346 kB/s)
Downloading from aliyun: https://maven.aliyun.com/repository/public/com/amazonaws/aws-java-sdk-pom/1.11.336/aws-java-sdk-pom-1.11.336.pom
Progress (1): 6.3/13 kBProgress (1): 13 kB                       Downloaded from aliyun: https://maven.aliyun.com/repository/public/com/amazonaws/aws-java-sdk-pom/1.11.336/aws-java-sdk-pom-1.11.336.pom (13 kB at 137 kB/s)
Downloading from aliyun: https://maven.aliyun.com/repository/public/org/springframework/cloud/spring-cloud-openfeign-dependencies/2.0.0.RELEASE/spring-cloud-openfeign-dependencies-2.0.0.RELEASE.pom
Progress (1): 4.9 kB                    Downloaded from aliyun: https://maven.aliyun.com/repository/public/org/springframework/cloud/spring-cloud-openfeign-dependencies/2.0.0.RELEASE/spring-cloud-openfeign-dependencies-2.0.0.RELEASE.pom (4.9 kB at 42 kB/s)
Downloading from aliyun: https://maven.aliyun.com/repository/public/com/github/ulisesbocchio/jasypt-spring-boot/2.1.2/jasypt-spring-boot-2.1.2.pom
Progress (1): 1.9/4.1 kBProgress (1): 4.1 kB                        Downloaded from aliyun: https://maven.aliyun.com/repository/public/com/github/ulisesbocchio/jasypt-spring-boot/2.1.2/jasypt-spring-boot-2.1.2.pom (4.1 kB at 17 kB/s)
Downloading from aliyun: https://maven.aliyun.com/repository/public/org/jasypt/jasypt/1.9.3/jasypt-1.9.3.pom
Progress (1): 7.3/8.1 kBProgress (1): 8.1 kB                        Downloaded from aliyun: https://maven.aliyun.com/repository/public/org/jasypt/jasypt/1.9.3/jasypt-1.9.3.pom (8.1 kB at 38 kB/s)
Downloading from aliyun: https://maven.aliyun.com/repository/public/jakarta/servlet/jakarta.servlet-api/6.0.0/jakarta.servlet-api-6.0.0.jar
Progress (1): 1.9/348 kBProgress (1): 18/348 kB Progress (1): 35/348 kBProgress (1): 51/348 kBProgress (1): 67/348 kBProgress (1): 84/348 kBProgress (1): 100/348 kBProgress (1): 117/348 kBProgress (1): 133/348 kBProgress (1): 149/348 kBProgress (1): 166/348 kBProgress (1): 182/348 kBProgress (1): 199/348 kBProgress (1): 215/348 kBProgress (1): 231/348 kBProgress (1): 248/348 kBProgress (1): 264/348 kBProgress (1): 280/348 kBProgress (1): 297/348 kBProgress (1): 313/348 kBProgress (1): 330/348 kBProgress (1): 346/348 kBProgress (1): 348 kB                        Downloaded from aliyun: https://maven.aliyun.com/repository/public/jakarta/servlet/jakarta.servlet-api/6.0.0/jakarta.servlet-api-6.0.0.jar (348 kB at 3.0 MB/s)
Downloading from aliyun: https://maven.aliyun.com/repository/public/com/google/guava/guava/20.0/guava-20.0.jar
Downloading from aliyun: https://maven.aliyun.com/repository/public/com/github/ulisesbocchio/jasypt-spring-boot/2.1.2/jasypt-spring-boot-2.1.2.jar
Downloading from aliyun: https://maven.aliyun.com/repository/public/org/jasypt/jasypt/1.9.3/jasypt-1.9.3.jar
Progress (1): 1.9/142 kBProgress (1): 18/142 kB Progress (2): 18/142 kB | 16/89 kBProgress (3): 18/142 kB | 16/89 kB | 0/2.4 MBProgress (3): 18/142 kB | 16/89 kB | 0/2.4 MBProgress (3): 18/142 kB | 16/89 kB | 0/2.4 MBProgress (3): 18/142 kB | 33/89 kB | 0/2.4 MBProgress (3): 18/142 kB | 38/89 kB | 0/2.4 MBProgress (3): 18/142 kB | 44/89 kB | 0/2.4 MBProgress (3): 18/142 kB | 54/89 kB | 0/2.4 MBProgress (3): 18/142 kB | 71/89 kB | 0/2.4 MBProgress (3): 18/142 kB | 81/89 kB | 0/2.4 MBProgress (3): 18/142 kB | 87/89 kB | 0/2.4 MBProgress (3): 18/142 kB | 89 kB | 0/2.4 MB   Progress (3): 18/142 kB | 89 kB | 0/2.4 MBProgress (3): 18/142 kB | 89 kB | 0.1/2.4 MBProgress (3): 35/142 kB | 89 kB | 0.1/2.4 MBProgress (3): 35/142 kB | 89 kB | 0.1/2.4 MBProgress (3): 51/142 kB | 89 kB | 0.1/2.4 MBProgress (3): 51/142 kB | 89 kB | 0.1/2.4 MBProgress (3): 51/142 kB | 89 kB | 0.1/2.4 MBProgress (3): 51/142 kB | 89 kB | 0.1/2.4 MBProgress (3): 51/142 kB | 89 kB | 0.1/2.4 MBProgress (3): 51/142 kB | 89 kB | 0.2/2.4 MBProgress (3): 51/142 kB | 89 kB | 0.2/2.4 MBProgress (3): 51/142 kB | 89 kB | 0.2/2.4 MBProgress (3): 51/142 kB | 89 kB | 0.2/2.4 MBProgress (3): 51/142 kB | 89 kB | 0.2/2.4 MBProgress (3): 51/142 kB | 89 kB | 0.2/2.4 MBProgress (3): 51/142 kB | 89 kB | 0.3/2.4 MBProgress (3): 51/142 kB | 89 kB | 0.3/2.4 MBProgress (3): 67/142 kB | 89 kB | 0.3/2.4 MBProgress (3): 67/142 kB | 89 kB | 0.3/2.4 MBProgress (3): 67/142 kB | 89 kB | 0.3/2.4 MBProgress (3): 84/142 kB | 89 kB | 0.3/2.4 MBProgress (3): 100/142 kB | 89 kB | 0.3/2.4 MBProgress (3): 100/142 kB | 89 kB | 0.3/2.4 MBProgress (3): 100/142 kB | 89 kB | 0.3/2.4 MBProgress (3): 100/142 kB | 89 kB | 0.4/2.4 MBProgress (3): 100/142 kB | 89 kB | 0.4/2.4 MBProgress (3): 100/142 kB | 89 kB | 0.4/2.4 MBProgress (3): 100/142 kB | 89 kB | 0.4/2.4 MBProgress (3): 100/142 kB | 89 kB | 0.4/2.4 MBProgress (3): 100/142 kB | 89 kB | 0.4/2.4 MBProgress (3): 117/142 kB | 89 kB | 0.4/2.4 MBProgress (3): 133/142 kB | 89 kB | 0.4/2.4 MBProgress (3): 142 kB | 89 kB | 0.4/2.4 MB    Progress (3): 142 kB | 89 kB | 0.5/2.4 MBProgress (3): 142 kB | 89 kB | 0.5/2.4 MBProgress (3): 142 kB | 89 kB | 0.5/2.4 MBProgress (3): 142 kB | 89 kB | 0.5/2.4 MBProgress (3): 142 kB | 89 kB | 0.5/2.4 MBProgress (3): 142 kB | 89 kB | 0.5/2.4 MBProgress (3): 142 kB | 89 kB | 0.6/2.4 MBProgress (3): 142 kB | 89 kB | 0.6/2.4 MBProgress (3): 142 kB | 89 kB | 0.6/2.4 MBProgress (3): 142 kB | 89 kB | 0.6/2.4 MBProgress (3): 142 kB | 89 kB | 0.6/2.4 MBProgress (3): 142 kB | 89 kB | 0.6/2.4 MBProgress (3): 142 kB | 89 kB | 0.7/2.4 MBProgress (3): 142 kB | 89 kB | 0.7/2.4 MBProgress (3): 142 kB | 89 kB | 0.7/2.4 MBProgress (3): 142 kB | 89 kB | 0.7/2.4 MBProgress (3): 142 kB | 89 kB | 0.7/2.4 MBProgress (3): 142 kB | 89 kB | 0.7/2.4 MBProgress (3): 142 kB | 89 kB | 0.8/2.4 MBProgress (3): 142 kB | 89 kB | 0.8/2.4 MBProgress (3): 142 kB | 89 kB | 0.8/2.4 MBProgress (3): 142 kB | 89 kB | 0.8/2.4 MBProgress (3): 142 kB | 89 kB | 0.8/2.4 MBProgress (3): 142 kB | 89 kB | 0.8/2.4 MBProgress (3): 142 kB | 89 kB | 0.9/2.4 MBProgress (3): 142 kB | 89 kB | 0.9/2.4 MBProgress (3): 142 kB | 89 kB | 0.9/2.4 MBProgress (3): 142 kB | 89 kB | 0.9/2.4 MBProgress (3): 142 kB | 89 kB | 0.9/2.4 MBProgress (3): 142 kB | 89 kB | 0.9/2.4 MBProgress (3): 142 kB | 89 kB | 0.9/2.4 MBProgress (3): 142 kB | 89 kB | 1.0/2.4 MBProgress (3): 142 kB | 89 kB | 1.0/2.4 MBProgress (3): 142 kB | 89 kB | 1.0/2.4 MBProgress (3): 142 kB | 89 kB | 1.0/2.4 MBProgress (3): 142 kB | 89 kB | 1.0/2.4 MBProgress (3): 142 kB | 89 kB | 1.0/2.4 MBProgress (3): 142 kB | 89 kB | 1.1/2.4 MBProgress (3): 142 kB | 89 kB | 1.1/2.4 MBProgress (3): 142 kB | 89 kB | 1.1/2.4 MBProgress (3): 142 kB | 89 kB | 1.1/2.4 MBProgress (3): 142 kB | 89 kB | 1.1/2.4 MBProgress (3): 142 kB | 89 kB | 1.1/2.4 MBProgress (3): 142 kB | 89 kB | 1.2/2.4 MBProgress (3): 142 kB | 89 kB | 1.2/2.4 MBProgress (3): 142 kB | 89 kB | 1.2/2.4 MBProgress (3): 142 kB | 89 kB | 1.2/2.4 MBProgress (3): 142 kB | 89 kB | 1.2/2.4 MBProgress (3): 142 kB | 89 kB | 1.2/2.4 MBProgress (3): 142 kB | 89 kB | 1.3/2.4 MBProgress (3): 142 kB | 89 kB | 1.3/2.4 MBProgress (3): 142 kB | 89 kB | 1.3/2.4 MBProgress (3): 142 kB | 89 kB | 1.3/2.4 MB                                         Downloaded from aliyun: https://maven.aliyun.com/repository/public/com/github/ulisesbocchio/jasypt-spring-boot/2.1.2/jasypt-spring-boot-2.1.2.jar (89 kB at 386 kB/s)
Progress (2): 142 kB | 1.3/2.4 MBProgress (2): 142 kB | 1.3/2.4 MBProgress (2): 142 kB | 1.4/2.4 MBProgress (2): 142 kB | 1.4/2.4 MBProgress (2): 142 kB | 1.4/2.4 MBProgress (2): 142 kB | 1.4/2.4 MBProgress (2): 142 kB | 1.4/2.4 MBProgress (2): 142 kB | 1.4/2.4 MBProgress (2): 142 kB | 1.5/2.4 MBProgress (2): 142 kB | 1.5/2.4 MBProgress (2): 142 kB | 1.5/2.4 MBProgress (2): 142 kB | 1.5/2.4 MBProgress (2): 142 kB | 1.5/2.4 MBProgress (2): 142 kB | 1.5/2.4 MBProgress (2): 142 kB | 1.6/2.4 MBProgress (2): 142 kB | 1.6/2.4 MBProgress (2): 142 kB | 1.6/2.4 MBProgress (2): 142 kB | 1.6/2.4 MBProgress (2): 142 kB | 1.6/2.4 MBProgress (2): 142 kB | 1.6/2.4 MBProgress (2): 142 kB | 1.7/2.4 MBProgress (2): 142 kB | 1.7/2.4 MBProgress (2): 142 kB | 1.7/2.4 MB                                 Downloaded from aliyun: https://maven.aliyun.com/repository/public/org/jasypt/jasypt/1.9.3/jasypt-1.9.3.jar (142 kB at 506 kB/s)
Progress (1): 1.7/2.4 MBProgress (1): 1.7/2.4 MBProgress (1): 1.7/2.4 MBProgress (1): 1.8/2.4 MBProgress (1): 1.8/2.4 MBProgress (1): 1.8/2.4 MBProgress (1): 1.8/2.4 MBProgress (1): 1.8/2.4 MBProgress (1): 1.8/2.4 MBProgress (1): 1.9/2.4 MBProgress (1): 1.9/2.4 MBProgress (1): 1.9/2.4 MBProgress (1): 1.9/2.4 MBProgress (1): 1.9/2.4 MBProgress (1): 1.9/2.4 MBProgress (1): 1.9/2.4 MBProgress (1): 2.0/2.4 MBProgress (1): 2.0/2.4 MBProgress (1): 2.0/2.4 MBProgress (1): 2.0/2.4 MBProgress (1): 2.0/2.4 MBProgress (1): 2.0/2.4 MBProgress (1): 2.1/2.4 MBProgress (1): 2.1/2.4 MBProgress (1): 2.1/2.4 MBProgress (1): 2.1/2.4 MBProgress (1): 2.1/2.4 MBProgress (1): 2.1/2.4 MBProgress (1): 2.2/2.4 MBProgress (1): 2.2/2.4 MBProgress (1): 2.2/2.4 MBProgress (1): 2.2/2.4 MBProgress (1): 2.2/2.4 MBProgress (1): 2.2/2.4 MBProgress (1): 2.3/2.4 MBProgress (1): 2.3/2.4 MBProgress (1): 2.3/2.4 MBProgress (1): 2.3/2.4 MBProgress (1): 2.3/2.4 MBProgress (1): 2.3/2.4 MBProgress (1): 2.4/2.4 MBProgress (1): 2.4/2.4 MBProgress (1): 2.4/2.4 MBProgress (1): 2.4/2.4 MBProgress (1): 2.4/2.4 MBProgress (1): 2.4/2.4 MBProgress (1): 2.4 MB                        Downloaded from aliyun: https://maven.aliyun.com/repository/public/com/google/guava/guava/20.0/guava-20.0.jar (2.4 MB at 5.2 MB/s)
[INFO] 
[INFO] --- resources:3.1.0:resources (default-resources) @ jeecg-system-start ---
[INFO] Using 'UTF-8' encoding to copy filtered resources.
[INFO] Copying 17 resources
[INFO] Copying 0 resource
[INFO] 
[INFO] --- compiler:3.14.0:compile (default-compile) @ jeecg-system-start ---
[INFO] Recompiling the module because of changed dependency.
[INFO] Compiling 4 source files with javac [debug parameters release 17] to target\classes
[INFO] ------------------------------------------------------------------------
[INFO] Reactor Summary for JEECG BOOT 3.8.3 3.8.3:
[INFO] 
[INFO] JEECG BOOT 3.8.3 ................................... SUCCESS [  0.002 s]
[INFO] jeecg-boot-base-core ............................... SUCCESS [  8.905 s]
[INFO] jeecg-module-system ................................ SUCCESS [  0.001 s]
[INFO] jeecg-system-api ................................... SUCCESS [  0.001 s]
[INFO] jeecg-system-local-api ............................. SUCCESS [  2.863 s]
[INFO] jeecg-system-cloud-api ............................. SUCCESS [ 18.262 s]
[INFO] jeecg-boot-module .................................. SUCCESS [  0.001 s]
[INFO] jeecg-boot-module-airag ............................ SUCCESS [ 25.755 s]
[INFO] jeecg-boot-module-celebrity ........................ SUCCESS [ 21.647 s]
[INFO] jeecg-system-biz ................................... SUCCESS [01:03 min]
[INFO] jeecg-system-start ................................. SUCCESS [ 10.277 s]
[INFO] ------------------------------------------------------------------------
[INFO] BUILD SUCCESS
[INFO] ------------------------------------------------------------------------
[INFO] Total time:  01:51 min (Wall Clock)
[INFO] Finished at: 2026-03-21T10:40:34+08:00
[INFO] ------------------------------------------------------------------------
